Warning: Vehicle '763' performs emergency braking on lane ':B1_6_1' with decel=10.00, wished=5.00, severity=1.00, time=828.00.
Warning: Vehicle '1159' performs emergency braking on lane ':B1_1_1' with decel=9.00, wished=4.50, severity=1.00, time=1238.00.
Warning: Vehicle '1441' performs emergency braking on lane ':B1_16_1' with decel=9.00, wished=4.50, severity=1.00, time=1513.00.
Warning: Teleporting vehicle '663'; waited too long (jam), lane=':B1_6_0', time=1015.00.
Warning: Vehicle '663' ends teleporting on edge 'B1A1', time=1015.00.
Warning: Teleporting vehicle '684'; waited too long (yield), lane=':B1_3_0', time=1019.00.
Warning: Vehicle '684' ends teleporting on edge 'B1C1', time=1019.00.
Warning: Teleporting vehicle '623'; waited too long (yield), lane='B0B1_0', time=1025.00.
Warning: Vehicle '623' ends teleporting on edge 'B1C1', time=1025.00.
Warning: Teleporting vehicle '701'; waited too long (yield), lane='B2B1_1', time=1033.00.
Warning: Vehicle '701' ends teleporting on edge 'B1C1', time=1033.00.
Warning: Vehicle '2828' performs emergency braking on lane ':B1_16_1' with decel=9.00, wished=4.50, severity=1.00, time=2850.00.
Warning: Teleporting vehicle '1209'; waited too long (yield), lane=':B2_8_0', time=1546.00.
Warning: Vehicle '1209' ends teleporting on edge 'B2B1', time=1546.00.
Warning: Teleporting vehicle '2521'; waited too long (yield), lane=':B1_3_0', time=2898.00.
Warning: Vehicle '2521' ends teleporting on edge 'B1C1', time=2898.00.
Warning: Teleporting vehicle '2543'; waited too long (jam), lane=':B1_6_1', time=2911.00.
Warning: Vehicle '2543' ends teleporting on edge 'B1A1', time=2911.00.
Warning: Teleporting vehicle '2565'; waited too long (yield), lane='B0B1_0', time=2923.00.
Warning: Vehicle '2565' ends teleporting on edge 'B1B2', time=2923.00.
Warning: Vehicle '2556' performs emergency braking on lane ':A1_11_1' with decel=10.00, wished=5.00, severity=1.00, time=2623.00.
Warning: Teleporting vehicle '705'; waited too long (yield), lane=':B1_13_0', time=1039.00.
Warning: Vehicle '705' ends teleporting on edge 'B1A1', time=1039.00.
Warning: Teleporting vehicle '664'; waited too long (jam), lane=':B1_1_1', time=1051.00.
Warning: Vehicle '664' ends teleporting on edge 'B1B0', time=1051.00.
Warning: Teleporting vehicle '652'; waited too long (yield), lane=':B1_18_0', time=1056.00.
Warning: Vehicle '652' ends teleporting on edge 'B1B2', time=1056.00.
Warning: Teleporting vehicle '705'; waited too long (yield), lane=':B1_13_0', time=1040.00.
Warning: Vehicle '705' ends teleporting on edge 'B1A1', time=1040.00.
Warning: Teleporting vehicle '704'; waited too long (yield), lane=':B1_18_0', time=1087.00.
Warning: Vehicle '704' ends teleporting on edge 'B1B2', time=1087.00.
Warning: Teleporting vehicle '813'; waited too long (yield), lane='B2B1_0', time=1160.00.
Warning: Vehicle '813' ends teleporting on edge 'B1B0', time=1160.00.
Warning: Teleporting vehicle '709'; waited too long (jam), lane=':B1_6_1', time=1350.00.
Warning: Vehicle '709' ends teleporting on edge 'B1A1', time=1350.00.
Warning: Vehicle '3475' performs emergency braking on lane ':A1_16_1' with decel=10.00, wished=5.00, severity=1.00, time=3493.00.
Warning: Teleporting vehicle '1351'; waited too long (jam), lane=':B2_6_1', time=1739.00.
Warning: Vehicle '1351' ends teleporting on edge 'B2A2', time=1739.00.
Warning: Teleporting vehicle '1796'; waited too long (jam), lane=':A1_1_1', time=2159.00.
Warning: Vehicle '1796' ends teleporting on edge 'A1A0', time=2159.00.
Warning: Teleporting vehicle '1811'; waited too long (yield), lane=':A1_3_0', time=2170.00.
Warning: Vehicle '1811' ends teleporting on edge 'A1B1', time=2170.00.
Warning: Vehicle '3410' performs emergency braking on lane ':C2_16_1' with decel=9.00, wished=4.50, severity=1.00, time=3516.00.
Warning: Teleporting vehicle '2376'; waited too long (yield), lane=':B1_8_0', time=2710.00.
Warning: Vehicle '2376' ends teleporting on edge 'B1B0', time=2710.00.
Warning: Teleporting vehicle '2420'; waited too long (jam), lane=':B1_16_0', time=2803.00.
Warning: Vehicle '2420' ends teleporting on edge 'B1C1', time=2803.00.
