Warning: Teleporting vehicle '2038'; waited too long (yield), lane=':A1_13_0', time=2391.00.
Warning: Vehicle '2038' ends teleporting on edge 'A1left1', time=2391.00.
Warning: Teleporting vehicle '2071'; waited too long (jam), lane=':A1_25_0', time=2392.00.
Warning: Vehicle '2071' ends teleporting on edge 'A1A0', time=2392.00.
Warning: Teleporting vehicle '1998'; waited too long (jam), lane=':A1_1_1', time=2399.00.
Warning: Vehicle '1998' ends teleporting on edge 'A1A0', time=2399.00.
Warning: Teleporting vehicle '705'; waited too long (yield), lane=':B1_13_0', time=1028.00.
Warning: Vehicle '705' ends teleporting on edge 'B1A1', time=1028.00.
Warning: Teleporting vehicle '659'; waited too long (jam), lane=':B1_1_1', time=1035.00.
Warning: Vehicle '659' ends teleporting on edge 'B1B0', time=1035.00.
Warning: Teleporting vehicle '664'; waited too long (yield), lane='B2B1_0', time=1061.00.
Warning: Vehicle '664' ends teleporting on edge 'B1B0', time=1061.00.
Warning: Vehicle '2828' performs emergency braking on lane ':B1_16_1' with decel=9.00, wished=4.50, severity=1.00, time=2848.00.
Warning: Teleporting vehicle '1487'; waited too long (jam), lane=':B1_16_0', time=1827.00.
Warning: Vehicle '1487' ends teleporting on edge 'B1C1', time=1827.00.
Warning: Teleporting vehicle '1493'; waited too long (yield), lane=':B1_13_0', time=1829.00.
Warning: Vehicle '1493' ends teleporting on edge 'B1A1', time=1829.00.
Warning: Teleporting vehicle '2742'; waited too long (yield), lane=':B1_18_0', time=3122.00.
Warning: Vehicle '2742' ends teleporting on edge 'B1B2', time=3122.00.
Warning: Teleporting vehicle '2760'; waited too long (jam), lane=':B1_6_1', time=3129.00.
Warning: Vehicle '2760' ends teleporting on edge 'B1A1', time=3129.00.
Warning: Teleporting vehicle '2799'; waited too long (jam), lane=':B1_1_1', time=3146.00.
Warning: Vehicle '2799' ends teleporting on edge 'B1B0', time=3146.00.
Warning: Teleporting vehicle '2792'; waited too long (yield), lane='A1B1_0', time=3153.00.
Warning: Vehicle '2792' ends teleporting on edge 'B1C1', time=3153.00.
Warning: Teleporting vehicle '277'; waited too long (jam), lane=':C1_11_1', time=630.00.
Warning: Vehicle '277' ends teleporting on edge 'C1C2', time=630.00.
Warning: Teleporting vehicle '322'; waited too long (yield), lane='right1C1_1', time=648.00.
Warning: Vehicle '322' ends teleporting on edge 'C1B1', time=648.00.
Warning: Teleporting vehicle '1780'; waited too long (yield), lane=':B2_8_0', time=2173.00.
Warning: Vehicle '1780' ends teleporting on edge 'B2B1', time=2173.00.
Warning: Teleporting vehicle '1807'; waited too long (yield), lane=':B2_13_0', time=2184.00.
Warning: Vehicle '1807' ends teleporting on edge 'B2A2', time=2184.00.
Warning: Teleporting vehicle '1859'; waited too long (yield), lane=':B2_3_0', time=2185.00.
Warning: Vehicle '1859' ends teleporting on edge 'B2C2', time=2185.00.
Warning: Teleporting vehicle '1839'; waited too long (yield), lane='B1B2_1', time=2190.00.
Warning: Vehicle '1839' ends teleporting on edge 'B2B1', time=2190.00.
Warning: Teleporting vehicle '1868'; waited too long (yield), lane='A2B2_0', time=2199.00.
Warning: Vehicle '1868' ends teleporting on edge 'B2C2', time=2199.00.
