============================================================
Training gat_dqn on grid_3x3_pkji_m1
Net: D:\ITB\TA\gnn-marl-traffic\data/networks/grid_3x3/grid_3x3_pkji_m1.net.xml
Route: D:\ITB\TA\gnn-marl-traffic\data/networks/grid_3x3/grid_3x3_pkji_m1.rou.xml
Episodes: 100
Seed: 1111 | Deterministic: True
============================================================
Number of agents (traffic lights): 9
Traffic light IDs: ['A1', 'B0', 'A0', 'A2', 'B1', 'B2', 'C0', 'C1', 'C2']
Observation dim: 43
Number of actions: 2
Number of lanes per intersection: 8
Adjacency matrix:
[[1. 0. 1. 1. 1. 0. 0. 0. 0.]
 [0. 1. 1. 0. 1. 0. 1. 0. 0.]
 [1. 1. 1. 0. 0. 0. 0. 0. 0.]
 [1. 0. 0. 1. 0. 1. 0. 0. 0.]
 [1. 1. 0. 0. 1. 1. 0. 1. 0.]
 [0. 0. 0. 1. 1. 1. 0. 0. 1.]
 [0. 1. 0. 0. 0. 0. 1. 1. 0.]
 [0. 0. 0. 0. 1. 0. 1. 1. 1.]
 [0. 0. 0. 0. 0. 1. 0. 1. 1.]]
Episode    1 | reward: -6490.5000 | epsilon: 0.9500 | steps: 719 | avg_delay: 0.9032 | avg_queue: 0.2500 | throughput: 3507 | emergency_stops: 0 | loss_total: 164.5660 | loss_rl: 164.5626 | loss_pred: 0.0114
Episode    2 | reward: -5850.8889 | epsilon: 0.9025 | steps: 719 | avg_delay: 1.3804 | avg_queue: 0.2778 | throughput: 3507 | emergency_stops: 0 | loss_total: 90.2676 | loss_rl: 90.2648 | loss_pred: 0.0095
Episode    3 | reward: -5858.3333 | epsilon: 0.8574 | steps: 719 | avg_delay: 0.5556 | avg_queue: 0.1528 | throughput: 3501 | emergency_stops: 0 | loss_total: 81.6988 | loss_rl: 81.6962 | loss_pred: 0.0088
Episode    4 | reward: -5416.6667 | epsilon: 0.8145 | steps: 719 | avg_delay: 1.8889 | avg_queue: 0.2222 | throughput: 3509 | emergency_stops: 0 | loss_total: 76.0745 | loss_rl: 76.0720 | loss_pred: 0.0084
Episode    5 | reward: -5372.6111 | epsilon: 0.7738 | steps: 719 | avg_delay: 2.8000 | avg_queue: 0.4167 | throughput: 3510 | emergency_stops: 0 | loss_total: 70.9363 | loss_rl: 70.9339 | loss_pred: 0.0082
Episode    6 | reward: -4834.1667 | epsilon: 0.7351 | steps: 719 | avg_delay: 0.2708 | avg_queue: 0.1111 | throughput: 3504 | emergency_stops: 0 | loss_total: 66.7779 | loss_rl: 66.7754 | loss_pred: 0.0081
Episode    7 | reward: -4776.8889 | epsilon: 0.6983 | steps: 719 | avg_delay: 1.1333 | avg_queue: 0.1806 | throughput: 3510 | emergency_stops: 0 | loss_total: 63.0812 | loss_rl: 63.0788 | loss_pred: 0.0081
Episode    8 | reward: -4855.3889 | epsilon: 0.6634 | steps: 719 | avg_delay: 1.1348 | avg_queue: 0.2500 | throughput: 3511 | emergency_stops: 0 | loss_total: 61.2183 | loss_rl: 61.2160 | loss_pred: 0.0080
Episode    9 | reward: -4487.5000 | epsilon: 0.6302 | steps: 719 | avg_delay: 1.0000 | avg_queue: 0.2083 | throughput: 3506 | emergency_stops: 0 | loss_total: 60.0106 | loss_rl: 60.0082 | loss_pred: 0.0079
Episode   10 | reward: -90977.4444 | epsilon: 0.5987 | steps: 719 | avg_delay: 1.5532 | avg_queue: 0.2222 | throughput: 3506 | emergency_stops: 0 | loss_total: 58873.6254 | loss_rl: 58873.6233 | loss_pred: 0.0086 | eval_reward: -2955.3889 | eval_reward_std: 0.0000 | eval_avg_delay: 1.0706 | eval_avg_queue: 0.1944 | eval_throughput: 3515.0000 | eval_emergency_stops: 0.0000
Episode   11 | reward: -4632.2222 | epsilon: 0.5688 | steps: 719 | avg_delay: 1.2299 | avg_queue: 0.2500 | throughput: 3512 | emergency_stops: 0 | loss_total: 37612.0732 | loss_rl: 37612.0710 | loss_pred: 0.0088
Episode   12 | reward: -4310.6667 | epsilon: 0.5404 | steps: 719 | avg_delay: 0.2826 | avg_queue: 0.0972 | throughput: 3508 | emergency_stops: 0 | loss_total: 38328.3520 | loss_rl: 38328.3494 | loss_pred: 0.0099
Episode   13 | reward: -3925.1667 | epsilon: 0.5133 | steps: 719 | avg_delay: 0.5114 | avg_queue: 0.1667 | throughput: 3512 | emergency_stops: 0 | loss_total: 22067.5105 | loss_rl: 22067.5079 | loss_pred: 0.0095
Episode   14 | reward: -4274.7778 | epsilon: 0.4877 | steps: 719 | avg_delay: 0.8276 | avg_queue: 0.1389 | throughput: 3512 | emergency_stops: 0 | loss_total: 13581.6547 | loss_rl: 13581.6521 | loss_pred: 0.0089
Episode   15 | reward: -14518.9444 | epsilon: 0.4633 | steps: 719 | avg_delay: 0.2809 | avg_queue: 0.1111 | throughput: 3511 | emergency_stops: 0 | loss_total: 22780.9390 | loss_rl: 22780.9364 | loss_pred: 0.0094
Episode   16 | reward: -3790.7778 | epsilon: 0.4401 | steps: 719 | avg_delay: 1.4505 | avg_queue: 0.2361 | throughput: 3508 | emergency_stops: 0 | loss_total: 26426.0042 | loss_rl: 26426.0017 | loss_pred: 0.0091
Episode   17 | reward: -3825.3333 | epsilon: 0.4181 | steps: 719 | avg_delay: 1.0233 | avg_queue: 0.1389 | throughput: 3514 | emergency_stops: 0 | loss_total: 20007.1007 | loss_rl: 20007.0984 | loss_pred: 0.0086
Episode   18 | reward: -3707.3889 | epsilon: 0.3972 | steps: 719 | avg_delay: 1.7191 | avg_queue: 0.2917 | throughput: 3511 | emergency_stops: 0 | loss_total: 22473.5399 | loss_rl: 22473.5375 | loss_pred: 0.0088
Episode   19 | reward: -3781.7778 | epsilon: 0.3774 | steps: 719 | avg_delay: 1.2360 | avg_queue: 0.2222 | throughput: 3511 | emergency_stops: 0 | loss_total: 29762.3910 | loss_rl: 29762.3888 | loss_pred: 0.0084
Episode   20 | reward: -3583.4444 | epsilon: 0.3585 | steps: 719 | avg_delay: 0.4270 | avg_queue: 0.0972 | throughput: 3510 | emergency_stops: 0 | loss_total: 31607.6725 | loss_rl: 31607.6703 | loss_pred: 0.0085 | eval_reward: -2890.3889 | eval_reward_std: 0.0000 | eval_avg_delay: 1.8182 | eval_avg_queue: 0.3472 | eval_throughput: 3512.0000 | eval_emergency_stops: 0.0000
Episode   21 | reward: -3631.8333 | epsilon: 0.3406 | steps: 719 | avg_delay: 0.7158 | avg_queue: 0.1528 | throughput: 3505 | emergency_stops: 0 | loss_total: 30443.7261 | loss_rl: 30443.7238 | loss_pred: 0.0086
Episode   22 | reward: -3711.3889 | epsilon: 0.3235 | steps: 719 | avg_delay: 0.2222 | avg_queue: 0.0556 | throughput: 3509 | emergency_stops: 0 | loss_total: 38481.8632 | loss_rl: 38481.8611 | loss_pred: 0.0084
Episode   23 | reward: -3622.3333 | epsilon: 0.3074 | steps: 719 | avg_delay: 0.7527 | avg_queue: 0.2361 | throughput: 3506 | emergency_stops: 0 | loss_total: 37867.5299 | loss_rl: 37867.5277 | loss_pred: 0.0082
Episode   24 | reward: -3388.3333 | epsilon: 0.2920 | steps: 719 | avg_delay: 1.6000 | avg_queue: 0.2222 | throughput: 3505 | emergency_stops: 0 | loss_total: 57156.2475 | loss_rl: 57156.2455 | loss_pred: 0.0082
Episode   25 | reward: -3420.0556 | epsilon: 0.2774 | steps: 719 | avg_delay: 1.1304 | avg_queue: 0.2639 | throughput: 3508 | emergency_stops: 0 | loss_total: 49972.2186 | loss_rl: 49972.2165 | loss_pred: 0.0080
Episode   26 | reward: -3307.6111 | epsilon: 0.2635 | steps: 719 | avg_delay: 0.6310 | avg_queue: 0.1806 | throughput: 3515 | emergency_stops: 0 | loss_total: 40787.2689 | loss_rl: 40787.2668 | loss_pred: 0.0079
Episode   27 | reward: -3211.2222 | epsilon: 0.2503 | steps: 719 | avg_delay: 0.2308 | avg_queue: 0.0833 | throughput: 3508 | emergency_stops: 0 | loss_total: 59427.8601 | loss_rl: 59427.8580 | loss_pred: 0.0080
Episode   28 | reward: -3292.8333 | epsilon: 0.2378 | steps: 719 | avg_delay: 1.4286 | avg_queue: 0.3056 | throughput: 3509 | emergency_stops: 0 | loss_total: 58425.0714 | loss_rl: 58425.0693 | loss_pred: 0.0079
Episode   29 | reward: -3475.2222 | epsilon: 0.2259 | steps: 719 | avg_delay: 1.4186 | avg_queue: 0.2639 | throughput: 3513 | emergency_stops: 0 | loss_total: 73791.8622 | loss_rl: 73791.8603 | loss_pred: 0.0077
Episode   30 | reward: -18133.1111 | epsilon: 0.2146 | steps: 719 | avg_delay: 1.2169 | avg_queue: 0.2083 | throughput: 3517 | emergency_stops: 0 | loss_total: 80881.8143 | loss_rl: 80881.8124 | loss_pred: 0.0078 | eval_reward: -3009.2222 | eval_reward_std: 0.0000 | eval_avg_delay: 0.0706 | eval_avg_queue: 0.0417 | eval_throughput: 3513.0000 | eval_emergency_stops: 0.0000
Episode   31 | reward: -3436.1111 | epsilon: 0.2039 | steps: 719 | avg_delay: 0.1724 | avg_queue: 0.0694 | throughput: 3511 | emergency_stops: 0 | loss_total: 57915.2974 | loss_rl: 57915.2954 | loss_pred: 0.0077
Episode   32 | reward: -3281.0556 | epsilon: 0.1937 | steps: 719 | avg_delay: 0.6386 | avg_queue: 0.0972 | throughput: 3515 | emergency_stops: 0 | loss_total: 71901.0130 | loss_rl: 71901.0110 | loss_pred: 0.0077
Episode   33 | reward: -3256.7778 | epsilon: 0.1840 | steps: 719 | avg_delay: 0.1744 | avg_queue: 0.0833 | throughput: 3514 | emergency_stops: 0 | loss_total: 77411.2639 | loss_rl: 77411.2620 | loss_pred: 0.0078
Episode   34 | reward: -3202.7222 | epsilon: 0.1748 | steps: 719 | avg_delay: 0.6484 | avg_queue: 0.1250 | throughput: 3508 | emergency_stops: 0 | loss_total: 78442.2196 | loss_rl: 78442.2176 | loss_pred: 0.0076
Episode   35 | reward: -3158.3889 | epsilon: 0.1661 | steps: 719 | avg_delay: 0.7209 | avg_queue: 0.1250 | throughput: 3512 | emergency_stops: 0 | loss_total: 83020.0843 | loss_rl: 83020.0823 | loss_pred: 0.0075
Episode   36 | reward: -3247.1667 | epsilon: 0.1578 | steps: 719 | avg_delay: 0.4066 | avg_queue: 0.1389 | throughput: 3509 | emergency_stops: 0 | loss_total: 105492.7604 | loss_rl: 105492.7585 | loss_pred: 0.0075
Episode   37 | reward: -3125.7778 | epsilon: 0.1499 | steps: 719 | avg_delay: 0.7093 | avg_queue: 0.1944 | throughput: 3513 | emergency_stops: 0 | loss_total: 79332.5889 | loss_rl: 79332.5869 | loss_pred: 0.0075
Episode   38 | reward: -3111.2222 | epsilon: 0.1424 | steps: 719 | avg_delay: 0.4719 | avg_queue: 0.1389 | throughput: 3511 | emergency_stops: 0 | loss_total: 109119.6815 | loss_rl: 109119.6795 | loss_pred: 0.0073
Episode   39 | reward: -3033.6111 | epsilon: 0.1353 | steps: 719 | avg_delay: 0.4615 | avg_queue: 0.1667 | throughput: 3508 | emergency_stops: 0 | loss_total: 108481.7003 | loss_rl: 108481.6984 | loss_pred: 0.0074
Episode   40 | reward: -3121.6667 | epsilon: 0.1285 | steps: 719 | avg_delay: 1.1047 | avg_queue: 0.2222 | throughput: 3513 | emergency_stops: 0 | loss_total: 92124.7416 | loss_rl: 92124.7397 | loss_pred: 0.0073 | eval_reward: -2955.3889 | eval_reward_std: 0.0000 | eval_avg_delay: 1.0706 | eval_avg_queue: 0.1944 | eval_throughput: 3515.0000 | eval_emergency_stops: 0.0000
Episode   41 | reward: -3068.4444 | epsilon: 0.1221 | steps: 719 | avg_delay: 0.5542 | avg_queue: 0.1250 | throughput: 3515 | emergency_stops: 0 | loss_total: 117232.4492 | loss_rl: 117232.4474 | loss_pred: 0.0072
Episode   42 | reward: -3000.9444 | epsilon: 0.1160 | steps: 719 | avg_delay: 0.6047 | avg_queue: 0.1528 | throughput: 3514 | emergency_stops: 0 | loss_total: 108929.4708 | loss_rl: 108929.4690 | loss_pred: 0.0072
Episode   43 | reward: -3110.5556 | epsilon: 0.1102 | steps: 719 | avg_delay: 2.3298 | avg_queue: 0.3472 | throughput: 3506 | emergency_stops: 0 | loss_total: 78866.6512 | loss_rl: 78866.6494 | loss_pred: 0.0071
Episode   44 | reward: -2960.6667 | epsilon: 0.1047 | steps: 719 | avg_delay: 0.8605 | avg_queue: 0.2083 | throughput: 3514 | emergency_stops: 0 | loss_total: 94741.4508 | loss_rl: 94741.4489 | loss_pred: 0.0072
Episode   45 | reward: -3032.0000 | epsilon: 0.0994 | steps: 719 | avg_delay: 0.3333 | avg_queue: 0.0833 | throughput: 3513 | emergency_stops: 0 | loss_total: 93374.3660 | loss_rl: 93374.3642 | loss_pred: 0.0070
Episode   46 | reward: -3059.8333 | epsilon: 0.0945 | steps: 719 | avg_delay: 0.5595 | avg_queue: 0.1389 | throughput: 3516 | emergency_stops: 0 | loss_total: 122178.0421 | loss_rl: 122178.0403 | loss_pred: 0.0070
Episode   47 | reward: -3031.7222 | epsilon: 0.0897 | steps: 719 | avg_delay: 0.5222 | avg_queue: 0.1250 | throughput: 3510 | emergency_stops: 0 | loss_total: 103870.6416 | loss_rl: 103870.6397 | loss_pred: 0.0070
Episode   48 | reward: -3261.8889 | epsilon: 0.0853 | steps: 719 | avg_delay: 1.5714 | avg_queue: 0.2500 | throughput: 3508 | emergency_stops: 0 | loss_total: 145067.5343 | loss_rl: 145067.5326 | loss_pred: 0.0070
Episode   49 | reward: -3087.2222 | epsilon: 0.0810 | steps: 719 | avg_delay: 0.4382 | avg_queue: 0.1111 | throughput: 3509 | emergency_stops: 0 | loss_total: 81237.6086 | loss_rl: 81237.6068 | loss_pred: 0.0069
Episode   50 | reward: -3089.1111 | epsilon: 0.0769 | steps: 719 | avg_delay: 1.0000 | avg_queue: 0.2222 | throughput: 3511 | emergency_stops: 0 | loss_total: 117783.6580 | loss_rl: 117783.6562 | loss_pred: 0.0068 | eval_reward: -2955.3889 | eval_reward_std: 0.0000 | eval_avg_delay: 1.0706 | eval_avg_queue: 0.1944 | eval_throughput: 3515.0000 | eval_emergency_stops: 0.0000
Episode   51 | reward: -3079.6667 | epsilon: 0.0731 | steps: 719 | avg_delay: 0.6333 | avg_queue: 0.2500 | throughput: 3510 | emergency_stops: 0 | loss_total: 120756.4677 | loss_rl: 120756.4660 | loss_pred: 0.0068
Episode   52 | reward: -2982.1111 | epsilon: 0.0694 | steps: 719 | avg_delay: 0.4941 | avg_queue: 0.1111 | throughput: 3514 | emergency_stops: 0 | loss_total: 139071.9193 | loss_rl: 139071.9176 | loss_pred: 0.0067
Episode   53 | reward: -3149.3333 | epsilon: 0.0660 | steps: 719 | avg_delay: 0.5275 | avg_queue: 0.1250 | throughput: 3509 | emergency_stops: 0 | loss_total: 106111.6937 | loss_rl: 106111.6919 | loss_pred: 0.0067
Episode   54 | reward: -3128.2222 | epsilon: 0.0627 | steps: 719 | avg_delay: 1.0842 | avg_queue: 0.2222 | throughput: 3505 | emergency_stops: 0 | loss_total: 114549.3922 | loss_rl: 114549.3904 | loss_pred: 0.0067
Episode   55 | reward: -3053.2222 | epsilon: 0.0595 | steps: 719 | avg_delay: 0.7586 | avg_queue: 0.1667 | throughput: 3513 | emergency_stops: 0 | loss_total: 145010.0419 | loss_rl: 145010.0403 | loss_pred: 0.0066
Episode   56 | reward: -2952.5556 | epsilon: 0.0566 | steps: 719 | avg_delay: 0.5000 | avg_queue: 0.1250 | throughput: 3513 | emergency_stops: 0 | loss_total: 122318.3924 | loss_rl: 122318.3908 | loss_pred: 0.0065
Episode   57 | reward: -3063.4444 | epsilon: 0.0537 | steps: 719 | avg_delay: 0.3820 | avg_queue: 0.1111 | throughput: 3511 | emergency_stops: 0 | loss_total: 118642.8973 | loss_rl: 118642.8956 | loss_pred: 0.0065
Episode   58 | reward: -3061.6667 | epsilon: 0.0510 | steps: 719 | avg_delay: 0.3977 | avg_queue: 0.1389 | throughput: 3512 | emergency_stops: 0 | loss_total: 81305.6311 | loss_rl: 81305.6295 | loss_pred: 0.0064
Episode   59 | reward: -2995.3333 | epsilon: 0.0500 | steps: 719 | avg_delay: 0.8295 | avg_queue: 0.1667 | throughput: 3512 | emergency_stops: 0 | loss_total: 106467.2726 | loss_rl: 106467.2710 | loss_pred: 0.0063
Episode   60 | reward: -3019.0000 | epsilon: 0.0500 | steps: 719 | avg_delay: 0.1667 | avg_queue: 0.0833 | throughput: 3515 | emergency_stops: 0 | loss_total: 94189.1191 | loss_rl: 94189.1174 | loss_pred: 0.0063 | eval_reward: -2983.3889 | eval_reward_std: 0.0000 | eval_avg_delay: 0.0930 | eval_avg_queue: 0.0556 | eval_throughput: 3513.0000 | eval_emergency_stops: 0.0000
Episode   61 | reward: -3048.6667 | epsilon: 0.0500 | steps: 719 | avg_delay: 1.4176 | avg_queue: 0.2778 | throughput: 3509 | emergency_stops: 0 | loss_total: 139691.8977 | loss_rl: 139691.8962 | loss_pred: 0.0062
Episode   62 | reward: -3111.8889 | epsilon: 0.0500 | steps: 719 | avg_delay: 0.7209 | avg_queue: 0.1528 | throughput: 3513 | emergency_stops: 0 | loss_total: 83149.2128 | loss_rl: 83149.2112 | loss_pred: 0.0063
Episode   63 | reward: -3062.9444 | epsilon: 0.0500 | steps: 719 | avg_delay: 0.8750 | avg_queue: 0.2083 | throughput: 3512 | emergency_stops: 0 | loss_total: 134570.8850 | loss_rl: 134570.8834 | loss_pred: 0.0062
Episode   64 | reward: -2989.4444 | epsilon: 0.0500 | steps: 719 | avg_delay: 0.2273 | avg_queue: 0.0833 | throughput: 3512 | emergency_stops: 0 | loss_total: 68583.9285 | loss_rl: 68583.9270 | loss_pred: 0.0061
Episode   65 | reward: -3124.0000 | epsilon: 0.0500 | steps: 719 | avg_delay: 0.5495 | avg_queue: 0.1528 | throughput: 3509 | emergency_stops: 0 | loss_total: 97645.0180 | loss_rl: 97645.0165 | loss_pred: 0.0062
Episode   66 | reward: -150289.0556 | epsilon: 0.0500 | steps: 719 | avg_delay: 0.7059 | avg_queue: 0.1528 | throughput: 3514 | emergency_stops: 0 | loss_total: 296948.6901 | loss_rl: 296948.6888 | loss_pred: 0.0062
Episode   67 | reward: -3091.1111 | epsilon: 0.0500 | steps: 719 | avg_delay: 0.9773 | avg_queue: 0.2083 | throughput: 3512 | emergency_stops: 0 | loss_total: 581075.9989 | loss_rl: 581075.9979 | loss_pred: 0.0063
Episode   68 | reward: -3025.2222 | epsilon: 0.0500 | steps: 719 | avg_delay: 0.5465 | avg_queue: 0.1111 | throughput: 3513 | emergency_stops: 0 | loss_total: 521948.2403 | loss_rl: 521948.2392 | loss_pred: 0.0063
Episode   69 | reward: -3063.1111 | epsilon: 0.0500 | steps: 719 | avg_delay: 0.5281 | avg_queue: 0.0972 | throughput: 3511 | emergency_stops: 0 | loss_total: 639738.6514 | loss_rl: 639738.6505 | loss_pred: 0.0062
Episode   70 | reward: -3080.9444 | epsilon: 0.0500 | steps: 719 | avg_delay: 0.6556 | avg_queue: 0.1528 | throughput: 3509 | emergency_stops: 0 | loss_total: 576018.6677 | loss_rl: 576018.6667 | loss_pred: 0.0062 | eval_reward: -2913.5000 | eval_reward_std: 0.0000 | eval_avg_delay: 1.3956 | eval_avg_queue: 0.3472 | eval_throughput: 3509.0000 | eval_emergency_stops: 0.0000
Episode   71 | reward: -3069.7222 | epsilon: 0.0500 | steps: 719 | avg_delay: 0.8068 | avg_queue: 0.1250 | throughput: 3512 | emergency_stops: 0 | loss_total: 518207.6580 | loss_rl: 518207.6571 | loss_pred: 0.0062
Episode   72 | reward: -3102.7222 | epsilon: 0.0500 | steps: 719 | avg_delay: 1.0111 | avg_queue: 0.2083 | throughput: 3509 | emergency_stops: 0 | loss_total: 607501.0651 | loss_rl: 607501.0641 | loss_pred: 0.0061
Episode   73 | reward: -3014.2222 | epsilon: 0.0500 | steps: 719 | avg_delay: 0.2967 | avg_queue: 0.0972 | throughput: 3509 | emergency_stops: 0 | loss_total: 494626.6651 | loss_rl: 494626.6640 | loss_pred: 0.0061
Episode   74 | reward: -3053.5556 | epsilon: 0.0500 | steps: 719 | avg_delay: 0.8966 | avg_queue: 0.2639 | throughput: 3513 | emergency_stops: 0 | loss_total: 555926.5443 | loss_rl: 555926.5433 | loss_pred: 0.0059
Episode   75 | reward: -3071.3333 | epsilon: 0.0500 | steps: 719 | avg_delay: 0.7143 | avg_queue: 0.1667 | throughput: 3509 | emergency_stops: 0 | loss_total: 629426.8104 | loss_rl: 629426.8095 | loss_pred: 0.0059
Episode   76 | reward: -2988.1667 | epsilon: 0.0500 | steps: 719 | avg_delay: 0.2651 | avg_queue: 0.0694 | throughput: 3517 | emergency_stops: 0 | loss_total: 564518.2097 | loss_rl: 564518.2087 | loss_pred: 0.0058
Episode   77 | reward: -2910.5000 | epsilon: 0.0500 | steps: 719 | avg_delay: 0.2778 | avg_queue: 0.0972 | throughput: 3510 | emergency_stops: 0 | loss_total: 682259.3779 | loss_rl: 682259.3770 | loss_pred: 0.0058
Episode   78 | reward: -3040.5556 | epsilon: 0.0500 | steps: 719 | avg_delay: 0.7473 | avg_queue: 0.1667 | throughput: 3509 | emergency_stops: 0 | loss_total: 638189.5608 | loss_rl: 638189.5599 | loss_pred: 0.0058
Episode   79 | reward: -2984.5000 | epsilon: 0.0500 | steps: 719 | avg_delay: 2.0879 | avg_queue: 0.3750 | throughput: 3509 | emergency_stops: 0 | loss_total: 507325.4948 | loss_rl: 507325.4939 | loss_pred: 0.0056
Episode   80 | reward: -3064.8333 | epsilon: 0.0500 | steps: 719 | avg_delay: 0.5114 | avg_queue: 0.0972 | throughput: 3512 | emergency_stops: 0 | loss_total: 365549.8568 | loss_rl: 365549.8558 | loss_pred: 0.0055 | eval_reward: -2995.0556 | eval_reward_std: 0.0000 | eval_avg_delay: 0.2159 | eval_avg_queue: 0.0972 | eval_throughput: 3512.0000 | eval_emergency_stops: 0.0000
Episode   81 | reward: -2987.6111 | epsilon: 0.0500 | steps: 719 | avg_delay: 0.7701 | avg_queue: 0.1667 | throughput: 3513 | emergency_stops: 0 | loss_total: 284314.1037 | loss_rl: 284314.1027 | loss_pred: 0.0054
Episode   82 | reward: -3016.7778 | epsilon: 0.0500 | steps: 719 | avg_delay: 1.4023 | avg_queue: 0.2778 | throughput: 3513 | emergency_stops: 0 | loss_total: 425906.7884 | loss_rl: 425906.7874 | loss_pred: 0.0054
Episode   83 | reward: -3100.7778 | epsilon: 0.0500 | steps: 719 | avg_delay: 2.1333 | avg_queue: 0.2917 | throughput: 3510 | emergency_stops: 0 | loss_total: 251668.8064 | loss_rl: 251668.8054 | loss_pred: 0.0053
Episode   84 | reward: -3042.8333 | epsilon: 0.0500 | steps: 719 | avg_delay: 0.2360 | avg_queue: 0.1111 | throughput: 3511 | emergency_stops: 0 | loss_total: 215857.2091 | loss_rl: 215857.2080 | loss_pred: 0.0054
Episode   85 | reward: -3019.1111 | epsilon: 0.0500 | steps: 719 | avg_delay: 0.7582 | avg_queue: 0.1806 | throughput: 3509 | emergency_stops: 0 | loss_total: 156456.6341 | loss_rl: 156456.6331 | loss_pred: 0.0052
Episode   86 | reward: -3019.8889 | epsilon: 0.0500 | steps: 719 | avg_delay: 1.1319 | avg_queue: 0.2361 | throughput: 3509 | emergency_stops: 0 | loss_total: 236683.8390 | loss_rl: 236683.8379 | loss_pred: 0.0052
Episode   87 | reward: -2974.2222 | epsilon: 0.0500 | steps: 719 | avg_delay: 1.2000 | avg_queue: 0.2639 | throughput: 3514 | emergency_stops: 0 | loss_total: 213258.5575 | loss_rl: 213258.5564 | loss_pred: 0.0051
Episode   88 | reward: -3059.3889 | epsilon: 0.0500 | steps: 719 | avg_delay: 0.9205 | avg_queue: 0.1806 | throughput: 3512 | emergency_stops: 0 | loss_total: 171415.9095 | loss_rl: 171415.9085 | loss_pred: 0.0051
Episode   89 | reward: -3032.0000 | epsilon: 0.0500 | steps: 719 | avg_delay: 0.2791 | avg_queue: 0.0556 | throughput: 3512 | emergency_stops: 0 | loss_total: 116625.4447 | loss_rl: 116625.4436 | loss_pred: 0.0049
Episode   90 | reward: -3112.2222 | epsilon: 0.0500 | steps: 719 | avg_delay: 1.3913 | avg_queue: 0.3056 | throughput: 3508 | emergency_stops: 0 | loss_total: 164435.6486 | loss_rl: 164435.6476 | loss_pred: 0.0049 | eval_reward: -2994.6111 | eval_reward_std: 0.0000 | eval_avg_delay: 0.7326 | eval_avg_queue: 0.1528 | eval_throughput: 3513.0000 | eval_emergency_stops: 0.0000
Episode   91 | reward: -2996.5000 | epsilon: 0.0500 | steps: 719 | avg_delay: 0.6207 | avg_queue: 0.1528 | throughput: 3513 | emergency_stops: 0 | loss_total: 130629.4483 | loss_rl: 130629.4472 | loss_pred: 0.0049
Episode   92 | reward: -3027.0000 | epsilon: 0.0500 | steps: 719 | avg_delay: 0.3529 | avg_queue: 0.1250 | throughput: 3513 | emergency_stops: 0 | loss_total: 90810.2793 | loss_rl: 90810.2782 | loss_pred: 0.0049
Episode   93 | reward: -92452.7222 | epsilon: 0.0500 | steps: 719 | avg_delay: 0.6957 | avg_queue: 0.1944 | throughput: 3508 | emergency_stops: 0 | loss_total: 128210.1388 | loss_rl: 128210.1378 | loss_pred: 0.0048
Episode   94 | reward: -3021.4444 | epsilon: 0.0500 | steps: 719 | avg_delay: 0.6512 | avg_queue: 0.1389 | throughput: 3512 | emergency_stops: 0 | loss_total: 223757.3044 | loss_rl: 223757.3035 | loss_pred: 0.0047
Episode   95 | reward: -3035.4444 | epsilon: 0.0500 | steps: 719 | avg_delay: 1.3548 | avg_queue: 0.2222 | throughput: 3507 | emergency_stops: 0 | loss_total: 187569.1909 | loss_rl: 187569.1900 | loss_pred: 0.0052
Episode   96 | reward: -3064.9444 | epsilon: 0.0500 | steps: 719 | avg_delay: 0.7333 | avg_queue: 0.2083 | throughput: 3510 | emergency_stops: 0 | loss_total: 180240.5529 | loss_rl: 180240.5520 | loss_pred: 0.0048
Episode   97 | reward: -3087.7778 | epsilon: 0.0500 | steps: 719 | avg_delay: 1.0860 | avg_queue: 0.2083 | throughput: 3506 | emergency_stops: 0 | loss_total: 150814.1420 | loss_rl: 150814.1411 | loss_pred: 0.0046
Episode   98 | reward: -3064.2778 | epsilon: 0.0500 | steps: 719 | avg_delay: 1.1461 | avg_queue: 0.2222 | throughput: 3511 | emergency_stops: 0 | loss_total: 155482.7218 | loss_rl: 155482.7209 | loss_pred: 0.0046
Episode   99 | reward: -3166.6667 | epsilon: 0.0500 | steps: 719 | avg_delay: 0.2614 | avg_queue: 0.0833 | throughput: 3512 | emergency_stops: 0 | loss_total: 167232.2606 | loss_rl: 167232.2597 | loss_pred: 0.0045
Episode  100 | reward: -3178.7222 | epsilon: 0.0500 | steps: 719 | avg_delay: 1.5056 | avg_queue: 0.2917 | throughput: 3511 | emergency_stops: 0 | loss_total: 199988.6515 | loss_rl: 199988.6506 | loss_pred: 0.0044 | eval_reward: -20469.9444 | eval_reward_std: 0.0000 | eval_avg_delay: 0.3059 | eval_avg_queue: 0.0972 | eval_throughput: 3515.0000 | eval_emergency_stops: 0.0000

Training complete! Best train reward: -2910.50 | Best eval reward: -2890.39
Logs saved to: D:\ITB\TA\gnn-marl-traffic\logs\gat_dqn_grid_3x3_pkji_m1_20260519_044453_pkji_level1_gat_dqn_eps095_tt300_100ep_grid_3x3_pkji_m1_s1111
