Warning: Teleporting vehicle '2521'; waited too long (yield), lane=':B1_3_0', time=2924.00.
Warning: Vehicle '2521' ends teleporting on edge 'B1C1', time=2924.00.
Warning: Teleporting vehicle '2549'; waited too long (jam), lane=':B1_6_1', time=2939.00.
Warning: Vehicle '2549' ends teleporting on edge 'B1A1', time=2939.00.
Warning: Teleporting vehicle '2186'; waited too long (yield), lane=':B0_8_0', time=2539.00.
Warning: Vehicle '2186' ends teleporting on edge 'B0bottom1', time=2539.00.
Warning: Teleporting vehicle '2182'; waited too long (yield), lane='C0B0_1', time=2542.00.
Warning: Vehicle '2182' ends teleporting on edge 'B0C0', time=2542.00.
Warning: Teleporting vehicle '2226'; waited too long (jam), lane=':B0_16_1', time=2549.00.
Warning: Vehicle '2226' ends teleporting on edge 'B0C0', time=2549.00.
Warning: Teleporting vehicle '2236'; waited too long (jam), lane=':B0_16_1', time=2588.00.
Warning: Vehicle '2236' ends teleporting on edge 'B0C0', time=2588.00.
Warning: Teleporting vehicle '2177'; waited too long (jam), lane=':B0_6_0', time=2590.00.
Warning: Vehicle '2177' ends teleporting on edge 'B0A0', time=2590.00.
Warning: Teleporting vehicle '2212'; waited too long (jam), lane=':B0_6_0', time=2591.00.
Warning: Vehicle '2212' ends teleporting on edge 'B0A0', time=2591.00.
Warning: Teleporting vehicle '2255'; waited too long (jam), lane=':B0_5_0', time=2593.00.
Warning: Vehicle '2255' ends teleporting on edge 'B0B1', time=2593.00.
Warning: Teleporting vehicle '138'; waited too long (yield), lane=':B1_3_0', time=515.00.
Warning: Vehicle '138' ends teleporting on edge 'B1C1', time=515.00.
Warning: Teleporting vehicle '150'; waited too long (yield), lane='B2B1_1', time=520.00.
Warning: Vehicle '150' ends teleporting on edge 'B1C1', time=520.00.
Warning: Teleporting vehicle '188'; waited too long (jam), lane=':B1_6_1', time=539.00.
Warning: Vehicle '188' ends teleporting on edge 'B1A1', time=539.00.
Warning: Teleporting vehicle '199'; waited too long (jam), lane=':B1_6_1', time=541.00.
Warning: Vehicle '199' ends teleporting on edge 'B1A1', time=541.00.
Warning: Teleporting vehicle '190'; waited too long (jam), lane=':B1_11_1', time=548.00.
Warning: Vehicle '190' ends teleporting on edge 'B1B2', time=548.00.
Warning: Teleporting vehicle '212'; waited too long (jam), lane=':B1_11_1', time=554.00.
Warning: Vehicle '212' ends teleporting on edge 'B1B2', time=554.00.
Warning: Teleporting vehicle '232'; waited too long (jam), lane=':B1_6_1', time=560.00.
Warning: Vehicle '232' ends teleporting on edge 'B1A1', time=560.00.
Warning: Teleporting vehicle '265'; waited too long (jam), lane=':B1_16_0', time=591.00.
Warning: Vehicle '265' ends teleporting on edge 'B1C1', time=591.00.
Warning: Teleporting vehicle '211'; waited too long (jam), lane=':B1_1_0', time=617.00.
Warning: Teleporting vehicle '205'; waited too long (yield), lane='B2B1_0', time=617.00.
Warning: Vehicle '205' ends teleporting on edge 'B1B0', time=617.00.
Warning: Vehicle '211' ends teleporting on edge 'B1B0', time=617.00.
Warning: Teleporting vehicle '220'; waited too long (jam), lane=':B1_16_1', time=822.00.
Warning: Vehicle '220' ends teleporting on edge 'B1C1', time=822.00.
Warning: Teleporting vehicle '217'; waited too long (jam), lane=':B1_6_0', time=825.00.
Warning: Teleporting vehicle '175'; waited too long (yield), lane=':B1_3_0', time=825.00.
Warning: Vehicle '175' ends teleporting on edge 'B1C1', time=825.00.
Warning: Vehicle '217' ends teleporting on edge 'B1A1', time=825.00.
Warning: Teleporting vehicle '278'; waited too long (jam), lane='A1B1_1', time=838.00.
Warning: Vehicle '278' ends teleporting on edge 'B1C1', time=838.00.
Warning: Teleporting vehicle '231'; waited too long (jam), lane='C1B1_0', time=839.00.
Warning: Vehicle '231' ends teleporting on edge 'B1A1', time=839.00.
Warning: Teleporting vehicle '321'; waited too long (yield), lane=':B1_13_0', time=857.00.
Warning: Vehicle '321' ends teleporting on edge 'B1A1', time=857.00.
Warning: Teleporting vehicle '2186'; waited too long (yield), lane=':B0_8_0', time=2537.00.
Warning: Vehicle '2186' ends teleporting on edge 'B0bottom1', time=2537.00.
Warning: Teleporting vehicle '2226'; waited too long (jam), lane=':B0_16_1', time=2547.00.
Warning: Vehicle '2226' ends teleporting on edge 'B0C0', time=2547.00.
Warning: Teleporting vehicle '2177'; waited too long (jam), lane=':B0_6_0', time=2568.00.
Warning: Vehicle '2177' ends teleporting on edge 'B0A0', time=2568.00.
Warning: Teleporting vehicle '2236'; waited too long (jam), lane=':B0_16_1', time=2575.00.
Warning: Vehicle '2236' ends teleporting on edge 'B0C0', time=2575.00.
Warning: Teleporting vehicle '2212'; waited too long (jam), lane=':B0_6_0', time=2578.00.
Warning: Vehicle '2212' ends teleporting on edge 'B0A0', time=2578.00.
Warning: Vehicle '3429' performs emergency braking on lane ':B1_6_1' with decel=10.00, wished=5.00, severity=1.00, time=3498.00.
Warning: Teleporting vehicle '2186'; waited too long (yield), lane=':B0_8_0', time=2539.00.
Warning: Vehicle '2186' ends teleporting on edge 'B0bottom1', time=2539.00.
Warning: Teleporting vehicle '705'; waited too long (yield), lane=':B1_13_0', time=1032.00.
Warning: Vehicle '705' ends teleporting on edge 'B1A1', time=1032.00.
Warning: Teleporting vehicle '659'; waited too long (jam), lane=':B1_1_1', time=1042.00.
Warning: Vehicle '659' ends teleporting on edge 'B1B0', time=1042.00.
Warning: Teleporting vehicle '728'; waited too long (jam), lane=':B1_6_0', time=1056.00.
Warning: Vehicle '728' ends teleporting on edge 'B1A1', time=1056.00.
Warning: Teleporting vehicle '683'; waited too long (jam), lane=':B1_6_0', time=1057.00.
Warning: Vehicle '683' ends teleporting on edge 'B1A1', time=1057.00.
Warning: Teleporting vehicle '680'; waited too long (yield), lane='B2B1_1', time=1064.00.
Warning: Vehicle '680' ends teleporting on edge 'B1C1', time=1064.00.
Warning: Teleporting vehicle '698'; waited too long (jam), lane=':B1_11_0', time=1071.00.
Warning: Vehicle '698' ends teleporting on edge 'B1B2', time=1071.00.
Warning: Teleporting vehicle '669'; waited too long (yield), lane='C1B1_1', time=1079.00.
Warning: Vehicle '669' ends teleporting on edge 'B1A1', time=1079.00.
Warning: Teleporting vehicle '690'; waited too long (jam), lane=':B1_16_1', time=1082.00.
Warning: Vehicle '690' ends teleporting on edge 'B1C1', time=1082.00.
Warning: Teleporting vehicle '704'; waited too long (yield), lane=':B1_18_0', time=1083.00.
Warning: Vehicle '704' ends teleporting on edge 'B1B2', time=1083.00.
Warning: Teleporting vehicle '716'; waited too long (jam), lane=':B1_11_0', time=1096.00.
Warning: Vehicle '716' ends teleporting on edge 'B1B2', time=1096.00.
Warning: Teleporting vehicle '777'; waited too long (jam), lane=':B1_16_0', time=1340.00.
Warning: Vehicle '777' ends teleporting on edge 'B1C1', time=1340.00.
Warning: Teleporting vehicle '778'; waited too long (jam), lane=':B1_16_0', time=1344.00.
Warning: Vehicle '778' ends teleporting on edge 'B1C1', time=1344.00.
Warning: Teleporting vehicle '742'; waited too long (yield), lane='B0B1_1', time=1371.00.
Warning: Vehicle '742' ends teleporting on edge 'B1B2', time=1371.00.
Warning: Teleporting vehicle '2324'; waited too long (yield), lane=':B1_18_0', time=2692.00.
Warning: Vehicle '2324' ends teleporting on edge 'B1B2', time=2692.00.
Warning: Teleporting vehicle '2361'; waited too long (jam), lane=':B1_6_1', time=2706.00.
Warning: Vehicle '2361' ends teleporting on edge 'B1A1', time=2706.00.
Warning: Teleporting vehicle '2416'; waited too long (yield), lane=':B1_8_0', time=2811.00.
Warning: Vehicle '2416' ends teleporting on edge 'B1B0', time=2811.00.
Warning: Teleporting vehicle '2476'; waited too long (jam), lane=':B1_6_1', time=2818.00.
Warning: Vehicle '2476' ends teleporting on edge 'B1A1', time=2818.00.
Warning: Teleporting vehicle '1022'; waited too long (jam), lane=':C1_11_1', time=1372.00.
Warning: Vehicle '1022' ends teleporting on edge 'C1C2', time=1372.00.
