============================================================
Training gat_dqn on arterial_stable
Net: D:\ITB\TA\gnn-marl-traffic\data/networks/arterial_3x3/arterial_fixed.net.xml
Route: D:\ITB\TA\gnn-marl-traffic\data/networks/arterial_3x3/arterial_stable.rou.xml
Episodes: 5
Seed: 42 | Deterministic: True
============================================================
Number of agents (traffic lights): 9
Traffic light IDs: ['A2', 'B1', 'C1', 'A1', 'A3', 'B2', 'C2', 'B3', 'C3']
Observation dim: 33
Number of actions: 2
Number of lanes per intersection (max): 6
Adjacency matrix:
[[1. 0. 0. 1. 1. 1. 1. 0. 0.]
 [0. 1. 0. 1. 0. 1. 0. 0. 0.]
 [0. 0. 1. 1. 0. 0. 1. 0. 0.]
 [1. 1. 1. 1. 0. 0. 0. 0. 0.]
 [1. 0. 0. 0. 1. 0. 0. 1. 1.]
 [1. 1. 0. 0. 0. 1. 0. 1. 0.]
 [1. 0. 1. 0. 0. 0. 1. 0. 1.]
 [0. 0. 0. 0. 1. 1. 0. 1. 0.]
 [0. 0. 0. 0. 1. 0. 1. 0. 1.]]
Episode    1 | reward: -45.9733 | epsilon: 0.7680 | steps: 719 | avg_delay: 7.7239 | avg_queue: 3.7143 | throughput: 4644 | arrived_vehicles: 4644 | departed_vehicles: 5354 | num_vehicles: 710 | emergency_stops: 0 | teleport_started: 1 | teleport_ended: 1 | recovery_active: 1.0000 | local_safety_active_tls: 0 | local_safety_overrides: 0 | episode_mean_avg_delay: 2.2154 | episode_max_avg_delay: 12.0917 | episode_mean_avg_queue: 2.7468 | episode_max_avg_queue: 5.3571 | episode_mean_num_vehicles: 577.6648 | episode_max_num_vehicles: 722.0000 | episode_recovery_steps: 43 | episode_local_safety_steps: 0 | episode_local_safety_overrides: 0 | episode_peak_top_tl: A3 | episode_peak_top_tl_queue: 126.0000 | episode_peak_top_tl_waiting: 5750.0000 | episode_peak_top_tl_phase: 1 | episode_peak_top_tl_phase_duration: 13 | episode_peak_top_tl_action: 0 | episode_peak_top_lane: A2A3_0 | episode_peak_top_lane_queue: 60.0000 | episode_peak_top_lane_waiting: 2755.0000 | loss_total: 0.0044 | loss_rl: 0.0027 | loss_pred: 0.0338
Episode    2 | reward: -45.8586 | epsilon: 0.7373 | steps: 719 | avg_delay: 2.4972 | avg_queue: 3.5952 | throughput: 4710 | arrived_vehicles: 4710 | departed_vehicles: 5428 | num_vehicles: 718 | emergency_stops: 0 | teleport_started: 0 | teleport_ended: 0 | recovery_active: 0.0000 | local_safety_active_tls: 0 | local_safety_overrides: 0 | episode_mean_avg_delay: 2.2066 | episode_max_avg_delay: 10.1651 | episode_mean_avg_queue: 2.8034 | episode_max_avg_queue: 5.5952 | episode_mean_num_vehicles: 586.8289 | episode_max_num_vehicles: 763.0000 | episode_recovery_steps: 58 | episode_local_safety_steps: 0 | episode_local_safety_overrides: 0 | episode_peak_top_tl: A2 | episode_peak_top_tl_queue: 122.0000 | episode_peak_top_tl_waiting: 3495.0000 | episode_peak_top_tl_phase: 1 | episode_peak_top_tl_phase_duration: 18 | episode_peak_top_tl_action: 1 | episode_peak_top_lane: A1A2_1 | episode_peak_top_lane_queue: 76.0000 | episode_peak_top_lane_waiting: 2990.0000 | loss_total: 0.0042 | loss_rl: 0.0030 | loss_pred: 0.0243
Episode    3 | reward: -41.0879 | epsilon: 0.7078 | steps: 719 | avg_delay: 1.7158 | avg_queue: 3.1667 | throughput: 4785 | arrived_vehicles: 4785 | departed_vehicles: 5450 | num_vehicles: 665 | emergency_stops: 0 | teleport_started: 0 | teleport_ended: 0 | recovery_active: 0.0000 | local_safety_active_tls: 0 | local_safety_overrides: 0 | episode_mean_avg_delay: 1.9174 | episode_max_avg_delay: 10.7143 | episode_mean_avg_queue: 2.5483 | episode_max_avg_queue: 6.5952 | episode_mean_num_vehicles: 574.9722 | episode_max_num_vehicles: 789.0000 | episode_recovery_steps: 67 | episode_local_safety_steps: 0 | episode_local_safety_overrides: 0 | episode_peak_top_tl: A2 | episode_peak_top_tl_queue: 165.0000 | episode_peak_top_tl_waiting: 3770.0000 | episode_peak_top_tl_phase: 1 | episode_peak_top_tl_phase_duration: 38 | episode_peak_top_tl_action: 1 | episode_peak_top_lane: A1A2_1 | episode_peak_top_lane_queue: 107.0000 | episode_peak_top_lane_waiting: 2730.0000 | loss_total: 0.0036 | loss_rl: 0.0026 | loss_pred: 0.0203
Episode    4 | reward: -42.7417 | epsilon: 0.6795 | steps: 719 | avg_delay: 1.8097 | avg_queue: 3.4524 | throughput: 4701 | arrived_vehicles: 4701 | departed_vehicles: 5421 | num_vehicles: 720 | emergency_stops: 0 | teleport_started: 0 | teleport_ended: 0 | recovery_active: 0.0000 | local_safety_active_tls: 0 | local_safety_overrides: 0 | episode_mean_avg_delay: 2.1337 | episode_max_avg_delay: 15.0376 | episode_mean_avg_queue: 2.5475 | episode_max_avg_queue: 6.0952 | episode_mean_num_vehicles: 563.8873 | episode_max_num_vehicles: 758.0000 | episode_recovery_steps: 26 | episode_local_safety_steps: 0 | episode_local_safety_overrides: 0 | episode_peak_top_tl: A2 | episode_peak_top_tl_queue: 113.0000 | episode_peak_top_tl_waiting: 2590.0000 | episode_peak_top_tl_phase: 1 | episode_peak_top_tl_phase_duration: 28 | episode_peak_top_tl_action: 1 | episode_peak_top_lane: A1A2_1 | episode_peak_top_lane_queue: 54.0000 | episode_peak_top_lane_waiting: 1833.0000 | loss_total: 0.0043 | loss_rl: 0.0034 | loss_pred: 0.0191
Episode    5 | reward: -37.9350 | epsilon: 0.6523 | steps: 719 | avg_delay: 1.7555 | avg_queue: 2.9762 | throughput: 4685 | arrived_vehicles: 4685 | departed_vehicles: 5327 | num_vehicles: 642 | emergency_stops: 0 | teleport_started: 0 | teleport_ended: 0 | recovery_active: 0.0000 | local_safety_active_tls: 0 | local_safety_overrides: 0 | episode_mean_avg_delay: 1.9407 | episode_max_avg_delay: 8.0377 | episode_mean_avg_queue: 2.3341 | episode_max_avg_queue: 4.7857 | episode_mean_num_vehicles: 518.2684 | episode_max_num_vehicles: 642.0000 | episode_recovery_steps: 7 | episode_local_safety_steps: 0 | episode_local_safety_overrides: 0 | episode_peak_top_tl: A2 | episode_peak_top_tl_queue: 128.0000 | episode_peak_top_tl_waiting: 2819.0000 | episode_peak_top_tl_phase: 1 | episode_peak_top_tl_phase_duration: 13 | episode_peak_top_tl_action: 0 | episode_peak_top_lane: A1A2_1 | episode_peak_top_lane_queue: 69.0000 | episode_peak_top_lane_waiting: 1620.0000 | loss_total: 0.0051 | loss_rl: 0.0042 | loss_pred: 0.0183 | eval_reward: -45.4625 | eval_reward_std: 0.0000 | eval_avg_delay: 2.5678 | eval_avg_queue: 2.2857 | eval_throughput: 5323.0000 | eval_emergency_stops: 0.0000 | eval_teleport_started: 0.0000 | eval_teleport_ended: 0.0000 | eval_episode_mean_delay: 2.3414 | eval_episode_max_delay: 10.7273 | eval_episode_mean_queue: 1.7443 | eval_episode_max_queue: 4.1905

Training complete! Best train reward: -37.93 | Best eval reward: -45.46
Logs saved to: D:\ITB\TA\gnn-marl-traffic\logs\gat_dqn_arterial_stable_20260707_001925_arterial_stable_gat_s42_max80
