Warning: Teleporting vehicle '445'; waited too long (yield), lane=':B0_8_0', time=1114.00.
Warning: Vehicle '445' ends teleporting on edge 'B0bottom1', time=1114.00.
Warning: Teleporting vehicle '539'; waited too long (jam), lane=':B0_11_1', time=1175.00.
Warning: Vehicle '539' ends teleporting on edge 'B0B1', time=1175.00.
Warning: Teleporting vehicle '537'; waited too long (jam), lane=':B0_11_1', time=1179.00.
Warning: Vehicle '537' ends teleporting on edge 'B0B1', time=1179.00.
Warning: Teleporting vehicle '573'; waited too long (yield), lane=':B0_18_0', time=1216.00.
Warning: Vehicle '573' ends teleporting on edge 'B0B1', time=1216.00.
Warning: Teleporting vehicle '552'; waited too long (jam), lane=':B0_16_0', time=1221.00.
Warning: Vehicle '552' ends teleporting on edge 'B0C0', time=1221.00.
Warning: Teleporting vehicle '705'; waited too long (yield), lane=':B1_13_0', time=1332.00.
Warning: Vehicle '705' ends teleporting on edge 'B1A1', time=1332.00.
Warning: Teleporting vehicle '1014'; waited too long (yield), lane=':B1_13_0', time=1711.00.
Warning: Vehicle '1014' ends teleporting on edge 'B1A1', time=1711.00.
Warning: Teleporting vehicle '1048'; waited too long (jam), lane=':B1_1_1', time=1722.00.
Warning: Vehicle '1048' ends teleporting on edge 'B1B0', time=1722.00.
Warning: Teleporting vehicle '1056'; waited too long (yield), lane=':B1_18_0', time=1734.00.
Warning: Vehicle '1056' ends teleporting on edge 'B1B2', time=1734.00.
Warning: Teleporting vehicle '1054'; waited too long (jam), lane=':B1_16_1', time=1736.00.
Warning: Vehicle '1054' ends teleporting on edge 'B1C1', time=1736.00.
Warning: Teleporting vehicle '2324'; waited too long (yield), lane=':B1_18_0', time=2990.00.
Warning: Vehicle '2324' ends teleporting on edge 'B1B2', time=2990.00.
Warning: Teleporting vehicle '2361'; waited too long (jam), lane=':B1_6_1', time=3008.00.
Warning: Vehicle '2361' ends teleporting on edge 'B1A1', time=3008.00.
Warning: Teleporting vehicle '2343'; waited too long (jam), lane='B2B1_0', time=3034.00.
Warning: Vehicle '2343' ends teleporting on edge 'B1B0', time=3034.00.
Warning: Teleporting vehicle '2396'; waited too long (jam), lane=':B1_6_1', time=3051.00.
Warning: Vehicle '2396' ends teleporting on edge 'B1A1', time=3051.00.
Warning: Teleporting vehicle '2447'; waited too long (jam), lane=':B1_6_1', time=3116.00.
Warning: Vehicle '2447' ends teleporting on edge 'B1A1', time=3116.00.
Warning: Teleporting vehicle '2428'; waited too long (jam), lane=':B1_11_0', time=3117.00.
Warning: Vehicle '2428' ends teleporting on edge 'B1B2', time=3117.00.
Warning: Teleporting vehicle '705'; waited too long (yield), lane=':B1_13_0', time=1340.00.
Warning: Vehicle '705' ends teleporting on edge 'B1A1', time=1340.00.
Warning: Teleporting vehicle '652'; waited too long (yield), lane=':B1_18_0', time=1356.00.
Warning: Vehicle '652' ends teleporting on edge 'B1B2', time=1356.00.
Warning: Teleporting vehicle '680'; waited too long (yield), lane='B2B1_1', time=1374.00.
Warning: Vehicle '680' ends teleporting on edge 'B1C1', time=1374.00.
Warning: Teleporting vehicle '1363'; waited too long (yield), lane='left1A1_1', time=1985.00.
Warning: Teleporting vehicle '1280'; waited too long (jam), lane=':B1_11_0', time=1988.00.
Warning: Vehicle '1280' ends teleporting on edge 'B1B2', time=1988.00.
Warning: Teleporting vehicle '777'; waited too long (jam), lane=':B1_16_1', time=2009.00.
Warning: Vehicle '777' ends teleporting on edge 'B1C1', time=2009.00.
Warning: Teleporting vehicle '876'; waited too long (jam), lane=':B1_6_0', time=2034.00.
Warning: Vehicle '876' ends teleporting on edge 'B1A1', time=2034.00.
Warning: Teleporting vehicle '978'; waited too long (yield), lane=':B1_3_0', time=2074.00.
Warning: Vehicle '978' ends teleporting on edge 'B1C1', time=2074.00.
Warning: Vehicle '1363' ends teleporting on edge 'B1C1', time=2166.00.
Warning: Teleporting vehicle '1599'; waited too long (yield), lane='top1B2_1', time=2220.00.
Warning: Teleporting vehicle '1748'; waited too long (jam), lane='right1C1_0', time=2369.00.
Warning: Vehicle '1599' ends teleporting on edge 'B1C1', time=2401.00.
Warning: Vehicle '1748' ends teleporting on edge 'B1A1', time=2550.00.
Warning: Teleporting vehicle '1435'; waited too long (yield), lane='left1A1_1', time=2588.00.
Warning: Teleporting vehicle '1014'; waited too long (yield), lane=':B1_13_0', time=2640.00.
Warning: Vehicle '1014' ends teleporting on edge 'B1A1', time=2640.00.
Warning: Teleporting vehicle '1059'; waited too long (jam), lane=':B1_25_0', time=2641.00.
Warning: Vehicle '1059' ends teleporting on edge 'B1B0', time=2641.00.
Warning: Teleporting vehicle '1455'; waited too long (jam), lane=':B1_11_0', time=2653.00.
Warning: Vehicle '1455' ends teleporting on edge 'B1B2', time=2653.00.
Warning: Teleporting vehicle '1728'; waited too long (yield), lane='left1A1_0', time=2674.00.
Warning: Teleporting vehicle '1487'; waited too long (yield), lane='A2A1_1', time=2680.00.
Warning: Teleporting vehicle '1433'; waited too long (jam), lane='A0A1_0', time=2681.00.
Warning: Vehicle '1433' ends teleporting on edge 'A1B1', time=2696.00.
Warning: Teleporting vehicle '1613'; waited too long (yield), lane='C0C1_1', time=2706.00.
Warning: Teleporting vehicle '2013'; waited too long (jam), lane='right1C1_1', time=2725.00.
Warning: Vehicle '2013' ends teleporting on edge 'C1B1', time=2728.00.
Warning: Teleporting vehicle '1895'; waited too long (yield), lane='top1B2_0', time=2734.00.
Warning: Vehicle '1895' ends teleporting on edge 'B2B1', time=2734.00.
Warning: Vehicle '1613' ends teleporting on edge 'C1B1', time=2754.00.
Warning: Teleporting vehicle '1572'; waited too long (yield), lane='B1A1_1', time=2755.00.
Warning: Teleporting vehicle '1717'; waited too long (yield), lane='B1B2_1', time=2758.00.
Warning: Vehicle '1717' ends teleporting on edge 'B2B1', time=2759.00.
Warning: Vehicle '1435' ends teleporting on edge 'B1C1', time=2769.00.
Warning: Teleporting vehicle '1563'; waited too long (yield), lane='B1C1_1', time=2783.00.
Warning: Vehicle '1563' ends teleporting on edge 'C1B1', time=2800.00.
Warning: Vehicle '1728' ends teleporting on edge 'B1C1', time=2855.00.
Warning: Vehicle '1487' ends teleporting on edge 'B1C1', time=2861.00.
Warning: Vehicle '1572' ends teleporting on edge 'A1B1', time=2878.00.
Warning: Teleporting vehicle '2272'; waited too long (yield), lane='bottom1B0_0', time=2894.00.
Warning: Teleporting vehicle '2415'; waited too long (yield), lane='bottom1B0_0', time=3036.00.
Warning: Teleporting vehicle '2410'; waited too long (yield), lane='B0C0_1', time=3042.00.
Warning: Vehicle '2410' ends teleporting on edge 'C0C1', time=3042.00.
Warning: Teleporting vehicle '2404'; waited too long (yield), lane='B2A2_1', time=3044.00.
Warning: Vehicle '2404' ends teleporting on edge 'A2A1', time=3044.00.
Warning: Teleporting vehicle '2429'; waited too long (yield), lane='bottom2C0_1', time=3056.00.
Warning: Vehicle '2429' ends teleporting on edge 'C0C1', time=3056.00.
Warning: Teleporting vehicle '2445'; waited too long (jam), lane='top0A2_1', time=3069.00.
Warning: Vehicle '2445' ends teleporting on edge 'A2A1', time=3069.00.
Warning: Vehicle '2272' ends teleporting on edge 'B1C1', time=3075.00.
Warning: Teleporting vehicle '2448'; waited too long (yield), lane='C1C0_1', time=3129.00.
Warning: Vehicle '2448' ends teleporting on edge 'C0C1', time=3129.00.
Warning: Vehicle '2415' teleports beyond arrival edge 'B0B1', time=3216.00.
Warning: Teleporting vehicle '1829'; waited too long (yield), lane='left1A1_0', time=3279.00.
Warning: Teleporting vehicle '1164'; waited too long (jam), lane=':B1_1_0', time=3293.00.
Warning: Vehicle '1164' ends teleporting on edge 'B1B0', time=3293.00.
Warning: Teleporting vehicle '1063'; waited too long (jam), lane=':B1_16_0', time=3297.00.
Warning: Vehicle '1063' ends teleporting on edge 'B1C1', time=3297.00.
Warning: Teleporting vehicle '1004'; waited too long (jam), lane=':B1_1_1', time=3323.00.
Warning: Vehicle '1004' ends teleporting on edge 'B1B0', time=3323.00.
Warning: Teleporting vehicle '1159'; waited too long (jam), lane=':B1_1_0', time=3326.00.
Warning: Vehicle '1159' ends teleporting on edge 'B1B0', time=3326.00.
Warning: Teleporting vehicle '2741'; waited too long (yield), lane='B2C2_1', time=3364.00.
Warning: Vehicle '2741' ends teleporting on edge 'C2B2', time=3364.00.
Warning: Teleporting vehicle '1718'; waited too long (yield), lane='C2B2_1', time=3366.00.
Warning: Teleporting vehicle '2302'; waited too long (jam), lane='C0B0_0', time=3371.00.
Warning: Teleporting vehicle '1641'; waited too long (yield), lane='C0C1_1', time=3378.00.
Warning: Teleporting vehicle '2570'; waited too long (yield), lane='A1A2_1', time=3384.00.
Warning: Teleporting vehicle '1422'; waited too long (yield), lane=':B1_13_0', time=3384.00.
Warning: Vehicle '1422' ends teleporting on edge 'B1A1', time=3384.00.
Warning: Vehicle '2570' ends teleporting on edge 'A2A1', time=3386.00.
Warning: Teleporting vehicle '2772'; waited too long (wrong lane), lane='A0B0_0', time=3391.00.
Warning: Teleporting vehicle '2232'; waited too long (yield), lane='A0B0_1', time=3393.00.
Warning: Teleporting vehicle '1464'; waited too long (jam), lane=':B1_11_0', time=3395.00.
Warning: Vehicle '1464' ends teleporting on edge 'B1B2', time=3395.00.
Warning: Teleporting vehicle '2518'; waited too long (yield), lane='bottom0A0_0', time=3405.00.
Warning: Vehicle '1641' ends teleporting on edge 'C1B1', time=3406.00.
Warning: Teleporting vehicle '1848'; waited too long (yield), lane='A2B2_0', time=3407.00.
Warning: Vehicle '1848' ends teleporting on edge 'B2B1', time=3407.00.
Warning: Vehicle '2302' ends teleporting on edge 'B0B1', time=3411.00.
Warning: Teleporting vehicle '1643'; waited too long (yield), lane='B1A1_1', time=3413.00.
Warning: Teleporting vehicle '2799'; waited too long (wrong lane), lane='C2B2_0', time=3416.00.
Warning: Vehicle '2799' ends teleporting on edge 'B2B1', time=3416.00.
Warning: Teleporting vehicle '2069'; waited too long (yield), lane='top1B2_0', time=3423.00.
Warning: Vehicle '2069' ends teleporting on edge 'B2B1', time=3423.00.
Warning: Teleporting vehicle '2148'; waited too long (yield), lane='top1B2_0', time=3424.00.
Warning: Vehicle '2148' ends teleporting on edge 'B2B1', time=3426.00.
Warning: Teleporting vehicle '983'; waited too long (yield), lane='C1B1_1', time=3432.00.
Warning: Vehicle '983' ends teleporting on edge 'B1C1', time=3432.00.
Warning: Vehicle '2772' ends teleporting on edge 'B0B1', time=3433.00.
Warning: Vehicle '1643' ends teleporting on edge 'A1B1', time=3434.00.
Warning: Vehicle '1829' ends teleporting on edge 'A1B1', time=3437.00.
Warning: Teleporting vehicle '1942'; waited too long (yield), lane='C2C1_0', time=3442.00.
Warning: Vehicle '1942' ends teleporting on edge 'C1B1', time=3442.00.
Warning: Teleporting vehicle '1864'; waited too long (yield), lane='B1C1_1', time=3444.00.
Warning: Vehicle '1864' ends teleporting on edge 'C1B1', time=3445.00.
Warning: Vehicle '1718' ends teleporting on edge 'B2B1', time=3446.00.
Warning: Teleporting vehicle '2708'; waited too long (yield), lane='C1C2_1', time=3451.00.
Warning: Vehicle '2232' ends teleporting on edge 'B0B1', time=3453.00.
Warning: Teleporting vehicle '2773'; waited too long (jam), lane='left2A2_0', time=3462.00.
Warning: Vehicle '2773' ends teleporting on edge 'A2B2', time=3462.00.
Warning: Teleporting vehicle '2075'; waited too long (jam), lane='top1B2_1', time=3474.00.
Warning: Teleporting vehicle '2716'; waited too long (jam), lane='A1A2_0', time=3477.00.
Warning: Vehicle '2716' ends teleporting on edge 'A2B2', time=3477.00.
Warning: Teleporting vehicle '2871'; waited too long (yield), lane='left0A0_1', time=3490.00.
Warning: Vehicle '2075' ends teleporting on edge 'B2B1', time=3490.00.
Warning: Vehicle '2871' ends teleporting on edge 'A0B0', time=3490.00.
Warning: Teleporting vehicle '2398'; waited too long (wrong lane), lane='A2A1_0', time=3495.00.
Warning: Teleporting vehicle '2390'; waited too long (yield), lane='A2A1_1', time=3495.00.
Warning: Vehicle '2390' ends teleporting on edge 'A1B1', time=3495.00.
Warning: Teleporting vehicle '2880'; waited too long (yield), lane='A1A0_1', time=3500.00.
Warning: Teleporting vehicle '2753'; waited too long (yield), lane='B2C2_0', time=3502.00.
Warning: Vehicle '2753' ends teleporting on edge 'C2C1', time=3502.00.
Warning: Teleporting vehicle '2565'; waited too long (jam), lane='bottom1B0_1', time=3504.00.
Warning: Vehicle '2565' ends teleporting on edge 'B0B1', time=3507.00.
Warning: Vehicle '2398' ends teleporting on edge 'A1B1', time=3508.00.
Warning: Teleporting vehicle '2876'; waited too long (yield), lane='B0A0_1', time=3533.00.
Warning: Teleporting vehicle '2428'; waited too long (yield), lane='B1B0_1', time=3560.00.
Warning: Vehicle '2428' ends teleporting on edge 'B0B1', time=3560.00.
Warning: Vehicle '2518' ends teleporting on edge 'A1B1', time=3586.00.
Warning: Vehicle '2708' ends teleporting on edge 'C2B2', time=3588.00.
Warning: Vehicle '2876' ends teleporting on edge 'A0B0', time=3590.00.
Warning: Vehicle '2389' performs emergency braking on lane ':B1_11_1' with decel=10.00, wished=5.00, severity=1.00, time=2408.00.
Warning: Teleporting vehicle '329'; waited too long (yield), lane=':B1_13_0', time=976.00.
Warning: Vehicle '329' ends teleporting on edge 'B1A1', time=976.00.
Warning: Teleporting vehicle '306'; waited too long (jam), lane=':B1_25_0', time=977.00.
Warning: Vehicle '306' ends teleporting on edge 'B1B0', time=977.00.
Warning: Teleporting vehicle '345'; waited too long (yield), lane='B0B1_1', time=978.00.
Warning: Vehicle '345' ends teleporting on edge 'B1A1', time=978.00.
Warning: Teleporting vehicle '327'; waited too long (jam), lane=':B1_1_1', time=989.00.
Warning: Vehicle '327' ends teleporting on edge 'B1B0', time=989.00.
Warning: Teleporting vehicle '383'; waited too long (jam), lane=':B1_1_1', time=1014.00.
Warning: Vehicle '383' ends teleporting on edge 'B1B0', time=1014.00.
Warning: Teleporting vehicle '310'; waited too long (jam), lane=':B1_6_0', time=1023.00.
Warning: Vehicle '310' ends teleporting on edge 'B1A1', time=1023.00.
Warning: Teleporting vehicle '331'; waited too long (jam), lane=':B1_6_0', time=1025.00.
Warning: Vehicle '331' ends teleporting on edge 'B1A1', time=1025.00.
