Warning: Teleporting vehicle '705'; waited too long (yield), lane=':B1_13_0', time=1325.00.
Warning: Vehicle '705' ends teleporting on edge 'B1A1', time=1325.00.
Warning: Teleporting vehicle '659'; waited too long (jam), lane=':B1_1_1', time=1337.00.
Warning: Vehicle '659' ends teleporting on edge 'B1B0', time=1337.00.
Warning: Teleporting vehicle '699'; waited too long (yield), lane=':B1_18_0', time=1352.00.
Warning: Vehicle '699' ends teleporting on edge 'B1B2', time=1352.00.
Warning: Teleporting vehicle '663'; waited too long (jam), lane=':B1_6_0', time=1353.00.
Warning: Vehicle '663' ends teleporting on edge 'B1A1', time=1353.00.
Warning: Teleporting vehicle '669'; waited too long (jam), lane='C1B1_1', time=1354.00.
Warning: Vehicle '669' ends teleporting on edge 'B1A1', time=1354.00.
Warning: Teleporting vehicle '683'; waited too long (jam), lane=':B1_6_0', time=1359.00.
Warning: Vehicle '683' ends teleporting on edge 'B1A1', time=1359.00.
Warning: Teleporting vehicle '740'; waited too long (yield), lane='C1B1_0', time=1363.00.
Warning: Vehicle '740' ends teleporting on edge 'B1A1', time=1363.00.
Warning: Teleporting vehicle '728'; waited too long (jam), lane=':B1_6_0', time=1364.00.
Warning: Vehicle '728' ends teleporting on edge 'B1A1', time=1364.00.
Warning: Teleporting vehicle '2803'; waited too long (yield), lane=':B1_8_0', time=3475.00.
Warning: Vehicle '2803' ends teleporting on edge 'B1B0', time=3475.00.
Warning: Teleporting vehicle '2824'; waited too long (jam), lane=':B1_16_0', time=3479.00.
Warning: Vehicle '2824' ends teleporting on edge 'B1C1', time=3479.00.
Warning: Teleporting vehicle '2854'; waited too long (yield), lane=':B1_13_0', time=3491.00.
Warning: Vehicle '2854' ends teleporting on edge 'B1A1', time=3491.00.
Warning: Teleporting vehicle '2902'; waited too long (jam), lane=':B0_16_1', time=3574.00.
Warning: Vehicle '2902' ends teleporting on edge 'B0C0', time=3574.00.
Warning: Teleporting vehicle '2944'; waited too long (yield), lane='C0B0_0', time=3584.00.
Warning: Vehicle '2944' ends teleporting on edge 'B0A0', time=3584.00.
Warning: Teleporting vehicle '2933'; waited too long (yield), lane=':B0_18_0', time=3586.00.
Warning: Vehicle '2933' ends teleporting on edge 'B0B1', time=3586.00.
Warning: Teleporting vehicle '978'; waited too long (yield), lane=':B1_3_0', time=1651.00.
Warning: Vehicle '978' ends teleporting on edge 'B1C1', time=1651.00.
Warning: Teleporting vehicle '1002'; waited too long (jam), lane=':B1_11_0', time=1692.00.
Warning: Vehicle '1002' ends teleporting on edge 'B1B2', time=1692.00.
Warning: Teleporting vehicle '1014'; waited too long (yield), lane=':B1_13_0', time=1716.00.
Warning: Vehicle '1014' ends teleporting on edge 'B1A1', time=1716.00.
Warning: Teleporting vehicle '1059'; waited too long (jam), lane=':B1_25_0', time=1718.00.
Warning: Vehicle '1059' ends teleporting on edge 'B1B0', time=1718.00.
Warning: Teleporting vehicle '1064'; waited too long (jam), lane='A1B1_0', time=2338.00.
Warning: Vehicle '1064' ends teleporting on edge 'B1C1', time=2338.00.
Warning: Teleporting vehicle '1080'; waited too long (yield), lane=':B1_3_0', time=2345.00.
Warning: Vehicle '1080' ends teleporting on edge 'B1C1', time=2345.00.
Warning: Teleporting vehicle '1060'; waited too long (jam), lane=':B1_16_0', time=2347.00.
Warning: Vehicle '1060' ends teleporting on edge 'B1C1', time=2347.00.
Warning: Teleporting vehicle '1063'; waited too long (jam), lane=':B1_16_0', time=2348.00.
Warning: Vehicle '1063' ends teleporting on edge 'B1C1', time=2348.00.
Warning: Teleporting vehicle '1585'; waited too long (jam), lane='A0A1_0', time=2368.00.
Warning: Vehicle '1585' ends teleporting on edge 'A1B1', time=2375.00.
Warning: Teleporting vehicle '1728'; waited too long (yield), lane='left1A1_1', time=2381.00.
Warning: Vehicle '1728' ends teleporting on edge 'A1B1', time=2397.00.
Warning: Teleporting vehicle '1712'; waited too long (yield), lane='B1A1_1', time=2428.00.
Warning: Vehicle '1712' ends teleporting on edge 'A1B1', time=2430.00.
Warning: Teleporting vehicle '2692'; waited too long (yield), lane=':B0_3_0', time=3395.00.
Warning: Vehicle '2692' ends teleporting on edge 'B0C0', time=3395.00.
Warning: Teleporting vehicle '345'; waited too long (yield), lane=':B1_13_0', time=995.00.
Warning: Vehicle '345' ends teleporting on edge 'B1A1', time=995.00.
Warning: Teleporting vehicle '327'; waited too long (jam), lane=':B1_1_1', time=1005.00.
Warning: Vehicle '327' ends teleporting on edge 'B1B0', time=1005.00.
Warning: Teleporting vehicle '383'; waited too long (jam), lane=':B1_1_1', time=1008.00.
Warning: Vehicle '383' ends teleporting on edge 'B1B0', time=1008.00.
Warning: Teleporting vehicle '356'; waited too long (yield), lane='A1B1_1', time=1017.00.
Warning: Vehicle '356' ends teleporting on edge 'B1B2', time=1017.00.
Warning: Teleporting vehicle '389'; waited too long (jam), lane=':B1_6_0', time=1061.00.
Warning: Vehicle '389' ends teleporting on edge 'B1A1', time=1061.00.
Warning: Teleporting vehicle '330'; waited too long (yield), lane='B0B1_0', time=1064.00.
Warning: Vehicle '330' ends teleporting on edge 'B1B2', time=1064.00.
Warning: Teleporting vehicle '379'; waited too long (jam), lane=':B1_1_0', time=1072.00.
Warning: Vehicle '379' ends teleporting on edge 'B1B0', time=1072.00.
Warning: Teleporting vehicle '425'; waited too long (yield), lane='C1B1_0', time=1079.00.
Warning: Vehicle '425' ends teleporting on edge 'B1A1', time=1080.00.
Warning: Teleporting vehicle '891'; waited too long (jam), lane='C2C1_0', time=1553.00.
Warning: Teleporting vehicle '951'; waited too long (yield), lane='right1C1_0', time=1574.00.
Warning: Teleporting vehicle '394'; waited too long (yield), lane=':B1_8_0', time=1609.00.
Warning: Vehicle '394' ends teleporting on edge 'B1B0', time=1609.00.
Warning: Teleporting vehicle '404'; waited too long (yield), lane='C1B1_1', time=1611.00.
Warning: Teleporting vehicle '373'; waited too long (yield), lane=':B1_3_0', time=1611.00.
Warning: Vehicle '373' ends teleporting on edge 'B1C1', time=1611.00.
Warning: Vehicle '404' ends teleporting on edge 'B1C1', time=1611.00.
Warning: Teleporting vehicle '361'; waited too long (jam), lane=':B1_11_1', time=1619.00.
Warning: Teleporting vehicle '384'; waited too long (jam), lane=':B1_16_1', time=1619.00.
Warning: Vehicle '361' ends teleporting on edge 'B1B2', time=1619.00.
Warning: Vehicle '384' ends teleporting on edge 'B1C1', time=1619.00.
Warning: Vehicle '951' ends teleporting on edge 'C1B1', time=1632.00.
Warning: Teleporting vehicle '1000'; waited too long (yield), lane='A2A1_1', time=1634.00.
Warning: Teleporting vehicle '1023'; waited too long (yield), lane='C0B0_0', time=1642.00.
Warning: Vehicle '1023' ends teleporting on edge 'B0B1', time=1653.00.
Warning: Vehicle '891' ends teleporting on edge 'C1B1', time=1662.00.
Warning: Teleporting vehicle '1113'; waited too long (jam), lane='A2B2_0', time=1736.00.
Warning: Vehicle '1113' ends teleporting on edge 'B2B1', time=1736.00.
Warning: Teleporting vehicle '1145'; waited too long (yield), lane='top1B2_0', time=1767.00.
Warning: Vehicle '1145' ends teleporting on edge 'B2B1', time=1767.00.
Warning: Vehicle '1000' ends teleporting on edge 'B1B2', time=1815.00.
Warning: Teleporting vehicle '1170'; waited too long (yield), lane=':B1_8_0', time=2595.00.
Warning: Vehicle '1170' ends teleporting on edge 'B1B0', time=2595.00.
Warning: Teleporting vehicle '1420'; waited too long (jam), lane=':B1_16_1', time=2601.00.
Warning: Teleporting vehicle '1175'; waited too long (jam), lane='C1B1_0', time=2619.00.
Warning: Vehicle '1175' ends teleporting on edge 'B1A1', time=2619.00.
Warning: Teleporting vehicle '1598'; waited too long (yield), lane='A2A1_1', time=2620.00.
Warning: Teleporting vehicle '1029'; waited too long (jam), lane='A1B1_1', time=2626.00.
Warning: Vehicle '1598' ends teleporting on edge 'A1B1', time=2626.00.
Warning: Teleporting vehicle '924'; waited too long (yield), lane='A1B1_1', time=2627.00.
Warning: Vehicle '924' ends teleporting on edge 'B1A1', time=2627.00.
Warning: Teleporting vehicle '1643'; waited too long (yield), lane='B1A1_1', time=2629.00.
Warning: Vehicle '1643' ends teleporting on edge 'A1B1', time=2650.00.
Warning: Teleporting vehicle '517'; waited too long (yield), lane='B1C1_1', time=2675.00.
Warning: Vehicle '1029' ends teleporting on edge 'B1C1', time=2675.00.
Warning: Teleporting vehicle '1148'; waited too long (jam), lane='C2C1_0', time=2684.00.
Warning: Teleporting vehicle '2064'; waited too long (yield), lane='left1A1_1', time=2688.00.
Warning: Vehicle '2064' ends teleporting on edge 'A1B1', time=2688.00.
Warning: Teleporting vehicle '810'; waited too long (yield), lane='B1C1_1', time=2707.00.
Warning: Vehicle '1420' ends teleporting on edge 'B1C1', time=2708.00.
Warning: Teleporting vehicle '1849'; waited too long (yield), lane='C0C1_1', time=2723.00.
Warning: Vehicle '1849' ends teleporting on edge 'C1B1', time=2724.00.
Warning: Vehicle '517' ends teleporting on edge 'C1B1', time=2725.00.
Warning: Vehicle '810' ends teleporting on edge 'C1B1', time=2740.00.
Warning: Vehicle '1148' ends teleporting on edge 'C1B1', time=2740.00.
Warning: Teleporting vehicle '755'; waited too long (yield), lane='B1B2_1', time=2803.00.
Warning: Teleporting vehicle '2205'; waited too long (yield), lane='top1B2_0', time=2828.00.
Warning: Vehicle '755' ends teleporting on edge 'B2B1', time=2842.00.
Warning: Vehicle '2205' ends teleporting on edge 'B2B1', time=2860.00.
Warning: Teleporting vehicle '2404'; waited too long (yield), lane='B2A2_1', time=3044.00.
Warning: Vehicle '2404' ends teleporting on edge 'A2A1', time=3044.00.
Warning: Teleporting vehicle '2445'; waited too long (jam), lane='top0A2_1', time=3070.00.
Warning: Vehicle '2445' ends teleporting on edge 'A2A1', time=3070.00.
Warning: Teleporting vehicle '2202'; waited too long (yield), lane='left1A1_1', time=3297.00.
Warning: Teleporting vehicle '2511'; waited too long (yield), lane='B1A1_1', time=3299.00.
Warning: Teleporting vehicle '922'; waited too long (yield), lane='A1B1_1', time=3327.00.
Warning: Teleporting vehicle '2033'; waited too long (wrong lane), lane='C1B1_0', time=3335.00.
Warning: Teleporting vehicle '983'; waited too long (yield), lane='C1B1_1', time=3365.00.
Warning: Vehicle '983' ends teleporting on edge 'B1C1', time=3365.00.
Warning: Teleporting vehicle '1641'; waited too long (yield), lane='C0C1_1', time=3370.00.
Warning: Teleporting vehicle '2455'; waited too long (yield), lane='B1C1_1', time=3391.00.
Warning: Vehicle '922' ends teleporting on edge 'B1C1', time=3391.00.
Warning: Teleporting vehicle '834'; waited too long (yield), lane='B1C1_1', time=3397.00.
Warning: Vehicle '834' ends teleporting on edge 'C1C2', time=3397.00.
Warning: Teleporting vehicle '1846'; waited too long (jam), lane='C2C1_0', time=3416.00.
Warning: Teleporting vehicle '2803'; waited too long (yield), lane='right1C1_1', time=3426.00.
Warning: Vehicle '1641' ends teleporting on edge 'C1B1', time=3429.00.
Warning: Vehicle '1846' ends teleporting on edge 'C1B1', time=3433.00.
Warning: Vehicle '2455' ends teleporting on edge 'C1B1', time=3433.00.
Warning: Teleporting vehicle '2442'; waited too long (yield), lane='A2A1_1', time=3438.00.
Warning: Vehicle '2803' ends teleporting on edge 'C1B1', time=3439.00.
Warning: Teleporting vehicle '835'; waited too long (yield), lane='B2B1_1', time=3449.00.
Warning: Teleporting vehicle '2723'; waited too long (yield), lane='C1C0_1', time=3453.00.
Warning: Vehicle '2723' ends teleporting on edge 'C0C1', time=3453.00.
Warning: Teleporting vehicle '2666'; waited too long (jam), lane='B2C2_0', time=3467.00.
Warning: Teleporting vehicle '1957'; waited too long (yield), lane='B0C0_1', time=3468.00.
Warning: Vehicle '1957' ends teleporting on edge 'C0C1', time=3468.00.
Warning: Teleporting vehicle '1663'; waited too long (yield), lane='B0B1_1', time=3502.00.
Warning: Vehicle '1663' ends teleporting on edge 'B1A1', time=3502.00.
Warning: Teleporting vehicle '2887'; waited too long (yield), lane='bottom1B0_1', time=3508.00.
Warning: Vehicle '835' ends teleporting on edge 'B1C1', time=3508.00.
Warning: Vehicle '2033' ends teleporting on edge 'B0C0', time=3516.00.
Warning: Teleporting vehicle '2892'; waited too long (yield), lane='bottom2C0_1', time=3517.00.
Warning: Vehicle '2892' ends teleporting on edge 'C0C1', time=3517.00.
Warning: Teleporting vehicle '2375'; waited too long (yield), lane='A1A2_1', time=3522.00.
Warning: Vehicle '2375' ends teleporting on edge 'A2A1', time=3522.00.
Warning: Teleporting vehicle '2289'; waited too long (yield), lane='B1B0_1', time=3542.00.
Warning: Teleporting vehicle '1885'; waited too long (yield), lane='C2B2_1', time=3552.00.
Warning: Vehicle '1885' ends teleporting on edge 'B2B1', time=3553.00.
Warning: Teleporting vehicle '2891'; waited too long (jam), lane='top1B2_0', time=3577.00.
Warning: Vehicle '2891' ends teleporting on edge 'B2B1', time=3577.00.
Warning: Teleporting vehicle '2878'; waited too long (jam), lane='top1B2_1', time=3583.00.
Warning: Teleporting vehicle '1303'; waited too long (yield), lane='B1B2_1', time=3584.00.
Warning: Vehicle '1303' ends teleporting on edge 'B2B1', time=3584.00.
Warning: Teleporting vehicle '2675'; waited too long (jam), lane='C0B0_0', time=3588.00.
Warning: Teleporting vehicle '2980'; waited too long (wrong lane), lane='A0B0_0', time=3598.00.
Warning: Vehicle '2980' ends teleporting on edge 'B0B1', time=3598.00.
Warning: Vehicle '1268' performs emergency braking on lane ':A0_6_1' with decel=10.00, wished=5.00, severity=1.00, time=1323.00.
Warning: Vehicle '3225' performs emergency braking on lane ':C0_1_1' with decel=9.00, wished=4.50, severity=1.00, time=3348.00.
Warning: Vehicle '2308' performs emergency braking on lane ':B1_1_1' with decel=10.00, wished=5.00, severity=1.00, time=2388.00.
Warning: Teleporting vehicle '395'; waited too long (yield), lane=':B1_18_0', time=1079.00.
Warning: Vehicle '395' ends teleporting on edge 'B1B2', time=1079.00.
Warning: Teleporting vehicle '389'; waited too long (jam), lane=':B1_6_1', time=1091.00.
Warning: Vehicle '389' ends teleporting on edge 'B1A1', time=1091.00.
Warning: Teleporting vehicle '436'; waited too long (jam), lane='B2B1_0', time=1099.00.
Warning: Vehicle '436' ends teleporting on edge 'B1B0', time=1099.00.
Warning: Teleporting vehicle '535'; waited too long (jam), lane=':B1_6_1', time=1157.00.
Warning: Vehicle '535' ends teleporting on edge 'B1A1', time=1157.00.
Warning: Teleporting vehicle '478'; waited too long (jam), lane=':B1_16_0', time=1158.00.
Warning: Vehicle '478' ends teleporting on edge 'B1C1', time=1158.00.
Warning: Teleporting vehicle '483'; waited too long (jam), lane=':B1_16_0', time=1159.00.
Warning: Vehicle '483' ends teleporting on edge 'B1C1', time=1159.00.
Warning: Teleporting vehicle '526'; waited too long (jam), lane=':B1_6_1', time=1169.00.
Warning: Vehicle '526' ends teleporting on edge 'B1A1', time=1169.00.
Warning: Teleporting vehicle '511'; waited too long (jam), lane=':B1_6_1', time=1172.00.
Warning: Vehicle '511' ends teleporting on edge 'B1A1', time=1172.00.
Warning: Teleporting vehicle '520'; waited too long (jam), lane=':B1_11_0', time=1185.00.
Warning: Vehicle '520' ends teleporting on edge 'B1B2', time=1185.00.
Warning: Vehicle '876' performs emergency braking on lane ':A2_11_1' with decel=10.00, wished=5.00, severity=1.00, time=984.00.
Warning: Teleporting vehicle '2240'; waited too long (yield), lane=':B0_8_0', time=2865.00.
Warning: Vehicle '2240' ends teleporting on edge 'B0bottom1', time=2865.00.
