Warning: Teleporting vehicle '1190'; waited too long (yield), lane=':B1_13_0', time=1844.00.
Warning: Vehicle '1190' ends teleporting on edge 'B1A1', time=1844.00.
Warning: Teleporting vehicle '1194'; waited too long (yield), lane='B0B1_1', time=1847.00.
Warning: Vehicle '1194' ends teleporting on edge 'B1A1', time=1847.00.
Warning: Teleporting vehicle '1141'; waited too long (jam), lane=':B1_1_1', time=1852.00.
Warning: Vehicle '1141' ends teleporting on edge 'B1B0', time=1852.00.
Warning: Vehicle '1268' performs emergency braking on lane ':A0_6_1' with decel=10.00, wished=5.00, severity=1.00, time=1318.00.
Warning: Teleporting vehicle '705'; waited too long (yield), lane=':B1_13_0', time=1334.00.
Warning: Vehicle '705' ends teleporting on edge 'B1A1', time=1334.00.
Warning: Teleporting vehicle '725'; waited too long (yield), lane='B0B1_1', time=1360.00.
Warning: Vehicle '725' ends teleporting on edge 'B1A1', time=1360.00.
Warning: Teleporting vehicle '704'; waited too long (yield), lane=':B1_18_0', time=1407.00.
Warning: Vehicle '704' ends teleporting on edge 'B1B2', time=1407.00.
Warning: Teleporting vehicle '813'; waited too long (yield), lane='B2B1_0', time=1433.00.
Warning: Vehicle '813' ends teleporting on edge 'B1B0', time=1433.00.
Warning: Teleporting vehicle '709'; waited too long (jam), lane=':B1_6_1', time=1944.00.
Warning: Vehicle '709' ends teleporting on edge 'B1A1', time=1944.00.
Warning: Vehicle '1084' performs emergency braking on lane ':B1_11_1' with decel=9.00, wished=4.50, severity=1.00, time=1144.00.
Warning: Vehicle '623' performs emergency braking on lane ':C1_16_1' with decel=9.00, wished=4.50, severity=1.00, time=748.00.
Warning: Teleporting vehicle '1953'; waited too long (yield), lane=':B1_13_0', time=2619.00.
Warning: Vehicle '1953' ends teleporting on edge 'B1A1', time=2619.00.
Warning: Teleporting vehicle '1966'; waited too long (jam), lane=':B1_25_0', time=2621.00.
Warning: Vehicle '1966' ends teleporting on edge 'B1B0', time=2621.00.
Warning: Teleporting vehicle '1974'; waited too long (yield), lane='B0B1_1', time=2623.00.
Warning: Vehicle '1974' ends teleporting on edge 'B1B0', time=2623.00.
Warning: Teleporting vehicle '1973'; waited too long (jam), lane=':B1_1_1', time=2628.00.
Warning: Vehicle '1973' ends teleporting on edge 'B1B0', time=2628.00.
Warning: Teleporting vehicle '2021'; waited too long (jam), lane=':B1_1_1', time=2641.00.
Warning: Vehicle '2021' ends teleporting on edge 'B1B0', time=2642.00.
Warning: Teleporting vehicle '2001'; waited too long (yield), lane=':B1_18_0', time=2659.00.
Warning: Vehicle '2001' ends teleporting on edge 'B1B2', time=2659.00.
Warning: Vehicle '639' performs emergency braking on lane ':A1_16_1' with decel=10.00, wished=5.00, severity=1.00, time=658.00.
Warning: Teleporting vehicle '2038'; waited too long (yield), lane=':A1_13_0', time=2691.00.
Warning: Vehicle '2038' ends teleporting on edge 'A1left1', time=2691.00.
Warning: Teleporting vehicle '1998'; waited too long (jam), lane=':A1_1_1', time=2703.00.
Warning: Vehicle '1998' ends teleporting on edge 'A1A0', time=2703.00.
Warning: Vehicle '1172' performs emergency braking on lane ':C2_16_1' with decel=9.00, wished=4.50, severity=1.00, time=1254.00.
Warning: Teleporting vehicle '277'; waited too long (jam), lane=':C1_11_1', time=932.00.
Warning: Vehicle '277' ends teleporting on edge 'C1C2', time=932.00.
Warning: Teleporting vehicle '322'; waited too long (jam), lane=':C1_6_1', time=946.00.
Warning: Vehicle '322' ends teleporting on edge 'C1B1', time=946.00.
Warning: Teleporting vehicle '556'; waited too long (yield), lane=':A2_8_0', time=1265.00.
Warning: Vehicle '556' ends teleporting on edge 'A2A1', time=1265.00.
Warning: Teleporting vehicle '580'; waited too long (yield), lane=':A2_13_0', time=1287.00.
Warning: Vehicle '580' ends teleporting on edge 'A2left2', time=1287.00.
Warning: Teleporting vehicle '670'; waited too long (jam), lane='A1A2_0', time=1338.00.
Warning: Vehicle '670' ends teleporting on edge 'A2top0', time=1338.00.
Warning: Teleporting vehicle '600'; waited too long (yield), lane=':A2_8_0', time=1870.00.
Warning: Vehicle '600' ends teleporting on edge 'A2A1', time=1870.00.
Warning: Vehicle '1017' performs emergency braking on lane ':A0_6_1' with decel=10.00, wished=5.00, severity=1.00, time=1093.00.
Warning: Teleporting vehicle '445'; waited too long (yield), lane=':B0_8_0', time=1114.00.
Warning: Vehicle '445' ends teleporting on edge 'B0bottom1', time=1114.00.
Warning: Teleporting vehicle '539'; waited too long (jam), lane=':B0_11_1', time=1165.00.
Warning: Vehicle '539' ends teleporting on edge 'B0B1', time=1165.00.
Warning: Teleporting vehicle '537'; waited too long (jam), lane=':B0_11_1', time=1174.00.
Warning: Vehicle '537' ends teleporting on edge 'B0B1', time=1174.00.
Warning: Teleporting vehicle '553'; waited too long (yield), lane='bottom1B0_0', time=1175.00.
Warning: Vehicle '553' ends teleporting on edge 'B0B1', time=1175.00.
Warning: Teleporting vehicle '493'; waited too long (jam), lane=':B0_1_0', time=1204.00.
Warning: Vehicle '493' ends teleporting on edge 'B0bottom1', time=1204.00.
Warning: Teleporting vehicle '573'; waited too long (yield), lane=':B0_18_0', time=1721.00.
Warning: Vehicle '573' ends teleporting on edge 'B0B1', time=1721.00.
Warning: Teleporting vehicle '555'; waited too long (jam), lane=':B0_6_0', time=1739.00.
Warning: Vehicle '555' ends teleporting on edge 'B0A0', time=1739.00.
Warning: Teleporting vehicle '562'; waited too long (jam), lane=':B0_6_0', time=1747.00.
Warning: Vehicle '562' ends teleporting on edge 'B0A0', time=1747.00.
Warning: Teleporting vehicle '502'; waited too long (yield), lane=':B0_3_0', time=1749.00.
Warning: Vehicle '502' ends teleporting on edge 'B0C0', time=1749.00.
Warning: Teleporting vehicle '998'; waited too long (jam), lane='C1C0_0', time=1787.00.
Warning: Vehicle '998' ends teleporting on edge 'C0B0', time=1797.00.
Warning: Teleporting vehicle '1177'; waited too long (jam), lane='B2B1_1', time=1806.00.
Warning: Teleporting vehicle '1199'; waited too long (yield), lane='right0C0_0', time=1821.00.
Warning: Vehicle '1199' ends teleporting on edge 'C0B0', time=1825.00.
Warning: Teleporting vehicle '1205'; waited too long (yield), lane='C1B1_1', time=1875.00.
Warning: Vehicle '1205' ends teleporting on edge 'B1B0', time=1875.00.
Warning: Vehicle '1177' ends teleporting on edge 'B0C0', time=1988.00.
Warning: Teleporting vehicle '704'; waited too long (yield), lane=':B1_18_0', time=1375.00.
Warning: Vehicle '704' ends teleporting on edge 'B1B2', time=1375.00.
Warning: Teleporting vehicle '709'; waited too long (jam), lane=':B1_6_1', time=1389.00.
Warning: Vehicle '709' ends teleporting on edge 'B1A1', time=1389.00.
Warning: Teleporting vehicle '693'; waited too long (yield), lane='B2B1_0', time=1390.00.
Warning: Vehicle '693' ends teleporting on edge 'B1B0', time=1390.00.
Warning: Teleporting vehicle '741'; waited too long (yield), lane='B0B1_0', time=1433.00.
Warning: Vehicle '741' ends teleporting on edge 'B1B2', time=1433.00.
Warning: Teleporting vehicle '705'; waited too long (yield), lane=':B1_13_0', time=1329.00.
Warning: Vehicle '705' ends teleporting on edge 'B1A1', time=1329.00.
Warning: Teleporting vehicle '664'; waited too long (jam), lane=':B1_1_1', time=1345.00.
Warning: Vehicle '664' ends teleporting on edge 'B1B0', time=1345.00.
Warning: Teleporting vehicle '659'; waited too long (jam), lane=':B1_1_1', time=1346.00.
Warning: Vehicle '659' ends teleporting on edge 'B1B0', time=1346.00.
Warning: Teleporting vehicle '633'; waited too long (jam), lane=':B1_6_1', time=1349.00.
Warning: Vehicle '633' ends teleporting on edge 'B1A1', time=1349.00.
Warning: Teleporting vehicle '652'; waited too long (yield), lane=':B1_18_0', time=1351.00.
Warning: Vehicle '652' ends teleporting on edge 'B1B2', time=1351.00.
