============================================================
Training independent_dqn on grid_3x3_pkji_m1
Net: D:\ITB\TA\gnn-marl-traffic\data/networks/grid_3x3/grid_3x3_pkji_m1.net.xml
Route: D:\ITB\TA\gnn-marl-traffic\data/networks/grid_3x3/grid_3x3_pkji_m1.rou.xml
Episodes: 50
Seed: 46 | Deterministic: True
============================================================
Number of agents (traffic lights): 9
Traffic light IDs: ['A1', 'B0', 'A0', 'A2', 'B1', 'B2', 'C0', 'C1', 'C2']
Observation dim: 43
Number of actions: 2
Number of lanes per intersection: 8
Adjacency matrix:
[[1. 0. 1. 1. 1. 0. 0. 0. 0.]
 [0. 1. 1. 0. 1. 0. 1. 0. 0.]
 [1. 1. 1. 0. 0. 0. 0. 0. 0.]
 [1. 0. 0. 1. 0. 1. 0. 0. 0.]
 [1. 1. 0. 0. 1. 1. 0. 1. 0.]
 [0. 0. 0. 1. 1. 1. 0. 0. 1.]
 [0. 1. 0. 0. 0. 0. 1. 1. 0.]
 [0. 0. 0. 0. 1. 0. 1. 1. 1.]
 [0. 0. 0. 0. 0. 1. 0. 1. 1.]]
Episode    1 | reward: -6583.6111 | epsilon: 0.9500 | steps: 719 | avg_delay: 1.7053 | avg_queue: 0.2500 | throughput: 3505 | emergency_stops: 0 | loss_rl: 165.6223
Episode    2 | reward: -5816.8889 | epsilon: 0.9025 | steps: 719 | avg_delay: 3.3978 | avg_queue: 0.2917 | throughput: 3506 | emergency_stops: 0 | loss_rl: 75.6545
Episode    3 | reward: -5780.0556 | epsilon: 0.8574 | steps: 719 | avg_delay: 0.2273 | avg_queue: 0.0972 | throughput: 3512 | emergency_stops: 0 | loss_rl: 52.3964
Episode    4 | reward: -5233.3889 | epsilon: 0.8145 | steps: 719 | avg_delay: 0.3333 | avg_queue: 0.1250 | throughput: 3508 | emergency_stops: 0 | loss_rl: 35.7221
Episode    5 | reward: -5446.5000 | epsilon: 0.7738 | steps: 719 | avg_delay: 1.8830 | avg_queue: 0.2917 | throughput: 3505 | emergency_stops: 0 | loss_rl: 35.5580
Episode    6 | reward: -4867.5000 | epsilon: 0.7351 | steps: 719 | avg_delay: 0.6333 | avg_queue: 0.1667 | throughput: 3510 | emergency_stops: 0 | loss_rl: 36.8644
Episode    7 | reward: -4710.9444 | epsilon: 0.6983 | steps: 719 | avg_delay: 1.1538 | avg_queue: 0.1944 | throughput: 3509 | emergency_stops: 0 | loss_rl: 38.7452
Episode    8 | reward: -4573.0000 | epsilon: 0.6634 | steps: 719 | avg_delay: 0.9688 | avg_queue: 0.1667 | throughput: 3503 | emergency_stops: 0 | loss_rl: 41.4364
Episode    9 | reward: -4478.1111 | epsilon: 0.6302 | steps: 719 | avg_delay: 0.5056 | avg_queue: 0.1528 | throughput: 3510 | emergency_stops: 0 | loss_rl: 42.1825
Episode   10 | reward: -4493.3333 | epsilon: 0.5987 | steps: 719 | avg_delay: 0.8172 | avg_queue: 0.1806 | throughput: 3507 | emergency_stops: 0 | loss_rl: 42.2972 | eval_reward: -2791.3333 | eval_reward_std: 0.0000 | eval_avg_delay: 0.9111 | eval_avg_queue: 0.2222 | eval_throughput: 3510.0000 | eval_emergency_stops: 0.0000
Episode   11 | reward: -4315.1111 | epsilon: 0.5688 | steps: 719 | avg_delay: 0.5333 | avg_queue: 0.1111 | throughput: 3509 | emergency_stops: 0 | loss_rl: 41.5699
Episode   12 | reward: -31650.3889 | epsilon: 0.5404 | steps: 719 | avg_delay: 0.7333 | avg_queue: 0.1389 | throughput: 3509 | emergency_stops: 0 | loss_rl: 10716.8971
Episode   13 | reward: -3830.1111 | epsilon: 0.5133 | steps: 719 | avg_delay: 1.1685 | avg_queue: 0.2083 | throughput: 3510 | emergency_stops: 0 | loss_rl: 16265.3675
Episode   14 | reward: -3881.7778 | epsilon: 0.4877 | steps: 719 | avg_delay: 0.4194 | avg_queue: 0.1667 | throughput: 3507 | emergency_stops: 0 | loss_rl: 13076.3968
Episode   15 | reward: -3669.2778 | epsilon: 0.4633 | steps: 719 | avg_delay: 1.6374 | avg_queue: 0.2778 | throughput: 3507 | emergency_stops: 0 | loss_rl: 14974.9099
Episode   16 | reward: -3697.6667 | epsilon: 0.4401 | steps: 719 | avg_delay: 0.9659 | avg_queue: 0.2083 | throughput: 3511 | emergency_stops: 0 | loss_rl: 12100.6266
Episode   17 | reward: -3747.2778 | epsilon: 0.4181 | steps: 719 | avg_delay: 0.3261 | avg_queue: 0.1250 | throughput: 3508 | emergency_stops: 0 | loss_rl: 10720.3152
Episode   18 | reward: -3563.1667 | epsilon: 0.3972 | steps: 719 | avg_delay: 2.1279 | avg_queue: 0.2639 | throughput: 3514 | emergency_stops: 0 | loss_rl: 10994.6140
Episode   19 | reward: -3508.0556 | epsilon: 0.3774 | steps: 719 | avg_delay: 0.3908 | avg_queue: 0.0833 | throughput: 3512 | emergency_stops: 0 | loss_rl: 9906.7875
Episode   20 | reward: -3587.0556 | epsilon: 0.3585 | steps: 719 | avg_delay: 1.2088 | avg_queue: 0.2083 | throughput: 3509 | emergency_stops: 0 | loss_rl: 11110.6329 | eval_reward: -2718.8333 | eval_reward_std: 0.0000 | eval_avg_delay: 0.3708 | eval_avg_queue: 0.1389 | eval_throughput: 3510.0000 | eval_emergency_stops: 0.0000
Episode   21 | reward: -3316.3889 | epsilon: 0.3406 | steps: 719 | avg_delay: 2.0115 | avg_queue: 0.2222 | throughput: 3512 | emergency_stops: 0 | loss_rl: 8165.0969
Episode   22 | reward: -3356.9444 | epsilon: 0.3235 | steps: 719 | avg_delay: 0.6522 | avg_queue: 0.1667 | throughput: 3508 | emergency_stops: 0 | loss_rl: 7627.8724
Episode   23 | reward: -15255.9444 | epsilon: 0.3074 | steps: 719 | avg_delay: 0.7126 | avg_queue: 0.1528 | throughput: 3511 | emergency_stops: 0 | loss_rl: 6361.3102
Episode   24 | reward: -3495.0000 | epsilon: 0.2920 | steps: 719 | avg_delay: 1.5843 | avg_queue: 0.2500 | throughput: 3510 | emergency_stops: 0 | loss_rl: 5779.8209
Episode   25 | reward: -3309.4444 | epsilon: 0.2774 | steps: 719 | avg_delay: 0.4505 | avg_queue: 0.1806 | throughput: 3509 | emergency_stops: 0 | loss_rl: 6300.4346
Episode   26 | reward: -3243.2222 | epsilon: 0.2635 | steps: 719 | avg_delay: 0.4138 | avg_queue: 0.1111 | throughput: 3513 | emergency_stops: 0 | loss_rl: 6392.4540
Episode   27 | reward: -3196.2222 | epsilon: 0.2503 | steps: 719 | avg_delay: 0.2759 | avg_queue: 0.0972 | throughput: 3513 | emergency_stops: 0 | loss_rl: 5923.0056
Episode   28 | reward: -3190.8333 | epsilon: 0.2378 | steps: 719 | avg_delay: 0.9889 | avg_queue: 0.2222 | throughput: 3510 | emergency_stops: 0 | loss_rl: 4242.5995
Episode   29 | reward: -3126.9444 | epsilon: 0.2259 | steps: 719 | avg_delay: 1.6915 | avg_queue: 0.2917 | throughput: 3506 | emergency_stops: 0 | loss_rl: 5431.7840
Episode   30 | reward: -3141.5000 | epsilon: 0.2146 | steps: 719 | avg_delay: 0.8353 | avg_queue: 0.1806 | throughput: 3513 | emergency_stops: 0 | loss_rl: 4493.0757 | eval_reward: -2839.8333 | eval_reward_std: 0.0000 | eval_avg_delay: 0.3636 | eval_avg_queue: 0.1111 | eval_throughput: 3511.0000 | eval_emergency_stops: 0.0000
Episode   31 | reward: -3201.2778 | epsilon: 0.2039 | steps: 719 | avg_delay: 1.2222 | avg_queue: 0.2222 | throughput: 3509 | emergency_stops: 0 | loss_rl: 3598.9340
Episode   32 | reward: -3193.4444 | epsilon: 0.1937 | steps: 719 | avg_delay: 0.8111 | avg_queue: 0.1944 | throughput: 3509 | emergency_stops: 0 | loss_rl: 3094.9025
Episode   33 | reward: -3157.3333 | epsilon: 0.1840 | steps: 719 | avg_delay: 1.7294 | avg_queue: 0.2778 | throughput: 3515 | emergency_stops: 0 | loss_rl: 5189.8932
Episode   34 | reward: -3048.3889 | epsilon: 0.1748 | steps: 719 | avg_delay: 0.7882 | avg_queue: 0.1528 | throughput: 3514 | emergency_stops: 0 | loss_rl: 3566.4125
Episode   35 | reward: -2895.8333 | epsilon: 0.1661 | steps: 719 | avg_delay: 0.8295 | avg_queue: 0.2083 | throughput: 3511 | emergency_stops: 0 | loss_rl: 4392.1723
Episode   36 | reward: -2951.1111 | epsilon: 0.1578 | steps: 719 | avg_delay: 2.1591 | avg_queue: 0.3056 | throughput: 3511 | emergency_stops: 0 | loss_rl: 3292.6261
Episode   37 | reward: -2946.8333 | epsilon: 0.1499 | steps: 719 | avg_delay: 0.7273 | avg_queue: 0.1944 | throughput: 3511 | emergency_stops: 0 | loss_rl: 3018.2888
Episode   38 | reward: -3046.8889 | epsilon: 0.1424 | steps: 719 | avg_delay: 0.5714 | avg_queue: 0.1250 | throughput: 3508 | emergency_stops: 0 | loss_rl: 2498.4601
Episode   39 | reward: -3004.8889 | epsilon: 0.1353 | steps: 719 | avg_delay: 0.9444 | avg_queue: 0.2639 | throughput: 3510 | emergency_stops: 0 | loss_rl: 2655.8162
Episode   40 | reward: -2965.3889 | epsilon: 0.1285 | steps: 719 | avg_delay: 1.0330 | avg_queue: 0.2222 | throughput: 3508 | emergency_stops: 0 | loss_rl: 3281.3255 | eval_reward: -2763.3333 | eval_reward_std: 0.0000 | eval_avg_delay: 0.8409 | eval_avg_queue: 0.1250 | eval_throughput: 3511.0000 | eval_emergency_stops: 0.0000
Episode   41 | reward: -2956.4444 | epsilon: 0.1221 | steps: 719 | avg_delay: 0.7978 | avg_queue: 0.1389 | throughput: 3510 | emergency_stops: 0 | loss_rl: 2762.9790
Episode   42 | reward: -2874.2778 | epsilon: 0.1160 | steps: 719 | avg_delay: 0.4598 | avg_queue: 0.0972 | throughput: 3513 | emergency_stops: 0 | loss_rl: 2892.6069
Episode   43 | reward: -2946.2222 | epsilon: 0.1102 | steps: 719 | avg_delay: 0.0761 | avg_queue: 0.0417 | throughput: 3507 | emergency_stops: 0 | loss_rl: 3728.5195
Episode   44 | reward: -2894.8889 | epsilon: 0.1047 | steps: 719 | avg_delay: 0.5843 | avg_queue: 0.1667 | throughput: 3510 | emergency_stops: 0 | loss_rl: 3547.1068
Episode   45 | reward: -2921.1111 | epsilon: 0.0994 | steps: 719 | avg_delay: 0.7647 | avg_queue: 0.1389 | throughput: 3514 | emergency_stops: 0 | loss_rl: 3263.6277
Episode   46 | reward: -2958.2222 | epsilon: 0.0945 | steps: 719 | avg_delay: 1.3626 | avg_queue: 0.2778 | throughput: 3508 | emergency_stops: 0 | loss_rl: 2615.8887
Episode   47 | reward: -2870.7778 | epsilon: 0.0897 | steps: 719 | avg_delay: 0.3146 | avg_queue: 0.1111 | throughput: 3511 | emergency_stops: 0 | loss_rl: 3527.6450
Episode   48 | reward: -2942.6111 | epsilon: 0.0853 | steps: 719 | avg_delay: 1.3778 | avg_queue: 0.2917 | throughput: 3509 | emergency_stops: 0 | loss_rl: 2977.9773
Episode   49 | reward: -2842.8889 | epsilon: 0.0810 | steps: 719 | avg_delay: 0.5955 | avg_queue: 0.1528 | throughput: 3510 | emergency_stops: 0 | loss_rl: 3266.9842
Episode   50 | reward: -2883.9444 | epsilon: 0.0769 | steps: 719 | avg_delay: 0.3563 | avg_queue: 0.0972 | throughput: 3512 | emergency_stops: 0 | loss_rl: 2267.0456 | eval_reward: -2679.7222 | eval_reward_std: 0.0000 | eval_avg_delay: 0.4945 | eval_avg_queue: 0.1528 | eval_throughput: 3509.0000 | eval_emergency_stops: 0.0000

Training complete! Best train reward: -2842.89 | Best eval reward: -2679.72
Logs saved to: D:\ITB\TA\gnn-marl-traffic\logs\independent_dqn_grid_3x3_pkji_m1_20260518_135253_pkji_independent_dqn_eps095_tt300_50ep_grid_3x3_pkji_m1_s46
