============================================================
Training gat_dqn on grid_3x3_pkji_m1
Net: D:\ITB\TA\gnn-marl-traffic\data/networks/grid_3x3/grid_3x3_pkji_m1.net.xml
Route: D:\ITB\TA\gnn-marl-traffic\data/networks/grid_3x3/grid_3x3_pkji_m1.rou.xml
Episodes: 50
Seed: 45 | Deterministic: True
============================================================
Number of agents (traffic lights): 9
Traffic light IDs: ['A1', 'B0', 'A0', 'A2', 'B1', 'B2', 'C0', 'C1', 'C2']
Observation dim: 43
Number of actions: 2
Number of lanes per intersection: 8
Adjacency matrix:
[[1. 0. 1. 1. 1. 0. 0. 0. 0.]
 [0. 1. 1. 0. 1. 0. 1. 0. 0.]
 [1. 1. 1. 0. 0. 0. 0. 0. 0.]
 [1. 0. 0. 1. 0. 1. 0. 0. 0.]
 [1. 1. 0. 0. 1. 1. 0. 1. 0.]
 [0. 0. 0. 1. 1. 1. 0. 0. 1.]
 [0. 1. 0. 0. 0. 0. 1. 1. 0.]
 [0. 0. 0. 0. 1. 0. 1. 1. 1.]
 [0. 0. 0. 0. 0. 1. 0. 1. 1.]]
Episode    1 | reward: -6681.3889 | epsilon: 0.9500 | steps: 719 | avg_delay: 1.3933 | avg_queue: 0.2639 | throughput: 3510 | emergency_stops: 0 | loss_total: 154.1795 | loss_rl: 154.1761 | loss_pred: 0.0114
Episode    2 | reward: -6086.7222 | epsilon: 0.9025 | steps: 719 | avg_delay: 1.9011 | avg_queue: 0.2639 | throughput: 3508 | emergency_stops: 0 | loss_total: 87.5766 | loss_rl: 87.5738 | loss_pred: 0.0093
Episode    3 | reward: -5798.5556 | epsilon: 0.8574 | steps: 719 | avg_delay: 0.7692 | avg_queue: 0.2083 | throughput: 3509 | emergency_stops: 0 | loss_total: 88.2144 | loss_rl: 88.2118 | loss_pred: 0.0087
Episode    4 | reward: -5702.2778 | epsilon: 0.8145 | steps: 719 | avg_delay: 1.1134 | avg_queue: 0.2083 | throughput: 3503 | emergency_stops: 0 | loss_total: 82.4976 | loss_rl: 82.4950 | loss_pred: 0.0085
Episode    5 | reward: -5350.0000 | epsilon: 0.7738 | steps: 719 | avg_delay: 3.2526 | avg_queue: 0.4583 | throughput: 3505 | emergency_stops: 0 | loss_total: 77.6268 | loss_rl: 77.6243 | loss_pred: 0.0084
Episode    6 | reward: -4777.1111 | epsilon: 0.7351 | steps: 719 | avg_delay: 1.7097 | avg_queue: 0.2222 | throughput: 3506 | emergency_stops: 0 | loss_total: 72.8655 | loss_rl: 72.8631 | loss_pred: 0.0082
Episode    7 | reward: -4879.5000 | epsilon: 0.6983 | steps: 719 | avg_delay: 0.2842 | avg_queue: 0.1250 | throughput: 3505 | emergency_stops: 0 | loss_total: 72.3599 | loss_rl: 72.3575 | loss_pred: 0.0081
Episode    8 | reward: -26828.4444 | epsilon: 0.6634 | steps: 719 | avg_delay: 0.7609 | avg_queue: 0.1667 | throughput: 3508 | emergency_stops: 0 | loss_total: 6841.8765 | loss_rl: 6841.8741 | loss_pred: 0.0082
Episode    9 | reward: -4689.0000 | epsilon: 0.6302 | steps: 719 | avg_delay: 1.1720 | avg_queue: 0.2500 | throughput: 3507 | emergency_stops: 0 | loss_total: 4239.7733 | loss_rl: 4239.7708 | loss_pred: 0.0083
Episode   10 | reward: -4393.2778 | epsilon: 0.5987 | steps: 719 | avg_delay: 0.6702 | avg_queue: 0.1667 | throughput: 3506 | emergency_stops: 0 | loss_total: 3256.5463 | loss_rl: 3256.5438 | loss_pred: 0.0082 | eval_reward: -3039.0556 | eval_reward_std: 0.0000 | eval_avg_delay: 0.1647 | eval_avg_queue: 0.0833 | eval_throughput: 3515.0000 | eval_emergency_stops: 0.0000
Episode   11 | reward: -4309.3889 | epsilon: 0.5688 | steps: 719 | avg_delay: 0.5287 | avg_queue: 0.1389 | throughput: 3512 | emergency_stops: 0 | loss_total: 2671.9066 | loss_rl: 2671.9042 | loss_pred: 0.0081
Episode   12 | reward: -4209.8889 | epsilon: 0.5404 | steps: 719 | avg_delay: 0.1856 | avg_queue: 0.0556 | throughput: 3503 | emergency_stops: 0 | loss_total: 2501.6638 | loss_rl: 2501.6614 | loss_pred: 0.0080
Episode   13 | reward: -66109.3889 | epsilon: 0.5133 | steps: 719 | avg_delay: 3.1333 | avg_queue: 0.3611 | throughput: 3509 | emergency_stops: 0 | loss_total: 6623.5012 | loss_rl: 6623.4988 | loss_pred: 0.0081
Episode   14 | reward: -4086.3889 | epsilon: 0.4877 | steps: 719 | avg_delay: 0.8936 | avg_queue: 0.1944 | throughput: 3505 | emergency_stops: 0 | loss_total: 16063.4470 | loss_rl: 16063.4445 | loss_pred: 0.0085
Episode   15 | reward: -4014.2778 | epsilon: 0.4633 | steps: 719 | avg_delay: 0.3263 | avg_queue: 0.1250 | throughput: 3505 | emergency_stops: 0 | loss_total: 15170.9181 | loss_rl: 15170.9157 | loss_pred: 0.0085
Episode   16 | reward: -3975.6667 | epsilon: 0.4401 | steps: 719 | avg_delay: 1.2921 | avg_queue: 0.2083 | throughput: 3510 | emergency_stops: 0 | loss_total: 18020.5555 | loss_rl: 18020.5530 | loss_pred: 0.0089
Episode   17 | reward: -3856.5000 | epsilon: 0.4181 | steps: 719 | avg_delay: 0.7742 | avg_queue: 0.2083 | throughput: 3507 | emergency_stops: 0 | loss_total: 16199.6177 | loss_rl: 16199.6153 | loss_pred: 0.0082
Episode   18 | reward: -3624.0556 | epsilon: 0.3972 | steps: 719 | avg_delay: 1.1111 | avg_queue: 0.1944 | throughput: 3510 | emergency_stops: 0 | loss_total: 18806.5348 | loss_rl: 18806.5324 | loss_pred: 0.0083
Episode   19 | reward: -3412.6111 | epsilon: 0.3774 | steps: 719 | avg_delay: 0.6744 | avg_queue: 0.1528 | throughput: 3514 | emergency_stops: 0 | loss_total: 20260.8068 | loss_rl: 20260.8045 | loss_pred: 0.0082
Episode   20 | reward: -3488.4444 | epsilon: 0.3585 | steps: 719 | avg_delay: 0.5699 | avg_queue: 0.1667 | throughput: 3507 | emergency_stops: 0 | loss_total: 23819.7877 | loss_rl: 23819.7853 | loss_pred: 0.0084 | eval_reward: -2980.6111 | eval_reward_std: 0.0000 | eval_avg_delay: 0.7326 | eval_avg_queue: 0.1389 | eval_throughput: 3513.0000 | eval_emergency_stops: 0.0000
Episode   21 | reward: -3706.2778 | epsilon: 0.3406 | steps: 719 | avg_delay: 0.3804 | avg_queue: 0.0972 | throughput: 3507 | emergency_stops: 0 | loss_total: 23332.3004 | loss_rl: 23332.2981 | loss_pred: 0.0081
Episode   22 | reward: -3505.6111 | epsilon: 0.3235 | steps: 719 | avg_delay: 1.3000 | avg_queue: 0.2361 | throughput: 3510 | emergency_stops: 0 | loss_total: 24062.3035 | loss_rl: 24062.3012 | loss_pred: 0.0081
Episode   23 | reward: -3367.6111 | epsilon: 0.3074 | steps: 719 | avg_delay: 1.1702 | avg_queue: 0.2500 | throughput: 3506 | emergency_stops: 0 | loss_total: 26520.7983 | loss_rl: 26520.7957 | loss_pred: 0.0094
Episode   24 | reward: -3405.6111 | epsilon: 0.2920 | steps: 719 | avg_delay: 1.5435 | avg_queue: 0.2917 | throughput: 3508 | emergency_stops: 0 | loss_total: 30508.8060 | loss_rl: 30508.8038 | loss_pred: 0.0081
Episode   25 | reward: -3468.0556 | epsilon: 0.2774 | steps: 719 | avg_delay: 0.3820 | avg_queue: 0.1250 | throughput: 3510 | emergency_stops: 0 | loss_total: 32759.5411 | loss_rl: 32759.5389 | loss_pred: 0.0078
Episode   26 | reward: -3325.7778 | epsilon: 0.2635 | steps: 719 | avg_delay: 1.5495 | avg_queue: 0.2778 | throughput: 3509 | emergency_stops: 0 | loss_total: 29373.9211 | loss_rl: 29373.9188 | loss_pred: 0.0080
Episode   27 | reward: -87101.5000 | epsilon: 0.2503 | steps: 719 | avg_delay: 0.8791 | avg_queue: 0.1944 | throughput: 3509 | emergency_stops: 0 | loss_total: 47338.0555 | loss_rl: 47338.0534 | loss_pred: 0.0080
Episode   28 | reward: -3261.3889 | epsilon: 0.2378 | steps: 719 | avg_delay: 0.4884 | avg_queue: 0.1250 | throughput: 3514 | emergency_stops: 0 | loss_total: 52657.7744 | loss_rl: 52657.7724 | loss_pred: 0.0078
Episode   29 | reward: -3247.5000 | epsilon: 0.2259 | steps: 719 | avg_delay: 0.8989 | avg_queue: 0.2222 | throughput: 3510 | emergency_stops: 0 | loss_total: 62858.2659 | loss_rl: 62858.2637 | loss_pred: 0.0084
Episode   30 | reward: -3344.4444 | epsilon: 0.2146 | steps: 719 | avg_delay: 1.0778 | avg_queue: 0.2361 | throughput: 3510 | emergency_stops: 0 | loss_total: 88834.6315 | loss_rl: 88834.6293 | loss_pred: 0.0085 | eval_reward: -2979.9444 | eval_reward_std: 0.0000 | eval_avg_delay: 0.3977 | eval_avg_queue: 0.1389 | eval_throughput: 3512.0000 | eval_emergency_stops: 0.0000
Episode   31 | reward: -3274.2778 | epsilon: 0.2039 | steps: 719 | avg_delay: 1.5269 | avg_queue: 0.2778 | throughput: 3506 | emergency_stops: 0 | loss_total: 80555.3419 | loss_rl: 80555.3397 | loss_pred: 0.0083
Episode   32 | reward: -3254.9444 | epsilon: 0.1937 | steps: 719 | avg_delay: 1.4725 | avg_queue: 0.3472 | throughput: 3509 | emergency_stops: 0 | loss_total: 70821.5151 | loss_rl: 70821.5130 | loss_pred: 0.0081
Episode   33 | reward: -3311.7222 | epsilon: 0.1840 | steps: 719 | avg_delay: 1.3444 | avg_queue: 0.2222 | throughput: 3510 | emergency_stops: 0 | loss_total: 86328.0856 | loss_rl: 86328.0835 | loss_pred: 0.0081
Episode   34 | reward: -3137.2222 | epsilon: 0.1748 | steps: 719 | avg_delay: 0.5333 | avg_queue: 0.1528 | throughput: 3510 | emergency_stops: 0 | loss_total: 94578.9956 | loss_rl: 94578.9936 | loss_pred: 0.0078
Episode   35 | reward: -3097.0556 | epsilon: 0.1661 | steps: 719 | avg_delay: 0.3626 | avg_queue: 0.1389 | throughput: 3508 | emergency_stops: 0 | loss_total: 118246.2522 | loss_rl: 118246.2503 | loss_pred: 0.0076
Episode   36 | reward: -3113.5000 | epsilon: 0.1578 | steps: 719 | avg_delay: 0.2556 | avg_queue: 0.0833 | throughput: 3510 | emergency_stops: 0 | loss_total: 103582.2906 | loss_rl: 103582.2886 | loss_pred: 0.0077
Episode   37 | reward: -3300.0556 | epsilon: 0.1499 | steps: 719 | avg_delay: 0.8605 | avg_queue: 0.1944 | throughput: 3514 | emergency_stops: 0 | loss_total: 65019.3709 | loss_rl: 65019.3689 | loss_pred: 0.0074
Episode   38 | reward: -3101.5000 | epsilon: 0.1424 | steps: 719 | avg_delay: 0.2674 | avg_queue: 0.0694 | throughput: 3513 | emergency_stops: 0 | loss_total: 100645.2218 | loss_rl: 100645.2197 | loss_pred: 0.0076
Episode   39 | reward: -3200.4444 | epsilon: 0.1353 | steps: 719 | avg_delay: 1.3333 | avg_queue: 0.2639 | throughput: 3510 | emergency_stops: 0 | loss_total: 169189.0256 | loss_rl: 169189.0237 | loss_pred: 0.0073
Episode   40 | reward: -3125.6111 | epsilon: 0.1285 | steps: 719 | avg_delay: 0.1628 | avg_queue: 0.0417 | throughput: 3512 | emergency_stops: 0 | loss_total: 144469.8141 | loss_rl: 144469.8122 | loss_pred: 0.0073 | eval_reward: -2973.2778 | eval_reward_std: 0.0000 | eval_avg_delay: 0.0805 | eval_avg_queue: 0.0417 | eval_throughput: 3511.0000 | eval_emergency_stops: 0.0000
Episode   41 | reward: -3124.5556 | epsilon: 0.1221 | steps: 719 | avg_delay: 0.2644 | avg_queue: 0.1111 | throughput: 3513 | emergency_stops: 0 | loss_total: 96282.3732 | loss_rl: 96282.3713 | loss_pred: 0.0072
Episode   42 | reward: -3129.5000 | epsilon: 0.1160 | steps: 719 | avg_delay: 0.2247 | avg_queue: 0.0694 | throughput: 3511 | emergency_stops: 0 | loss_total: 92878.9553 | loss_rl: 92878.9534 | loss_pred: 0.0071
Episode   43 | reward: -3172.7222 | epsilon: 0.1102 | steps: 719 | avg_delay: 1.2088 | avg_queue: 0.2222 | throughput: 3508 | emergency_stops: 0 | loss_total: 129460.9556 | loss_rl: 129460.9537 | loss_pred: 0.0071
Episode   44 | reward: -3083.9444 | epsilon: 0.1047 | steps: 719 | avg_delay: 0.7640 | avg_queue: 0.1528 | throughput: 3510 | emergency_stops: 0 | loss_total: 126723.6899 | loss_rl: 126723.6880 | loss_pred: 0.0071
Episode   45 | reward: -3096.1111 | epsilon: 0.0994 | steps: 719 | avg_delay: 1.5109 | avg_queue: 0.3194 | throughput: 3508 | emergency_stops: 0 | loss_total: 112454.6906 | loss_rl: 112454.6887 | loss_pred: 0.0069
Episode   46 | reward: -3046.2778 | epsilon: 0.0945 | steps: 719 | avg_delay: 1.0930 | avg_queue: 0.2361 | throughput: 3514 | emergency_stops: 0 | loss_total: 133398.0456 | loss_rl: 133398.0438 | loss_pred: 0.0068
Episode   47 | reward: -3086.0556 | epsilon: 0.0897 | steps: 719 | avg_delay: 1.0345 | avg_queue: 0.2222 | throughput: 3513 | emergency_stops: 0 | loss_total: 143038.2312 | loss_rl: 143038.2294 | loss_pred: 0.0068
Episode   48 | reward: -3174.3889 | epsilon: 0.0853 | steps: 719 | avg_delay: 0.4773 | avg_queue: 0.1250 | throughput: 3512 | emergency_stops: 0 | loss_total: 221709.5077 | loss_rl: 221709.5059 | loss_pred: 0.0068
Episode   49 | reward: -3125.5000 | epsilon: 0.0810 | steps: 719 | avg_delay: 0.2614 | avg_queue: 0.0833 | throughput: 3511 | emergency_stops: 0 | loss_total: 268925.2397 | loss_rl: 268925.2380 | loss_pred: 0.0067
Episode   50 | reward: -3175.1667 | epsilon: 0.0769 | steps: 719 | avg_delay: 0.2198 | avg_queue: 0.0833 | throughput: 3508 | emergency_stops: 0 | loss_total: 189113.7797 | loss_rl: 189113.7780 | loss_pred: 0.0066 | eval_reward: -2996.1667 | eval_reward_std: 0.0000 | eval_avg_delay: 0.2235 | eval_avg_queue: 0.0972 | eval_throughput: 3515.0000 | eval_emergency_stops: 0.0000

Training complete! Best train reward: -3046.28 | Best eval reward: -2973.28
Logs saved to: D:\ITB\TA\gnn-marl-traffic\logs\gat_dqn_grid_3x3_pkji_m1_20260518_121930_pkji_gat_dqn_eps095_tt300_50ep_grid_3x3_pkji_m1_s45
