Warning: Vehicle '1467_x1' performs emergency braking on lane ':A1_1_1' with decel=10.00, wished=5.00, severity=1.00, time=1503.00.
Warning: Vehicle '481' performs emergency braking on lane ':B2_16_1' with decel=10.00, wished=5.00, severity=1.00, time=514.00.
Warning: Vehicle '154_x1' performs emergency braking on lane ':A1_16_1' with decel=10.00, wished=5.00, severity=1.00, time=174.00.
Warning: Teleporting vehicle '2343_x1'; waited too long (jam), lane=':B1_1_0', time=2761.00.
Warning: Vehicle '2343_x1' ends teleporting on edge 'B1B0', time=2761.00.
Warning: Teleporting vehicle '2985'; waited too long (yield), lane=':B1_8_0', time=3437.00.
Warning: Vehicle '2985' ends teleporting on edge 'B1B0', time=3437.00.
Warning: Teleporting vehicle '3039'; waited too long (jam), lane=':B1_16_0', time=3478.00.
Warning: Vehicle '3039' ends teleporting on edge 'B1C1', time=3478.00.
Warning: Vehicle '2519_x1' performs emergency braking on lane ':A1_16_1' with decel=9.00, wished=4.50, severity=1.00, time=2540.00.
Warning: Vehicle '1441' performs emergency braking on lane ':B1_16_1' with decel=9.00, wished=4.50, severity=1.00, time=1539.00.
Warning: Teleporting vehicle '3175_x1'; waited too long (yield), lane=':B1_3_0', time=3542.00.
Warning: Vehicle '3175_x1' ends teleporting on edge 'B1C1', time=3542.00.
Warning: Teleporting vehicle '3159'; waited too long (jam), lane=':B1_21_0', time=3543.00.
Warning: Vehicle '3159' ends teleporting on edge 'B1B2', time=3543.00.
Warning: Teleporting vehicle '3103'; waited too long (jam), lane=':B1_11_1', time=3547.00.
Warning: Vehicle '3103' ends teleporting on edge 'B1B2', time=3547.00.
Warning: Vehicle '682' performs emergency braking on lane ':A1_11_1' with decel=9.00, wished=4.50, severity=1.00, time=738.00.
Warning: Vehicle '539' performs emergency braking on lane ':B0_11_1' with decel=10.00, wished=5.00, severity=1.00, time=559.00.
Warning: Teleporting vehicle '2072_x1'; waited too long (jam), lane=':B1_11_0', time=2465.00.
Warning: Vehicle '2072_x1' ends teleporting on edge 'B1B2', time=2465.00.
Warning: Teleporting vehicle '2133'; waited too long (jam), lane=':B1_6_1', time=2472.00.
Warning: Vehicle '2133' ends teleporting on edge 'B1A1', time=2472.00.
Warning: Teleporting vehicle '2143'; waited too long (yield), lane=':B1_13_0', time=2476.00.
Warning: Vehicle '2143' ends teleporting on edge 'B1A1', time=2476.00.
Warning: Teleporting vehicle '2143_x1'; waited too long (yield), lane='B0B1_1', time=2477.00.
Warning: Vehicle '2143_x1' ends teleporting on edge 'B1A1', time=2477.00.
Warning: Vehicle '1017' performs emergency braking on lane ':A0_6_1' with decel=9.00, wished=4.50, severity=1.00, time=1068.00.
Warning: Teleporting vehicle '2770'; waited too long (jam), lane=':B1_6_1', time=3149.00.
Warning: Vehicle '2770' ends teleporting on edge 'B1A1', time=3149.00.
Warning: Teleporting vehicle '2765'; waited too long (jam), lane=':B1_1_1', time=3151.00.
Warning: Vehicle '2765' ends teleporting on edge 'B1B0', time=3151.00.
Warning: Teleporting vehicle '2765_x1'; waited too long (jam), lane=':B1_1_1', time=3153.00.
Warning: Vehicle '2765_x1' ends teleporting on edge 'B1B0', time=3153.00.
Warning: Teleporting vehicle '2809'; waited too long (jam), lane=':B1_1_1', time=3156.00.
Warning: Vehicle '2809' ends teleporting on edge 'B1B0', time=3156.00.
Warning: Teleporting vehicle '2783'; waited too long (yield), lane='C1B1_1', time=3166.00.
Warning: Vehicle '2783' ends teleporting on edge 'B1A1', time=3166.00.
Warning: Teleporting vehicle '2792_x1'; waited too long (yield), lane='A1B1_0', time=3167.00.
Warning: Vehicle '2792_x1' ends teleporting on edge 'B1C1', time=3167.00.
