Warning: Vehicle '2519' performs emergency braking on lane ':B2_11_1' with decel=10.00, wished=5.00, severity=1.00, time=2598.00.
Warning: Teleporting vehicle '930'; waited too long (yield), lane=':A1_3_0', time=1292.00.
Warning: Teleporting vehicle '956'; waited too long (jam), lane=':A1_21_0', time=1292.00.
Warning: Vehicle '930' ends teleporting on edge 'A1B1', time=1292.00.
Warning: Vehicle '956' ends teleporting on edge 'A1A2', time=1292.00.
Warning: Teleporting vehicle '888'; waited too long (yield), lane=':A1_8_0', time=1329.00.
Warning: Vehicle '888' ends teleporting on edge 'A1A0', time=1329.00.
Warning: Vehicle '2014' performs emergency braking on lane ':B1_1_1' with decel=9.00, wished=4.50, severity=1.00, time=2054.00.
Warning: Teleporting vehicle '138'; waited too long (yield), lane=':B1_3_0', time=514.00.
Warning: Vehicle '138' ends teleporting on edge 'B1C1', time=514.00.
Warning: Teleporting vehicle '199'; waited too long (jam), lane=':B1_6_1', time=538.00.
Warning: Vehicle '199' ends teleporting on edge 'B1A1', time=538.00.
Warning: Teleporting vehicle '188'; waited too long (jam), lane=':B1_6_1', time=546.00.
Warning: Vehicle '188' ends teleporting on edge 'B1A1', time=546.00.
Warning: Teleporting vehicle '232'; waited too long (jam), lane='C1B1_0', time=564.00.
Warning: Vehicle '232' ends teleporting on edge 'B1A1', time=564.00.
Warning: Teleporting vehicle '217'; waited too long (jam), lane=':B1_6_1', time=568.00.
Warning: Vehicle '217' ends teleporting on edge 'B1A1', time=568.00.
Warning: Teleporting vehicle '196'; waited too long (jam), lane=':B1_16_0', time=570.00.
Warning: Vehicle '196' ends teleporting on edge 'B1C1', time=570.00.
Warning: Teleporting vehicle '265'; waited too long (jam), lane=':B1_16_0', time=596.00.
Warning: Vehicle '265' ends teleporting on edge 'B1C1', time=596.00.
Warning: Vehicle '2758' performs emergency braking on lane ':B2_11_1' with decel=10.00, wished=5.00, severity=1.00, time=2849.00.
