Warning: Teleporting vehicle '2852'; waited too long (jam), lane=':B1_11_1', time=3281.00.
Warning: Vehicle '2852' ends teleporting on edge 'B1B2', time=3281.00.
Warning: Teleporting vehicle '2935'; waited too long (jam), lane=':B1_6_0', time=3286.00.
Warning: Vehicle '2935' ends teleporting on edge 'B1A1', time=3286.00.
Warning: Teleporting vehicle '2858'; waited too long (jam), lane=':B1_6_0', time=3291.00.
Warning: Vehicle '2858' ends teleporting on edge 'B1A1', time=3291.00.
Warning: Teleporting vehicle '2946'; waited too long (yield), lane=':B1_3_0', time=3295.00.
Warning: Vehicle '2946' ends teleporting on edge 'B1C1', time=3295.00.
Warning: Teleporting vehicle '2967'; waited too long (jam), lane=':B1_16_0', time=3318.00.
Warning: Vehicle '2967' ends teleporting on edge 'B1C1', time=3318.00.
Warning: Teleporting vehicle '3140'; waited too long (yield), lane=':B1_8_0', time=3520.00.
Warning: Vehicle '3140' ends teleporting on edge 'B1B0', time=3520.00.
Warning: Teleporting vehicle '3103'; waited too long (jam), lane=':B1_11_1', time=3523.00.
Warning: Vehicle '3103' ends teleporting on edge 'B1B2', time=3523.00.
Warning: Teleporting vehicle '2063'; waited too long (jam), lane='A2B2_0', time=2453.00.
Warning: Vehicle '2063' ends teleporting on edge 'B2C2', time=2453.00.
Warning: Teleporting vehicle '2048'; waited too long (jam), lane=':B2_6_1', time=2466.00.
Warning: Vehicle '2048' ends teleporting on edge 'B2A2', time=2466.00.
Warning: Vehicle '2148' performs emergency braking on lane ':B1_1_1' with decel=7.00, wished=4.00, severity=1.00, time=2201.00.
Warning: Teleporting vehicle '2612'; waited too long (yield), lane=':C1_3_0', time=3047.00.
Warning: Teleporting vehicle '2717'; waited too long (jam), lane=':C1_21_0', time=3047.00.
Warning: Vehicle '2612' ends teleporting on edge 'C1right1', time=3047.00.
Warning: Vehicle '2717' ends teleporting on edge 'C1C2', time=3047.00.
Warning: Teleporting vehicle '2657'; waited too long (jam), lane=':C1_11_1', time=3054.00.
Warning: Vehicle '2657' ends teleporting on edge 'C1C2', time=3054.00.
Warning: Teleporting vehicle '2047_x1'; waited too long (jam), lane=':B1_11_1', time=2459.00.
Warning: Vehicle '2047_x1' ends teleporting on edge 'B1B2', time=2459.00.
Warning: Teleporting vehicle '2109'; waited too long (yield), lane='C1B1_1', time=2472.00.
Warning: Vehicle '2109' ends teleporting on edge 'B1B0', time=2472.00.
Warning: Teleporting vehicle '2143'; waited too long (yield), lane=':B1_13_0', time=2476.00.
Warning: Vehicle '2143' ends teleporting on edge 'B1A1', time=2476.00.
Warning: Teleporting vehicle '2143_x1'; waited too long (yield), lane='B0B1_1', time=2478.00.
Warning: Vehicle '2143_x1' ends teleporting on edge 'B1A1', time=2478.00.
Warning: Vehicle '2789_x1' performs emergency braking on lane ':A1_11_1' with decel=10.00, wished=5.00, severity=1.00, time=2822.00.
Warning: Vehicle '908_x1' performs emergency braking on lane ':B2_11_1' with decel=9.00, wished=4.50, severity=1.00, time=983.00.
Warning: Vehicle '2543' performs emergency braking on lane ':B1_6_1' with decel=9.00, wished=4.50, severity=1.00, time=2595.00.
Warning: Teleporting vehicle '2072'; waited too long (jam), lane=':B1_11_0', time=2466.00.
Warning: Vehicle '2072' ends teleporting on edge 'B1B2', time=2466.00.
Warning: Teleporting vehicle '2109_x1'; waited too long (yield), lane=':B1_8_0', time=2468.00.
Warning: Vehicle '2109_x1' ends teleporting on edge 'B1B0', time=2468.00.
Warning: Teleporting vehicle '2090'; waited too long (yield), lane='B2B1_1', time=2478.00.
Warning: Vehicle '2090' ends teleporting on edge 'B1B0', time=2478.00.
Warning: Teleporting vehicle '2143_x1'; waited too long (yield), lane='B0B1_1', time=2484.00.
Warning: Vehicle '2143_x1' ends teleporting on edge 'B1A1', time=2484.00.
Warning: Teleporting vehicle '2126'; waited too long (yield), lane='B0B1_0', time=2486.00.
Warning: Vehicle '2126' ends teleporting on edge 'B1B2', time=2486.00.
Warning: Teleporting vehicle '1515_x1'; waited too long (jam), lane=':C1_11_1', time=1922.00.
Warning: Vehicle '1515_x1' ends teleporting on edge 'C1C2', time=1922.00.
Warning: Teleporting vehicle '1575'; waited too long (jam), lane='C2C1_0', time=1935.00.
Warning: Vehicle '1575' ends teleporting on edge 'C1C0', time=1935.00.
Warning: Teleporting vehicle '1537'; waited too long (yield), lane='B1C1_0', time=1950.00.
Warning: Vehicle '1537' ends teleporting on edge 'C1right1', time=1950.00.
Warning: Vehicle '426' performs emergency braking on lane ':B1_11_1' with decel=9.00, wished=4.50, severity=1.00, time=479.00.
Warning: Vehicle '2148' performs emergency braking on lane ':B1_1_1' with decel=7.00, wished=4.00, severity=1.00, time=2189.00.
Warning: Teleporting vehicle '2083'; waited too long (jam), lane=':B1_1_1', time=2497.00.
Warning: Vehicle '2083' ends teleporting on edge 'B1B0', time=2497.00.
Warning: Teleporting vehicle '2123'; waited too long (jam), lane=':B1_11_1', time=2507.00.
Warning: Vehicle '2123' ends teleporting on edge 'B1B2', time=2507.00.
Warning: Teleporting vehicle '2132'; waited too long (yield), lane=':B1_18_0', time=2509.00.
Warning: Teleporting vehicle '2100_x1'; waited too long (yield), lane=':B1_8_0', time=2509.00.
Warning: Vehicle '2100_x1' ends teleporting on edge 'B1B0', time=2509.00.
Warning: Vehicle '2132' ends teleporting on edge 'B1B2', time=2509.00.
Warning: Teleporting vehicle '2132_x1'; waited too long (yield), lane='A1B1_1', time=2521.00.
Warning: Vehicle '2132_x1' ends teleporting on edge 'B1B2', time=2521.00.
