Warning: Vehicle '1658' performs emergency braking on lane ':C1_1_1' with decel=10.00, wished=5.00, severity=1.00, time=1743.00.
Warning: Teleporting vehicle '1463_x1'; waited too long (yield), lane=':A1_14_0', time=1851.00.
Warning: Vehicle '1463_x1' ends teleporting on edge 'A1A0', time=1851.00.
Warning: Teleporting vehicle '1485'; waited too long (yield), lane='B1A1_0', time=1875.00.
Warning: Teleporting vehicle '1454'; waited too long (jam), lane=':A1_1_1', time=1875.00.
Warning: Vehicle '1454' ends teleporting on edge 'A1A0', time=1875.00.
Warning: Vehicle '1485' ends teleporting on edge 'A1left1', time=1875.00.
Warning: Teleporting vehicle '1465_x1'; waited too long (yield), lane='A0A1_0', time=1895.00.
Warning: Vehicle '1465_x1' ends teleporting on edge 'A1A2', time=1895.00.
Warning: Teleporting vehicle '1190'; waited too long (yield), lane=':B1_13_0', time=1577.00.
Warning: Vehicle '1190' ends teleporting on edge 'B1A1', time=1577.00.
Warning: Teleporting vehicle '1223'; waited too long (jam), lane=':B1_6_0', time=1581.00.
Warning: Vehicle '1223' ends teleporting on edge 'B1A1', time=1581.00.
Warning: Teleporting vehicle '1167_x1'; waited too long (jam), lane='B0B1_0', time=1606.00.
Warning: Vehicle '1167_x1' ends teleporting on edge 'B1B2', time=1606.00.
Warning: Teleporting vehicle '1200'; waited too long (jam), lane=':B1_1_1', time=1609.00.
Warning: Vehicle '1200' ends teleporting on edge 'B1B0', time=1609.00.
Warning: Teleporting vehicle '330'; waited too long (jam), lane=':B1_11_0', time=734.00.
Warning: Vehicle '330' ends teleporting on edge 'B1B2', time=734.00.
Warning: Teleporting vehicle '334_x1'; waited too long (jam), lane=':B1_6_0', time=737.00.
Warning: Vehicle '334_x1' ends teleporting on edge 'B1A1', time=737.00.
Warning: Teleporting vehicle '373'; waited too long (yield), lane=':B1_3_0', time=741.00.
Warning: Vehicle '373' ends teleporting on edge 'B1C1', time=741.00.
Warning: Teleporting vehicle '382'; waited too long (yield), lane='C1B1_0', time=743.00.
Warning: Vehicle '382' ends teleporting on edge 'B1B2', time=743.00.
Warning: Teleporting vehicle '3104'; waited too long (jam), lane=':B1_11_1', time=3524.00.
Warning: Vehicle '3104' ends teleporting on edge 'B1B2', time=3524.00.
Warning: Teleporting vehicle '3140'; waited too long (yield), lane='C1B1_1', time=3528.00.
Warning: Vehicle '3140' ends teleporting on edge 'B1B0', time=3528.00.
Warning: Teleporting vehicle '3206'; waited too long (jam), lane='C1B1_0', time=3533.00.
Warning: Vehicle '3206' ends teleporting on edge 'B1A1', time=3533.00.
Warning: Teleporting vehicle '3143'; waited too long (yield), lane='B2B1_0', time=3539.00.
Warning: Vehicle '3143' ends teleporting on edge 'B1B0', time=3539.00.
Warning: Teleporting vehicle '502'; waited too long (jam), lane=':B1_1_1', time=924.00.
Warning: Vehicle '502' ends teleporting on edge 'B1B0', time=924.00.
Warning: Teleporting vehicle '565'; waited too long (jam), lane=':B1_11_1', time=936.00.
Warning: Vehicle '565' ends teleporting on edge 'B1B2', time=936.00.
Warning: Teleporting vehicle '2447_x1'; waited too long (jam), lane=':B1_6_1', time=2878.00.
Warning: Vehicle '2447_x1' ends teleporting on edge 'B1A1', time=2878.00.
Warning: Teleporting vehicle '2463'; waited too long (yield), lane=':B1_13_0', time=2881.00.
Warning: Vehicle '2463' ends teleporting on edge 'B1A1', time=2881.00.
Warning: Teleporting vehicle '2507'; waited too long (jam), lane=':B1_16_1', time=2883.00.
Warning: Vehicle '2507' ends teleporting on edge 'B1C1', time=2883.00.
Warning: Teleporting vehicle '2537'; waited too long (yield), lane='B0B1_1', time=2884.00.
Warning: Vehicle '2537' ends teleporting on edge 'B1A1', time=2884.00.
Warning: Teleporting vehicle '2540_x1'; waited too long (yield), lane='A1B1_1', time=2903.00.
Warning: Vehicle '2540_x1' ends teleporting on edge 'B1C1', time=2903.00.
Warning: Teleporting vehicle '2770'; waited too long (jam), lane=':B1_6_1', time=3169.00.
Warning: Vehicle '2770' ends teleporting on edge 'B1A1', time=3169.00.
Warning: Teleporting vehicle '1305_x1'; waited too long (jam), lane=':B1_16_1', time=1705.00.
Warning: Vehicle '1305_x1' ends teleporting on edge 'B1C1', time=1705.00.
Warning: Teleporting vehicle '1329_x1'; waited too long (jam), lane=':B1_20_0', time=1711.00.
Warning: Vehicle '1329_x1' ends teleporting on edge 'B1C1', time=1711.00.
Warning: Teleporting vehicle '2873_x1'; waited too long (jam), lane=':B1_6_0', time=3268.00.
Warning: Vehicle '2873_x1' ends teleporting on edge 'B1A1', time=3268.00.
Warning: Teleporting vehicle '2874_x1'; waited too long (yield), lane=':B1_3_0', time=3269.00.
Warning: Vehicle '2874_x1' ends teleporting on edge 'B1C1', time=3269.00.
Warning: Teleporting vehicle '2924'; waited too long (jam), lane='B2B1_0', time=3274.00.
Warning: Vehicle '2924' ends teleporting on edge 'B1A1', time=3274.00.
Warning: Vehicle '586_x1' performs emergency braking on lane ':A2_11_1' with decel=9.00, wished=4.50, severity=1.00, time=698.00.
Warning: Vehicle '1561' performs emergency braking on lane ':B1_16_1' with decel=10.00, wished=5.00, severity=1.00, time=1613.00.
Warning: Teleporting vehicle '2328_x1'; waited too long (yield), lane=':C1_13_0', time=2706.00.
Warning: Vehicle '2328_x1' ends teleporting on edge 'C1B1', time=2706.00.
Warning: Teleporting vehicle '2333_x1'; waited too long (jam), lane=':C1_25_0', time=2707.00.
Warning: Vehicle '2333_x1' ends teleporting on edge 'C1C0', time=2707.00.
Warning: Teleporting vehicle '2318'; waited too long (jam), lane=':C1_16_1', time=2753.00.
Warning: Vehicle '2318' ends teleporting on edge 'C1right1', time=2753.00.
Warning: Teleporting vehicle '2469'; waited too long (jam), lane=':C1_6_0', time=2790.00.
Warning: Vehicle '2469' ends teleporting on edge 'C1B1', time=2790.00.
Warning: Teleporting vehicle '2333'; waited too long (yield), lane=':C1_14_0', time=3011.00.
Warning: Vehicle '2333' ends teleporting on edge 'C1C0', time=3011.00.
Warning: Teleporting vehicle '2421_x1'; waited too long (jam), lane=':C1_1_1', time=3018.00.
Warning: Vehicle '2421_x1' ends teleporting on edge 'C1C0', time=3018.00.
Warning: Teleporting vehicle '2236'; waited too long (yield), lane='C0C1_1', time=3032.00.
Warning: Vehicle '2236' ends teleporting on edge 'C1B1', time=3032.00.
Warning: Vehicle '28_x1' performs emergency braking on lane ':C1_1_1' with decel=9.00, wished=4.50, severity=1.00, time=113.00.
Warning: Vehicle '1177' performs emergency braking on lane ':B1_1_1' with decel=10.00, wished=5.00, severity=1.00, time=1194.00.
Warning: Teleporting vehicle '14_x1'; waited too long (yield), lane=':C2_13_0', time=413.00.
Warning: Vehicle '14_x1' ends teleporting on edge 'C2B2', time=413.00.
Warning: Teleporting vehicle '2115'; waited too long (jam), lane=':C1_11_1', time=2479.00.
Warning: Vehicle '2115' ends teleporting on edge 'C1C2', time=2479.00.
