Warning: Teleporting vehicle '917_x1'; waited too long (jam), lane=':A2_1_1', time=1266.00.
Warning: Vehicle '917_x1' ends teleporting on edge 'A2A1', time=1266.00.
Warning: Vehicle '1841_x1' performs emergency braking on lane ':A1_11_1' with decel=9.00, wished=4.50, severity=1.00, time=1928.00.
Warning: Vehicle '1161' performs emergency braking on lane ':B1_6_1' with decel=10.00, wished=5.00, severity=1.00, time=1199.00.
Warning: Teleporting vehicle '3103_x1'; waited too long (jam), lane=':B1_11_1', time=3533.00.
Warning: Vehicle '3103_x1' ends teleporting on edge 'B1B2', time=3533.00.
Warning: Teleporting vehicle '3156'; waited too long (jam), lane=':B1_16_1', time=3534.00.
Warning: Vehicle '3156' ends teleporting on edge 'B1C1', time=3534.00.
Warning: Teleporting vehicle '3177'; waited too long (jam), lane=':B1_16_1', time=3535.00.
Warning: Vehicle '3177' ends teleporting on edge 'B1C1', time=3535.00.
Warning: Teleporting vehicle '3143'; waited too long (yield), lane='B2B1_0', time=3547.00.
Warning: Vehicle '3143' ends teleporting on edge 'B1B0', time=3547.00.
Warning: Teleporting vehicle '3142'; waited too long (yield), lane=':B1_3_0', time=3548.00.
Warning: Vehicle '3142' ends teleporting on edge 'B1C1', time=3548.00.
Warning: Teleporting vehicle '1255_x1'; waited too long (jam), lane=':C1_11_1', time=1601.00.
Warning: Vehicle '1255_x1' ends teleporting on edge 'C1C2', time=1601.00.
Warning: Teleporting vehicle '883_x1'; waited too long (jam), lane=':B1_11_0', time=1248.00.
Warning: Vehicle '883_x1' ends teleporting on edge 'B1B2', time=1248.00.
Warning: Teleporting vehicle '827'; waited too long (yield), lane=':B1_8_0', time=1251.00.
Warning: Vehicle '827' ends teleporting on edge 'B1B0', time=1251.00.
Warning: Vehicle '1926_x1' performs emergency braking on lane ':C1_6_1' with decel=9.00, wished=4.50, severity=1.00, time=1948.00.
Warning: Teleporting vehicle '2612'; waited too long (yield), lane=':C1_3_0', time=3039.00.
Warning: Vehicle '2612' ends teleporting on edge 'C1right1', time=3039.00.
Warning: Teleporting vehicle '2669_x1'; waited too long (jam), lane=':C1_11_1', time=3048.00.
Warning: Vehicle '2669_x1' ends teleporting on edge 'C1C2', time=3048.00.
Warning: Teleporting vehicle '2669'; waited too long (jam), lane=':C1_11_1', time=3052.00.
Warning: Vehicle '2669' ends teleporting on edge 'C1C2', time=3052.00.
Warning: Teleporting vehicle '2990'; waited too long (jam), lane=':B1_6_1', time=3539.00.
Warning: Vehicle '2990' ends teleporting on edge 'B1A1', time=3539.00.
Warning: Teleporting vehicle '3161_x1'; waited too long (jam), lane=':B1_16_0', time=3548.00.
Warning: Vehicle '3161_x1' ends teleporting on edge 'B1C1', time=3548.00.
Warning: Teleporting vehicle '3156'; waited too long (jam), lane=':B1_16_0', time=3549.00.
Warning: Vehicle '3156' ends teleporting on edge 'B1C1', time=3549.00.
Warning: Teleporting vehicle '3143_x1'; waited too long (jam), lane=':B1_1_0', time=3555.00.
Warning: Vehicle '3143_x1' ends teleporting on edge 'B1B0', time=3555.00.
Warning: Teleporting vehicle '3174'; waited too long (yield), lane=':B1_18_0', time=3561.00.
Warning: Vehicle '3174' ends teleporting on edge 'B1B2', time=3561.00.
Warning: Teleporting vehicle '978_x1'; waited too long (yield), lane=':B1_3_0', time=1362.00.
Warning: Vehicle '978_x1' ends teleporting on edge 'B1C1', time=1362.00.
Warning: Teleporting vehicle '1028'; waited too long (jam), lane=':B1_11_1', time=1369.00.
Warning: Vehicle '1028' ends teleporting on edge 'B1B2', time=1369.00.
Warning: Teleporting vehicle '1550_x1'; waited too long (jam), lane=':C1_11_1', time=1935.00.
Warning: Vehicle '1550_x1' ends teleporting on edge 'C1C2', time=1935.00.
Warning: Teleporting vehicle '1590'; waited too long (yield), lane=':C1_13_0', time=1949.00.
Warning: Vehicle '1590' ends teleporting on edge 'C1B1', time=1949.00.
Warning: Vehicle '1602' performs emergency braking on lane ':B1_16_1' with decel=10.00, wished=5.00, severity=1.00, time=1648.00.
Warning: Teleporting vehicle '1412_x1'; waited too long (jam), lane=':A1_1_1', time=1759.00.
Warning: Vehicle '1412_x1' ends teleporting on edge 'A1A0', time=1759.00.
Warning: Teleporting vehicle '1398_x1'; waited too long (yield), lane=':A1_3_0', time=1769.00.
Warning: Vehicle '1398_x1' ends teleporting on edge 'A1B1', time=1769.00.
Warning: Teleporting vehicle '1426'; waited too long (yield), lane='B1A1_0', time=1787.00.
Warning: Vehicle '1426' ends teleporting on edge 'A1left1', time=1787.00.
Warning: Teleporting vehicle '1872'; waited too long (jam), lane=':B1_1_0', time=2203.00.
Warning: Vehicle '1872' ends teleporting on edge 'B1B0', time=2203.00.
Warning: Teleporting vehicle '1872_x1'; waited too long (jam), lane=':B1_1_0', time=2205.00.
Warning: Vehicle '1872_x1' ends teleporting on edge 'B1B0', time=2205.00.
Warning: Teleporting vehicle '1880'; waited too long (jam), lane=':B1_11_0', time=2265.00.
Warning: Vehicle '1880' ends teleporting on edge 'B1B2', time=2265.00.
Warning: Teleporting vehicle '1919'; waited too long (jam), lane=':B1_11_0', time=2272.00.
Warning: Vehicle '1919' ends teleporting on edge 'B1B2', time=2272.00.
Warning: Teleporting vehicle '1781'; waited too long (yield), lane=':B1_13_0', time=2291.00.
Warning: Vehicle '1781' ends teleporting on edge 'B1A1', time=2291.00.
Warning: Teleporting vehicle '2134_x1'; waited too long (jam), lane='left1A1_0', time=2467.00.
Warning: Teleporting vehicle '2135'; waited too long (yield), lane='A0A1_0', time=2470.00.
Warning: Teleporting vehicle '1989_x1'; waited too long (yield), lane='A2A1_1', time=2563.00.
Warning: Teleporting vehicle '1848_x1'; waited too long (jam), lane=':B1_1_0', time=2571.00.
Warning: Vehicle '1848_x1' ends teleporting on edge 'B1B0', time=2571.00.
Warning: Vehicle '1989_x1' ends teleporting on edge 'A1B1', time=2590.00.
Warning: Vehicle '2135' ends teleporting on edge 'A1B1', time=2596.00.
Warning: Vehicle '2134_x1' ends teleporting on edge 'A1B1', time=2598.00.
Warning: Teleporting vehicle '2395'; waited too long (yield), lane='B0C0_1', time=2759.00.
Warning: Vehicle '2395' ends teleporting on edge 'C0C1', time=2759.00.
Warning: Teleporting vehicle '2434'; waited too long (wrong lane), lane='C0C1_0', time=2802.00.
Warning: Vehicle '2434' ends teleporting on edge 'C1B1', time=2809.00.
Warning: Teleporting vehicle '2722'; waited too long (yield), lane='C1C0_1', time=3059.00.
Warning: Teleporting vehicle '2157_x1'; waited too long (yield), lane='C0C1_1', time=3113.00.
Warning: Vehicle '2722' ends teleporting on edge 'C0C1', time=3113.00.
Warning: Vehicle '2157_x1' ends teleporting on edge 'C1B1', time=3118.00.
Warning: Teleporting vehicle '2433'; waited too long (yield), lane='B0C0_1', time=3124.00.
Warning: Teleporting vehicle '2892'; waited too long (yield), lane='bottom2C0_1', time=3214.00.
Warning: Teleporting vehicle '2540'; waited too long (jam), lane='A1B1_1', time=3218.00.
Warning: Vehicle '2433' ends teleporting on edge 'C0C1', time=3228.00.
Warning: Vehicle '2892' ends teleporting on edge 'C0C1', time=3228.00.
Warning: Teleporting vehicle '1947_x1'; waited too long (yield), lane='B1A1_1', time=3286.00.
Warning: Vehicle '1947_x1' ends teleporting on edge 'A1B1', time=3286.00.
Warning: Teleporting vehicle '2385_x1'; waited too long (yield), lane='A2A1_1', time=3329.00.
Warning: Teleporting vehicle '2710_x1'; waited too long (yield), lane='B2B1_1', time=3358.00.
Warning: Vehicle '2710_x1' ends teleporting on edge 'B1C1', time=3358.00.
Warning: Teleporting vehicle '3034'; waited too long (jam), lane='left1A1_1', time=3359.00.
Warning: Teleporting vehicle '2752'; waited too long (yield), lane='C1C0_1', time=3373.00.
Warning: Teleporting vehicle '2447'; waited too long (yield), lane='C1B1_1', time=3390.00.
Warning: Vehicle '2447' ends teleporting on edge 'B1A1', time=3390.00.
Warning: Teleporting vehicle '2885'; waited too long (wrong lane), lane='B1C1_0', time=3399.00.
Warning: Vehicle '2540' ends teleporting on edge 'C1B1', time=3399.00.
Warning: Vehicle '2885' ends teleporting on edge 'C1B1', time=3399.00.
Warning: Teleporting vehicle '2885_x1'; waited too long (wrong lane), lane='B1C1_0', time=3401.00.
Warning: Vehicle '2885_x1' ends teleporting on edge 'C1B1', time=3404.00.
Warning: Teleporting vehicle '2338'; waited too long (yield), lane='B0B1_1', time=3406.00.
Warning: Teleporting vehicle '2898'; waited too long (yield), lane='A0A1_0', time=3423.00.
Warning: Teleporting vehicle '2871_x1'; waited too long (yield), lane='A0B0_1', time=3427.00.
Warning: Teleporting vehicle '2918'; waited too long (jam), lane='B0B1_0', time=3428.00.
Warning: Teleporting vehicle '2694'; waited too long (yield), lane='A1B1_0', time=3436.00.
Warning: Vehicle '2385_x1' ends teleporting on edge 'A1B1', time=3436.00.
Warning: Vehicle '2694' ends teleporting on edge 'B1C1', time=3436.00.
Warning: Teleporting vehicle '2964'; waited too long (yield), lane='right1C1_1', time=3441.00.
Warning: Vehicle '2964' ends teleporting on edge 'C1B1', time=3441.00.
Warning: Teleporting vehicle '3081'; waited too long (yield), lane='B0C0_1', time=3443.00.
Warning: Vehicle '2871_x1' ends teleporting on edge 'B0C0', time=3443.00.
Warning: Vehicle '2752' ends teleporting on edge 'C0C1', time=3449.00.
Warning: Teleporting vehicle '2501'; waited too long (yield), lane='C0C1_1', time=3456.00.
Warning: Vehicle '2501' ends teleporting on edge 'C1B1', time=3456.00.
Warning: Vehicle '3081' ends teleporting on edge 'C0C1', time=3456.00.
Warning: Vehicle '2918' ends teleporting on edge 'B1C1', time=3463.00.
Warning: Teleporting vehicle '3165'; waited too long (yield), lane='B2A2_1', time=3503.00.
Warning: Teleporting vehicle '2711'; waited too long (jam), lane='A1B1_0', time=3521.00.
Warning: Vehicle '2898' ends teleporting on edge 'A1B1', time=3521.00.
Warning: Vehicle '2711' ends teleporting on edge 'B1C1', time=3522.00.
Warning: Teleporting vehicle '2227'; waited too long (yield), lane='B1B2_1', time=3529.00.
Warning: Vehicle '3034' ends teleporting on edge 'B1B2', time=3540.00.
Warning: Teleporting vehicle '2033'; waited too long (yield), lane='B1B0_1', time=3553.00.
Warning: Teleporting vehicle '3236'; waited too long (yield), lane='C0B0_1', time=3564.00.
Warning: Vehicle '3236' ends teleporting on edge 'B0C0', time=3564.00.
Warning: Vehicle '2033' ends teleporting on edge 'B0C0', time=3565.00.
Warning: Vehicle '2338' ends teleporting on edge 'A1A0', time=3587.00.
Warning: Teleporting vehicle '2671'; waited too long (wrong lane), lane='B1A1_0', time=3592.00.
Warning: Teleporting vehicle '2480'; waited too long (yield), lane='B1A1_1', time=3593.00.
Warning: Vehicle '2480' ends teleporting on edge 'A1B1', time=3593.00.
Warning: Vehicle '2671' ends teleporting on edge 'A1A0', time=3594.00.
Warning: Teleporting vehicle '1538'; waited too long (jam), lane=':C1_16_0', time=1915.00.
Warning: Vehicle '1538' ends teleporting on edge 'C1right1', time=1915.00.
Warning: Teleporting vehicle '1583'; waited too long (yield), lane=':C1_13_0', time=1928.00.
Warning: Vehicle '1583' ends teleporting on edge 'C1B1', time=1928.00.
Warning: Teleporting vehicle '1569_x1'; waited too long (jam), lane=':C1_11_1', time=1929.00.
Warning: Vehicle '1569_x1' ends teleporting on edge 'C1C2', time=1929.00.
Warning: Teleporting vehicle '1575_x1'; waited too long (jam), lane=':C1_1_0', time=1932.00.
Warning: Vehicle '1575_x1' ends teleporting on edge 'C1C0', time=1932.00.
Warning: Teleporting vehicle '1592_x1'; waited too long (yield), lane=':C1_18_0', time=1939.00.
Warning: Vehicle '1592_x1' ends teleporting on edge 'C1C2', time=1939.00.
Warning: Teleporting vehicle '704'; waited too long (yield), lane=':B1_18_0', time=1091.00.
Warning: Vehicle '704' ends teleporting on edge 'B1B2', time=1091.00.
Warning: Teleporting vehicle '685'; waited too long (jam), lane=':B1_27_0', time=1092.00.
Warning: Vehicle '685' ends teleporting on edge 'B1A1', time=1092.00.
Warning: Teleporting vehicle '709'; waited too long (jam), lane=':B1_6_1', time=1099.00.
Warning: Vehicle '709' ends teleporting on edge 'B1A1', time=1099.00.
Warning: Teleporting vehicle '664_x1'; waited too long (yield), lane='B2B1_0', time=1104.00.
Warning: Vehicle '664_x1' ends teleporting on edge 'B1B0', time=1104.00.
Warning: Vehicle '2161' performs emergency braking on lane ':B1_16_1' with decel=9.00, wished=4.50, severity=1.00, time=2179.00.
Warning: Vehicle '2021' performs emergency braking on lane ':B1_1_1' with decel=9.00, wished=4.50, severity=1.00, time=2038.00.
Warning: Vehicle '429' performs emergency braking on lane ':B2_16_1' with decel=9.00, wished=4.50, severity=1.00, time=493.00.
Warning: Teleporting vehicle '3061_x1'; waited too long (yield), lane=':B0_18_0', time=3450.00.
Warning: Vehicle '3061_x1' ends teleporting on edge 'B0B1', time=3450.00.
Warning: Teleporting vehicle '3106'; waited too long (yield), lane=':B0_3_0', time=3464.00.
Warning: Vehicle '3106' ends teleporting on edge 'B0C0', time=3464.00.
Warning: Teleporting vehicle '3053'; waited too long (yield), lane='B1B0_0', time=3465.00.
Warning: Vehicle '3053' ends teleporting on edge 'B0bottom1', time=3465.00.
Warning: Teleporting vehicle '2337_x1'; waited too long (yield), lane=':B1_3_0', time=2718.00.
Warning: Vehicle '2337_x1' ends teleporting on edge 'B1C1', time=2718.00.
Warning: Teleporting vehicle '2392_x1'; waited too long (jam), lane=':B1_6_1', time=2743.00.
Warning: Vehicle '2392_x1' ends teleporting on edge 'B1A1', time=2743.00.
Warning: Teleporting vehicle '2378'; waited too long (jam), lane=':B1_1_0', time=2751.00.
Warning: Vehicle '2378' ends teleporting on edge 'B1B0', time=2751.00.
Warning: Teleporting vehicle '2378_x1'; waited too long (jam), lane=':B1_1_0', time=2753.00.
Warning: Vehicle '2378_x1' ends teleporting on edge 'B1B0', time=2753.00.
Warning: Teleporting vehicle '2328_x1'; waited too long (jam), lane=':B1_6_1', time=2759.00.
Warning: Vehicle '2328_x1' ends teleporting on edge 'B1A1', time=2759.00.
