============================================================
Training gat_dqn on arterial_stable
Net: D:\ITB\TA\gnn-marl-traffic\data/networks/arterial_3x3/arterial_fixed.net.xml
Route: D:\ITB\TA\gnn-marl-traffic\data/networks/arterial_3x3/arterial_stable.rou.xml
Episodes: 5
Seed: 42 | Deterministic: True
============================================================
Number of agents (traffic lights): 9
Traffic light IDs: ['A2', 'B1', 'C1', 'A1', 'A3', 'B2', 'C2', 'B3', 'C3']
Observation dim: 33
Number of actions: 2
Number of lanes per intersection (max): 6
Adjacency matrix:
[[1. 0. 0. 1. 1. 1. 1. 0. 0.]
 [0. 1. 0. 1. 0. 1. 0. 0. 0.]
 [0. 0. 1. 1. 0. 0. 1. 0. 0.]
 [1. 1. 1. 1. 0. 0. 0. 0. 0.]
 [1. 0. 0. 0. 1. 0. 0. 1. 1.]
 [1. 1. 0. 0. 0. 1. 0. 1. 0.]
 [1. 0. 1. 0. 0. 0. 1. 0. 1.]
 [0. 0. 0. 0. 1. 1. 0. 1. 0.]
 [0. 0. 0. 0. 1. 0. 1. 0. 1.]]
Episode    1 | reward: -45.9539 | epsilon: 0.7680 | steps: 719 | avg_delay: 1.0725 | avg_queue: 2.2857 | throughput: 4650 | arrived_vehicles: 4650 | departed_vehicles: 5381 | num_vehicles: 731 | emergency_stops: 0 | teleport_started: 0 | teleport_ended: 0 | recovery_active: 0.0000 | local_safety_active_tls: 0 | local_safety_overrides: 0 | episode_mean_avg_delay: 2.3762 | episode_max_avg_delay: 15.3475 | episode_mean_avg_queue: 2.6926 | episode_max_avg_queue: 5.5476 | episode_mean_num_vehicles: 543.2309 | episode_max_num_vehicles: 773.0000 | episode_recovery_steps: 69 | episode_local_safety_steps: 0 | episode_local_safety_overrides: 0 | episode_peak_top_tl: A2 | episode_peak_top_tl_queue: 184.0000 | episode_peak_top_tl_waiting: 8907.0000 | episode_peak_top_tl_phase: 0 | episode_peak_top_tl_phase_duration: 23 | episode_peak_top_tl_action: 0 | episode_peak_top_lane: A1A2_1 | episode_peak_top_lane_queue: 114.0000 | episode_peak_top_lane_waiting: 5779.0000 | loss_total: 0.0042 | loss_rl: 0.0027 | loss_pred: 0.0295
Episode    2 | reward: -53.6289 | epsilon: 0.7373 | steps: 719 | avg_delay: 1.6445 | avg_queue: 2.8571 | throughput: 4672 | arrived_vehicles: 4672 | departed_vehicles: 5364 | num_vehicles: 692 | emergency_stops: 0 | teleport_started: 0 | teleport_ended: 0 | recovery_active: 0.0000 | local_safety_active_tls: 0 | local_safety_overrides: 0 | episode_mean_avg_delay: 2.7373 | episode_max_avg_delay: 14.6527 | episode_mean_avg_queue: 2.9819 | episode_max_avg_queue: 6.4524 | episode_mean_num_vehicles: 562.6189 | episode_max_num_vehicles: 713.0000 | episode_recovery_steps: 120 | episode_local_safety_steps: 0 | episode_local_safety_overrides: 0 | episode_peak_top_tl: A2 | episode_peak_top_tl_queue: 164.0000 | episode_peak_top_tl_waiting: 3945.0000 | episode_peak_top_tl_phase: 1 | episode_peak_top_tl_phase_duration: 8 | episode_peak_top_tl_action: 0 | episode_peak_top_lane: A1A2_1 | episode_peak_top_lane_queue: 117.0000 | episode_peak_top_lane_waiting: 3561.0000 | loss_total: 0.0040 | loss_rl: 0.0029 | loss_pred: 0.0236
Episode    3 | reward: -46.9043 | epsilon: 0.7078 | steps: 719 | avg_delay: 4.1266 | avg_queue: 4.0714 | throughput: 4697 | arrived_vehicles: 4697 | departed_vehicles: 5400 | num_vehicles: 703 | emergency_stops: 0 | teleport_started: 0 | teleport_ended: 0 | recovery_active: 0.0000 | local_safety_active_tls: 0 | local_safety_overrides: 0 | episode_mean_avg_delay: 2.2652 | episode_max_avg_delay: 12.2971 | episode_mean_avg_queue: 2.8008 | episode_max_avg_queue: 6.3095 | episode_mean_num_vehicles: 572.6119 | episode_max_num_vehicles: 754.0000 | episode_recovery_steps: 92 | episode_local_safety_steps: 0 | episode_local_safety_overrides: 0 | episode_peak_top_tl: A2 | episode_peak_top_tl_queue: 158.0000 | episode_peak_top_tl_waiting: 3228.0000 | episode_peak_top_tl_phase: 1 | episode_peak_top_tl_phase_duration: 8 | episode_peak_top_tl_action: 0 | episode_peak_top_lane: A1A2_1 | episode_peak_top_lane_queue: 102.0000 | episode_peak_top_lane_waiting: 1995.0000 | loss_total: 0.0041 | loss_rl: 0.0030 | loss_pred: 0.0219
Episode    4 | reward: -41.3653 | epsilon: 0.6795 | steps: 719 | avg_delay: 2.3791 | avg_queue: 3.4762 | throughput: 4701 | arrived_vehicles: 4701 | departed_vehicles: 5429 | num_vehicles: 728 | emergency_stops: 0 | teleport_started: 0 | teleport_ended: 0 | recovery_active: 0.0000 | local_safety_active_tls: 0 | local_safety_overrides: 0 | episode_mean_avg_delay: 2.0078 | episode_max_avg_delay: 7.9709 | episode_mean_avg_queue: 2.6183 | episode_max_avg_queue: 5.4048 | episode_mean_num_vehicles: 553.2949 | episode_max_num_vehicles: 743.0000 | episode_recovery_steps: 44 | episode_local_safety_steps: 0 | episode_local_safety_overrides: 0 | episode_peak_top_tl: A2 | episode_peak_top_tl_queue: 106.0000 | episode_peak_top_tl_waiting: 1399.0000 | episode_peak_top_tl_phase: 0 | episode_peak_top_tl_phase_duration: 3 | episode_peak_top_tl_action: 0 | episode_peak_top_lane: A1A2_1 | episode_peak_top_lane_queue: 68.0000 | episode_peak_top_lane_waiting: 884.0000 | loss_total: 0.0051 | loss_rl: 0.0041 | loss_pred: 0.0193
Episode    5 | reward: -44.9533 | epsilon: 0.6523 | steps: 719 | avg_delay: 3.1586 | avg_queue: 3.3095 | throughput: 4683 | arrived_vehicles: 4683 | departed_vehicles: 5345 | num_vehicles: 662 | emergency_stops: 0 | teleport_started: 0 | teleport_ended: 0 | recovery_active: 0.0000 | local_safety_active_tls: 0 | local_safety_overrides: 0 | episode_mean_avg_delay: 2.4118 | episode_max_avg_delay: 11.3298 | episode_mean_avg_queue: 2.5309 | episode_max_avg_queue: 5.4762 | episode_mean_num_vehicles: 514.0570 | episode_max_num_vehicles: 677.0000 | episode_recovery_steps: 56 | episode_local_safety_steps: 0 | episode_local_safety_overrides: 0 | episode_peak_top_tl: A2 | episode_peak_top_tl_queue: 195.0000 | episode_peak_top_tl_waiting: 6404.0000 | episode_peak_top_tl_phase: 0 | episode_peak_top_tl_phase_duration: 33 | episode_peak_top_tl_action: 0 | episode_peak_top_lane: A1A2_1 | episode_peak_top_lane_queue: 113.0000 | episode_peak_top_lane_waiting: 3467.0000 | loss_total: 0.0060 | loss_rl: 0.0051 | loss_pred: 0.0183 | eval_reward: -36.6134 | eval_reward_std: 0.0000 | eval_avg_delay: 0.6856 | eval_avg_queue: 1.1190 | eval_throughput: 5365.0000 | eval_emergency_stops: 0.0000 | eval_teleport_started: 0.0000 | eval_teleport_ended: 0.0000 | eval_episode_mean_delay: 1.8487 | eval_episode_max_delay: 9.2200 | eval_episode_mean_queue: 1.6131 | eval_episode_max_queue: 3.1905

Training complete! Best train reward: -41.37 | Best eval reward: -36.61
Logs saved to: D:\ITB\TA\gnn-marl-traffic\logs\gat_dqn_arterial_stable_20260707_014027_arterial_stable_max60
