============================================================
Training gat_dqn on arterial_peak
Net: D:\ITB\TA\gnn-marl-traffic\data/networks/arterial_3x3/arterial_fixed.net.xml
Route: D:\ITB\TA\gnn-marl-traffic\data/networks/arterial_3x3/arterial_peak.rou.xml
Episodes: 5
Seed: 42 | Deterministic: True
============================================================
Number of agents (traffic lights): 9
Traffic light IDs: ['A2', 'B1', 'C1', 'A1', 'A3', 'B2', 'C2', 'B3', 'C3']
Observation dim: 33
Number of actions: 2
Number of lanes per intersection (max): 6
Adjacency matrix:
[[1. 0. 0. 1. 1. 1. 1. 0. 0.]
 [0. 1. 0. 1. 0. 1. 0. 0. 0.]
 [0. 0. 1. 1. 0. 0. 1. 0. 0.]
 [1. 1. 1. 1. 0. 0. 0. 0. 0.]
 [1. 0. 0. 0. 1. 0. 0. 1. 1.]
 [1. 1. 0. 0. 0. 1. 0. 1. 0.]
 [1. 0. 1. 0. 0. 0. 1. 0. 1.]
 [0. 0. 0. 0. 1. 1. 0. 1. 0.]
 [0. 0. 0. 0. 1. 0. 1. 0. 1.]]
Episode    1 | reward: -79.0772 | epsilon: 0.7680 | steps: 719 | avg_delay: 2.5057 | avg_queue: 3.0238 | throughput: 6071 | arrived_vehicles: 6071 | departed_vehicles: 6773 | num_vehicles: 702 | emergency_stops: 0 | teleport_started: 0 | teleport_ended: 0 | recovery_active: 0.0000 | local_safety_active_tls: 0 | local_safety_overrides: 0 | episode_mean_avg_delay: 2.8705 | episode_max_avg_delay: 10.7042 | episode_mean_avg_queue: 3.4279 | episode_max_avg_queue: 7.4524 | episode_mean_num_vehicles: 675.8859 | episode_max_num_vehicles: 1103.0000 | episode_recovery_steps: 396 | episode_local_safety_steps: 0 | episode_local_safety_overrides: 0 | episode_peak_top_tl: A3 | episode_peak_top_tl_queue: 168.0000 | episode_peak_top_tl_waiting: 7477.0000 | episode_peak_top_tl_phase: 1 | episode_peak_top_tl_phase_duration: 13 | episode_peak_top_tl_action: 0 | episode_peak_top_lane: A2A3_1 | episode_peak_top_lane_queue: 93.0000 | episode_peak_top_lane_waiting: 3926.0000 | loss_total: 0.0047 | loss_rl: 0.0032 | loss_pred: 0.0298
Episode    2 | reward: -108.0705 | epsilon: 0.7373 | steps: 719 | avg_delay: 3.0054 | avg_queue: 5.0714 | throughput: 6035 | arrived_vehicles: 6035 | departed_vehicles: 6780 | num_vehicles: 745 | emergency_stops: 0 | teleport_started: 0 | teleport_ended: 0 | recovery_active: 1.0000 | local_safety_active_tls: 0 | local_safety_overrides: 0 | episode_mean_avg_delay: 3.4886 | episode_max_avg_delay: 13.6112 | episode_mean_avg_queue: 4.0574 | episode_max_avg_queue: 10.4286 | episode_mean_num_vehicles: 729.4409 | episode_max_num_vehicles: 1186.0000 | episode_recovery_steps: 392 | episode_local_safety_steps: 0 | episode_local_safety_overrides: 0 | episode_peak_top_tl: A3 | episode_peak_top_tl_queue: 212.0000 | episode_peak_top_tl_waiting: 9178.0000 | episode_peak_top_tl_phase: 0 | episode_peak_top_tl_phase_duration: 3 | episode_peak_top_tl_action: 0 | episode_peak_top_lane: A2A3_1 | episode_peak_top_lane_queue: 127.0000 | episode_peak_top_lane_waiting: 5977.0000 | loss_total: 0.0110 | loss_rl: 0.0094 | loss_pred: 0.0319
Episode    3 | reward: -86.4722 | epsilon: 0.7078 | steps: 719 | avg_delay: 3.6599 | avg_queue: 3.9762 | throughput: 6116 | arrived_vehicles: 6116 | departed_vehicles: 6854 | num_vehicles: 738 | emergency_stops: 0 | teleport_started: 0 | teleport_ended: 0 | recovery_active: 1.0000 | local_safety_active_tls: 0 | local_safety_overrides: 0 | episode_mean_avg_delay: 2.8910 | episode_max_avg_delay: 8.5063 | episode_mean_avg_queue: 3.6152 | episode_max_avg_queue: 8.1667 | episode_mean_num_vehicles: 688.6885 | episode_max_num_vehicles: 1178.0000 | episode_recovery_steps: 386 | episode_local_safety_steps: 0 | episode_local_safety_overrides: 0 | episode_peak_top_tl: A1 | episode_peak_top_tl_queue: 159.0000 | episode_peak_top_tl_waiting: 2056.0000 | episode_peak_top_tl_phase: 0 | episode_peak_top_tl_phase_duration: 8 | episode_peak_top_tl_action: 0 | episode_peak_top_lane: W_A0A1_1 | episode_peak_top_lane_queue: 100.0000 | episode_peak_top_lane_waiting: 1569.0000 | loss_total: 0.0134 | loss_rl: 0.0119 | loss_pred: 0.0310
Episode    4 | reward: -99.7638 | epsilon: 0.6795 | steps: 719 | avg_delay: 1.9605 | avg_queue: 2.7381 | throughput: 6143 | arrived_vehicles: 6143 | departed_vehicles: 6776 | num_vehicles: 633 | emergency_stops: 0 | teleport_started: 0 | teleport_ended: 0 | recovery_active: 0.0000 | local_safety_active_tls: 0 | local_safety_overrides: 0 | episode_mean_avg_delay: 3.6776 | episode_max_avg_delay: 22.5215 | episode_mean_avg_queue: 3.7510 | episode_max_avg_queue: 8.5238 | episode_mean_num_vehicles: 703.8206 | episode_max_num_vehicles: 1176.0000 | episode_recovery_steps: 445 | episode_local_safety_steps: 0 | episode_local_safety_overrides: 0 | episode_peak_top_tl: A1 | episode_peak_top_tl_queue: 272.0000 | episode_peak_top_tl_waiting: 15916.0000 | episode_peak_top_tl_phase: 0 | episode_peak_top_tl_phase_duration: 63 | episode_peak_top_tl_action: 0 | episode_peak_top_lane: W_A0A1_1 | episode_peak_top_lane_queue: 150.0000 | episode_peak_top_lane_waiting: 9361.0000 | loss_total: 0.0156 | loss_rl: 0.0141 | loss_pred: 0.0298
Episode    5 | reward: -71.3895 | epsilon: 0.6523 | steps: 719 | avg_delay: 3.1697 | avg_queue: 3.1190 | throughput: 6133 | arrived_vehicles: 6133 | departed_vehicles: 6846 | num_vehicles: 713 | emergency_stops: 0 | teleport_started: 0 | teleport_ended: 0 | recovery_active: 0.0000 | local_safety_active_tls: 0 | local_safety_overrides: 0 | episode_mean_avg_delay: 2.4826 | episode_max_avg_delay: 15.3288 | episode_mean_avg_queue: 3.3040 | episode_max_avg_queue: 9.1905 | episode_mean_num_vehicles: 717.7928 | episode_max_num_vehicles: 1177.0000 | episode_recovery_steps: 425 | episode_local_safety_steps: 0 | episode_local_safety_overrides: 0 | episode_peak_top_tl: A2 | episode_peak_top_tl_queue: 166.0000 | episode_peak_top_tl_waiting: 2778.0000 | episode_peak_top_tl_phase: 0 | episode_peak_top_tl_phase_duration: 3 | episode_peak_top_tl_action: 0 | episode_peak_top_lane: A1A2_1 | episode_peak_top_lane_queue: 66.0000 | episode_peak_top_lane_waiting: 942.0000 | loss_total: 0.0198 | loss_rl: 0.0184 | loss_pred: 0.0292 | eval_reward: -60.1208 | eval_reward_std: 0.0000 | eval_avg_delay: 0.5563 | eval_avg_queue: 2.0952 | eval_throughput: 6110.0000 | eval_emergency_stops: 0.0000 | eval_teleport_started: 0.0000 | eval_teleport_ended: 0.0000 | eval_episode_mean_delay: 2.3129 | eval_episode_max_delay: 10.6944 | eval_episode_mean_queue: 2.9334 | eval_episode_max_queue: 6.8571

Training complete! Best train reward: -71.39 | Best eval reward: -60.12
Logs saved to: D:\ITB\TA\gnn-marl-traffic\logs\gat_dqn_arterial_peak_20260707_003536_arterial_peak_max60
