============================================================
Training gat_dqn on grid_3x3_dynamic
Net: D:\ITB\TA\gnn-marl-traffic\data/networks/grid_3x3/grid_3x3_pkji_m1.net.xml
Route: D:\ITB\TA\gnn-marl-traffic\data/networks/grid_3x3/grid_3x3_dynamic.rou.xml
Episodes: 5
Seed: 42 | Deterministic: True
============================================================
Number of agents (traffic lights): 9
Traffic light IDs: ['A1', 'B0', 'A0', 'A2', 'B1', 'B2', 'C0', 'C1', 'C2']
Observation dim: 43
Number of actions: 2
Number of lanes per intersection (max): 8
Adjacency matrix:
[[1. 0. 1. 1. 1. 0. 0. 0. 0.]
 [0. 1. 1. 0. 1. 0. 1. 0. 0.]
 [1. 1. 1. 0. 0. 0. 0. 0. 0.]
 [1. 0. 0. 1. 0. 1. 0. 0. 0.]
 [1. 1. 0. 0. 1. 1. 0. 1. 0.]
 [0. 0. 0. 1. 1. 1. 0. 0. 1.]
 [0. 1. 0. 0. 0. 0. 1. 1. 0.]
 [0. 0. 0. 0. 1. 0. 1. 1. 1.]
 [0. 0. 0. 0. 0. 1. 0. 1. 1.]]
Episode    1 | reward: -44.1626 | epsilon: 0.7680 | steps: 719 | avg_delay: 7.9517 | avg_queue: 2.2639 | throughput: 4472 | arrived_vehicles: 4472 | departed_vehicles: 4969 | num_vehicles: 497 | emergency_stops: 0 | teleport_started: 0 | teleport_ended: 0 | recovery_active: 1.0000 | local_safety_active_tls: 0 | local_safety_overrides: 0 | episode_mean_avg_delay: 3.0826 | episode_max_avg_delay: 21.0380 | episode_mean_avg_queue: 1.5769 | episode_max_avg_queue: 3.9861 | episode_mean_num_vehicles: 381.1794 | episode_max_num_vehicles: 549.0000 | episode_recovery_steps: 65 | episode_local_safety_steps: 0 | episode_local_safety_overrides: 0 | episode_peak_top_tl: B1 | episode_peak_top_tl_queue: 116.0000 | episode_peak_top_tl_waiting: 3498.0000 | episode_peak_top_tl_phase: 0 | episode_peak_top_tl_phase_duration: 27 | episode_peak_top_tl_action: 0 | episode_peak_top_lane: B2B1_1 | episode_peak_top_lane_queue: 50.0000 | episode_peak_top_lane_waiting: 1845.0000 | loss_total: 0.0026 | loss_rl: 0.0012 | loss_pred: 0.0267
Episode    2 | reward: -55.7206 | epsilon: 0.7373 | steps: 719 | avg_delay: 19.5609 | avg_queue: 4.0972 | throughput: 4340 | arrived_vehicles: 4340 | departed_vehicles: 4939 | num_vehicles: 599 | emergency_stops: 0 | teleport_started: 0 | teleport_ended: 0 | recovery_active: 1.0000 | local_safety_active_tls: 0 | local_safety_overrides: 0 | episode_mean_avg_delay: 3.7756 | episode_max_avg_delay: 25.0000 | episode_mean_avg_queue: 1.7593 | episode_max_avg_queue: 5.2222 | episode_mean_num_vehicles: 420.1766 | episode_max_num_vehicles: 649.0000 | episode_recovery_steps: 165 | episode_local_safety_steps: 0 | episode_local_safety_overrides: 0 | episode_peak_top_tl: B1 | episode_peak_top_tl_queue: 158.0000 | episode_peak_top_tl_waiting: 2455.0000 | episode_peak_top_tl_phase: 1 | episode_peak_top_tl_phase_duration: 12 | episode_peak_top_tl_action: 0 | episode_peak_top_lane: B2B1_1 | episode_peak_top_lane_queue: 44.0000 | episode_peak_top_lane_waiting: 911.0000 | loss_total: 0.0026 | loss_rl: 0.0016 | loss_pred: 0.0195
Episode    3 | reward: -40.7968 | epsilon: 0.7078 | steps: 719 | avg_delay: 11.1963 | avg_queue: 4.5972 | throughput: 4320 | arrived_vehicles: 4320 | departed_vehicles: 4967 | num_vehicles: 647 | emergency_stops: 0 | teleport_started: 0 | teleport_ended: 0 | recovery_active: 1.0000 | local_safety_active_tls: 0 | local_safety_overrides: 0 | episode_mean_avg_delay: 2.2635 | episode_max_avg_delay: 11.1963 | episode_mean_avg_queue: 1.6350 | episode_max_avg_queue: 4.5972 | episode_mean_num_vehicles: 423.1321 | episode_max_num_vehicles: 647.0000 | episode_recovery_steps: 106 | episode_local_safety_steps: 0 | episode_local_safety_overrides: 0 | episode_peak_top_tl: B1 | episode_peak_top_tl_queue: 173.0000 | episode_peak_top_tl_waiting: 3835.0000 | episode_peak_top_tl_phase: 1 | episode_peak_top_tl_phase_duration: 7 | episode_peak_top_tl_action: 1 | episode_peak_top_lane: A2B2_0 | episode_peak_top_lane_queue: 46.0000 | episode_peak_top_lane_waiting: 1571.0000 | loss_total: 0.0027 | loss_rl: 0.0019 | loss_pred: 0.0170
Episode    4 | reward: -43.2035 | epsilon: 0.6795 | steps: 719 | avg_delay: 7.0723 | avg_queue: 3.5972 | throughput: 4375 | arrived_vehicles: 4375 | departed_vehicles: 4942 | num_vehicles: 567 | emergency_stops: 0 | teleport_started: 1 | teleport_ended: 1 | recovery_active: 1.0000 | local_safety_active_tls: 0 | local_safety_overrides: 0 | episode_mean_avg_delay: 2.9817 | episode_max_avg_delay: 23.2404 | episode_mean_avg_queue: 1.5599 | episode_max_avg_queue: 4.0278 | episode_mean_num_vehicles: 386.3755 | episode_max_num_vehicles: 569.0000 | episode_recovery_steps: 108 | episode_local_safety_steps: 0 | episode_local_safety_overrides: 0 | episode_peak_top_tl: B0 | episode_peak_top_tl_queue: 130.0000 | episode_peak_top_tl_waiting: 8190.0000 | episode_peak_top_tl_phase: 0 | episode_peak_top_tl_phase_duration: 12 | episode_peak_top_tl_action: 0 | episode_peak_top_lane: bottom1B0_1 | episode_peak_top_lane_queue: 72.0000 | episode_peak_top_lane_waiting: 4646.0000 | loss_total: 0.0032 | loss_rl: 0.0024 | loss_pred: 0.0161
Episode    5 | reward: -47.5135 | epsilon: 0.6523 | steps: 719 | avg_delay: 9.8264 | avg_queue: 3.1944 | throughput: 4373 | arrived_vehicles: 4373 | departed_vehicles: 5001 | num_vehicles: 628 | emergency_stops: 0 | teleport_started: 0 | teleport_ended: 0 | recovery_active: 1.0000 | local_safety_active_tls: 0 | local_safety_overrides: 0 | episode_mean_avg_delay: 2.9798 | episode_max_avg_delay: 17.7575 | episode_mean_avg_queue: 1.6687 | episode_max_avg_queue: 4.5972 | episode_mean_num_vehicles: 408.3213 | episode_max_num_vehicles: 631.0000 | episode_recovery_steps: 152 | episode_local_safety_steps: 0 | episode_local_safety_overrides: 0 | episode_peak_top_tl: B1 | episode_peak_top_tl_queue: 178.0000 | episode_peak_top_tl_waiting: 6194.0000 | episode_peak_top_tl_phase: 1 | episode_peak_top_tl_phase_duration: 2 | episode_peak_top_tl_action: 1 | episode_peak_top_lane: B2B1_1 | episode_peak_top_lane_queue: 61.0000 | episode_peak_top_lane_waiting: 2408.0000 | loss_total: 0.0042 | loss_rl: 0.0034 | loss_pred: 0.0156 | eval_reward: -31.7017 | eval_reward_std: 0.0000 | eval_avg_delay: 3.0943 | eval_avg_queue: 2.2222 | eval_throughput: 4260.0000 | eval_emergency_stops: 0.0000 | eval_teleport_started: 0.0000 | eval_teleport_ended: 0.0000 | eval_episode_mean_delay: 1.6346 | eval_episode_max_delay: 10.7135 | eval_episode_mean_queue: 1.3720 | eval_episode_max_queue: 3.4167

Training complete! Best train reward: -40.80 | Best eval reward: -31.70
Logs saved to: D:\ITB\TA\gnn-marl-traffic\logs\gat_dqn_grid_3x3_dynamic_20260707_003536_grid_dynamic_max60
