Warning: Teleporting vehicle 'dyn_1978'; side collision with vehicle 'dyn_2045', lane='C1B1_0', gap=-0.13, latGap=-0.50, time=1518.00, stage=laneChange.
Warning: Vehicle 'dyn_1978' ends teleporting on edge 'B1A1', time=1518.00.
Warning: Teleporting vehicle 'dyn_1744'; waited too long (yield), lane=':B1_3_0', time=2052.00.
Warning: Vehicle 'dyn_1744' ends teleporting on edge 'B1C1', time=2052.00.
Warning: Teleporting vehicle 'dyn_2174'; waited too long (jam), lane=':B1_11_0', time=2064.00.
Warning: Vehicle 'dyn_2174' ends teleporting on edge 'B1B2', time=2064.00.
Warning: Teleporting vehicle 'dyn_2181'; waited too long (jam), lane=':B1_11_0', time=2065.00.
Warning: Teleporting vehicle 'dyn_2291'; waited too long (jam), lane='C1B1_0', time=2065.00.
Warning: Vehicle 'dyn_2181' ends teleporting on edge 'B1B2', time=2065.00.
Warning: Vehicle 'dyn_2291' ends teleporting on edge 'B1A1', time=2065.00.
Warning: Teleporting vehicle 'dyn_2554'; waited too long (jam), lane='right1C1_1', time=2118.00.
Warning: Vehicle 'dyn_2554' ends teleporting on edge 'C1B1', time=2286.00.
Warning: Teleporting vehicle 'dyn_3726'; collision with vehicle 'dyn_3874', lane='B0B1_1', gap=-2.07, latGap=-0.10, time=3428.00, stage=move.
Warning: Vehicle 'dyn_3726' ends teleporting on edge 'B1A1', time=3428.00.
Warning: Teleporting vehicle 'dyn_1973'; side collision with vehicle 'dyn_1990', lane='C1B1_0', gap=-0.70, latGap=-0.25, time=1425.00, stage=laneChange.
Warning: Vehicle 'dyn_1973' ends teleporting on edge 'B1A1', time=1425.00.
Warning: Teleporting vehicle 'dyn_3804'; collision with vehicle 'dyn_4364', lane='B0B1_1', gap=-2.38, latGap=-0.10, time=3511.00, stage=move.
Warning: Vehicle 'dyn_3804' ends teleporting on edge 'B1A1', time=3511.00.
Warning: Vehicle 'dyn_3146' performs emergency braking on lane 'B1A1_0' with decel=10.00, wished=5.00, severity=1.00, time=2562.00.
Warning: Teleporting vehicle 'dyn_4249'; collision with vehicle 'dyn_4558', lane='B2B1_1', gap=-0.38, latGap=-0.10, time=3473.00, stage=move.
Warning: Vehicle 'dyn_4249' ends teleporting on edge 'B1C1', time=3473.00.
Warning: Teleporting vehicle 'dyn_1915'; side collision with vehicle 'dyn_1984', lane='C1B1_0', gap=-1.18, latGap=-0.20, time=1448.00, stage=laneChange.
Warning: Vehicle 'dyn_1915' ends teleporting on edge 'B1A1', time=1448.00.
Warning: Teleporting vehicle 'dyn_1996'; side collision with vehicle 'dyn_2037', lane='C1B1_0', gap=-0.57, latGap=-0.65, time=1540.00, stage=laneChange.
Warning: Vehicle 'dyn_1996' ends teleporting on edge 'B1A1', time=1540.00.
Warning: Teleporting vehicle 'dyn_1833'; waited too long (jam), lane=':B1_6_1', time=1586.00.
Warning: Vehicle 'dyn_1833' ends teleporting on edge 'B1A1', time=1586.00.
Warning: Teleporting vehicle 'dyn_4166'; collision with vehicle 'dyn_4120', lane='B2B1_1', gap=-0.07, latGap=-0.10, time=2997.00, stage=move.
Warning: Vehicle 'dyn_4166' ends teleporting on edge 'B1C1', time=2997.00.
Warning: Teleporting vehicle 'dyn_1945'; waited too long (yield), lane=':B1_8_0', time=1765.00.
Warning: Teleporting vehicle 'dyn_1685'; waited too long (jam), lane=':B1_16_0', time=1765.00.
Warning: Vehicle 'dyn_1685' ends teleporting on edge 'B1C1', time=1765.00.
Warning: Vehicle 'dyn_1945' ends teleporting on edge 'B1B0', time=1765.00.
Warning: Teleporting vehicle 'dyn_1714'; waited too long (jam), lane=':B1_16_0', time=1766.00.
Warning: Vehicle 'dyn_1714' ends teleporting on edge 'B1C1', time=1766.00.
Warning: Teleporting vehicle 'dyn_1681'; waited too long (yield), lane='A1B1_0', time=1769.00.
Warning: Vehicle 'dyn_1681' ends teleporting on edge 'B1B0', time=1769.00.
Warning: Teleporting vehicle 'dyn_1961'; waited too long (jam), lane='B0B1_0', time=1775.00.
Warning: Teleporting vehicle 'dyn_1699'; waited too long (yield), lane='A1B1_1', time=1775.00.
Warning: Vehicle 'dyn_1699' ends teleporting on edge 'B1C1', time=1775.00.
Warning: Vehicle 'dyn_1961' ends teleporting on edge 'B1B2', time=1775.00.
Warning: Teleporting vehicle 'dyn_1881'; waited too long (yield), lane=':B1_13_0', time=1776.00.
Warning: Vehicle 'dyn_1881' ends teleporting on edge 'B1A1', time=1776.00.
Warning: Teleporting vehicle 'dyn_2220'; waited too long (jam), lane='bottom1B0_1', time=1820.00.
Warning: Teleporting vehicle 'dyn_2231'; waited too long (jam), lane='bottom1B0_0', time=1824.00.
Warning: Vehicle 'dyn_2231' ends teleporting on edge 'B0B1', time=1853.00.
Warning: Vehicle 'dyn_2220' ends teleporting on edge 'B0B1', time=1879.00.
Warning: Teleporting vehicle 'dyn_1947'; side collision with vehicle 'dyn_2000', lane='C1B1_0', gap=-2.48, latGap=-0.65, time=1465.00, stage=laneChange.
Warning: Vehicle 'dyn_1947' ends teleporting on edge 'B1A1', time=1465.00.
Warning: Vehicle 'dyn_4165' performs emergency braking on lane ':B1_16_1' with decel=9.00, wished=4.50, severity=1.00, time=2799.00.
Warning: Teleporting vehicle 'dyn_3239'; side collision with vehicle 'dyn_3378', lane='B0B1_0', gap=-0.99, latGap=-0.45, time=2825.00, stage=laneChange.
Warning: Vehicle 'dyn_3239' ends teleporting on edge 'B1B2', time=2825.00.
Warning: Teleporting vehicle 'dyn_1088'; waited too long (jam), lane=':B1_16_1', time=1340.00.
Warning: Vehicle 'dyn_1088' ends teleporting on edge 'B1C1', time=1340.00.
Warning: Teleporting vehicle 'dyn_1073'; waited too long (yield), lane=':B1_18_0', time=1350.00.
Warning: Vehicle 'dyn_1073' ends teleporting on edge 'B1B2', time=1350.00.
Warning: Teleporting vehicle 'dyn_1102'; waited too long (yield), lane='A1B1_1', time=1354.00.
Warning: Vehicle 'dyn_1102' ends teleporting on edge 'B1B2', time=1354.00.
Warning: Teleporting vehicle 'dyn_1084'; waited too long (yield), lane='A1B1_1', time=1355.00.
Warning: Vehicle 'dyn_1084' ends teleporting on edge 'B1C1', time=1355.00.
Warning: Teleporting vehicle 'dyn_1182'; waited too long (jam), lane='B2B1_1', time=1368.00.
Warning: Vehicle 'dyn_1182' ends teleporting on edge 'B1B0', time=1368.00.
Warning: Teleporting vehicle 'dyn_1498'; waited too long (yield), lane=':B1_18_0', time=1725.00.
Warning: Teleporting vehicle 'dyn_1512'; waited too long (jam), lane=':B1_1_1', time=1725.00.
Warning: Vehicle 'dyn_1498' ends teleporting on edge 'B1B2', time=1725.00.
Warning: Vehicle 'dyn_1512' ends teleporting on edge 'B1B0', time=1725.00.
Warning: Teleporting vehicle 'dyn_1506'; waited too long (yield), lane='A1B1_1', time=1730.00.
Warning: Vehicle 'dyn_1506' ends teleporting on edge 'B1B2', time=1730.00.
Warning: Teleporting vehicle 'dyn_1534'; waited too long (yield), lane='A1B1_1', time=1731.00.
Warning: Vehicle 'dyn_1534' ends teleporting on edge 'B1B2', time=1731.00.
Warning: Teleporting vehicle 'dyn_1601'; waited too long (yield), lane=':B1_18_0', time=1842.00.
Warning: Vehicle 'dyn_1601' ends teleporting on edge 'B1B2', time=1842.00.
Warning: Teleporting vehicle 'dyn_1544'; waited too long (jam), lane=':B1_1_1', time=1844.00.
Warning: Vehicle 'dyn_1544' ends teleporting on edge 'B1B0', time=1844.00.
Warning: Teleporting vehicle 'dyn_1607'; waited too long (yield), lane='B2B1_0', time=1857.00.
Warning: Vehicle 'dyn_1607' ends teleporting on edge 'B1B0', time=1857.00.
Warning: Teleporting vehicle 'dyn_1973'; waited too long (yield), lane='C1B1_0', time=1871.00.
Warning: Vehicle 'dyn_1973' ends teleporting on edge 'B1A1', time=1871.00.
Warning: Teleporting vehicle 'dyn_2335'; waited too long (jam), lane='right1C1_0', time=1913.00.
Warning: Vehicle 'dyn_2335' ends teleporting on edge 'C1B1', time=2004.00.
Warning: Teleporting vehicle 'dyn_1479'; waited too long (yield), lane=':B1_18_0', time=1667.00.
Warning: Vehicle 'dyn_1479' ends teleporting on edge 'B1B2', time=1667.00.
Warning: Teleporting vehicle 'dyn_1493'; waited too long (yield), lane='A1B1_1', time=1672.00.
Warning: Vehicle 'dyn_1493' ends teleporting on edge 'B1B2', time=1672.00.
Warning: Teleporting vehicle 'dyn_1845'; waited too long (jam), lane=':B1_6_1', time=1682.00.
Warning: Vehicle 'dyn_1845' ends teleporting on edge 'B1A1', time=1682.00.
Warning: Teleporting vehicle 'dyn_1754'; waited too long (yield), lane='top1B2_1', time=1763.00.
Warning: Vehicle 'dyn_1754' ends teleporting on edge 'B2B1', time=1763.00.
Warning: Teleporting vehicle 'dyn_1758'; waited too long (yield), lane='top1B2_0', time=1766.00.
Warning: Teleporting vehicle 'dyn_2137'; waited too long (jam), lane=':B2_6_1', time=1774.00.
Warning: Vehicle 'dyn_2137' ends teleporting on edge 'B2A2', time=1774.00.
Warning: Vehicle 'dyn_1758' ends teleporting on edge 'B2B1', time=1827.00.
Warning: Vehicle 'dyn_4355' performs emergency braking on lane ':B1_16_1' with decel=9.00, wished=4.50, severity=1.00, time=2986.00.
Warning: Teleporting vehicle 'dyn_1596'; waited too long (jam), lane=':B1_1_1', time=1779.00.
Warning: Vehicle 'dyn_1596' ends teleporting on edge 'B1B0', time=1779.00.
Warning: Teleporting vehicle 'dyn_1504'; waited too long (yield), lane=':B1_3_0', time=1780.00.
Warning: Vehicle 'dyn_1504' ends teleporting on edge 'B1C1', time=1780.00.
Warning: Teleporting vehicle 'dyn_1946'; waited too long (yield), lane='C1B1_1', time=1792.00.
Warning: Vehicle 'dyn_1946' ends teleporting on edge 'B1A1', time=1792.00.
Warning: Teleporting vehicle 'dyn_1981'; waited too long (jam), lane='C1B1_0', time=1795.00.
Warning: Vehicle 'dyn_1981' ends teleporting on edge 'B1A1', time=1795.00.
Warning: Teleporting vehicle 'dyn_1636'; waited too long (jam), lane=':B1_16_0', time=1797.00.
Warning: Vehicle 'dyn_1636' ends teleporting on edge 'B1C1', time=1797.00.
Warning: Teleporting vehicle 'dyn_1903'; waited too long (yield), lane=':B1_13_0', time=1807.00.
Warning: Vehicle 'dyn_1903' ends teleporting on edge 'B1A1', time=1807.00.
Warning: Teleporting vehicle 'dyn_1898'; waited too long (yield), lane=':B1_13_0', time=1808.00.
Warning: Vehicle 'dyn_1898' ends teleporting on edge 'B1A1', time=1808.00.
Warning: Teleporting vehicle 'dyn_1613'; waited too long (jam), lane=':B1_1_0', time=1809.00.
Warning: Vehicle 'dyn_1613' ends teleporting on edge 'B1B0', time=1809.00.
Warning: Teleporting vehicle 'dyn_1638'; waited too long (yield), lane='A1B1_1', time=1829.00.
Warning: Vehicle 'dyn_1638' ends teleporting on edge 'B1B2', time=1829.00.
Warning: Teleporting vehicle 'dyn_2261'; waited too long (yield), lane='bottom1B0_1', time=1870.00.
Warning: Teleporting vehicle 'dyn_2340'; waited too long (jam), lane='right1C1_1', time=1888.00.
Warning: Vehicle 'dyn_2340' ends teleporting on edge 'C1B1', time=1896.00.
Warning: Vehicle 'dyn_2261' ends teleporting on edge 'B1A1', time=2051.00.
Warning: Teleporting vehicle 'dyn_3071'; waited too long (jam), lane=':B1_11_0', time=2825.00.
Warning: Vehicle 'dyn_3071' ends teleporting on edge 'B1B2', time=2825.00.
Warning: Teleporting vehicle 'dyn_3079'; waited too long (yield), lane=':B1_8_0', time=2839.00.
Warning: Vehicle 'dyn_3079' ends teleporting on edge 'B1B0', time=2839.00.
Warning: Teleporting vehicle 'dyn_3067'; waited too long (yield), lane=':B1_13_0', time=2851.00.
Warning: Vehicle 'dyn_3067' ends teleporting on edge 'B1A1', time=2851.00.
Warning: Teleporting vehicle 'dyn_3746'; waited too long (jam), lane='A1B1_0', time=2865.00.
Warning: Vehicle 'dyn_3746' ends teleporting on edge 'B1C1', time=2865.00.
Warning: Teleporting vehicle 'dyn_3739'; waited too long (jam), lane='A1B1_1', time=2867.00.
Warning: Vehicle 'dyn_3739' ends teleporting on edge 'B1C1', time=2867.00.
Warning: Teleporting vehicle 'dyn_3706'; waited too long (jam), lane='A1B1_1', time=2868.00.
Warning: Vehicle 'dyn_3706' ends teleporting on edge 'B1C1', time=2868.00.
Warning: Teleporting vehicle 'dyn_3114'; waited too long (jam), lane='C1B1_0', time=2869.00.
Warning: Vehicle 'dyn_3114' ends teleporting on edge 'B1A1', time=2869.00.
Warning: Teleporting vehicle 'dyn_3416'; waited too long (jam), lane='right1C1_1', time=2875.00.
Warning: Teleporting vehicle 'dyn_3479'; waited too long (yield), lane='right1C1_0', time=2888.00.
Warning: Teleporting vehicle 'dyn_3353'; waited too long (yield), lane='bottom1B0_0', time=2904.00.
Warning: Vehicle 'dyn_3416' ends teleporting on edge 'B1A1', time=3056.00.
Warning: Vehicle 'dyn_3479' ends teleporting on edge 'B1A1', time=3069.00.
Warning: Vehicle 'dyn_3353' ends teleporting on edge 'B1C1', time=3085.00.
Warning: Teleporting vehicle 'dyn_3083'; waited too long (jam), lane=':B1_6_0', time=3150.00.
Warning: Teleporting vehicle 'dyn_3612'; waited too long (yield), lane=':B1_3_0', time=3150.00.
Warning: Vehicle 'dyn_3083' ends teleporting on edge 'B1A1', time=3150.00.
Warning: Vehicle 'dyn_3612' ends teleporting on edge 'B1C1', time=3150.00.
Warning: Teleporting vehicle 'dyn_3751'; waited too long (yield), lane='B2B1_1', time=3152.00.
Warning: Vehicle 'dyn_3751' ends teleporting on edge 'B1B0', time=3152.00.
Warning: Teleporting vehicle 'dyn_3072'; waited too long (yield), lane=':B1_13_0', time=3157.00.
Warning: Vehicle 'dyn_3072' ends teleporting on edge 'B1A1', time=3157.00.
Warning: Teleporting vehicle 'dyn_3068'; waited too long (yield), lane=':B1_13_0', time=3158.00.
Warning: Vehicle 'dyn_3068' ends teleporting on edge 'B1A1', time=3158.00.
Warning: Teleporting vehicle 'dyn_3097'; waited too long (jam), lane='C1B1_1', time=3160.00.
Warning: Vehicle 'dyn_3097' ends teleporting on edge 'B1A1', time=3160.00.
Warning: Teleporting vehicle 'dyn_3743'; waited too long (jam), lane='A1B1_0', time=3161.00.
Warning: Vehicle 'dyn_3743' ends teleporting on edge 'B1C1', time=3161.00.
Warning: Teleporting vehicle 'dyn_3093'; waited too long (yield), lane=':B1_8_0', time=3165.00.
Warning: Vehicle 'dyn_3093' ends teleporting on edge 'B1B0', time=3165.00.
Warning: Teleporting vehicle 'dyn_3101'; waited too long (yield), lane=':B1_8_0', time=3166.00.
Warning: Vehicle 'dyn_3101' ends teleporting on edge 'B1B0', time=3166.00.
Warning: Teleporting vehicle 'dyn_3089'; waited too long (jam), lane='B0B1_1', time=3175.00.
Warning: Vehicle 'dyn_3089' ends teleporting on edge 'B1B2', time=3175.00.
Warning: Teleporting vehicle 'dyn_3402'; waited too long (jam), lane='bottom1B0_0', time=3229.00.
Warning: Teleporting vehicle 'dyn_3455'; waited too long (jam), lane='right1C1_1', time=3230.00.
Warning: Teleporting vehicle 'dyn_3383'; waited too long (jam), lane='bottom1B0_1', time=3233.00.
Warning: Vehicle 'dyn_3383' ends teleporting on edge 'B0B1', time=3343.00.
Warning: Vehicle 'dyn_3455' ends teleporting on edge 'C1B1', time=3363.00.
Warning: Vehicle 'dyn_3402' ends teleporting on edge 'B0B1', time=3398.00.
Warning: Teleporting vehicle 'dyn_1443'; side collision with vehicle 'dyn_1451', lane='B2B1_0', gap=-1.35, latGap=-0.65, time=1305.00, stage=laneChange.
Warning: Vehicle 'dyn_1443' ends teleporting on edge 'B1B0', time=1305.00.
Warning: Teleporting vehicle 'dyn_1602'; waited too long (jam), lane=':B1_1_1', time=1932.00.
Warning: Vehicle 'dyn_1602' ends teleporting on edge 'B1B0', time=1932.00.
Warning: Teleporting vehicle 'dyn_2355'; waited too long (jam), lane='bottom1B0_1', time=1973.00.
Warning: Vehicle 'dyn_2355' ends teleporting on edge 'B0B1', time=1973.00.
Warning: Teleporting vehicle 'dyn_2399'; waited too long (jam), lane='bottom1B0_0', time=2000.00.
Warning: Teleporting vehicle 'dyn_2404'; waited too long (jam), lane='bottom1B0_0', time=2001.00.
Warning: Vehicle 'dyn_2399' ends teleporting on edge 'B0B1', time=2016.00.
Warning: Vehicle 'dyn_2404' ends teleporting on edge 'B0B1', time=2017.00.
Warning: Teleporting vehicle 'dyn_1961'; waited too long (jam), lane=':B1_11_0', time=1854.00.
Warning: Vehicle 'dyn_1961' ends teleporting on edge 'B1B2', time=1854.00.
Warning: Teleporting vehicle 'dyn_2059'; waited too long (yield), lane='C1B1_0', time=1865.00.
Warning: Vehicle 'dyn_2059' ends teleporting on edge 'B1A1', time=1865.00.
Warning: Teleporting vehicle 'dyn_1628'; waited too long (yield), lane='A1B1_1', time=1866.00.
Warning: Vehicle 'dyn_1628' ends teleporting on edge 'B1C1', time=1866.00.
Warning: Teleporting vehicle 'dyn_2366'; waited too long (jam), lane='right1C1_1', time=1929.00.
Warning: Teleporting vehicle 'dyn_2322'; waited too long (yield), lane='bottom1B0_1', time=1930.00.
Warning: Teleporting vehicle 'dyn_2367'; waited too long (jam), lane='right1C1_0', time=1937.00.
Warning: Vehicle 'dyn_2367' ends teleporting on edge 'C1B1', time=1948.00.
Warning: Vehicle 'dyn_2366' ends teleporting on edge 'B1B0', time=2110.00.
Warning: Vehicle 'dyn_2322' ends teleporting on edge 'B1A1', time=2111.00.
Warning: Teleporting vehicle 'dyn_3249'; side collision with vehicle 'dyn_3258', lane='B0B1_0', gap=-0.63, latGap=-0.60, time=2655.00, stage=laneChange.
Warning: Vehicle 'dyn_3249' ends teleporting on edge 'B1B2', time=2655.00.
Warning: Teleporting vehicle 'dyn_3417'; waited too long (jam), lane=':B1_6_0', time=3362.00.
Warning: Vehicle 'dyn_3417' ends teleporting on edge 'B1A1', time=3362.00.
Warning: Teleporting vehicle 'dyn_3913'; waited too long (jam), lane='bottom1B0_1', time=3386.00.
Warning: Vehicle 'dyn_3913' ends teleporting on edge 'B0B1', time=3421.00.
Warning: Teleporting vehicle 'dyn_3605'; waited too long (yield), lane='C0B0_0', time=3451.00.
Warning: Vehicle 'dyn_3605' ends teleporting on edge 'B0B1', time=3453.00.
Warning: Teleporting vehicle 'dyn_3600'; waited too long (yield), lane='C0B0_0', time=3454.00.
Warning: Vehicle 'dyn_3600' ends teleporting on edge 'B0B1', time=3460.00.
Warning: Teleporting vehicle 'dyn_4497'; waited too long (jam), lane='A2B2_0', time=3501.00.
Warning: Teleporting vehicle 'dyn_4476'; waited too long (wrong lane), lane='B2B1_0', time=3518.00.
Warning: Vehicle 'dyn_4476' ends teleporting on edge 'B1C1', time=3518.00.
Warning: Teleporting vehicle 'dyn_4781'; waited too long (jam), lane='top1B2_1', time=3519.00.
Warning: Vehicle 'dyn_4781' ends teleporting on edge 'B2B1', time=3519.00.
Warning: Teleporting vehicle 'dyn_4785'; waited too long (jam), lane='top1B2_1', time=3520.00.
Warning: Vehicle 'dyn_4497' ends teleporting on edge 'B2B1', time=3521.00.
Warning: Vehicle 'dyn_4785' ends teleporting on edge 'B2B1', time=3524.00.
Warning: Teleporting vehicle 'dyn_1904'; side collision with vehicle 'dyn_1854', lane='B1A1_0', gap=-1.93, latGap=-0.45, time=1437.00, stage=laneChange.
Warning: Vehicle 'dyn_1904' ends teleporting on edge 'A1left1', time=1439.00.
Warning: Teleporting vehicle 'dyn_1621'; waited too long (yield), lane=':B1_18_0', time=1971.00.
Warning: Vehicle 'dyn_1621' ends teleporting on edge 'B1B2', time=1971.00.
Warning: Teleporting vehicle 'dyn_1656'; waited too long (jam), lane=':B1_1_0', time=2001.00.
Warning: Vehicle 'dyn_1656' ends teleporting on edge 'B1B0', time=2001.00.
Warning: Teleporting vehicle 'dyn_1746'; waited too long (jam), lane=':B1_16_0', time=2009.00.
Warning: Vehicle 'dyn_1746' ends teleporting on edge 'B1C1', time=2009.00.
Warning: Teleporting vehicle 'dyn_1737'; waited too long (jam), lane='B2B1_0', time=2025.00.
Warning: Vehicle 'dyn_1737' ends teleporting on edge 'B1B0', time=2025.00.
Warning: Teleporting vehicle 'dyn_1755'; waited too long (jam), lane=':B1_1_1', time=2407.00.
Warning: Vehicle 'dyn_1755' ends teleporting on edge 'B1B0', time=2407.00.
Warning: Teleporting vehicle 'dyn_1730'; waited too long (jam), lane=':B1_16_0', time=2417.00.
Warning: Vehicle 'dyn_1730' ends teleporting on edge 'B1C1', time=2417.00.
Warning: Teleporting vehicle 'dyn_1790'; waited too long (yield), lane=':B1_3_0', time=2422.00.
Warning: Vehicle 'dyn_1790' ends teleporting on edge 'B1C1', time=2422.00.
Warning: Teleporting vehicle 'dyn_4912'; collision with vehicle 'dyn_4860', lane='B0B1_1', gap=-0.23, latGap=-0.00, time=3513.00, stage=move.
Warning: Vehicle 'dyn_4912' ends teleporting on edge 'B1B2', time=3513.00.
Warning: Teleporting vehicle 'dyn_3928'; side collision with vehicle 'dyn_3987', lane='B2B1_0', gap=-0.58, latGap=-0.45, time=2721.00, stage=laneChange.
Warning: Vehicle 'dyn_3928' ends teleporting on edge 'B1B0', time=2721.00.
Warning: Teleporting vehicle 'dyn_3868'; junction collision with vehicle 'dyn_3993', lane=':B0_5_0', gap=-0.24, latGap=-0.10, time=3559.00, stage=move.
Warning: Vehicle 'dyn_3868' ends teleporting on edge 'B0B1', time=3559.00.
Warning: Teleporting vehicle 'dyn_1311'; waited too long (jam), lane=':B1_1_0', time=1569.00.
Warning: Vehicle 'dyn_1311' ends teleporting on edge 'B1B0', time=1569.00.
Warning: Teleporting vehicle 'dyn_1438'; waited too long (yield), lane=':B1_18_0', time=1572.00.
Warning: Vehicle 'dyn_1438' ends teleporting on edge 'B1B2', time=1572.00.
Warning: Teleporting vehicle 'dyn_1445'; waited too long (jam), lane=':B1_16_1', time=1576.00.
Warning: Vehicle 'dyn_1445' ends teleporting on edge 'B1C1', time=1576.00.
Warning: Teleporting vehicle 'dyn_1768'; waited too long (jam), lane='left1A1_1', time=1623.00.
Warning: Teleporting vehicle 'dyn_1761'; waited too long (jam), lane='left1A1_1', time=1624.00.
Warning: Vehicle 'dyn_1761' ends teleporting on edge 'A1B1', time=1645.00.
Warning: Vehicle 'dyn_1768' ends teleporting on edge 'A1B1', time=1645.00.
Warning: Teleporting vehicle 'dyn_1737'; waited too long (jam), lane=':B1_1_1', time=2363.00.
Warning: Vehicle 'dyn_1737' ends teleporting on edge 'B1B0', time=2363.00.
Warning: Teleporting vehicle 'dyn_2198'; waited too long (yield), lane='C1B1_1', time=2373.00.
Warning: Vehicle 'dyn_2198' ends teleporting on edge 'B1B0', time=2373.00.
Warning: Teleporting vehicle 'dyn_2554'; waited too long (yield), lane='right1C1_1', time=2438.00.
Warning: Vehicle 'dyn_2554' ends teleporting on edge 'C1B1', time=2454.00.
Warning: Vehicle 'dyn_34' performs emergency braking on lane 'B2B1_1' with decel=10.00, wished=5.00, severity=1.00, time=82.00.
Warning: Teleporting vehicle 'dyn_1512'; waited too long (jam), lane=':B1_1_0', time=1929.00.
Warning: Vehicle 'dyn_1512' ends teleporting on edge 'B1B0', time=1929.00.
Warning: Teleporting vehicle 'dyn_1614'; waited too long (yield), lane=':B1_18_0', time=1936.00.
Warning: Vehicle 'dyn_1614' ends teleporting on edge 'B1B2', time=1936.00.
Warning: Teleporting vehicle 'dyn_1621'; waited too long (yield), lane=':B1_18_0', time=1937.00.
Warning: Vehicle 'dyn_1621' ends teleporting on edge 'B1B2', time=1937.00.
Warning: Teleporting vehicle 'dyn_2017'; waited too long (yield), lane='B0B1_0', time=1944.00.
Warning: Vehicle 'dyn_2017' ends teleporting on edge 'B1B2', time=1944.00.
Warning: Teleporting vehicle 'dyn_2356'; waited too long (jam), lane='bottom1B0_0', time=1986.00.
Warning: Vehicle 'dyn_2356' ends teleporting on edge 'B0B1', time=2021.00.
Warning: Teleporting vehicle 'dyn_4247'; collision with vehicle 'dyn_4822', lane='B2B1_1', gap=-1.95, latGap=-0.10, time=3245.00, stage=move.
Warning: Vehicle 'dyn_4247' ends teleporting on edge 'B1C1', time=3245.00.
Warning: Teleporting vehicle 'dyn_1630'; waited too long (jam), lane=':B1_1_0', time=1988.00.
Warning: Vehicle 'dyn_1630' ends teleporting on edge 'B1B0', time=1988.00.
Warning: Teleporting vehicle 'dyn_1689'; waited too long (jam), lane='B2B1_0', time=1990.00.
Warning: Vehicle 'dyn_1689' ends teleporting on edge 'B1B0', time=1990.00.
Warning: Teleporting vehicle 'dyn_1743'; waited too long (jam), lane=':B1_1_1', time=1991.00.
Warning: Vehicle 'dyn_1743' ends teleporting on edge 'B1B0', time=1991.00.
Warning: Teleporting vehicle 'dyn_1767'; waited too long (yield), lane='A1B1_0', time=2002.00.
Warning: Vehicle 'dyn_1767' ends teleporting on edge 'B1C1', time=2002.00.
Warning: Teleporting vehicle 'dyn_1608'; waited too long (yield), lane=':B1_18_0', time=2003.00.
Warning: Vehicle 'dyn_1608' ends teleporting on edge 'B1B2', time=2003.00.
Warning: Teleporting vehicle 'dyn_1604'; waited too long (yield), lane=':B1_18_0', time=2004.00.
Warning: Vehicle 'dyn_1604' ends teleporting on edge 'B1B2', time=2004.00.
