============================================================
Training gat_dqn on grid_3x3_pkji_m1
Net: D:\ITB\TA\gnn-marl-traffic\data/networks/grid_3x3/grid_3x3_pkji_m1.net.xml
Route: D:\ITB\TA\gnn-marl-traffic\data/networks/grid_3x3/grid_3x3_pkji_m1.rou.xml
Episodes: 300
Seed: 10 | Deterministic: True
Resume checkpoint: D:\ITB\TA\gnn-marl-traffic\logs\gat_dqn_grid_3x3_pkji_m1_20260519_044453_pkji_level1_gat_dqn_eps095_tt300_100ep_grid_3x3_pkji_m1_s10\checkpoint_ep200.pt
============================================================
Number of agents (traffic lights): 9
Traffic light IDs: ['A1', 'B0', 'A0', 'A2', 'B1', 'B2', 'C0', 'C1', 'C2']
Observation dim: 43
Number of actions: 2
Number of lanes per intersection: 8
Adjacency matrix:
[[1. 0. 1. 1. 1. 0. 0. 0. 0.]
 [0. 1. 1. 0. 1. 0. 1. 0. 0.]
 [1. 1. 1. 0. 0. 0. 0. 0. 0.]
 [1. 0. 0. 1. 0. 1. 0. 0. 0.]
 [1. 1. 0. 0. 1. 1. 0. 1. 0.]
 [0. 0. 0. 1. 1. 1. 0. 0. 1.]
 [0. 1. 0. 0. 0. 0. 1. 1. 0.]
 [0. 0. 0. 0. 1. 0. 1. 1. 1.]
 [0. 0. 0. 0. 0. 1. 0. 1. 1.]]
Overriding epsilon from checkpoint to 0.1500
Overriding epsilon_end to 0.0500
Overriding epsilon_decay to 0.9900
Resuming from episode 201 (best_train_reward=-2926.61, best_eval_reward=-2814.50, replay_size=50000, epsilon=0.1500)
Episode  201 | reward: -3166.5000 | epsilon: 0.1485 | steps: 719 | avg_delay: 1.2989 | avg_queue: 0.3056 | throughput: 3513 | emergency_stops: 0 | loss_total: 1691252.4933 | loss_rl: 1691252.4931 | loss_pred: 0.0048
Episode  202 | reward: -3148.3889 | epsilon: 0.1470 | steps: 719 | avg_delay: 0.4368 | avg_queue: 0.1250 | throughput: 3513 | emergency_stops: 0 | loss_total: 1861061.0091 | loss_rl: 1861061.0089 | loss_pred: 0.0048
Episode  203 | reward: -220266.3333 | epsilon: 0.1455 | steps: 719 | avg_delay: 0.6207 | avg_queue: 0.1806 | throughput: 3513 | emergency_stops: 0 | loss_total: 1692864.5857 | loss_rl: 1692864.5856 | loss_pred: 0.0049
Episode  204 | reward: -3164.8333 | epsilon: 0.1441 | steps: 719 | avg_delay: 0.5000 | avg_queue: 0.1806 | throughput: 3512 | emergency_stops: 0 | loss_total: 1508159.9600 | loss_rl: 1508159.9599 | loss_pred: 0.0049
Episode  205 | reward: -3092.6667 | epsilon: 0.1426 | steps: 719 | avg_delay: 0.3563 | avg_queue: 0.1111 | throughput: 3512 | emergency_stops: 0 | loss_total: 1314376.1430 | loss_rl: 1314376.1429 | loss_pred: 0.0049
Episode  206 | reward: -3120.5556 | epsilon: 0.1412 | steps: 719 | avg_delay: 0.6395 | avg_queue: 0.1806 | throughput: 3513 | emergency_stops: 0 | loss_total: 1711995.4014 | loss_rl: 1711995.4012 | loss_pred: 0.0050
Episode  207 | reward: -3140.5000 | epsilon: 0.1398 | steps: 719 | avg_delay: 0.3261 | avg_queue: 0.0972 | throughput: 3508 | emergency_stops: 0 | loss_total: 1164663.2081 | loss_rl: 1164663.2080 | loss_pred: 0.0049
Episode  208 | reward: -3164.6667 | epsilon: 0.1384 | steps: 719 | avg_delay: 0.6522 | avg_queue: 0.1806 | throughput: 3508 | emergency_stops: 0 | loss_total: 2127967.0411 | loss_rl: 2127967.0410 | loss_pred: 0.0049
Episode  209 | reward: -3239.8333 | epsilon: 0.1370 | steps: 719 | avg_delay: 0.9318 | avg_queue: 0.1667 | throughput: 3511 | emergency_stops: 0 | loss_total: 1122464.4858 | loss_rl: 1122464.4857 | loss_pred: 0.0049
Episode  210 | reward: -164387.9444 | epsilon: 0.1357 | steps: 719 | avg_delay: 0.4235 | avg_queue: 0.0972 | throughput: 3514 | emergency_stops: 0 | loss_total: 1814645.3757 | loss_rl: 1814645.3755 | loss_pred: 0.0050 | eval_reward: -2925.2778 | eval_reward_std: 48.4823 | eval_avg_delay: 0.6012 | eval_avg_queue: 0.1333 | eval_throughput: 3511.8000 | eval_emergency_stops: 0.0000
Episode  211 | reward: -3089.3889 | epsilon: 0.1343 | steps: 719 | avg_delay: 0.8851 | avg_queue: 0.1944 | throughput: 3513 | emergency_stops: 0 | loss_total: 2087712.8328 | loss_rl: 2087712.8327 | loss_pred: 0.0050
Episode  212 | reward: -3205.9444 | epsilon: 0.1330 | steps: 719 | avg_delay: 0.1744 | avg_queue: 0.0694 | throughput: 3512 | emergency_stops: 0 | loss_total: 1784357.0103 | loss_rl: 1784357.0101 | loss_pred: 0.0050
Episode  213 | reward: -3040.3333 | epsilon: 0.1316 | steps: 719 | avg_delay: 0.1778 | avg_queue: 0.0556 | throughput: 3510 | emergency_stops: 0 | loss_total: 2237646.1635 | loss_rl: 2237646.1634 | loss_pred: 0.0050
Episode  214 | reward: -3206.6667 | epsilon: 0.1303 | steps: 719 | avg_delay: 0.7907 | avg_queue: 0.1528 | throughput: 3513 | emergency_stops: 0 | loss_total: 2625817.2650 | loss_rl: 2625817.2649 | loss_pred: 0.0051
Episode  215 | reward: -3165.7778 | epsilon: 0.1290 | steps: 719 | avg_delay: 0.7701 | avg_queue: 0.2361 | throughput: 3513 | emergency_stops: 0 | loss_total: 1758401.1810 | loss_rl: 1758401.1808 | loss_pred: 0.0051
Episode  216 | reward: -3256.3333 | epsilon: 0.1277 | steps: 719 | avg_delay: 1.2093 | avg_queue: 0.2500 | throughput: 3514 | emergency_stops: 0 | loss_total: 2820476.0664 | loss_rl: 2820476.0662 | loss_pred: 0.0051
Episode  217 | reward: -3088.5556 | epsilon: 0.1264 | steps: 719 | avg_delay: 0.2471 | avg_queue: 0.0556 | throughput: 3513 | emergency_stops: 0 | loss_total: 1451060.3955 | loss_rl: 1451060.3954 | loss_pred: 0.0049
Episode  218 | reward: -3223.3333 | epsilon: 0.1252 | steps: 719 | avg_delay: 0.2414 | avg_queue: 0.1250 | throughput: 3513 | emergency_stops: 0 | loss_total: 1474177.8928 | loss_rl: 1474177.8927 | loss_pred: 0.0049
Episode  219 | reward: -3122.7222 | epsilon: 0.1239 | steps: 719 | avg_delay: 0.4270 | avg_queue: 0.0833 | throughput: 3510 | emergency_stops: 0 | loss_total: 929530.8070 | loss_rl: 929530.8068 | loss_pred: 0.0050
Episode  220 | reward: -3081.1667 | epsilon: 0.1227 | steps: 719 | avg_delay: 0.3182 | avg_queue: 0.0694 | throughput: 3511 | emergency_stops: 0 | loss_total: 983007.3164 | loss_rl: 983007.3162 | loss_pred: 0.0050 | eval_reward: -30679.7000 | eval_reward_std: 55510.6229 | eval_avg_delay: 0.4435 | eval_avg_queue: 0.1222 | eval_throughput: 3511.0000 | eval_emergency_stops: 0.0000
Episode  221 | reward: -3173.3333 | epsilon: 0.1215 | steps: 719 | avg_delay: 0.4945 | avg_queue: 0.1250 | throughput: 3509 | emergency_stops: 0 | loss_total: 828259.7284 | loss_rl: 828259.7282 | loss_pred: 0.0050
Episode  222 | reward: -3162.2778 | epsilon: 0.1202 | steps: 719 | avg_delay: 0.0460 | avg_queue: 0.0556 | throughput: 3513 | emergency_stops: 0 | loss_total: 615571.5150 | loss_rl: 615571.5148 | loss_pred: 0.0049
Episode  223 | reward: -195139.2778 | epsilon: 0.1190 | steps: 719 | avg_delay: 6.1772 | avg_queue: 1.5278 | throughput: 3276 | emergency_stops: 0 | loss_total: 611628.6981 | loss_rl: 611628.6980 | loss_pred: 0.0050
Episode  224 | reward: -3088.1667 | epsilon: 0.1179 | steps: 719 | avg_delay: 0.7816 | avg_queue: 0.2500 | throughput: 3512 | emergency_stops: 0 | loss_total: 1113080.1314 | loss_rl: 1113080.1312 | loss_pred: 0.0050
Episode  225 | reward: -3105.9444 | epsilon: 0.1167 | steps: 719 | avg_delay: 1.7957 | avg_queue: 0.2222 | throughput: 3507 | emergency_stops: 0 | loss_total: 1419157.3938 | loss_rl: 1419157.3937 | loss_pred: 0.0050
Episode  226 | reward: -3115.6111 | epsilon: 0.1155 | steps: 719 | avg_delay: 0.4659 | avg_queue: 0.1250 | throughput: 3510 | emergency_stops: 0 | loss_total: 1798298.7128 | loss_rl: 1798298.7126 | loss_pred: 0.0051
Episode  227 | reward: -4827.5556 | epsilon: 0.1144 | steps: 719 | avg_delay: 35.9449 | avg_queue: 0.7083 | throughput: 3473 | emergency_stops: 0 | loss_total: 931832.4783 | loss_rl: 931832.4781 | loss_pred: 0.0050
Episode  228 | reward: -3190.3889 | epsilon: 0.1132 | steps: 719 | avg_delay: 0.6264 | avg_queue: 0.1944 | throughput: 3508 | emergency_stops: 0 | loss_total: 959488.1249 | loss_rl: 959488.1248 | loss_pred: 0.0051
Episode  229 | reward: -3085.7222 | epsilon: 0.1121 | steps: 719 | avg_delay: 0.8523 | avg_queue: 0.2361 | throughput: 3512 | emergency_stops: 0 | loss_total: 681945.5280 | loss_rl: 681945.5279 | loss_pred: 0.0050
Episode  230 | reward: -3228.0556 | epsilon: 0.1110 | steps: 719 | avg_delay: 0.6860 | avg_queue: 0.1667 | throughput: 3513 | emergency_stops: 0 | loss_total: 559907.5811 | loss_rl: 559907.5809 | loss_pred: 0.0051 | eval_reward: -31335.9667 | eval_reward_std: 56737.1717 | eval_avg_delay: 0.4781 | eval_avg_queue: 0.1444 | eval_throughput: 3503.0000 | eval_emergency_stops: 0.0000
Episode  231 | reward: -3136.5000 | epsilon: 0.1098 | steps: 719 | avg_delay: 0.3537 | avg_queue: 0.0694 | throughput: 3516 | emergency_stops: 0 | loss_total: 570388.5608 | loss_rl: 570388.5606 | loss_pred: 0.0050
Episode  232 | reward: -3052.3889 | epsilon: 0.1087 | steps: 719 | avg_delay: 0.9111 | avg_queue: 0.2500 | throughput: 3510 | emergency_stops: 0 | loss_total: 1657031.8512 | loss_rl: 1657031.8511 | loss_pred: 0.0050
Episode  233 | reward: -2970.3889 | epsilon: 0.1077 | steps: 719 | avg_delay: 0.5930 | avg_queue: 0.1528 | throughput: 3514 | emergency_stops: 0 | loss_total: 2873541.9245 | loss_rl: 2873541.9243 | loss_pred: 0.0051
Episode  234 | reward: -184117.2222 | epsilon: 0.1066 | steps: 719 | avg_delay: 0.6548 | avg_queue: 0.1111 | throughput: 3515 | emergency_stops: 0 | loss_total: 2510884.4371 | loss_rl: 2510884.4369 | loss_pred: 0.0051
Episode  235 | reward: -3109.3333 | epsilon: 0.1055 | steps: 719 | avg_delay: 1.0337 | avg_queue: 0.2222 | throughput: 3510 | emergency_stops: 0 | loss_total: 3298240.0182 | loss_rl: 3298240.0181 | loss_pred: 0.0052
Episode  236 | reward: -3040.2778 | epsilon: 0.1045 | steps: 719 | avg_delay: 1.5000 | avg_queue: 0.2917 | throughput: 3514 | emergency_stops: 0 | loss_total: 2525926.6834 | loss_rl: 2525926.6833 | loss_pred: 0.0053
Episode  237 | reward: -3105.8333 | epsilon: 0.1034 | steps: 719 | avg_delay: 0.5227 | avg_queue: 0.1250 | throughput: 3512 | emergency_stops: 0 | loss_total: 1358768.7007 | loss_rl: 1358768.7006 | loss_pred: 0.0053
Episode  238 | reward: -3107.8333 | epsilon: 0.1024 | steps: 719 | avg_delay: 1.4333 | avg_queue: 0.2917 | throughput: 3510 | emergency_stops: 0 | loss_total: 1747516.1659 | loss_rl: 1747516.1657 | loss_pred: 0.0052
Episode  239 | reward: -3028.8333 | epsilon: 0.1014 | steps: 719 | avg_delay: 0.1163 | avg_queue: 0.0417 | throughput: 3513 | emergency_stops: 0 | loss_total: 1546731.7030 | loss_rl: 1546731.7029 | loss_pred: 0.0052
Episode  240 | reward: -2987.8889 | epsilon: 0.1003 | steps: 719 | avg_delay: 0.1176 | avg_queue: 0.0556 | throughput: 3515 | emergency_stops: 0 | loss_total: 2340090.2827 | loss_rl: 2340090.2826 | loss_pred: 0.0052 | eval_reward: -38952.0556 | eval_reward_std: 72189.0421 | eval_avg_delay: 0.8623 | eval_avg_queue: 0.1861 | eval_throughput: 3510.6000 | eval_emergency_stops: 0.0000
Episode  241 | reward: -3013.5556 | epsilon: 0.0993 | steps: 719 | avg_delay: 0.5909 | avg_queue: 0.1389 | throughput: 3511 | emergency_stops: 0 | loss_total: 622948.2649 | loss_rl: 622948.2648 | loss_pred: 0.0052
Episode  242 | reward: -3027.8889 | epsilon: 0.0983 | steps: 719 | avg_delay: 0.4111 | avg_queue: 0.0694 | throughput: 3510 | emergency_stops: 0 | loss_total: 1927357.8137 | loss_rl: 1927357.8136 | loss_pred: 0.0051
Episode  243 | reward: -3102.7778 | epsilon: 0.0974 | steps: 719 | avg_delay: 0.1932 | avg_queue: 0.0833 | throughput: 3510 | emergency_stops: 0 | loss_total: 1408952.5669 | loss_rl: 1408952.5668 | loss_pred: 0.0052
Episode  244 | reward: -3125.1667 | epsilon: 0.0964 | steps: 719 | avg_delay: 0.4719 | avg_queue: 0.1250 | throughput: 3511 | emergency_stops: 0 | loss_total: 1027448.6443 | loss_rl: 1027448.6442 | loss_pred: 0.0052
Episode  245 | reward: -3070.0556 | epsilon: 0.0954 | steps: 719 | avg_delay: 0.6588 | avg_queue: 0.2361 | throughput: 3515 | emergency_stops: 0 | loss_total: 858021.3533 | loss_rl: 858021.3532 | loss_pred: 0.0051
Episode  246 | reward: -3149.3333 | epsilon: 0.0945 | steps: 719 | avg_delay: 0.1705 | avg_queue: 0.1250 | throughput: 3512 | emergency_stops: 0 | loss_total: 1802385.5607 | loss_rl: 1802385.5606 | loss_pred: 0.0052
Episode  247 | reward: -3166.9444 | epsilon: 0.0935 | steps: 719 | avg_delay: 0.1264 | avg_queue: 0.0694 | throughput: 3511 | emergency_stops: 0 | loss_total: 1625596.3445 | loss_rl: 1625596.3444 | loss_pred: 0.0051
Episode  248 | reward: -3049.8333 | epsilon: 0.0926 | steps: 719 | avg_delay: 0.0465 | avg_queue: 0.0278 | throughput: 3513 | emergency_stops: 0 | loss_total: 3154698.2345 | loss_rl: 3154698.2344 | loss_pred: 0.0051
Episode  249 | reward: -3140.6111 | epsilon: 0.0917 | steps: 719 | avg_delay: 0.4138 | avg_queue: 0.0972 | throughput: 3513 | emergency_stops: 0 | loss_total: 2076531.4124 | loss_rl: 2076531.4123 | loss_pred: 0.0052
Episode  250 | reward: -3137.1111 | epsilon: 0.0908 | steps: 719 | avg_delay: 1.1648 | avg_queue: 0.2361 | throughput: 3509 | emergency_stops: 0 | loss_total: 2943852.8928 | loss_rl: 2943852.8927 | loss_pred: 0.0051 | eval_reward: -3000.5556 | eval_reward_std: 48.0767 | eval_avg_delay: 0.4253 | eval_avg_queue: 0.1139 | eval_throughput: 3511.2000 | eval_emergency_stops: 0.0000
Episode  251 | reward: -2966.4444 | epsilon: 0.0898 | steps: 719 | avg_delay: 0.7303 | avg_queue: 0.1667 | throughput: 3510 | emergency_stops: 0 | loss_total: 2517096.4277 | loss_rl: 2517096.4275 | loss_pred: 0.0051
Episode  252 | reward: -3037.6667 | epsilon: 0.0889 | steps: 719 | avg_delay: 0.2791 | avg_queue: 0.0694 | throughput: 3513 | emergency_stops: 0 | loss_total: 1709891.0403 | loss_rl: 1709891.0402 | loss_pred: 0.0051
Episode  253 | reward: -3114.5556 | epsilon: 0.0881 | steps: 719 | avg_delay: 0.0690 | avg_queue: 0.0278 | throughput: 3512 | emergency_stops: 0 | loss_total: 3407006.7399 | loss_rl: 3407006.7398 | loss_pred: 0.0051
Episode  254 | reward: -3147.7222 | epsilon: 0.0872 | steps: 719 | avg_delay: 0.2558 | avg_queue: 0.0694 | throughput: 3512 | emergency_stops: 0 | loss_total: 1925647.4972 | loss_rl: 1925647.4971 | loss_pred: 0.0051
Episode  255 | reward: -3105.5000 | epsilon: 0.0863 | steps: 719 | avg_delay: 0.6023 | avg_queue: 0.1528 | throughput: 3512 | emergency_stops: 0 | loss_total: 2547956.1340 | loss_rl: 2547956.1339 | loss_pred: 0.0052
Episode  256 | reward: -389630.0000 | epsilon: 0.0854 | steps: 719 | avg_delay: 0.5778 | avg_queue: 0.1528 | throughput: 3510 | emergency_stops: 0 | loss_total: 5151419.6952 | loss_rl: 5151419.6951 | loss_pred: 0.0053
Episode  257 | reward: -3045.8333 | epsilon: 0.0846 | steps: 719 | avg_delay: 0.8539 | avg_queue: 0.1944 | throughput: 3511 | emergency_stops: 0 | loss_total: 3170444.3134 | loss_rl: 3170444.3133 | loss_pred: 0.0053
Episode  258 | reward: -168092.4444 | epsilon: 0.0837 | steps: 719 | avg_delay: 0.7816 | avg_queue: 0.1667 | throughput: 3512 | emergency_stops: 0 | loss_total: 3850455.9471 | loss_rl: 3850455.9470 | loss_pred: 0.0056
Episode  259 | reward: -3233.6111 | epsilon: 0.0829 | steps: 719 | avg_delay: 0.0899 | avg_queue: 0.0972 | throughput: 3511 | emergency_stops: 0 | loss_total: 3067722.7987 | loss_rl: 3067722.7986 | loss_pred: 0.0055
Episode  260 | reward: -3068.1111 | epsilon: 0.0821 | steps: 719 | avg_delay: 0.9540 | avg_queue: 0.1944 | throughput: 3513 | emergency_stops: 0 | loss_total: 3449644.1125 | loss_rl: 3449644.1124 | loss_pred: 0.0054 | eval_reward: -2955.5556 | eval_reward_std: 25.4740 | eval_avg_delay: 0.3921 | eval_avg_queue: 0.1028 | eval_throughput: 3510.2000 | eval_emergency_stops: 0.0000
Episode  261 | reward: -3008.6667 | epsilon: 0.0813 | steps: 719 | avg_delay: 0.7955 | avg_queue: 0.1944 | throughput: 3512 | emergency_stops: 0 | loss_total: 3169320.5202 | loss_rl: 3169320.5201 | loss_pred: 0.0054
Episode  262 | reward: -3132.5000 | epsilon: 0.0804 | steps: 719 | avg_delay: 1.2907 | avg_queue: 0.2361 | throughput: 3512 | emergency_stops: 0 | loss_total: 4254436.6329 | loss_rl: 4254436.6328 | loss_pred: 0.0054
Episode  263 | reward: -3093.5000 | epsilon: 0.0796 | steps: 719 | avg_delay: 1.2826 | avg_queue: 0.2639 | throughput: 3507 | emergency_stops: 0 | loss_total: 3385977.3761 | loss_rl: 3385977.3760 | loss_pred: 0.0053
Episode  264 | reward: -2969.0556 | epsilon: 0.0788 | steps: 719 | avg_delay: 1.4368 | avg_queue: 0.2778 | throughput: 3513 | emergency_stops: 0 | loss_total: 2490934.6027 | loss_rl: 2490934.6026 | loss_pred: 0.0054
Episode  265 | reward: -3045.2222 | epsilon: 0.0781 | steps: 719 | avg_delay: 1.2111 | avg_queue: 0.2500 | throughput: 3510 | emergency_stops: 0 | loss_total: 4107255.2567 | loss_rl: 4107255.2566 | loss_pred: 0.0053
Episode  266 | reward: -3007.8333 | epsilon: 0.0773 | steps: 719 | avg_delay: 1.1494 | avg_queue: 0.2639 | throughput: 3513 | emergency_stops: 0 | loss_total: 4001302.2481 | loss_rl: 4001302.2480 | loss_pred: 0.0054
Episode  267 | reward: -3065.8889 | epsilon: 0.0765 | steps: 719 | avg_delay: 0.5882 | avg_queue: 0.1389 | throughput: 3514 | emergency_stops: 0 | loss_total: 2984383.2331 | loss_rl: 2984383.2330 | loss_pred: 0.0054
Episode  268 | reward: -3135.9444 | epsilon: 0.0757 | steps: 719 | avg_delay: 0.9310 | avg_queue: 0.2222 | throughput: 3513 | emergency_stops: 0 | loss_total: 4524028.0658 | loss_rl: 4524028.0657 | loss_pred: 0.0053
Episode  269 | reward: -3032.5556 | epsilon: 0.0750 | steps: 719 | avg_delay: 0.5444 | avg_queue: 0.1528 | throughput: 3509 | emergency_stops: 0 | loss_total: 3632022.5870 | loss_rl: 3632022.5869 | loss_pred: 0.0054
Episode  270 | reward: -3025.0000 | epsilon: 0.0742 | steps: 719 | avg_delay: 0.8090 | avg_queue: 0.1806 | throughput: 3511 | emergency_stops: 0 | loss_total: 3964832.1556 | loss_rl: 3964832.1555 | loss_pred: 0.0054 | eval_reward: -25104.5778 | eval_reward_std: 44145.2378 | eval_avg_delay: 0.5464 | eval_avg_queue: 0.1194 | eval_throughput: 3510.6000 | eval_emergency_stops: 0.0000
Episode  271 | reward: -3118.8889 | epsilon: 0.0735 | steps: 719 | avg_delay: 0.9759 | avg_queue: 0.1667 | throughput: 3516 | emergency_stops: 0 | loss_total: 2558378.5739 | loss_rl: 2558378.5738 | loss_pred: 0.0053
Episode  272 | reward: -3018.6667 | epsilon: 0.0727 | steps: 719 | avg_delay: 0.6739 | avg_queue: 0.1944 | throughput: 3507 | emergency_stops: 0 | loss_total: 4698657.2723 | loss_rl: 4698657.2722 | loss_pred: 0.0054
Episode  273 | reward: -3035.8333 | epsilon: 0.0720 | steps: 719 | avg_delay: 1.0568 | avg_queue: 0.2500 | throughput: 3512 | emergency_stops: 0 | loss_total: 3060002.3179 | loss_rl: 3060002.3178 | loss_pred: 0.0053
Episode  274 | reward: -3067.4444 | epsilon: 0.0713 | steps: 719 | avg_delay: 0.7727 | avg_queue: 0.2083 | throughput: 3512 | emergency_stops: 0 | loss_total: 3998819.3935 | loss_rl: 3998819.3934 | loss_pred: 0.0052
Episode  275 | reward: -3006.7222 | epsilon: 0.0706 | steps: 719 | avg_delay: 0.3750 | avg_queue: 0.1111 | throughput: 3510 | emergency_stops: 0 | loss_total: 3395475.2312 | loss_rl: 3395475.2311 | loss_pred: 0.0052
Episode  276 | reward: -3138.1667 | epsilon: 0.0699 | steps: 719 | avg_delay: 0.6977 | avg_queue: 0.1111 | throughput: 3512 | emergency_stops: 0 | loss_total: 4038601.5327 | loss_rl: 4038601.5326 | loss_pred: 0.0051
Episode  277 | reward: -3008.3333 | epsilon: 0.0692 | steps: 719 | avg_delay: 0.4138 | avg_queue: 0.1528 | throughput: 3511 | emergency_stops: 0 | loss_total: 2897232.2462 | loss_rl: 2897232.2461 | loss_pred: 0.0052
Episode  278 | reward: -3077.5556 | epsilon: 0.0685 | steps: 719 | avg_delay: 1.5506 | avg_queue: 0.2361 | throughput: 3510 | emergency_stops: 0 | loss_total: 3182138.4110 | loss_rl: 3182138.4109 | loss_pred: 0.0051
Episode  279 | reward: -3018.6667 | epsilon: 0.0678 | steps: 719 | avg_delay: 0.2065 | avg_queue: 0.0972 | throughput: 3507 | emergency_stops: 0 | loss_total: 3383175.4509 | loss_rl: 3383175.4508 | loss_pred: 0.0052
Episode  280 | reward: -2966.5000 | epsilon: 0.0671 | steps: 719 | avg_delay: 0.9529 | avg_queue: 0.1667 | throughput: 3513 | emergency_stops: 0 | loss_total: 3018273.4822 | loss_rl: 3018273.4820 | loss_pred: 0.0051 | eval_reward: -2977.8333 | eval_reward_std: 44.6838 | eval_avg_delay: 0.5495 | eval_avg_queue: 0.1194 | eval_throughput: 3511.8000 | eval_emergency_stops: 0.0000
Episode  281 | reward: -3004.6667 | epsilon: 0.0665 | steps: 719 | avg_delay: 0.5435 | avg_queue: 0.1806 | throughput: 3507 | emergency_stops: 0 | loss_total: 3664142.1261 | loss_rl: 3664142.1260 | loss_pred: 0.0050
Episode  282 | reward: -3018.6667 | epsilon: 0.0658 | steps: 719 | avg_delay: 0.8851 | avg_queue: 0.1389 | throughput: 3512 | emergency_stops: 0 | loss_total: 4099643.1992 | loss_rl: 4099643.1991 | loss_pred: 0.0050
Episode  283 | reward: -3074.5000 | epsilon: 0.0651 | steps: 719 | avg_delay: 0.4545 | avg_queue: 0.1389 | throughput: 3512 | emergency_stops: 0 | loss_total: 2312248.1811 | loss_rl: 2312248.1810 | loss_pred: 0.0050
Episode  284 | reward: -3141.2778 | epsilon: 0.0645 | steps: 719 | avg_delay: 0.6629 | avg_queue: 0.2222 | throughput: 3510 | emergency_stops: 0 | loss_total: 2100420.6817 | loss_rl: 2100420.6816 | loss_pred: 0.0049
Episode  285 | reward: -3010.5556 | epsilon: 0.0638 | steps: 719 | avg_delay: 0.4598 | avg_queue: 0.1250 | throughput: 3512 | emergency_stops: 0 | loss_total: 3255269.0635 | loss_rl: 3255269.0634 | loss_pred: 0.0050
Episode  286 | reward: -3072.7778 | epsilon: 0.0632 | steps: 719 | avg_delay: 0.4186 | avg_queue: 0.1250 | throughput: 3514 | emergency_stops: 0 | loss_total: 2984093.6864 | loss_rl: 2984093.6863 | loss_pred: 0.0049
Episode  287 | reward: -3052.1111 | epsilon: 0.0626 | steps: 719 | avg_delay: 0.3605 | avg_queue: 0.0833 | throughput: 3513 | emergency_stops: 0 | loss_total: 3234757.0313 | loss_rl: 3234757.0312 | loss_pred: 0.0049
Episode  288 | reward: -2983.2778 | epsilon: 0.0619 | steps: 719 | avg_delay: 0.1124 | avg_queue: 0.0694 | throughput: 3511 | emergency_stops: 0 | loss_total: 2725769.1545 | loss_rl: 2725769.1544 | loss_pred: 0.0049
Episode  289 | reward: -3013.7222 | epsilon: 0.0613 | steps: 719 | avg_delay: 0.4944 | avg_queue: 0.1806 | throughput: 3510 | emergency_stops: 0 | loss_total: 1632291.3018 | loss_rl: 1632291.3017 | loss_pred: 0.0048
Episode  290 | reward: -3091.0000 | epsilon: 0.0607 | steps: 719 | avg_delay: 0.3452 | avg_queue: 0.0556 | throughput: 3514 | emergency_stops: 0 | loss_total: 2387644.6433 | loss_rl: 2387644.6432 | loss_pred: 0.0048 | eval_reward: -60382.5778 | eval_reward_std: 74552.5262 | eval_avg_delay: 40.9615 | eval_avg_queue: 0.8417 | eval_throughput: 3446.4000 | eval_emergency_stops: 0.0000
Episode  291 | reward: -3006.3333 | epsilon: 0.0601 | steps: 719 | avg_delay: 0.8444 | avg_queue: 0.2083 | throughput: 3510 | emergency_stops: 0 | loss_total: 2216245.1510 | loss_rl: 2216245.1509 | loss_pred: 0.0049
Episode  292 | reward: -2972.1667 | epsilon: 0.0595 | steps: 719 | avg_delay: 0.3864 | avg_queue: 0.0972 | throughput: 3512 | emergency_stops: 0 | loss_total: 1992359.7671 | loss_rl: 1992359.7670 | loss_pred: 0.0048
Episode  293 | reward: -3010.0000 | epsilon: 0.0589 | steps: 719 | avg_delay: 0.1778 | avg_queue: 0.0417 | throughput: 3510 | emergency_stops: 0 | loss_total: 3285196.5006 | loss_rl: 3285196.5004 | loss_pred: 0.0047
Episode  294 | reward: -2959.7778 | epsilon: 0.0583 | steps: 719 | avg_delay: 0.5294 | avg_queue: 0.1250 | throughput: 3513 | emergency_stops: 0 | loss_total: 1770259.0875 | loss_rl: 1770259.0874 | loss_pred: 0.0047
Episode  295 | reward: -3087.7778 | epsilon: 0.0577 | steps: 719 | avg_delay: 0.3011 | avg_queue: 0.1389 | throughput: 3506 | emergency_stops: 0 | loss_total: 3380293.7250 | loss_rl: 3380293.7249 | loss_pred: 0.0047
Episode  296 | reward: -4234.3889 | epsilon: 0.0572 | steps: 719 | avg_delay: 27.9600 | avg_queue: 0.8333 | throughput: 3475 | emergency_stops: 0 | loss_total: 3547191.5794 | loss_rl: 3547191.5793 | loss_pred: 0.0047
Episode  297 | reward: -3054.7778 | epsilon: 0.0566 | steps: 719 | avg_delay: 0.3523 | avg_queue: 0.0972 | throughput: 3511 | emergency_stops: 0 | loss_total: 2750319.7720 | loss_rl: 2750319.7718 | loss_pred: 0.0046
Episode  298 | reward: -3086.1667 | epsilon: 0.0560 | steps: 719 | avg_delay: 0.3820 | avg_queue: 0.1111 | throughput: 3511 | emergency_stops: 0 | loss_total: 1871092.9002 | loss_rl: 1871092.9001 | loss_pred: 0.0046
Episode  299 | reward: -397696.6111 | epsilon: 0.0555 | steps: 719 | avg_delay: 239.0412 | avg_queue: 6.5972 | throughput: 3032 | emergency_stops: 0 | loss_total: 2305816.9530 | loss_rl: 2305816.9528 | loss_pred: 0.0047
Episode  300 | reward: -149904.0556 | epsilon: 0.0549 | steps: 719 | avg_delay: 0.9310 | avg_queue: 0.2361 | throughput: 3513 | emergency_stops: 0 | loss_total: 2776146.6989 | loss_rl: 2776146.6988 | loss_pred: 0.0049 | eval_reward: -2997.8000 | eval_reward_std: 54.2314 | eval_avg_delay: 0.3560 | eval_avg_queue: 0.1083 | eval_throughput: 3510.2000 | eval_emergency_stops: 0.0000

Training complete! Best train reward: -2926.61 | Best eval reward: -2814.50
Logs saved to: D:\ITB\TA\gnn-marl-traffic\logs\gat_dqn_grid_3x3_pkji_m1_20260519_044453_pkji_level1_gat_dqn_eps095_tt300_100ep_grid_3x3_pkji_m1_s10
