============================================================
Training gat_dqn on grid_3x3_pkji_m1
Net: D:\ITB\TA\gnn-marl-traffic\data/networks/grid_3x3/grid_3x3_pkji_m1.net.xml
Route: D:\ITB\TA\gnn-marl-traffic\data/networks/grid_3x3/grid_3x3_pkji_m1.rou.xml
Episodes: 300
Seed: 1011 | Deterministic: True
Resume checkpoint: D:\ITB\TA\gnn-marl-traffic\logs\gat_dqn_grid_3x3_pkji_m1_20260519_044453_pkji_level1_gat_dqn_eps095_tt300_100ep_grid_3x3_pkji_m1_s1011\checkpoint_ep200.pt
============================================================
Number of agents (traffic lights): 9
Traffic light IDs: ['A1', 'B0', 'A0', 'A2', 'B1', 'B2', 'C0', 'C1', 'C2']
Observation dim: 43
Number of actions: 2
Number of lanes per intersection: 8
Adjacency matrix:
[[1. 0. 1. 1. 1. 0. 0. 0. 0.]
 [0. 1. 1. 0. 1. 0. 1. 0. 0.]
 [1. 1. 1. 0. 0. 0. 0. 0. 0.]
 [1. 0. 0. 1. 0. 1. 0. 0. 0.]
 [1. 1. 0. 0. 1. 1. 0. 1. 0.]
 [0. 0. 0. 1. 1. 1. 0. 0. 1.]
 [0. 1. 0. 0. 0. 0. 1. 1. 0.]
 [0. 0. 0. 0. 1. 0. 1. 1. 1.]
 [0. 0. 0. 0. 0. 1. 0. 1. 1.]]
Overriding epsilon from checkpoint to 0.1500
Overriding epsilon_end to 0.0500
Overriding epsilon_decay to 0.9900
Resuming from episode 201 (best_train_reward=-2938.06, best_eval_reward=-2829.83, replay_size=50000, epsilon=0.1500)
Episode  201 | reward: -3177.6667 | epsilon: 0.1485 | steps: 719 | avg_delay: 0.5281 | avg_queue: 0.1528 | throughput: 3511 | emergency_stops: 0 | loss_total: 1375863.8852 | loss_rl: 1375863.8851 | loss_pred: 0.0055
Episode  202 | reward: -3246.6667 | epsilon: 0.1470 | steps: 719 | avg_delay: 0.8706 | avg_queue: 0.2083 | throughput: 3515 | emergency_stops: 0 | loss_total: 1422667.1260 | loss_rl: 1422667.1259 | loss_pred: 0.0055
Episode  203 | reward: -3200.9444 | epsilon: 0.1455 | steps: 719 | avg_delay: 0.6163 | avg_queue: 0.1389 | throughput: 3513 | emergency_stops: 0 | loss_total: 1516732.5453 | loss_rl: 1516732.5452 | loss_pred: 0.0055
Episode  204 | reward: -3149.8889 | epsilon: 0.1441 | steps: 719 | avg_delay: 0.4382 | avg_queue: 0.1250 | throughput: 3510 | emergency_stops: 0 | loss_total: 1383460.7784 | loss_rl: 1383460.7783 | loss_pred: 0.0055
Episode  205 | reward: -3274.0000 | epsilon: 0.1426 | steps: 719 | avg_delay: 0.9222 | avg_queue: 0.2083 | throughput: 3510 | emergency_stops: 0 | loss_total: 1732792.8693 | loss_rl: 1732792.8692 | loss_pred: 0.0054
Episode  206 | reward: -3185.8333 | epsilon: 0.1412 | steps: 719 | avg_delay: 0.6667 | avg_queue: 0.1528 | throughput: 3510 | emergency_stops: 0 | loss_total: 2017015.7257 | loss_rl: 2017015.7256 | loss_pred: 0.0054
Episode  207 | reward: -3201.8889 | epsilon: 0.1398 | steps: 719 | avg_delay: 0.3222 | avg_queue: 0.1250 | throughput: 3509 | emergency_stops: 0 | loss_total: 1941757.6846 | loss_rl: 1941757.6845 | loss_pred: 0.0054
Episode  208 | reward: -3197.4444 | epsilon: 0.1384 | steps: 719 | avg_delay: 0.6250 | avg_queue: 0.1528 | throughput: 3512 | emergency_stops: 0 | loss_total: 1936840.4412 | loss_rl: 1936840.4411 | loss_pred: 0.0053
Episode  209 | reward: -3158.9444 | epsilon: 0.1370 | steps: 719 | avg_delay: 0.4778 | avg_queue: 0.1667 | throughput: 3508 | emergency_stops: 0 | loss_total: 2114405.0571 | loss_rl: 2114405.0569 | loss_pred: 0.0053
Episode  210 | reward: -3235.9444 | epsilon: 0.1357 | steps: 719 | avg_delay: 0.0233 | avg_queue: 0.0139 | throughput: 3512 | emergency_stops: 0 | loss_total: 1917181.0591 | loss_rl: 1917181.0589 | loss_pred: 0.0054 | eval_reward: -45181.1667 | eval_reward_std: 84449.6740 | eval_avg_delay: 0.8996 | eval_avg_queue: 0.1583 | eval_throughput: 3511.0000 | eval_emergency_stops: 0.0000
Episode  211 | reward: -3230.5556 | epsilon: 0.1343 | steps: 719 | avg_delay: 0.4773 | avg_queue: 0.1111 | throughput: 3511 | emergency_stops: 0 | loss_total: 1570866.5489 | loss_rl: 1570866.5488 | loss_pred: 0.0052
Episode  212 | reward: -3232.3889 | epsilon: 0.1330 | steps: 719 | avg_delay: 0.4302 | avg_queue: 0.1250 | throughput: 3513 | emergency_stops: 0 | loss_total: 1797421.0704 | loss_rl: 1797421.0703 | loss_pred: 0.0053
Episode  213 | reward: -3150.3889 | epsilon: 0.1316 | steps: 719 | avg_delay: 0.3605 | avg_queue: 0.1528 | throughput: 3514 | emergency_stops: 0 | loss_total: 907969.3832 | loss_rl: 907969.3831 | loss_pred: 0.0052
Episode  214 | reward: -3180.6111 | epsilon: 0.1303 | steps: 719 | avg_delay: 1.2222 | avg_queue: 0.2361 | throughput: 3510 | emergency_stops: 0 | loss_total: 1266425.6845 | loss_rl: 1266425.6844 | loss_pred: 0.0051
Episode  215 | reward: -3153.2778 | epsilon: 0.1290 | steps: 719 | avg_delay: 0.6977 | avg_queue: 0.2083 | throughput: 3514 | emergency_stops: 0 | loss_total: 1157023.7482 | loss_rl: 1157023.7481 | loss_pred: 0.0051
Episode  216 | reward: -157587.8333 | epsilon: 0.1277 | steps: 719 | avg_delay: 0.6279 | avg_queue: 0.1806 | throughput: 3514 | emergency_stops: 0 | loss_total: 1099392.7510 | loss_rl: 1099392.7509 | loss_pred: 0.0051
Episode  217 | reward: -3298.2222 | epsilon: 0.1264 | steps: 719 | avg_delay: 0.4222 | avg_queue: 0.1111 | throughput: 3510 | emergency_stops: 0 | loss_total: 1026696.4057 | loss_rl: 1026696.4056 | loss_pred: 0.0051
Episode  218 | reward: -3112.5556 | epsilon: 0.1252 | steps: 719 | avg_delay: 0.5802 | avg_queue: 0.1806 | throughput: 3519 | emergency_stops: 0 | loss_total: 640932.1047 | loss_rl: 640932.1046 | loss_pred: 0.0051
Episode  219 | reward: -3159.7778 | epsilon: 0.1239 | steps: 719 | avg_delay: 1.0460 | avg_queue: 0.2361 | throughput: 3513 | emergency_stops: 0 | loss_total: 1375095.9715 | loss_rl: 1375095.9714 | loss_pred: 0.0050
Episode  220 | reward: -3231.3889 | epsilon: 0.1227 | steps: 719 | avg_delay: 0.1609 | avg_queue: 0.0556 | throughput: 3512 | emergency_stops: 0 | loss_total: 437082.7291 | loss_rl: 437082.7289 | loss_pred: 0.0049 | eval_reward: -2969.9111 | eval_reward_std: 44.4524 | eval_avg_delay: 0.7284 | eval_avg_queue: 0.1778 | eval_throughput: 3512.6000 | eval_emergency_stops: 0.0000
Episode  221 | reward: -3129.1667 | epsilon: 0.1215 | steps: 719 | avg_delay: 0.9545 | avg_queue: 0.1806 | throughput: 3512 | emergency_stops: 0 | loss_total: 267420.5977 | loss_rl: 267420.5975 | loss_pred: 0.0048
Episode  222 | reward: -3163.5000 | epsilon: 0.1202 | steps: 719 | avg_delay: 0.1000 | avg_queue: 0.0694 | throughput: 3510 | emergency_stops: 0 | loss_total: 354926.0343 | loss_rl: 354926.0341 | loss_pred: 0.0048
Episode  223 | reward: -3155.4444 | epsilon: 0.1190 | steps: 719 | avg_delay: 1.0000 | avg_queue: 0.1944 | throughput: 3513 | emergency_stops: 0 | loss_total: 427044.5869 | loss_rl: 427044.5867 | loss_pred: 0.0048
Episode  224 | reward: -3164.7778 | epsilon: 0.1179 | steps: 719 | avg_delay: 0.6395 | avg_queue: 0.1528 | throughput: 3514 | emergency_stops: 0 | loss_total: 377464.9143 | loss_rl: 377464.9141 | loss_pred: 0.0049
Episode  225 | reward: -3181.6111 | epsilon: 0.1167 | steps: 719 | avg_delay: 0.6118 | avg_queue: 0.2222 | throughput: 3515 | emergency_stops: 0 | loss_total: 378723.0285 | loss_rl: 378723.0283 | loss_pred: 0.0048
Episode  226 | reward: -3051.3889 | epsilon: 0.1155 | steps: 719 | avg_delay: 0.9432 | avg_queue: 0.2222 | throughput: 3512 | emergency_stops: 0 | loss_total: 305073.8231 | loss_rl: 305073.8229 | loss_pred: 0.0048
Episode  227 | reward: -3130.7778 | epsilon: 0.1144 | steps: 719 | avg_delay: 0.7333 | avg_queue: 0.2361 | throughput: 3509 | emergency_stops: 0 | loss_total: 281786.9698 | loss_rl: 281786.9697 | loss_pred: 0.0048
Episode  228 | reward: -3103.3333 | epsilon: 0.1132 | steps: 719 | avg_delay: 0.9101 | avg_queue: 0.2083 | throughput: 3510 | emergency_stops: 0 | loss_total: 296206.0209 | loss_rl: 296206.0208 | loss_pred: 0.0048
Episode  229 | reward: -3211.9444 | epsilon: 0.1121 | steps: 719 | avg_delay: 0.4535 | avg_queue: 0.1111 | throughput: 3514 | emergency_stops: 0 | loss_total: 446744.4187 | loss_rl: 446744.4185 | loss_pred: 0.0047
Episode  230 | reward: -3021.2222 | epsilon: 0.1110 | steps: 719 | avg_delay: 0.3529 | avg_queue: 0.0556 | throughput: 3514 | emergency_stops: 0 | loss_total: 298326.7616 | loss_rl: 298326.7614 | loss_pred: 0.0048 | eval_reward: -3041.0556 | eval_reward_std: 70.4414 | eval_avg_delay: 0.4894 | eval_avg_queue: 0.1417 | eval_throughput: 3511.4000 | eval_emergency_stops: 0.0000
Episode  231 | reward: -3044.7778 | epsilon: 0.1098 | steps: 719 | avg_delay: 0.5714 | avg_queue: 0.1111 | throughput: 3515 | emergency_stops: 0 | loss_total: 290618.1942 | loss_rl: 290618.1940 | loss_pred: 0.0047
Episode  232 | reward: -3098.9444 | epsilon: 0.1087 | steps: 719 | avg_delay: 1.6111 | avg_queue: 0.2083 | throughput: 3509 | emergency_stops: 0 | loss_total: 325988.6395 | loss_rl: 325988.6393 | loss_pred: 0.0048
Episode  233 | reward: -3118.2778 | epsilon: 0.1077 | steps: 719 | avg_delay: 0.4828 | avg_queue: 0.1111 | throughput: 3513 | emergency_stops: 0 | loss_total: 214985.0640 | loss_rl: 214985.0638 | loss_pred: 0.0047
Episode  234 | reward: -3078.6667 | epsilon: 0.1066 | steps: 719 | avg_delay: 0.7674 | avg_queue: 0.2083 | throughput: 3514 | emergency_stops: 0 | loss_total: 223874.8901 | loss_rl: 223874.8899 | loss_pred: 0.0047
Episode  235 | reward: -3179.2778 | epsilon: 0.1055 | steps: 719 | avg_delay: 0.7356 | avg_queue: 0.1667 | throughput: 3513 | emergency_stops: 0 | loss_total: 285253.5950 | loss_rl: 285253.5949 | loss_pred: 0.0047
Episode  236 | reward: -3026.0000 | epsilon: 0.1045 | steps: 719 | avg_delay: 1.2805 | avg_queue: 0.2083 | throughput: 3518 | emergency_stops: 0 | loss_total: 248871.9913 | loss_rl: 248871.9912 | loss_pred: 0.0047
Episode  237 | reward: -3239.9444 | epsilon: 0.1034 | steps: 719 | avg_delay: 0.3902 | avg_queue: 0.1250 | throughput: 3517 | emergency_stops: 0 | loss_total: 261380.5377 | loss_rl: 261380.5375 | loss_pred: 0.0047
Episode  238 | reward: -3026.4444 | epsilon: 0.1024 | steps: 719 | avg_delay: 0.4588 | avg_queue: 0.1111 | throughput: 3515 | emergency_stops: 0 | loss_total: 228062.9565 | loss_rl: 228062.9563 | loss_pred: 0.0047
Episode  239 | reward: -2963.0000 | epsilon: 0.1014 | steps: 719 | avg_delay: 1.3146 | avg_queue: 0.2222 | throughput: 3511 | emergency_stops: 0 | loss_total: 208015.2657 | loss_rl: 208015.2655 | loss_pred: 0.0047
Episode  240 | reward: -3208.1111 | epsilon: 0.1003 | steps: 719 | avg_delay: 0.8953 | avg_queue: 0.2083 | throughput: 3513 | emergency_stops: 0 | loss_total: 207686.3456 | loss_rl: 207686.3454 | loss_pred: 0.0047 | eval_reward: -67040.2222 | eval_reward_std: 79515.7775 | eval_avg_delay: 0.5900 | eval_avg_queue: 0.1528 | eval_throughput: 3512.8000 | eval_emergency_stops: 0.0000
Episode  241 | reward: -3055.2222 | epsilon: 0.0993 | steps: 719 | avg_delay: 0.8256 | avg_queue: 0.1944 | throughput: 3514 | emergency_stops: 0 | loss_total: 205633.8255 | loss_rl: 205633.8254 | loss_pred: 0.0046
Episode  242 | reward: -3191.8889 | epsilon: 0.0983 | steps: 719 | avg_delay: 0.6818 | avg_queue: 0.1111 | throughput: 3511 | emergency_stops: 0 | loss_total: 255379.3771 | loss_rl: 255379.3769 | loss_pred: 0.0046
Episode  243 | reward: -139315.0000 | epsilon: 0.0974 | steps: 719 | avg_delay: 0.1190 | avg_queue: 0.0556 | throughput: 3515 | emergency_stops: 0 | loss_total: 409298.3160 | loss_rl: 409298.3158 | loss_pred: 0.0047
Episode  244 | reward: -2980.3889 | epsilon: 0.0964 | steps: 719 | avg_delay: 0.0805 | avg_queue: 0.0694 | throughput: 3513 | emergency_stops: 0 | loss_total: 483490.6577 | loss_rl: 483490.6576 | loss_pred: 0.0047
Episode  245 | reward: -3138.6667 | epsilon: 0.0954 | steps: 719 | avg_delay: 0.6517 | avg_queue: 0.1528 | throughput: 3511 | emergency_stops: 0 | loss_total: 337172.3038 | loss_rl: 337172.3037 | loss_pred: 0.0047
Episode  246 | reward: -3012.1111 | epsilon: 0.0945 | steps: 719 | avg_delay: 0.2235 | avg_queue: 0.0972 | throughput: 3515 | emergency_stops: 0 | loss_total: 428843.3742 | loss_rl: 428843.3741 | loss_pred: 0.0048
Episode  247 | reward: -3066.5556 | epsilon: 0.0935 | steps: 719 | avg_delay: 0.6067 | avg_queue: 0.1250 | throughput: 3511 | emergency_stops: 0 | loss_total: 309894.9596 | loss_rl: 309894.9595 | loss_pred: 0.0047
Episode  248 | reward: -3144.0000 | epsilon: 0.0926 | steps: 719 | avg_delay: 1.4941 | avg_queue: 0.2778 | throughput: 3515 | emergency_stops: 0 | loss_total: 485372.4637 | loss_rl: 485372.4636 | loss_pred: 0.0047
Episode  249 | reward: -3089.1667 | epsilon: 0.0917 | steps: 719 | avg_delay: 0.8706 | avg_queue: 0.2361 | throughput: 3514 | emergency_stops: 0 | loss_total: 555442.4820 | loss_rl: 555442.4819 | loss_pred: 0.0047
Episode  250 | reward: -2988.0556 | epsilon: 0.0908 | steps: 719 | avg_delay: 0.4607 | avg_queue: 0.0972 | throughput: 3511 | emergency_stops: 0 | loss_total: 486118.6968 | loss_rl: 486118.6967 | loss_pred: 0.0048 | eval_reward: -2962.5444 | eval_reward_std: 30.5527 | eval_avg_delay: 0.4953 | eval_avg_queue: 0.1306 | eval_throughput: 3513.0000 | eval_emergency_stops: 0.0000
Episode  251 | reward: -3156.7222 | epsilon: 0.0898 | steps: 719 | avg_delay: 0.6364 | avg_queue: 0.1528 | throughput: 3511 | emergency_stops: 0 | loss_total: 473767.1306 | loss_rl: 473767.1304 | loss_pred: 0.0048
Episode  252 | reward: -3063.4444 | epsilon: 0.0889 | steps: 719 | avg_delay: 0.2222 | avg_queue: 0.0972 | throughput: 3510 | emergency_stops: 0 | loss_total: 493328.6270 | loss_rl: 493328.6268 | loss_pred: 0.0047
Episode  253 | reward: -3120.8889 | epsilon: 0.0881 | steps: 719 | avg_delay: 0.6512 | avg_queue: 0.1389 | throughput: 3514 | emergency_stops: 0 | loss_total: 532141.3585 | loss_rl: 532141.3583 | loss_pred: 0.0048
Episode  254 | reward: -3009.0556 | epsilon: 0.0872 | steps: 719 | avg_delay: 0.4000 | avg_queue: 0.1250 | throughput: 3510 | emergency_stops: 0 | loss_total: 349801.3076 | loss_rl: 349801.3075 | loss_pred: 0.0048
Episode  255 | reward: -3119.9444 | epsilon: 0.0863 | steps: 719 | avg_delay: 0.4146 | avg_queue: 0.1389 | throughput: 3518 | emergency_stops: 0 | loss_total: 570786.0771 | loss_rl: 570786.0770 | loss_pred: 0.0048
Episode  256 | reward: -3302.3333 | epsilon: 0.0854 | steps: 719 | avg_delay: 1.0000 | avg_queue: 0.2222 | throughput: 3514 | emergency_stops: 0 | loss_total: 662097.0250 | loss_rl: 662097.0248 | loss_pred: 0.0048
Episode  257 | reward: -230444.2778 | epsilon: 0.0846 | steps: 719 | avg_delay: 1.6824 | avg_queue: 0.2778 | throughput: 3515 | emergency_stops: 0 | loss_total: 783023.1238 | loss_rl: 783023.1237 | loss_pred: 0.0048
Episode  258 | reward: -3036.0556 | epsilon: 0.0837 | steps: 719 | avg_delay: 0.5172 | avg_queue: 0.1389 | throughput: 3513 | emergency_stops: 0 | loss_total: 892112.2155 | loss_rl: 892112.2154 | loss_pred: 0.0049
Episode  259 | reward: -2958.1667 | epsilon: 0.0829 | steps: 719 | avg_delay: 0.9205 | avg_queue: 0.1806 | throughput: 3512 | emergency_stops: 0 | loss_total: 736919.8715 | loss_rl: 736919.8713 | loss_pred: 0.0049
Episode  260 | reward: -2934.3889 | epsilon: 0.0821 | steps: 719 | avg_delay: 1.1529 | avg_queue: 0.2222 | throughput: 3514 | emergency_stops: 0 | loss_total: 801926.1929 | loss_rl: 801926.1927 | loss_pred: 0.0049 | eval_reward: -2977.3111 | eval_reward_std: 61.5683 | eval_avg_delay: 0.4415 | eval_avg_queue: 0.1556 | eval_throughput: 3512.6000 | eval_emergency_stops: 0.0000
Episode  261 | reward: -3000.3333 | epsilon: 0.0813 | steps: 719 | avg_delay: 0.3483 | avg_queue: 0.1111 | throughput: 3510 | emergency_stops: 0 | loss_total: 998506.6456 | loss_rl: 998506.6455 | loss_pred: 0.0049
Episode  262 | reward: -3069.6111 | epsilon: 0.0804 | steps: 719 | avg_delay: 0.0345 | avg_queue: 0.0278 | throughput: 3513 | emergency_stops: 0 | loss_total: 982615.8006 | loss_rl: 982615.8005 | loss_pred: 0.0049
Episode  263 | reward: -3151.2778 | epsilon: 0.0796 | steps: 719 | avg_delay: 0.4881 | avg_queue: 0.1250 | throughput: 3515 | emergency_stops: 0 | loss_total: 576240.3486 | loss_rl: 576240.3484 | loss_pred: 0.0049
Episode  264 | reward: -3138.8889 | epsilon: 0.0788 | steps: 719 | avg_delay: 0.2472 | avg_queue: 0.0694 | throughput: 3511 | emergency_stops: 0 | loss_total: 657026.0734 | loss_rl: 657026.0733 | loss_pred: 0.0049
Episode  265 | reward: -3091.2222 | epsilon: 0.0781 | steps: 719 | avg_delay: 0.6628 | avg_queue: 0.1667 | throughput: 3514 | emergency_stops: 0 | loss_total: 666588.3600 | loss_rl: 666588.3598 | loss_pred: 0.0048
Episode  266 | reward: -3058.8889 | epsilon: 0.0773 | steps: 719 | avg_delay: 1.6897 | avg_queue: 0.3056 | throughput: 3513 | emergency_stops: 0 | loss_total: 700278.5318 | loss_rl: 700278.5316 | loss_pred: 0.0048
Episode  267 | reward: -3113.0000 | epsilon: 0.0765 | steps: 719 | avg_delay: 0.5000 | avg_queue: 0.1250 | throughput: 3515 | emergency_stops: 0 | loss_total: 619784.5852 | loss_rl: 619784.5851 | loss_pred: 0.0048
Episode  268 | reward: -2953.0000 | epsilon: 0.0757 | steps: 719 | avg_delay: 1.0333 | avg_queue: 0.2500 | throughput: 3510 | emergency_stops: 0 | loss_total: 581176.3791 | loss_rl: 581176.3789 | loss_pred: 0.0048
Episode  269 | reward: -3134.7778 | epsilon: 0.0750 | steps: 719 | avg_delay: 0.6744 | avg_queue: 0.1667 | throughput: 3513 | emergency_stops: 0 | loss_total: 699467.7768 | loss_rl: 699467.7766 | loss_pred: 0.0048
Episode  270 | reward: -3026.0556 | epsilon: 0.0742 | steps: 719 | avg_delay: 0.5652 | avg_queue: 0.1528 | throughput: 3507 | emergency_stops: 0 | loss_total: 1085790.1843 | loss_rl: 1085790.1842 | loss_pred: 0.0048 | eval_reward: -3005.2333 | eval_reward_std: 85.9374 | eval_avg_delay: 0.5633 | eval_avg_queue: 0.1389 | eval_throughput: 3512.6000 | eval_emergency_stops: 0.0000
Episode  271 | reward: -2953.2778 | epsilon: 0.0735 | steps: 719 | avg_delay: 0.9767 | avg_queue: 0.2222 | throughput: 3514 | emergency_stops: 0 | loss_total: 705806.0524 | loss_rl: 705806.0522 | loss_pred: 0.0048
Episode  272 | reward: -3100.0000 | epsilon: 0.0727 | steps: 719 | avg_delay: 0.5172 | avg_queue: 0.1667 | throughput: 3513 | emergency_stops: 0 | loss_total: 634068.5150 | loss_rl: 634068.5149 | loss_pred: 0.0048
Episode  273 | reward: -3036.4444 | epsilon: 0.0720 | steps: 719 | avg_delay: 0.7470 | avg_queue: 0.1806 | throughput: 3517 | emergency_stops: 0 | loss_total: 899946.1808 | loss_rl: 899946.1807 | loss_pred: 0.0048
Episode  274 | reward: -10014.0000 | epsilon: 0.0713 | steps: 719 | avg_delay: 63.8387 | avg_queue: 1.1528 | throughput: 3445 | emergency_stops: 0 | loss_total: 749966.7697 | loss_rl: 749966.7696 | loss_pred: 0.0048
Episode  275 | reward: -3130.8889 | epsilon: 0.0706 | steps: 719 | avg_delay: 0.3820 | avg_queue: 0.0833 | throughput: 3511 | emergency_stops: 0 | loss_total: 1122976.2406 | loss_rl: 1122976.2405 | loss_pred: 0.0048
Episode  276 | reward: -2988.6111 | epsilon: 0.0699 | steps: 719 | avg_delay: 0.4205 | avg_queue: 0.0972 | throughput: 3511 | emergency_stops: 0 | loss_total: 961346.9193 | loss_rl: 961346.9191 | loss_pred: 0.0049
Episode  277 | reward: -3127.5000 | epsilon: 0.0692 | steps: 719 | avg_delay: 0.7416 | avg_queue: 0.1944 | throughput: 3511 | emergency_stops: 0 | loss_total: 874967.5026 | loss_rl: 874967.5024 | loss_pred: 0.0049
Episode  278 | reward: -3045.9444 | epsilon: 0.0685 | steps: 719 | avg_delay: 0.5604 | avg_queue: 0.1250 | throughput: 3508 | emergency_stops: 0 | loss_total: 889370.5766 | loss_rl: 889370.5765 | loss_pred: 0.0048
Episode  279 | reward: -2967.4444 | epsilon: 0.0678 | steps: 719 | avg_delay: 0.2128 | avg_queue: 0.0833 | throughput: 3505 | emergency_stops: 0 | loss_total: 843799.2515 | loss_rl: 843799.2514 | loss_pred: 0.0048
Episode  280 | reward: -3073.3889 | epsilon: 0.0671 | steps: 719 | avg_delay: 0.6739 | avg_queue: 0.1389 | throughput: 3507 | emergency_stops: 0 | loss_total: 555350.0141 | loss_rl: 555350.0140 | loss_pred: 0.0047 | eval_reward: -95456.3667 | eval_reward_std: 185097.2382 | eval_avg_delay: 0.4719 | eval_avg_queue: 0.0972 | eval_throughput: 3512.0000 | eval_emergency_stops: 0.0000
Episode  281 | reward: -3130.6667 | epsilon: 0.0665 | steps: 719 | avg_delay: 1.0667 | avg_queue: 0.1944 | throughput: 3510 | emergency_stops: 0 | loss_total: 986007.4528 | loss_rl: 986007.4527 | loss_pred: 0.0048
Episode  282 | reward: -3078.5556 | epsilon: 0.0658 | steps: 719 | avg_delay: 1.5814 | avg_queue: 0.2500 | throughput: 3514 | emergency_stops: 0 | loss_total: 1049386.5388 | loss_rl: 1049386.5387 | loss_pred: 0.0048
Episode  283 | reward: -2967.4444 | epsilon: 0.0651 | steps: 719 | avg_delay: 0.2118 | avg_queue: 0.0972 | throughput: 3515 | emergency_stops: 0 | loss_total: 780283.1568 | loss_rl: 780283.1566 | loss_pred: 0.0048
Episode  284 | reward: -3049.0000 | epsilon: 0.0645 | steps: 719 | avg_delay: 1.2386 | avg_queue: 0.2639 | throughput: 3512 | emergency_stops: 0 | loss_total: 1133045.7871 | loss_rl: 1133045.7870 | loss_pred: 0.0047
Episode  285 | reward: -2943.9444 | epsilon: 0.0638 | steps: 719 | avg_delay: 0.4667 | avg_queue: 0.1250 | throughput: 3508 | emergency_stops: 0 | loss_total: 846667.5952 | loss_rl: 846667.5951 | loss_pred: 0.0047
Episode  286 | reward: -3182.7778 | epsilon: 0.0632 | steps: 719 | avg_delay: 0.2174 | avg_queue: 0.1389 | throughput: 3508 | emergency_stops: 0 | loss_total: 608737.3844 | loss_rl: 608737.3843 | loss_pred: 0.0046
Episode  287 | reward: -3033.7222 | epsilon: 0.0626 | steps: 719 | avg_delay: 0.8295 | avg_queue: 0.1806 | throughput: 3512 | emergency_stops: 0 | loss_total: 566261.0096 | loss_rl: 566261.0094 | loss_pred: 0.0046
Episode  288 | reward: -3006.5556 | epsilon: 0.0619 | steps: 719 | avg_delay: 1.1319 | avg_queue: 0.2361 | throughput: 3509 | emergency_stops: 0 | loss_total: 801222.1831 | loss_rl: 801222.1829 | loss_pred: 0.0046
Episode  289 | reward: -2964.2222 | epsilon: 0.0613 | steps: 719 | avg_delay: 0.2609 | avg_queue: 0.0972 | throughput: 3508 | emergency_stops: 0 | loss_total: 716160.2082 | loss_rl: 716160.2081 | loss_pred: 0.0046
Episode  290 | reward: -3011.9444 | epsilon: 0.0607 | steps: 719 | avg_delay: 0.6667 | avg_queue: 0.1806 | throughput: 3510 | emergency_stops: 0 | loss_total: 493476.2152 | loss_rl: 493476.2150 | loss_pred: 0.0046 | eval_reward: -2933.4000 | eval_reward_std: 72.9202 | eval_avg_delay: 0.4153 | eval_avg_queue: 0.1111 | eval_throughput: 3511.6000 | eval_emergency_stops: 0.0000
Episode  291 | reward: -3158.5556 | epsilon: 0.0601 | steps: 719 | avg_delay: 0.5909 | avg_queue: 0.1528 | throughput: 3512 | emergency_stops: 0 | loss_total: 791238.5743 | loss_rl: 791238.5742 | loss_pred: 0.0046
Episode  292 | reward: -3112.2778 | epsilon: 0.0595 | steps: 719 | avg_delay: 0.6932 | avg_queue: 0.1528 | throughput: 3512 | emergency_stops: 0 | loss_total: 433667.9119 | loss_rl: 433667.9118 | loss_pred: 0.0046
Episode  293 | reward: -2958.6111 | epsilon: 0.0589 | steps: 719 | avg_delay: 1.0225 | avg_queue: 0.2083 | throughput: 3511 | emergency_stops: 0 | loss_total: 747149.0097 | loss_rl: 747149.0096 | loss_pred: 0.0045
Episode  294 | reward: -3015.8889 | epsilon: 0.0583 | steps: 719 | avg_delay: 0.4828 | avg_queue: 0.1667 | throughput: 3513 | emergency_stops: 0 | loss_total: 614512.1412 | loss_rl: 614512.1411 | loss_pred: 0.0045
Episode  295 | reward: -2957.5000 | epsilon: 0.0577 | steps: 719 | avg_delay: 0.1047 | avg_queue: 0.0417 | throughput: 3514 | emergency_stops: 0 | loss_total: 653317.4811 | loss_rl: 653317.4810 | loss_pred: 0.0045
Episode  296 | reward: -7629.4444 | epsilon: 0.0572 | steps: 719 | avg_delay: 55.2600 | avg_queue: 1.1111 | throughput: 3450 | emergency_stops: 0 | loss_total: 479513.4210 | loss_rl: 479513.4208 | loss_pred: 0.0045
Episode  297 | reward: -3044.5556 | epsilon: 0.0566 | steps: 719 | avg_delay: 0.6292 | avg_queue: 0.1806 | throughput: 3511 | emergency_stops: 0 | loss_total: 522039.4797 | loss_rl: 522039.4795 | loss_pred: 0.0045
Episode  298 | reward: -2865.5000 | epsilon: 0.0560 | steps: 719 | avg_delay: 0.3864 | avg_queue: 0.1389 | throughput: 3512 | emergency_stops: 0 | loss_total: 567547.5401 | loss_rl: 567547.5400 | loss_pred: 0.0045
Episode  299 | reward: -2984.1667 | epsilon: 0.0555 | steps: 719 | avg_delay: 0.5172 | avg_queue: 0.1111 | throughput: 3512 | emergency_stops: 0 | loss_total: 953380.7643 | loss_rl: 953380.7642 | loss_pred: 0.0045
Episode  300 | reward: -2928.2222 | epsilon: 0.0549 | steps: 719 | avg_delay: 1.0476 | avg_queue: 0.2361 | throughput: 3515 | emergency_stops: 0 | loss_total: 581770.5219 | loss_rl: 581770.5218 | loss_pred: 0.0045 | eval_reward: -2983.4556 | eval_reward_std: 20.0445 | eval_avg_delay: 1.2157 | eval_avg_queue: 0.2083 | eval_throughput: 3510.8000 | eval_emergency_stops: 0.0000

Training complete! Best train reward: -2865.50 | Best eval reward: -2829.83
Logs saved to: D:\ITB\TA\gnn-marl-traffic\logs\gat_dqn_grid_3x3_pkji_m1_20260519_044453_pkji_level1_gat_dqn_eps095_tt300_100ep_grid_3x3_pkji_m1_s1011
