Warning: Vehicle '823' performs emergency braking on lane ':C1_16_1' with decel=9.00, wished=4.50, severity=1.00, time=863.00.
Warning: Vehicle '611' performs emergency braking on lane ':B1_6_1' with decel=10.00, wished=5.00, severity=1.00, time=658.00.
Warning: Teleporting vehicle '1695'; waited too long (yield), lane=':B1_13_0', time=2359.00.
Warning: Vehicle '1695' ends teleporting on edge 'B1A1', time=2359.00.
Warning: Teleporting vehicle '1723'; waited too long (yield), lane=':B1_18_0', time=2376.00.
Warning: Vehicle '1723' ends teleporting on edge 'B1B2', time=2376.00.
Warning: Teleporting vehicle '1712'; waited too long (jam), lane=':B1_16_1', time=2378.00.
Warning: Vehicle '1712' ends teleporting on edge 'B1C1', time=2378.00.
Warning: Teleporting vehicle '1748'; waited too long (jam), lane='C1B1_1', time=2403.00.
Warning: Vehicle '1748' ends teleporting on edge 'B1A1', time=2403.00.
Warning: Teleporting vehicle '1780'; waited too long (yield), lane=':B2_8_0', time=2477.00.
Warning: Vehicle '1780' ends teleporting on edge 'B2B1', time=2477.00.
Warning: Teleporting vehicle '1830'; waited too long (jam), lane=':B2_16_1', time=2490.00.
Warning: Teleporting vehicle '1859'; waited too long (yield), lane=':B2_3_0', time=2490.00.
Warning: Vehicle '1830' ends teleporting on edge 'B2C2', time=2490.00.
Warning: Vehicle '1859' ends teleporting on edge 'B2C2', time=2490.00.
Warning: Teleporting vehicle '927'; waited too long (yield), lane=':B1_18_0', time=1579.00.
Warning: Vehicle '927' ends teleporting on edge 'B1B2', time=1579.00.
Warning: Teleporting vehicle '704'; waited too long (yield), lane=':B1_18_0', time=1364.00.
Warning: Vehicle '704' ends teleporting on edge 'B1B2', time=1364.00.
Warning: Teleporting vehicle '1796'; waited too long (jam), lane=':A1_1_1', time=2459.00.
Warning: Teleporting vehicle '1823'; waited too long (yield), lane=':A1_18_0', time=2459.00.
Warning: Vehicle '1796' ends teleporting on edge 'A1A0', time=2459.00.
Warning: Vehicle '1823' ends teleporting on edge 'A1A2', time=2459.00.
Warning: Vehicle '98' performs emergency braking on lane ':B1_6_1' with decel=10.00, wished=5.00, severity=1.00, time=118.00.
Warning: Vehicle '2792' performs emergency braking on lane ':B1_16_1' with decel=9.00, wished=4.50, severity=1.00, time=2843.00.
Warning: Teleporting vehicle '705'; waited too long (yield), lane=':B1_13_0', time=1329.00.
Warning: Vehicle '705' ends teleporting on edge 'B1A1', time=1329.00.
Warning: Teleporting vehicle '664'; waited too long (jam), lane=':B1_1_1', time=1341.00.
Warning: Vehicle '664' ends teleporting on edge 'B1B0', time=1341.00.
Warning: Teleporting vehicle '704'; waited too long (yield), lane=':B1_18_0', time=1349.00.
Warning: Vehicle '704' ends teleporting on edge 'B1B2', time=1349.00.
Warning: Teleporting vehicle '709'; waited too long (jam), lane='C1B1_1', time=1373.00.
Warning: Vehicle '709' ends teleporting on edge 'B1A1', time=1373.00.
Warning: Teleporting vehicle '740'; waited too long (jam), lane=':B1_6_0', time=1381.00.
Warning: Vehicle '740' ends teleporting on edge 'B1A1', time=1381.00.
Warning: Teleporting vehicle '731'; waited too long (jam), lane=':B1_6_0', time=1384.00.
Warning: Vehicle '731' ends teleporting on edge 'B1A1', time=1384.00.
Warning: Teleporting vehicle '669'; waited too long (jam), lane=':B1_6_0', time=1385.00.
Warning: Vehicle '669' ends teleporting on edge 'B1A1', time=1387.00.
Warning: Teleporting vehicle '716'; waited too long (jam), lane=':B1_11_0', time=1394.00.
Warning: Vehicle '716' ends teleporting on edge 'B1B2', time=1394.00.
Warning: Teleporting vehicle '681'; waited too long (jam), lane=':B1_11_0', time=1396.00.
Warning: Vehicle '681' ends teleporting on edge 'B1B2', time=1396.00.
Warning: Vehicle '875' performs emergency braking on lane ':B1_11_1' with decel=7.00, wished=4.00, severity=1.00, time=918.00.
Warning: Vehicle '623' performs emergency braking on lane ':C1_16_1' with decel=9.00, wished=4.50, severity=1.00, time=763.00.
Warning: Teleporting vehicle '138'; waited too long (yield), lane=':B1_3_0', time=819.00.
Warning: Vehicle '138' ends teleporting on edge 'B1C1', time=819.00.
Warning: Teleporting vehicle '188'; waited too long (jam), lane=':B1_6_1', time=837.00.
Warning: Vehicle '188' ends teleporting on edge 'B1A1', time=837.00.
Warning: Teleporting vehicle '199'; waited too long (jam), lane=':B1_6_1', time=841.00.
Warning: Vehicle '199' ends teleporting on edge 'B1A1', time=841.00.
Warning: Teleporting vehicle '190'; waited too long (jam), lane=':B1_11_1', time=853.00.
Warning: Vehicle '190' ends teleporting on edge 'B1B2', time=853.00.
Warning: Teleporting vehicle '212'; waited too long (jam), lane=':B1_11_1', time=860.00.
Warning: Vehicle '212' ends teleporting on edge 'B1B2', time=860.00.
Warning: Teleporting vehicle '232'; waited too long (jam), lane=':B1_6_1', time=864.00.
Warning: Vehicle '232' ends teleporting on edge 'B1A1', time=864.00.
Warning: Teleporting vehicle '220'; waited too long (jam), lane='A1B1_1', time=923.00.
Warning: Vehicle '220' ends teleporting on edge 'B1C1', time=923.00.
Warning: Teleporting vehicle '265'; waited too long (jam), lane=':B1_16_0', time=928.00.
Warning: Vehicle '265' ends teleporting on edge 'B1C1', time=928.00.
Warning: Teleporting vehicle '930'; waited too long (yield), lane=':A1_3_0', time=1594.00.
Warning: Vehicle '930' ends teleporting on edge 'A1B1', time=1594.00.
Warning: Teleporting vehicle '917'; waited too long (yield), lane='A2A1_1', time=1599.00.
Warning: Vehicle '917' ends teleporting on edge 'A1B1', time=1599.00.
