Warning: Vehicle '3291' performs emergency braking on lane ':B1_16_1' with decel=9.00, wished=4.50, severity=1.00, time=3325.00.
Warning: Teleporting vehicle '2770'; waited too long (jam), lane=':B1_6_1', time=3436.00.
Warning: Vehicle '2770' ends teleporting on edge 'B1A1', time=3436.00.
Warning: Vehicle '2559' performs emergency braking on lane ':B0_1_1' with decel=10.00, wished=5.00, severity=1.00, time=2578.00.
Warning: Vehicle '3174' performs emergency braking on lane ':B2_11_1' with decel=7.00, wished=4.00, severity=1.00, time=3268.00.
Warning: Teleporting vehicle '939'; waited too long (yield), lane=':B1_18_0', time=1564.00.
Warning: Vehicle '939' ends teleporting on edge 'B1B2', time=1564.00.
Warning: Teleporting vehicle '927'; waited too long (yield), lane='A1B1_1', time=1567.00.
Warning: Vehicle '927' ends teleporting on edge 'B1B2', time=1567.00.
Warning: Teleporting vehicle '923'; waited too long (jam), lane=':B1_6_1', time=1580.00.
Warning: Vehicle '923' ends teleporting on edge 'B1A1', time=1580.00.
Warning: Teleporting vehicle '951'; waited too long (jam), lane=':B1_6_1', time=1598.00.
Warning: Vehicle '951' ends teleporting on edge 'B1A1', time=1598.00.
Warning: Teleporting vehicle '979'; waited too long (yield), lane=':B1_8_0', time=1603.00.
Warning: Vehicle '979' ends teleporting on edge 'B1B0', time=1603.00.
Warning: Teleporting vehicle '978'; waited too long (yield), lane=':B1_3_0', time=1620.00.
Warning: Vehicle '978' ends teleporting on edge 'B1C1', time=1620.00.
Warning: Vehicle '908' performs emergency braking on lane ':B2_11_1' with decel=10.00, wished=5.00, severity=1.00, time=969.00.
Error: tcpip::Socket::recvAndCheck @ recv: Socket reset by peer
Quitting (on error).
