Warning: Teleporting vehicle '1190'; waited too long (yield), lane=':B1_13_0', time=1844.00.
Warning: Vehicle '1190' ends teleporting on edge 'B1A1', time=1844.00.
Warning: Teleporting vehicle '1141'; waited too long (jam), lane=':B1_1_1', time=1852.00.
Warning: Vehicle '1141' ends teleporting on edge 'B1B0', time=1852.00.
Warning: Teleporting vehicle '1191'; waited too long (jam), lane='A1B1_0', time=1863.00.
Warning: Vehicle '1191' ends teleporting on edge 'B1C1', time=1863.00.
Warning: Teleporting vehicle '1695'; waited too long (yield), lane=':B1_13_0', time=2359.00.
Warning: Vehicle '1695' ends teleporting on edge 'B1A1', time=2359.00.
Warning: Teleporting vehicle '1764'; waited too long (yield), lane='B0B1_1', time=2385.00.
Warning: Vehicle '1764' ends teleporting on edge 'B1A1', time=2385.00.
Warning: Teleporting vehicle '1712'; waited too long (jam), lane=':B1_16_1', time=2389.00.
Warning: Vehicle '1712' ends teleporting on edge 'B1C1', time=2389.00.
Warning: Teleporting vehicle '1780'; waited too long (yield), lane=':B2_8_0', time=2481.00.
Warning: Vehicle '1780' ends teleporting on edge 'B2B1', time=2481.00.
Warning: Teleporting vehicle '1845'; waited too long (yield), lane='B1B2_1', time=2512.00.
Warning: Vehicle '1845' ends teleporting on edge 'B2A2', time=2512.00.
Warning: Teleporting vehicle '1908'; waited too long (yield), lane='A2B2_0', time=2550.00.
Warning: Vehicle '1908' ends teleporting on edge 'B2C2', time=2550.00.
Warning: Teleporting vehicle '1797'; waited too long (jam), lane=':B2_6_0', time=2554.00.
Warning: Vehicle '1797' ends teleporting on edge 'B2A2', time=2554.00.
Warning: Teleporting vehicle '1821'; waited too long (jam), lane=':B2_6_0', time=2557.00.
Warning: Vehicle '1821' ends teleporting on edge 'B2A2', time=2557.00.
Warning: Vehicle '917' performs emergency braking on lane ':C1_16_1' with decel=9.00, wished=4.50, severity=1.00, time=994.00.
Warning: Vehicle '709' performs emergency braking on lane ':B1_6_1' with decel=10.00, wished=5.00, severity=1.00, time=766.00.
Warning: Vehicle '2891' performs emergency braking on lane ':A1_6_1' with decel=10.00, wished=5.00, severity=1.00, time=2958.00.
Warning: Teleporting vehicle '2376'; waited too long (yield), lane=':B1_8_0', time=3016.00.
Warning: Teleporting vehicle '2372'; waited too long (jam), lane=':B1_23_0', time=3016.00.
Warning: Vehicle '2372' ends teleporting on edge 'B1C1', time=3016.00.
Warning: Vehicle '2376' ends teleporting on edge 'B1B0', time=3016.00.
Warning: Vehicle '3554' performs emergency braking on lane ':C1_6_1' with decel=10.00, wished=5.00, severity=1.00, time=3573.00.
