Warning: Vehicle '1625' performs emergency braking on lane ':B2_11_1' with decel=7.00, wished=4.00, severity=1.00, time=1694.00.
Warning: Teleporting vehicle '138'; waited too long (yield), lane=':B1_3_0', time=816.00.
Warning: Vehicle '138' ends teleporting on edge 'B1C1', time=816.00.
Warning: Teleporting vehicle '150'; waited too long (yield), lane='B2B1_1', time=828.00.
Warning: Vehicle '150' ends teleporting on edge 'B1C1', time=828.00.
Warning: Teleporting vehicle '199'; waited too long (jam), lane=':B1_6_1', time=841.00.
Warning: Vehicle '199' ends teleporting on edge 'B1A1', time=841.00.
Warning: Teleporting vehicle '188'; waited too long (jam), lane=':B1_6_1', time=872.00.
Warning: Vehicle '188' ends teleporting on edge 'B1A1', time=872.00.
Warning: Teleporting vehicle '232'; waited too long (jam), lane=':B1_6_1', time=898.00.
Warning: Vehicle '232' ends teleporting on edge 'B1A1', time=898.00.
Warning: Teleporting vehicle '278'; waited too long (yield), lane='A1B1_1', time=903.00.
Warning: Vehicle '278' ends teleporting on edge 'B1C1', time=903.00.
Warning: Teleporting vehicle '220'; waited too long (jam), lane=':B1_16_0', time=907.00.
Warning: Vehicle '220' ends teleporting on edge 'B1C1', time=907.00.
Warning: Teleporting vehicle '265'; waited too long (jam), lane=':B1_16_0', time=908.00.
Warning: Vehicle '265' ends teleporting on edge 'B1C1', time=908.00.
Warning: Teleporting vehicle '722'; waited too long (yield), lane='C2B2_1', time=1343.00.
Warning: Teleporting vehicle '190'; waited too long (jam), lane=':B1_11_1', time=1424.00.
Warning: Vehicle '190' ends teleporting on edge 'B1B2', time=1424.00.
Warning: Teleporting vehicle '223'; waited too long (jam), lane=':B1_11_1', time=1426.00.
Warning: Vehicle '223' ends teleporting on edge 'B1B2', time=1426.00.
Warning: Teleporting vehicle '231'; waited too long (jam), lane=':B1_6_0', time=1427.00.
Warning: Vehicle '231' ends teleporting on edge 'B1A1', time=1427.00.
Warning: Teleporting vehicle '175'; waited too long (yield), lane=':B1_3_0', time=1445.00.
Warning: Vehicle '175' ends teleporting on edge 'B1C1', time=1445.00.
Warning: Teleporting vehicle '833'; waited too long (jam), lane='C2C1_0', time=1499.00.
Warning: Vehicle '833' ends teleporting on edge 'C1B1', time=1516.00.
Warning: Vehicle '722' ends teleporting on edge 'B1C1', time=1524.00.
Warning: Teleporting vehicle '303'; waited too long (yield), lane='B1C1_1', time=1534.00.
Warning: Vehicle '303' ends teleporting on edge 'C1B1', time=1576.00.
Warning: Teleporting vehicle '1236'; waited too long (jam), lane=':B1_11_0', time=2308.00.
Warning: Vehicle '1236' ends teleporting on edge 'B1B2', time=2308.00.
Warning: Teleporting vehicle '1097'; waited too long (wrong lane), lane='B2B1_0', time=2401.00.
Warning: Teleporting vehicle '1804'; waited too long (yield), lane='top1B2_1', time=2424.00.
Warning: Vehicle '1804' ends teleporting on edge 'B2B1', time=2424.00.
Warning: Teleporting vehicle '1334'; waited too long (yield), lane='C2B2_1', time=2463.00.
Warning: Vehicle '1334' ends teleporting on edge 'B2B1', time=2463.00.
Warning: Teleporting vehicle '742'; waited too long (yield), lane='B1B2_1', time=2477.00.
Warning: Vehicle '742' ends teleporting on edge 'B2B1', time=2477.00.
Warning: Teleporting vehicle '1861'; waited too long (yield), lane='top1B2_0', time=2514.00.
Warning: Teleporting vehicle '296'; waited too long (yield), lane='B1C1_1', time=2523.00.
Warning: Vehicle '1097' ends teleporting on edge 'B1C1', time=2523.00.
Warning: Teleporting vehicle '455'; waited too long (yield), lane='B1C1_1', time=2524.00.
Warning: Vehicle '455' ends teleporting on edge 'C1C2', time=2524.00.
Warning: Vehicle '296' ends teleporting on edge 'C1B1', time=2544.00.
Warning: Teleporting vehicle '1766'; waited too long (jam), lane='C0B0_0', time=2590.00.
Warning: Teleporting vehicle '2013'; waited too long (yield), lane='right1C1_1', time=2635.00.
Warning: Vehicle '1861' ends teleporting on edge 'B1B0', time=2695.00.
Warning: Vehicle '1766' ends teleporting on edge 'B1B2', time=2771.00.
Warning: Vehicle '2013' ends teleporting on edge 'B1B0', time=2816.00.
Warning: Teleporting vehicle '2233'; waited too long (yield), lane='B0C0_1', time=2880.00.
Warning: Teleporting vehicle '598'; waited too long (yield), lane='B2B1_1', time=2925.00.
Warning: Vehicle '598' ends teleporting on edge 'B1C1', time=2925.00.
Warning: Teleporting vehicle '2301'; waited too long (yield), lane='left2A2_0', time=2926.00.
Warning: Vehicle '2301' ends teleporting on edge 'A2B2', time=2926.00.
Warning: Teleporting vehicle '1091'; waited too long (yield), lane='B0B1_0', time=2930.00.
Warning: Teleporting vehicle '1749'; waited too long (jam), lane=':B1_11_1', time=2958.00.
Warning: Vehicle '1749' ends teleporting on edge 'B1B2', time=2958.00.
Warning: Teleporting vehicle '1751'; waited too long (yield), lane='B0B1_1', time=2960.00.
Warning: Vehicle '1751' ends teleporting on edge 'B1B2', time=2960.00.
Warning: Teleporting vehicle '1270'; waited too long (yield), lane='A1B1_1', time=3002.00.
Warning: Teleporting vehicle '1327'; waited too long (jam), lane=':B1_16_0', time=3005.00.
Warning: Vehicle '1327' ends teleporting on edge 'B1C1', time=3005.00.
Warning: Teleporting vehicle '2266'; waited too long (yield), lane='A0B0_1', time=3011.00.
Warning: Vehicle '2266' ends teleporting on edge 'B0B1', time=3012.00.
Warning: Teleporting vehicle '1999'; waited too long (yield), lane='left1A1_1', time=3033.00.
Warning: Vehicle '1999' ends teleporting on edge 'A1B1', time=3033.00.
Warning: Teleporting vehicle '2415'; waited too long (yield), lane='bottom1B0_0', time=3034.00.
Warning: Teleporting vehicle '2428'; waited too long (yield), lane='B1B0_1', time=3047.00.
Warning: Teleporting vehicle '1883'; waited too long (jam), lane='A0A1_0', time=3055.00.
Warning: Teleporting vehicle '2385'; waited too long (wrong lane), lane='A2A1_0', time=3067.00.
Warning: Teleporting vehicle '1598'; waited too long (yield), lane='A2A1_1', time=3067.00.
Warning: Teleporting vehicle '2445'; waited too long (yield), lane='top0A2_1', time=3069.00.
Warning: Vehicle '2415' ends teleporting on edge 'B0B1', time=3069.00.
Warning: Vehicle '2445' ends teleporting on edge 'A2A1', time=3069.00.
Warning: Teleporting vehicle '951'; waited too long (jam), lane=':B1_6_1', time=3072.00.
Warning: Teleporting vehicle '2452'; waited too long (yield), lane='bottom1B0_1', time=3073.00.
Warning: Teleporting vehicle '2035'; waited too long (yield), lane='top1B2_0', time=3080.00.
Warning: Vehicle '2035' ends teleporting on edge 'B2B1', time=3080.00.
Warning: Teleporting vehicle '1572'; waited too long (yield), lane='B1A1_1', time=3082.00.
Warning: Vehicle '951' ends teleporting on edge 'B1A1', time=3082.00.
Warning: Teleporting vehicle '657'; waited too long (yield), lane='B1A1_1', time=3083.00.
Warning: Vehicle '657' ends teleporting on edge 'A1A0', time=3083.00.
Warning: Teleporting vehicle '1396'; waited too long (yield), lane='C2B2_1', time=3103.00.
Warning: Vehicle '1396' ends teleporting on edge 'B2B1', time=3103.00.
Warning: Teleporting vehicle '1635'; waited too long (jam), lane='A2B2_0', time=3104.00.
Warning: Vehicle '1635' ends teleporting on edge 'B2B1', time=3104.00.
Warning: Vehicle '1598' ends teleporting on edge 'A1B1', time=3105.00.
Warning: Teleporting vehicle '2494'; waited too long (wrong lane), lane='C2B2_0', time=3111.00.
Warning: Vehicle '1091' ends teleporting on edge 'C1C2', time=3111.00.
Warning: Vehicle '2494' ends teleporting on edge 'B2C2', time=3111.00.
Warning: Vehicle '1572' ends teleporting on edge 'A1B1', time=3120.00.
Warning: Teleporting vehicle '2420'; waited too long (yield), lane='B2A2_1', time=3126.00.
Warning: Teleporting vehicle '2429'; waited too long (jam), lane='bottom2C0_1', time=3130.00.
Warning: Vehicle '2429' ends teleporting on edge 'C0C1', time=3130.00.
Warning: Teleporting vehicle '2375'; waited too long (yield), lane='A1A2_1', time=3133.00.
Warning: Vehicle '2375' ends teleporting on edge 'A2A1', time=3133.00.
Warning: Teleporting vehicle '2024'; waited too long (jam), lane='left1A1_0', time=3141.00.
Warning: Vehicle '2452' ends teleporting on edge 'B0B1', time=3154.00.
Warning: Teleporting vehicle '2541'; waited too long (yield), lane='right2C2_1', time=3166.00.
Warning: Teleporting vehicle '2513'; waited too long (yield), lane='B0A0_0', time=3180.00.
Warning: Vehicle '2513' ends teleporting on edge 'A0A1', time=3180.00.
Warning: Vehicle '1270' ends teleporting on edge 'C1C2', time=3183.00.
Warning: Teleporting vehicle '1528'; waited too long (yield), lane='B1C1_1', time=3190.00.
Warning: Teleporting vehicle '455'; waited too long (yield), lane='C1C2_1', time=3204.00.
Warning: Vehicle '455' ends teleporting on edge 'C2B2', time=3204.00.
Warning: Teleporting vehicle '2582'; waited too long (yield), lane='B2C2_1', time=3218.00.
Warning: Vehicle '2582' ends teleporting on edge 'C2B2', time=3218.00.
Warning: Vehicle '2428' ends teleporting on edge 'B1B2', time=3228.00.
Warning: Teleporting vehicle '1464'; waited too long (jam), lane=':B1_11_0', time=3231.00.
Warning: Vehicle '1464' ends teleporting on edge 'B1B2', time=3231.00.
Warning: Vehicle '1883' ends teleporting on edge 'B1C1', time=3236.00.
Warning: Vehicle '2233' teleports beyond arrival edge 'C1B1', time=3240.00.
Warning: Teleporting vehicle '2154'; waited too long (jam), lane='right1C1_1', time=3242.00.
Warning: Vehicle '2541' ends teleporting on edge 'C2B2', time=3248.00.
Warning: Teleporting vehicle '719'; waited too long (yield), lane='C1B1_1', time=3280.00.
Warning: Vehicle '719' ends teleporting on edge 'B1C1', time=3280.00.
Warning: Vehicle '2024' ends teleporting on edge 'A1B1', time=3289.00.
Warning: Teleporting vehicle '986'; waited too long (jam), lane=':B1_6_1', time=3294.00.
Warning: Vehicle '986' ends teleporting on edge 'B1A1', time=3294.00.
Warning: Vehicle '1528' ends teleporting on edge 'C1B1', time=3311.00.
Warning: Vehicle '2154' ends teleporting on edge 'C1B1', time=3311.00.
Warning: Vehicle '2385' ends teleporting on edge 'C1C2', time=3428.00.
Warning: Teleporting vehicle '1583'; waited too long (yield), lane='C0C1_1', time=3474.00.
Warning: Vehicle '1583' ends teleporting on edge 'C1B1', time=3474.00.
Warning: Teleporting vehicle '2857'; waited too long (yield), lane='C1C0_0', time=3477.00.
Warning: Vehicle '2857' ends teleporting on edge 'C0B0', time=3477.00.
Warning: Teleporting vehicle '2260'; waited too long (jam), lane='right1C1_0', time=3483.00.
Warning: Vehicle '2420' ends teleporting on edge 'B1C1', time=3487.00.
Warning: Teleporting vehicle '2204'; waited too long (yield), lane='B0C0_1', time=3499.00.
Warning: Teleporting vehicle '1777'; waited too long (jam), lane='C2C1_0', time=3518.00.
Warning: Teleporting vehicle '1336'; waited too long (jam), lane=':B1_6_0', time=3531.00.
Warning: Vehicle '1336' ends teleporting on edge 'B1A1', time=3531.00.
Warning: Teleporting vehicle '2858'; waited too long (yield), lane='top2C2_0', time=3548.00.
Warning: Teleporting vehicle '2043'; waited too long (yield), lane='B2C2_0', time=3577.00.
Warning: Vehicle '2043' ends teleporting on edge 'C2C1', time=3577.00.
Warning: Vehicle '2858' ends teleporting on edge 'C2C1', time=3583.00.
Warning: Teleporting vehicle '2742'; waited too long (yield), lane=':B1_18_0', time=3429.00.
Warning: Vehicle '2742' ends teleporting on edge 'B1B2', time=3429.00.
Warning: Teleporting vehicle '2770'; waited too long (jam), lane=':B1_6_1', time=3444.00.
Warning: Vehicle '2770' ends teleporting on edge 'B1A1', time=3444.00.
Warning: Teleporting vehicle '2828'; waited too long (jam), lane='A1B1_1', time=3447.00.
Warning: Vehicle '2828' ends teleporting on edge 'B1C1', time=3447.00.
Warning: Teleporting vehicle '2766'; waited too long (jam), lane=':B1_1_1', time=3452.00.
Warning: Vehicle '2766' ends teleporting on edge 'B1B0', time=3452.00.
Warning: Teleporting vehicle '2785'; waited too long (jam), lane=':B1_1_1', time=3460.00.
Warning: Vehicle '2785' ends teleporting on edge 'B1B0', time=3460.00.
Warning: Teleporting vehicle '2817'; waited too long (jam), lane=':B1_6_0', time=3472.00.
Warning: Vehicle '2817' ends teleporting on edge 'B1A1', time=3472.00.
Warning: Teleporting vehicle '2822'; waited too long (jam), lane=':B1_6_0', time=3479.00.
Warning: Teleporting vehicle '2783'; waited too long (jam), lane=':B1_6_1', time=3479.00.
Warning: Vehicle '2783' ends teleporting on edge 'B1A1', time=3479.00.
Warning: Vehicle '2822' ends teleporting on edge 'B1A1', time=3479.00.
Warning: Vehicle '2021' performs emergency braking on lane ':B1_1_1' with decel=10.00, wished=5.00, severity=1.00, time=2043.00.
Warning: Vehicle '2607' performs emergency braking on lane ':C2_16_1' with decel=9.00, wished=4.50, severity=1.00, time=2643.00.
