============================================================
Training gat_dqn on grid_3x3_pkji_m1
Net: D:\ITB\TA\gnn-marl-traffic\data/networks/grid_3x3/grid_3x3_pkji_m1.net.xml
Route: D:\ITB\TA\gnn-marl-traffic\data/networks/grid_3x3/grid_3x3_pkji_m1.rou.xml
Episodes: 10
Seed: 10 | Deterministic: True
============================================================
Number of agents (traffic lights): 9
Traffic light IDs: ['A1', 'B0', 'A0', 'A2', 'B1', 'B2', 'C0', 'C1', 'C2']
Observation dim: 43
Number of actions: 2
Number of lanes per intersection: 8
Adjacency matrix:
[[1. 0. 1. 1. 1. 0. 0. 0. 0.]
 [0. 1. 1. 0. 1. 0. 1. 0. 0.]
 [1. 1. 1. 0. 0. 0. 0. 0. 0.]
 [1. 0. 0. 1. 0. 1. 0. 0. 0.]
 [1. 1. 0. 0. 1. 1. 0. 1. 0.]
 [0. 0. 0. 1. 1. 1. 0. 0. 1.]
 [0. 1. 0. 0. 0. 0. 1. 1. 0.]
 [0. 0. 0. 0. 1. 0. 1. 1. 1.]
 [0. 0. 0. 0. 0. 1. 0. 1. 1.]]
Episode    1 | reward: -7.4897 | epsilon: 0.7840 | steps: 719 | avg_delay: 1.6907 | avg_queue: 0.2917 | throughput: 3503 | arrived_vehicles: 3503 | departed_vehicles: 3600 | num_vehicles: 97 | emergency_stops: 0 | teleport_started: 0 | teleport_ended: 0 | recovery_active: 0.0000 | episode_mean_avg_delay: 1.3840 | episode_max_avg_delay: 5.0632 | episode_mean_avg_queue: 0.2242 | episode_max_avg_queue: 0.5417 | episode_mean_num_vehicles: 92.4965 | episode_max_num_vehicles: 109.0000 | episode_recovery_steps: 0 | loss_total: 0.0011 | loss_rl: 0.0004 | loss_pred: 0.0138
Episode    2 | reward: -7.1581 | epsilon: 0.7683 | steps: 719 | avg_delay: 1.8454 | avg_queue: 0.3472 | throughput: 3503 | arrived_vehicles: 3503 | departed_vehicles: 3600 | num_vehicles: 97 | emergency_stops: 0 | teleport_started: 0 | teleport_ended: 0 | recovery_active: 0.0000 | episode_mean_avg_delay: 1.3034 | episode_max_avg_delay: 5.3421 | episode_mean_avg_queue: 0.2163 | episode_max_avg_queue: 0.5139 | episode_mean_num_vehicles: 92.0709 | episode_max_num_vehicles: 114.0000 | episode_recovery_steps: 0 | loss_total: 0.0007 | loss_rl: 0.0003 | loss_pred: 0.0095
Episode    3 | reward: -6.8552 | epsilon: 0.7530 | steps: 719 | avg_delay: 1.7684 | avg_queue: 0.2639 | throughput: 3505 | arrived_vehicles: 3505 | departed_vehicles: 3600 | num_vehicles: 95 | emergency_stops: 0 | teleport_started: 0 | teleport_ended: 0 | recovery_active: 0.0000 | episode_mean_avg_delay: 1.1909 | episode_max_avg_delay: 4.1341 | episode_mean_avg_queue: 0.2115 | episode_max_avg_queue: 0.4722 | episode_mean_num_vehicles: 91.4576 | episode_max_num_vehicles: 105.0000 | episode_recovery_steps: 0 | loss_total: 0.0005 | loss_rl: 0.0001 | loss_pred: 0.0084
Episode    4 | reward: -6.5606 | epsilon: 0.7379 | steps: 719 | avg_delay: 1.5667 | avg_queue: 0.2500 | throughput: 3508 | arrived_vehicles: 3508 | departed_vehicles: 3598 | num_vehicles: 90 | emergency_stops: 0 | teleport_started: 0 | teleport_ended: 0 | recovery_active: 0.0000 | episode_mean_avg_delay: 1.1173 | episode_max_avg_delay: 4.5612 | episode_mean_avg_queue: 0.2040 | episode_max_avg_queue: 0.4722 | episode_mean_num_vehicles: 90.8609 | episode_max_num_vehicles: 110.0000 | episode_recovery_steps: 0 | loss_total: 0.0005 | loss_rl: 0.0001 | loss_pred: 0.0077
Episode    5 | reward: -6.4624 | epsilon: 0.7231 | steps: 719 | avg_delay: 0.2857 | avg_queue: 0.1250 | throughput: 3502 | arrived_vehicles: 3502 | departed_vehicles: 3600 | num_vehicles: 98 | emergency_stops: 0 | teleport_started: 0 | teleport_ended: 0 | recovery_active: 0.0000 | episode_mean_avg_delay: 1.1125 | episode_max_avg_delay: 4.7391 | episode_mean_avg_queue: 0.2008 | episode_max_avg_queue: 0.4444 | episode_mean_num_vehicles: 90.5522 | episode_max_num_vehicles: 105.0000 | episode_recovery_steps: 0 | loss_total: 0.0004 | loss_rl: 0.0001 | loss_pred: 0.0073 | eval_reward: -4.5766 | eval_reward_std: 0.0000 | eval_avg_delay: 0.4382 | eval_avg_queue: 0.1250 | eval_throughput: 3510.0000 | eval_emergency_stops: 0.0000 | eval_teleport_started: 0.0000 | eval_teleport_ended: 0.0000 | eval_episode_mean_delay: 0.6266 | eval_episode_max_delay: 2.2921 | eval_episode_mean_queue: 0.1550 | eval_episode_max_queue: 0.4306
Episode    6 | reward: -116.5063 | epsilon: 0.7087 | steps: 719 | avg_delay: 0.4615 | avg_queue: 0.1389 | throughput: 3508 | arrived_vehicles: 3508 | departed_vehicles: 3599 | num_vehicles: 91 | emergency_stops: 0 | teleport_started: 3 | teleport_ended: 3 | recovery_active: 0.0000 | episode_mean_avg_delay: 21.7246 | episode_max_avg_delay: 248.1145 | episode_mean_avg_queue: 0.7352 | episode_max_avg_queue: 4.5139 | episode_mean_num_vehicles: 142.6898 | episode_max_num_vehicles: 406.0000 | episode_recovery_steps: 109 | loss_total: 0.0051 | loss_rl: 0.0048 | loss_pred: 0.0076
Episode    7 | reward: -6.1905 | epsilon: 0.6945 | steps: 719 | avg_delay: 1.0323 | avg_queue: 0.2222 | throughput: 3507 | arrived_vehicles: 3507 | departed_vehicles: 3600 | num_vehicles: 93 | emergency_stops: 0 | teleport_started: 0 | teleport_ended: 0 | recovery_active: 0.0000 | episode_mean_avg_delay: 1.0548 | episode_max_avg_delay: 5.4875 | episode_mean_avg_queue: 0.1938 | episode_max_avg_queue: 0.4444 | episode_mean_num_vehicles: 90.0292 | episode_max_num_vehicles: 109.0000 | episode_recovery_steps: 0 | loss_total: 0.0028 | loss_rl: 0.0024 | loss_pred: 0.0075
Episode    8 | reward: -6.3576 | epsilon: 0.6806 | steps: 719 | avg_delay: 1.9213 | avg_queue: 0.2361 | throughput: 3509 | arrived_vehicles: 3509 | departed_vehicles: 3598 | num_vehicles: 89 | emergency_stops: 0 | teleport_started: 0 | teleport_ended: 0 | recovery_active: 0.0000 | episode_mean_avg_delay: 1.0768 | episode_max_avg_delay: 4.4688 | episode_mean_avg_queue: 0.1988 | episode_max_avg_queue: 0.4444 | episode_mean_num_vehicles: 90.3074 | episode_max_num_vehicles: 110.0000 | episode_recovery_steps: 0 | loss_total: 0.0036 | loss_rl: 0.0033 | loss_pred: 0.0073
Episode    9 | reward: -6.4952 | epsilon: 0.6670 | steps: 719 | avg_delay: 0.7312 | avg_queue: 0.1111 | throughput: 3505 | arrived_vehicles: 3505 | departed_vehicles: 3598 | num_vehicles: 93 | emergency_stops: 0 | teleport_started: 0 | teleport_ended: 0 | recovery_active: 0.0000 | episode_mean_avg_delay: 1.1162 | episode_max_avg_delay: 5.0208 | episode_mean_avg_queue: 0.2020 | episode_max_avg_queue: 0.4861 | episode_mean_num_vehicles: 90.3213 | episode_max_num_vehicles: 109.0000 | episode_recovery_steps: 0 | loss_total: 0.0032 | loss_rl: 0.0028 | loss_pred: 0.0073
Episode   10 | reward: -84.6855 | epsilon: 0.6537 | steps: 719 | avg_delay: 1.7191 | avg_queue: 0.3194 | throughput: 3511 | arrived_vehicles: 3511 | departed_vehicles: 3600 | num_vehicles: 89 | emergency_stops: 0 | teleport_started: 3 | teleport_ended: 3 | recovery_active: 0.0000 | episode_mean_avg_delay: 19.0728 | episode_max_avg_delay: 225.7259 | episode_mean_avg_queue: 0.5663 | episode_max_avg_queue: 3.6250 | episode_mean_num_vehicles: 126.1224 | episode_max_num_vehicles: 334.0000 | episode_recovery_steps: 105 | loss_total: 0.0048 | loss_rl: 0.0045 | loss_pred: 0.0075 | eval_reward: -4.5589 | eval_reward_std: 0.0000 | eval_avg_delay: 0.9101 | eval_avg_queue: 0.1667 | eval_throughput: 3511.0000 | eval_emergency_stops: 0.0000 | eval_teleport_started: 0.0000 | eval_teleport_ended: 0.0000 | eval_episode_mean_delay: 0.6152 | eval_episode_max_delay: 2.1444 | eval_episode_mean_queue: 0.1548 | eval_episode_max_queue: 0.3889

Training complete! Best train reward: -6.19 | Best eval reward: -4.56
Logs saved to: D:\ITB\TA\gnn-marl-traffic\logs\gat_dqn_grid_3x3_pkji_m1_20260523_013456_pkji_stage1_fresh_smoke_gat_dqn_tt600_eps08_decay098_10ep_s10
