Warning: Teleporting vehicle 'dyn_1411'; side collision with vehicle 'dyn_1408', lane='B2B1_0', gap=-0.88, latGap=-0.35, time=1304.00, stage=laneChange.
Warning: Vehicle 'dyn_1411' ends teleporting on edge 'B1B0', time=1304.00.
Warning: Teleporting vehicle 'dyn_2968'; waited too long (jam), lane=':B1_6_1', time=2790.00.
Warning: Vehicle 'dyn_2968' ends teleporting on edge 'B1A1', time=2790.00.
Warning: Teleporting vehicle 'dyn_3057'; waited too long (jam), lane=':B1_11_1', time=2794.00.
Warning: Vehicle 'dyn_3057' ends teleporting on edge 'B1B2', time=2794.00.
Warning: Teleporting vehicle 'dyn_2973'; waited too long (yield), lane=':B1_8_0', time=2805.00.
Warning: Vehicle 'dyn_2973' ends teleporting on edge 'B1B0', time=2805.00.
Warning: Teleporting vehicle 'dyn_2983'; waited too long (yield), lane='C1B1_1', time=2809.00.
Warning: Vehicle 'dyn_2983' ends teleporting on edge 'B1B0', time=2809.00.
Warning: Teleporting vehicle 'dyn_3701'; waited too long (jam), lane='A1B1_0', time=2835.00.
Warning: Vehicle 'dyn_3701' ends teleporting on edge 'B1C1', time=2835.00.
Warning: Teleporting vehicle 'dyn_3401'; waited too long (jam), lane='bottom1B0_1', time=2870.00.
Warning: Vehicle 'dyn_3401' ends teleporting on edge 'B0B1', time=2905.00.
Warning: Teleporting vehicle 'dyn_3386'; waited too long (jam), lane='right1C1_1', time=2909.00.
Warning: Vehicle 'dyn_3386' ends teleporting on edge 'B1B0', time=3090.00.
Warning: Teleporting vehicle 'dyn_4066'; waited too long (yield), lane='A1B1_1', time=3250.00.
Warning: Vehicle 'dyn_4066' ends teleporting on edge 'B1C1', time=3250.00.
Warning: Teleporting vehicle 'dyn_3053'; waited too long (jam), lane=':B1_6_0', time=3257.00.
Warning: Vehicle 'dyn_3053' ends teleporting on edge 'B1A1', time=3257.00.
Warning: Teleporting vehicle 'dyn_3663'; waited too long (yield), lane=':B1_3_0', time=3260.00.
Warning: Vehicle 'dyn_3663' ends teleporting on edge 'B1C1', time=3260.00.
Warning: Teleporting vehicle 'dyn_3066'; waited too long (yield), lane='C1B1_1', time=3292.00.
Warning: Vehicle 'dyn_3066' ends teleporting on edge 'B1B0', time=3292.00.
Warning: Teleporting vehicle 'dyn_3097'; waited too long (yield), lane='C1B1_1', time=3296.00.
Warning: Vehicle 'dyn_3097' ends teleporting on edge 'B1A1', time=3296.00.
Warning: Teleporting vehicle 'dyn_3459'; waited too long (jam), lane='right1C1_1', time=3318.00.
Warning: Vehicle 'dyn_3459' ends teleporting on edge 'C1B1', time=3319.00.
Warning: Teleporting vehicle 'dyn_3520'; waited too long (jam), lane='right1C1_0', time=3321.00.
Warning: Teleporting vehicle 'dyn_3476'; waited too long (jam), lane='bottom1B0_1', time=3337.00.
Warning: Vehicle 'dyn_3520' ends teleporting on edge 'C1B1', time=3423.00.
Warning: Teleporting vehicle 'dyn_4623'; waited too long (wrong lane), lane='A1A2_1', time=3484.00.
Warning: Vehicle 'dyn_3476' ends teleporting on edge 'B1B2', time=3518.00.
Warning: Vehicle 'dyn_4623' ends teleporting on edge 'A2B2', time=3545.00.
Warning: Teleporting vehicle 'dyn_1644'; side collision with vehicle 'dyn_1697', lane='B2B1_0', gap=-2.94, latGap=-0.15, time=1612.00, stage=laneChange.
Warning: Vehicle 'dyn_1644' ends teleporting on edge 'B1B0', time=1612.00.
Warning: Teleporting vehicle 'dyn_3679'; collision with vehicle 'dyn_3669', lane='B0B1_0', gap=-0.51, latGap=-0.10, time=3424.00, stage=move.
Warning: Vehicle 'dyn_3679' ends teleporting on edge 'B1A1', time=3424.00.
Warning: Teleporting vehicle 'dyn_1443'; side collision with vehicle 'dyn_1468', lane='B2B1_0', gap=-2.35, latGap=-0.65, time=1310.00, stage=laneChange.
Warning: Vehicle 'dyn_1443' ends teleporting on edge 'B1B0', time=1310.00.
Warning: Teleporting vehicle 'dyn_2174'; side collision with vehicle 'dyn_2225', lane='B0B1_0', gap=-3.03, latGap=-0.20, time=1702.00, stage=laneChange.
Warning: Vehicle 'dyn_2174' ends teleporting on edge 'B1B2', time=1702.00.
Warning: Teleporting vehicle 'dyn_1969'; side collision with vehicle 'dyn_1954', lane='B0B1_1', gap=-1.31, latGap=-0.40, time=1513.00, stage=laneChange.
Warning: Vehicle 'dyn_1969' ends teleporting on edge 'B1B2', time=1513.00.
Warning: Teleporting vehicle 'dyn_3055'; side collision with vehicle 'dyn_3088', lane='B0B1_0', gap=-2.50, latGap=-0.60, time=2554.00, stage=laneChange.
Warning: Vehicle 'dyn_3055' ends teleporting on edge 'B1B2', time=2554.00.
Warning: Teleporting vehicle 'dyn_3451'; side collision with vehicle 'dyn_3199', lane='C1B1_1', gap=-0.29, latGap=-0.20, time=2959.00, stage=laneChange.
Warning: Vehicle 'dyn_3451' ends teleporting on edge 'B1A1', time=2959.00.
Warning: Teleporting vehicle 'dyn_1843'; waited too long (yield), lane=':B1_13_0', time=1666.00.
Warning: Vehicle 'dyn_1843' ends teleporting on edge 'B1A1', time=1666.00.
Warning: Teleporting vehicle 'dyn_1848'; waited too long (yield), lane='B0B1_1', time=1668.00.
Warning: Vehicle 'dyn_1848' ends teleporting on edge 'B1A1', time=1668.00.
Warning: Teleporting vehicle 'dyn_1487'; waited too long (jam), lane=':B1_1_0', time=1673.00.
Warning: Vehicle 'dyn_1487' ends teleporting on edge 'B1B0', time=1673.00.
Warning: Teleporting vehicle 'dyn_1418'; waited too long (jam), lane=':B1_20_0', time=1676.00.
Warning: Vehicle 'dyn_1418' ends teleporting on edge 'B1C1', time=1676.00.
Warning: Teleporting vehicle 'dyn_1486'; waited too long (jam), lane=':B1_1_1', time=1678.00.
Warning: Vehicle 'dyn_1486' ends teleporting on edge 'B1B0', time=1678.00.
Warning: Teleporting vehicle 'dyn_1911'; waited too long (jam), lane=':B1_6_0', time=1685.00.
Warning: Vehicle 'dyn_1911' ends teleporting on edge 'B1A1', time=1685.00.
Warning: Teleporting vehicle 'dyn_1920'; waited too long (yield), lane='C1B1_0', time=1692.00.
Warning: Vehicle 'dyn_1920' ends teleporting on edge 'B1B2', time=1692.00.
Warning: Teleporting vehicle 'dyn_1779'; waited too long (jam), lane='top1B2_0', time=1744.00.
Warning: Vehicle 'dyn_1779' ends teleporting on edge 'B2B1', time=1754.00.
Warning: Teleporting vehicle 'dyn_1395'; waited too long (jam), lane=':B1_1_1', time=1593.00.
Warning: Vehicle 'dyn_1395' ends teleporting on edge 'B1B0', time=1593.00.
Warning: Teleporting vehicle 'dyn_1385'; waited too long (jam), lane=':B1_16_1', time=1603.00.
Warning: Teleporting vehicle 'dyn_1827'; waited too long (yield), lane='C1B1_1', time=1603.00.
Warning: Vehicle 'dyn_1385' ends teleporting on edge 'B1C1', time=1603.00.
Warning: Vehicle 'dyn_1827' ends teleporting on edge 'B1B0', time=1603.00.
Warning: Teleporting vehicle 'dyn_2992'; waited too long (jam), lane='C1B1_1', time=3194.00.
Warning: Vehicle 'dyn_2992' ends teleporting on edge 'B1A1', time=3194.00.
Warning: Teleporting vehicle 'dyn_2875'; waited too long (jam), lane=':B1_11_0', time=3219.00.
Warning: Vehicle 'dyn_2875' ends teleporting on edge 'B1B2', time=3219.00.
Warning: Teleporting vehicle 'dyn_3257'; waited too long (jam), lane=':B1_6_0', time=3259.00.
Warning: Vehicle 'dyn_3257' ends teleporting on edge 'B1A1', time=3259.00.
Warning: Teleporting vehicle 'dyn_4351'; waited too long (jam), lane='A1B1_1', time=3269.00.
Warning: Vehicle 'dyn_4351' ends teleporting on edge 'B1C1', time=3269.00.
Warning: Teleporting vehicle 'dyn_3437'; waited too long (jam), lane='right1C1_1', time=3284.00.
Warning: Teleporting vehicle 'dyn_3495'; waited too long (jam), lane='right1C1_0', time=3327.00.
Warning: Teleporting vehicle 'dyn_4650'; waited too long (yield), lane='top1B2_0', time=3392.00.
Warning: Vehicle 'dyn_4650' ends teleporting on edge 'B2B1', time=3392.00.
Warning: Vehicle 'dyn_3437' ends teleporting on edge 'C1B1', time=3453.00.
Warning: Vehicle 'dyn_3495' ends teleporting on edge 'B1B2', time=3508.00.
Warning: Teleporting vehicle 'dyn_2303'; collision with vehicle 'dyn_2302', lane='B0B1_1', gap=-1.19, latGap=-0.60, time=1894.00, stage=move.
Warning: Vehicle 'dyn_2303' ends teleporting on edge 'B1A1', time=1894.00.
Warning: Teleporting vehicle 'dyn_3264'; waited too long (jam), lane=':B1_6_0', time=3009.00.
Warning: Vehicle 'dyn_3264' ends teleporting on edge 'B1A1', time=3009.00.
Warning: Teleporting vehicle 'dyn_3727'; waited too long (yield), lane=':B1_3_0', time=3010.00.
Warning: Vehicle 'dyn_3727' ends teleporting on edge 'B1C1', time=3010.00.
Warning: Teleporting vehicle 'dyn_3257'; waited too long (yield), lane='C1B1_0', time=3029.00.
Warning: Vehicle 'dyn_3257' ends teleporting on edge 'B1A1', time=3029.00.
Warning: Teleporting vehicle 'dyn_3985'; waited too long (yield), lane='A1B1_1', time=3030.00.
Warning: Vehicle 'dyn_3985' ends teleporting on edge 'B1C1', time=3030.00.
Warning: Teleporting vehicle 'dyn_3139'; waited too long (yield), lane=':B1_8_0', time=3032.00.
Warning: Vehicle 'dyn_3139' ends teleporting on edge 'B1B0', time=3032.00.
Warning: Teleporting vehicle 'dyn_3445'; waited too long (jam), lane='bottom1B0_1', time=3111.00.
Warning: Vehicle 'dyn_3445' ends teleporting on edge 'B0B1', time=3145.00.
Warning: Teleporting vehicle 'dyn_3967'; junction collision with vehicle 'dyn_3940', lane=':B0_11_0', gap=-1.66, latGap=-0.50, time=3358.00, stage=move.
Warning: Vehicle 'dyn_3967' ends teleporting on edge 'B0B1', time=3360.00.
Warning: Teleporting vehicle 'dyn_1820'; waited too long (yield), lane=':B1_13_0', time=1591.00.
Warning: Vehicle 'dyn_1820' ends teleporting on edge 'B1A1', time=1591.00.
Warning: Teleporting vehicle 'dyn_1825'; waited too long (yield), lane='B0B1_1', time=1593.00.
Warning: Vehicle 'dyn_1825' ends teleporting on edge 'B1A1', time=1593.00.
Warning: Teleporting vehicle 'dyn_1411'; waited too long (jam), lane=':B1_1_0', time=1595.00.
Warning: Vehicle 'dyn_1411' ends teleporting on edge 'B1B0', time=1595.00.
Warning: Teleporting vehicle 'dyn_1469'; side collision with vehicle 'dyn_1476', lane='A1B1_0', gap=-2.44, latGap=-0.45, time=1292.00, stage=laneChange.
Warning: Vehicle 'dyn_1469' ends teleporting on edge 'B1C1', time=1292.00.
Warning: Teleporting vehicle 'dyn_3088'; side collision with vehicle 'dyn_3226', lane='B0B1_0', gap=-0.54, latGap=-0.45, time=2665.00, stage=laneChange.
Warning: Vehicle 'dyn_3088' ends teleporting on edge 'B1B2', time=2665.00.
Warning: Teleporting vehicle 'dyn_3440'; side collision with vehicle 'dyn_3387', lane='B0B1_0', gap=-0.40, latGap=-0.45, time=2925.00, stage=laneChange.
Warning: Vehicle 'dyn_3440' ends teleporting on edge 'B1B2', time=2925.00.
Warning: Teleporting vehicle 'dyn_1514'; side collision with vehicle 'dyn_1557', lane='A1B1_0', gap=-1.69, latGap=-0.45, time=1314.00, stage=laneChange.
Warning: Vehicle 'dyn_1514' ends teleporting on edge 'B1C1', time=1314.00.
Warning: Teleporting vehicle 'dyn_1471'; waited too long (yield), lane=':B1_3_0', time=1799.00.
Warning: Vehicle 'dyn_1471' ends teleporting on edge 'B1C1', time=1799.00.
Warning: Teleporting vehicle 'dyn_1951'; waited too long (jam), lane=':B1_11_0', time=1801.00.
Warning: Vehicle 'dyn_1951' ends teleporting on edge 'B1B2', time=1801.00.
Warning: Teleporting vehicle 'dyn_1960'; waited too long (jam), lane=':B1_11_1', time=1802.00.
Warning: Vehicle 'dyn_1960' ends teleporting on edge 'B1B2', time=1802.00.
Warning: Teleporting vehicle 'dyn_1933'; waited too long (jam), lane=':B1_11_1', time=1804.00.
Warning: Vehicle 'dyn_1933' ends teleporting on edge 'B1B2', time=1804.00.
Warning: Teleporting vehicle 'dyn_1956'; waited too long (yield), lane=':B1_8_0', time=1811.00.
Warning: Vehicle 'dyn_1956' ends teleporting on edge 'B1B0', time=1811.00.
Warning: Teleporting vehicle 'dyn_1714'; waited too long (jam), lane=':B1_16_0', time=1816.00.
Warning: Vehicle 'dyn_1714' ends teleporting on edge 'B1C1', time=1816.00.
Warning: Teleporting vehicle 'dyn_2283'; waited too long (jam), lane='bottom1B0_1', time=1875.00.
Warning: Teleporting vehicle 'dyn_2331'; waited too long (yield), lane='right1C1_1', time=1875.00.
Warning: Teleporting vehicle 'dyn_2260'; waited too long (jam), lane='bottom1B0_1', time=1876.00.
Warning: Teleporting vehicle 'dyn_2264'; waited too long (jam), lane='bottom1B0_0', time=1876.00.
Warning: Vehicle 'dyn_2264' ends teleporting on edge 'B0B1', time=1876.00.
Warning: Teleporting vehicle 'dyn_2298'; waited too long (yield), lane='right1C1_0', time=1878.00.
Warning: Vehicle 'dyn_2260' ends teleporting on edge 'B0B1', time=1891.00.
Warning: Vehicle 'dyn_2283' ends teleporting on edge 'B0B1', time=1901.00.
Warning: Vehicle 'dyn_2298' ends teleporting on edge 'C1B1', time=1925.00.
Warning: Vehicle 'dyn_2331' ends teleporting on edge 'B1B0', time=2056.00.
Warning: Teleporting vehicle 'dyn_4360'; collision with vehicle 'dyn_4334', lane='B2B1_1', gap=-1.50, latGap=-0.10, time=3285.00, stage=move.
Warning: Vehicle 'dyn_4360' ends teleporting on edge 'B1C1', time=3285.00.
Warning: Teleporting vehicle 'dyn_4334'; collision with vehicle 'dyn_4558', lane='B2B1_1', gap=-0.96, latGap=-0.10, time=3554.00, stage=move.
Warning: Vehicle 'dyn_4334' ends teleporting on edge 'B1C1', time=3554.00.
Warning: Teleporting vehicle 'dyn_1478'; side collision with vehicle 'dyn_1500', lane='B2B1_0', gap=-2.17, latGap=-0.45, time=1312.00, stage=laneChange.
Warning: Vehicle 'dyn_1478' ends teleporting on edge 'B1B0', time=1312.00.
Warning: Teleporting vehicle 'dyn_3126'; side collision with vehicle 'dyn_3135', lane='B0B1_0', gap=-0.48, latGap=-0.60, time=2646.00, stage=laneChange.
Warning: Vehicle 'dyn_3126' ends teleporting on edge 'B1B2', time=2646.00.
Warning: Teleporting vehicle 'dyn_3508'; waited too long (jam), lane=':B1_6_0', time=3271.00.
Warning: Vehicle 'dyn_3508' ends teleporting on edge 'B1A1', time=3271.00.
Warning: Teleporting vehicle 'dyn_4384'; waited too long (yield), lane='A1B1_1', time=3295.00.
Warning: Vehicle 'dyn_4384' ends teleporting on edge 'B1C1', time=3295.00.
Warning: Teleporting vehicle 'dyn_3227'; waited too long (yield), lane=':B1_8_0', time=3296.00.
Warning: Teleporting vehicle 'dyn_3457'; waited too long (yield), lane='C1B1_0', time=3296.00.
Warning: Vehicle 'dyn_3227' ends teleporting on edge 'B1B0', time=3296.00.
Warning: Vehicle 'dyn_3457' ends teleporting on edge 'B1A1', time=3296.00.
Warning: Teleporting vehicle 'dyn_3447'; waited too long (yield), lane='C1B1_0', time=3297.00.
Warning: Vehicle 'dyn_3447' ends teleporting on edge 'B1A1', time=3297.00.
Warning: Teleporting vehicle 'dyn_3235'; waited too long (yield), lane='C1B1_1', time=3299.00.
Warning: Vehicle 'dyn_3235' ends teleporting on edge 'B1B0', time=3299.00.
Warning: Teleporting vehicle 'dyn_3271'; waited too long (jam), lane='B0B1_0', time=3309.00.
Warning: Vehicle 'dyn_3271' ends teleporting on edge 'B1B2', time=3309.00.
Warning: Teleporting vehicle 'dyn_4206'; waited too long (jam), lane=':B1_1_1', time=3318.00.
Warning: Vehicle 'dyn_4206' ends teleporting on edge 'B1B0', time=3318.00.
Warning: Teleporting vehicle 'dyn_3601'; waited too long (yield), lane='C0B0_0', time=3331.00.
Warning: Teleporting vehicle 'dyn_3666'; waited too long (jam), lane='bottom1B0_1', time=3348.00.
Warning: Teleporting vehicle 'dyn_3718'; waited too long (jam), lane='bottom1B0_0', time=3350.00.
Warning: Teleporting vehicle 'dyn_4685'; waited too long (yield), lane='top1B2_1', time=3414.00.
Warning: Vehicle 'dyn_4685' ends teleporting on edge 'B2B1', time=3414.00.
Warning: Teleporting vehicle 'dyn_4476'; waited too long (yield), lane='A2B2_0', time=3430.00.
Warning: Vehicle 'dyn_4476' ends teleporting on edge 'B2B1', time=3447.00.
Warning: Vehicle 'dyn_3666' ends teleporting on edge 'B0B1', time=3462.00.
Warning: Vehicle 'dyn_3718' ends teleporting on edge 'B0B1', time=3472.00.
Warning: Vehicle 'dyn_3601' ends teleporting on edge 'B1A1', time=3512.00.
Warning: Teleporting vehicle 'dyn_3600'; waited too long (yield), lane='C0B0_0', time=3120.00.
Warning: Vehicle 'dyn_3600' ends teleporting on edge 'B0B1', time=3131.00.
Warning: Teleporting vehicle 'dyn_3924'; side collision with vehicle 'dyn_3901', lane='A1B1_1', gap=-1.44, latGap=-0.45, time=2713.00, stage=laneChange.
Warning: Vehicle 'dyn_3924' ends teleporting on edge 'B1C1', time=2713.00.
Warning: Teleporting vehicle 'dyn_4515'; collision with vehicle 'dyn_4488', lane='B0B1_1', gap=-0.06, latGap=-0.00, time=3408.00, stage=move.
Warning: Vehicle 'dyn_4515' ends teleporting on edge 'B1B2', time=3408.00.
Warning: Teleporting vehicle 'dyn_1358'; waited too long (jam), lane=':B1_1_0', time=1559.00.
Warning: Vehicle 'dyn_1358' ends teleporting on edge 'B1B0', time=1559.00.
Warning: Teleporting vehicle 'dyn_1405'; waited too long (yield), lane=':B1_18_0', time=1563.00.
Warning: Vehicle 'dyn_1405' ends teleporting on edge 'B1B2', time=1563.00.
Warning: Teleporting vehicle 'dyn_1410'; waited too long (yield), lane='A1B1_1', time=1565.00.
Warning: Vehicle 'dyn_1410' ends teleporting on edge 'B1B2', time=1565.00.
Warning: Teleporting vehicle 'dyn_1807'; waited too long (yield), lane='C1B1_1', time=1569.00.
Warning: Vehicle 'dyn_1807' ends teleporting on edge 'B1B0', time=1569.00.
Warning: Teleporting vehicle 'dyn_3022'; side collision with vehicle 'dyn_3041', lane='B0B1_0', gap=-0.75, latGap=-0.60, time=2572.00, stage=laneChange.
Warning: Vehicle 'dyn_3022' ends teleporting on edge 'B1B2', time=2572.00.
Warning: Teleporting vehicle 'dyn_3322'; waited too long (yield), lane=':B1_8_0', time=3327.00.
Warning: Teleporting vehicle 'dyn_3255'; waited too long (jam), lane=':B1_11_1', time=3327.00.
Warning: Teleporting vehicle 'dyn_3330'; waited too long (yield), lane='C1B1_1', time=3327.00.
Warning: Vehicle 'dyn_3255' ends teleporting on edge 'B1B2', time=3327.00.
Warning: Vehicle 'dyn_3322' ends teleporting on edge 'B1B0', time=3327.00.
Warning: Vehicle 'dyn_3330' ends teleporting on edge 'B1A1', time=3327.00.
Warning: Teleporting vehicle 'dyn_3601'; waited too long (yield), lane='C0B0_0', time=3382.00.
Warning: Teleporting vehicle 'dyn_4651'; waited too long (yield), lane='top1B2_1', time=3397.00.
Warning: Teleporting vehicle 'dyn_3626'; waited too long (jam), lane='bottom1B0_1', time=3400.00.
Warning: Teleporting vehicle 'dyn_4705'; waited too long (jam), lane='top1B2_0', time=3438.00.
Warning: Vehicle 'dyn_4705' ends teleporting on edge 'B2B1', time=3439.00.
Warning: Vehicle 'dyn_4651' ends teleporting on edge 'B2B1', time=3444.00.
Warning: Vehicle 'dyn_3601' ends teleporting on edge 'B0B1', time=3472.00.
Warning: Vehicle 'dyn_3626' ends teleporting on edge 'B0B1', time=3568.00.
Warning: Teleporting vehicle 'dyn_1754'; waited too long (jam), lane=':B1_1_1', time=2137.00.
Warning: Vehicle 'dyn_1754' ends teleporting on edge 'B1B0', time=2137.00.
Warning: Teleporting vehicle 'dyn_1744'; waited too long (yield), lane=':B1_3_0', time=2151.00.
Warning: Vehicle 'dyn_1744' ends teleporting on edge 'B1C1', time=2151.00.
Warning: Teleporting vehicle 'dyn_2628'; waited too long (jam), lane='right1C1_1', time=2202.00.
Warning: Teleporting vehicle 'dyn_2624'; waited too long (jam), lane='bottom1B0_1', time=2207.00.
Warning: Teleporting vehicle 'dyn_2607'; waited too long (jam), lane='bottom1B0_0', time=2209.00.
Warning: Vehicle 'dyn_2607' ends teleporting on edge 'B0B1', time=2220.00.
Warning: Teleporting vehicle 'dyn_2645'; waited too long (yield), lane='right1C1_0', time=2224.00.
Warning: Vehicle 'dyn_2624' ends teleporting on edge 'B0B1', time=2224.00.
Warning: Vehicle 'dyn_2645' ends teleporting on edge 'C1B1', time=2224.00.
Warning: Teleporting vehicle 'dyn_2630'; waited too long (yield), lane='right1C1_0', time=2225.00.
Warning: Vehicle 'dyn_2628' ends teleporting on edge 'C1B1', time=2230.00.
Warning: Vehicle 'dyn_2630' ends teleporting on edge 'C1B1', time=2237.00.
Warning: Teleporting vehicle 'dyn_1592'; waited too long (jam), lane=':B1_16_0', time=1787.00.
Warning: Vehicle 'dyn_1592' ends teleporting on edge 'B1C1', time=1787.00.
Warning: Teleporting vehicle 'dyn_1714'; waited too long (yield), lane='A1B1_0', time=1789.00.
Warning: Vehicle 'dyn_1714' ends teleporting on edge 'B1C1', time=1789.00.
Warning: Teleporting vehicle 'dyn_1694'; side collision with vehicle 'dyn_1675', lane='B2B1_0', gap=-1.56, latGap=-0.45, time=1650.00, stage=laneChange.
Warning: Vehicle 'dyn_1694' ends teleporting on edge 'B1B0', time=1650.00.
Warning: Teleporting vehicle 'dyn_3301'; side collision with vehicle 'dyn_3313', lane='B0B1_0', gap=-1.10, latGap=-0.45, time=2840.00, stage=laneChange.
Warning: Vehicle 'dyn_3301' ends teleporting on edge 'B1B2', time=2840.00.
Warning: Teleporting vehicle 'dyn_2333'; side collision with vehicle 'dyn_2385', lane='C1B1_0', gap=-1.79, latGap=-0.65, time=1910.00, stage=laneChange.
Warning: Vehicle 'dyn_2333' ends teleporting on edge 'B1A1', time=1910.00.
Warning: Teleporting vehicle 'dyn_3437'; waited too long (yield), lane=':B1_8_0', time=3371.00.
Warning: Vehicle 'dyn_3437' ends teleporting on edge 'B1B0', time=3371.00.
Warning: Teleporting vehicle 'dyn_4414'; waited too long (jam), lane=':B1_16_0', time=3374.00.
Warning: Vehicle 'dyn_4414' ends teleporting on edge 'B1C1', time=3374.00.
Warning: Teleporting vehicle 'dyn_3267'; waited too long (yield), lane=':B1_13_0', time=3385.00.
Warning: Vehicle 'dyn_3267' ends teleporting on edge 'B1A1', time=3385.00.
Warning: Teleporting vehicle 'dyn_3814'; waited too long (jam), lane='bottom1B0_0', time=3444.00.
Warning: Teleporting vehicle 'dyn_3850'; waited too long (yield), lane='bottom1B0_0', time=3449.00.
Warning: Vehicle 'dyn_3814' ends teleporting on edge 'B0B1', time=3454.00.
Warning: Vehicle 'dyn_3850' ends teleporting on edge 'B0B1', time=3459.00.
Warning: Teleporting vehicle 'dyn_3753'; waited too long (jam), lane='bottom1B0_0', time=3470.00.
Warning: Vehicle 'dyn_3753' ends teleporting on edge 'B0B1', time=3498.00.
Warning: Teleporting vehicle 'dyn_2066'; side collision with vehicle 'dyn_2067', lane='C1B1_0', gap=-2.15, latGap=-0.20, time=1600.00, stage=laneChange.
Warning: Vehicle 'dyn_2066' ends teleporting on edge 'B1A1', time=1600.00.
Warning: Teleporting vehicle 'dyn_1933'; side collision with vehicle 'dyn_2003', lane='B0B1_0', gap=-0.77, latGap=-0.65, time=1494.00, stage=laneChange.
Warning: Vehicle 'dyn_1933' ends teleporting on edge 'B1B2', time=1494.00.
