============================================================
Training gat_dqn on arterial_stable
Net: D:\ITB\TA\gnn-marl-traffic\data/networks/arterial_3x3/arterial_fixed.net.xml
Route: D:\ITB\TA\gnn-marl-traffic\data/networks/arterial_3x3/arterial_stable.rou.xml
Episodes: 5
Seed: 42 | Deterministic: True
============================================================
Number of agents (traffic lights): 9
Traffic light IDs: ['A2', 'B1', 'C1', 'A1', 'A3', 'B2', 'C2', 'B3', 'C3']
Observation dim: 33
Number of actions: 2
Number of lanes per intersection (max): 6
Adjacency matrix:
[[1. 0. 0. 1. 1. 1. 1. 0. 0.]
 [0. 1. 0. 1. 0. 1. 0. 0. 0.]
 [0. 0. 1. 1. 0. 0. 1. 0. 0.]
 [1. 1. 1. 1. 0. 0. 0. 0. 0.]
 [1. 0. 0. 0. 1. 0. 0. 1. 1.]
 [1. 1. 0. 0. 0. 1. 0. 1. 0.]
 [1. 0. 1. 0. 0. 0. 1. 0. 1.]
 [0. 0. 0. 0. 1. 1. 0. 1. 0.]
 [0. 0. 0. 0. 1. 0. 1. 0. 1.]]
Episode    1 | reward: -50.6066 | epsilon: 0.8100 | steps: 719 | avg_delay: 1.0525 | avg_queue: 2.2857 | throughput: 4444 | arrived_vehicles: 4444 | departed_vehicles: 5149 | num_vehicles: 705 | emergency_stops: 0 | teleport_started: 0 | teleport_ended: 0 | recovery_active: 0.0000 | local_safety_active_tls: 0 | local_safety_overrides: 0 | episode_mean_avg_delay: 2.8159 | episode_max_avg_delay: 13.3115 | episode_mean_avg_queue: 2.7680 | episode_max_avg_queue: 6.1429 | episode_mean_num_vehicles: 533.3811 | episode_max_num_vehicles: 709.0000 | episode_recovery_steps: 32 | episode_local_safety_steps: 0 | episode_local_safety_overrides: 0 | episode_peak_top_tl: A2 | episode_peak_top_tl_queue: 164.0000 | episode_peak_top_tl_waiting: 7636.0000 | episode_peak_top_tl_phase: 0 | episode_peak_top_tl_phase_duration: 3 | episode_peak_top_tl_action: 0 | episode_peak_top_lane: A1A2_1 | episode_peak_top_lane_queue: 94.0000 | episode_peak_top_lane_waiting: 4638.0000 | loss_total: 0.0055 | loss_rl: 0.0040 | loss_pred: 0.0294
Episode    2 | reward: -54.6261 | epsilon: 0.7290 | steps: 719 | avg_delay: 0.5674 | avg_queue: 2.1905 | throughput: 4555 | arrived_vehicles: 4555 | departed_vehicles: 5230 | num_vehicles: 675 | emergency_stops: 0 | teleport_started: 0 | teleport_ended: 0 | recovery_active: 0.0000 | local_safety_active_tls: 0 | local_safety_overrides: 0 | episode_mean_avg_delay: 2.9385 | episode_max_avg_delay: 26.0757 | episode_mean_avg_queue: 2.8629 | episode_max_avg_queue: 6.9048 | episode_mean_num_vehicles: 608.4089 | episode_max_num_vehicles: 767.0000 | episode_recovery_steps: 41 | episode_local_safety_steps: 0 | episode_local_safety_overrides: 0 | episode_peak_top_tl: A2 | episode_peak_top_tl_queue: 209.0000 | episode_peak_top_tl_waiting: 12702.0000 | episode_peak_top_tl_phase: 0 | episode_peak_top_tl_phase_duration: 23 | episode_peak_top_tl_action: 0 | episode_peak_top_lane: A1A2_1 | episode_peak_top_lane_queue: 135.0000 | episode_peak_top_lane_waiting: 8455.0000 | loss_total: 0.0092 | loss_rl: 0.0081 | loss_pred: 0.0212
Episode    3 | reward: -57.2218 | epsilon: 0.6561 | steps: 719 | avg_delay: 1.2035 | avg_queue: 2.7857 | throughput: 4451 | arrived_vehicles: 4451 | departed_vehicles: 5252 | num_vehicles: 801 | emergency_stops: 0 | teleport_started: 0 | teleport_ended: 0 | recovery_active: 0.0000 | local_safety_active_tls: 0 | local_safety_overrides: 0 | episode_mean_avg_delay: 2.7732 | episode_max_avg_delay: 17.0829 | episode_mean_avg_queue: 3.0532 | episode_max_avg_queue: 6.1905 | episode_mean_num_vehicles: 630.0195 | episode_max_num_vehicles: 834.0000 | episode_recovery_steps: 67 | episode_local_safety_steps: 0 | episode_local_safety_overrides: 0 | episode_peak_top_tl: A2 | episode_peak_top_tl_queue: 210.0000 | episode_peak_top_tl_waiting: 5159.0000 | episode_peak_top_tl_phase: 1 | episode_peak_top_tl_phase_duration: 13 | episode_peak_top_tl_action: 1 | episode_peak_top_lane: A1A2_1 | episode_peak_top_lane_queue: 102.0000 | episode_peak_top_lane_waiting: 2522.0000 | loss_total: 0.0085 | loss_rl: 0.0075 | loss_pred: 0.0208
Episode    4 | reward: -48.6471 | epsilon: 0.5905 | steps: 719 | avg_delay: 0.7836 | avg_queue: 2.3571 | throughput: 4623 | arrived_vehicles: 4623 | departed_vehicles: 5270 | num_vehicles: 647 | emergency_stops: 0 | teleport_started: 0 | teleport_ended: 0 | recovery_active: 0.0000 | local_safety_active_tls: 0 | local_safety_overrides: 0 | episode_mean_avg_delay: 2.9499 | episode_max_avg_delay: 23.8865 | episode_mean_avg_queue: 2.4366 | episode_max_avg_queue: 6.0952 | episode_mean_num_vehicles: 510.8303 | episode_max_num_vehicles: 677.0000 | episode_recovery_steps: 49 | episode_local_safety_steps: 0 | episode_local_safety_overrides: 0 | episode_peak_top_tl: A1 | episode_peak_top_tl_queue: 225.0000 | episode_peak_top_tl_waiting: 9692.0000 | episode_peak_top_tl_phase: 0 | episode_peak_top_tl_phase_duration: 8 | episode_peak_top_tl_action: 0 | episode_peak_top_lane: W_A0A1_1 | episode_peak_top_lane_queue: 133.0000 | episode_peak_top_lane_waiting: 5859.0000 | loss_total: 0.0117 | loss_rl: 0.0107 | loss_pred: 0.0207
Episode    5 | reward: -38.0101 | epsilon: 0.5314 | steps: 719 | avg_delay: 0.9596 | avg_queue: 2.6905 | throughput: 4734 | arrived_vehicles: 4734 | departed_vehicles: 5452 | num_vehicles: 718 | emergency_stops: 0 | teleport_started: 0 | teleport_ended: 0 | recovery_active: 0.0000 | local_safety_active_tls: 0 | local_safety_overrides: 0 | episode_mean_avg_delay: 1.7326 | episode_max_avg_delay: 8.5408 | episode_mean_avg_queue: 2.3439 | episode_max_avg_queue: 5.0238 | episode_mean_num_vehicles: 600.7844 | episode_max_num_vehicles: 827.0000 | episode_recovery_steps: 0 | episode_local_safety_steps: 0 | episode_local_safety_overrides: 0 | episode_peak_top_tl: A2 | episode_peak_top_tl_queue: 113.0000 | episode_peak_top_tl_waiting: 3155.0000 | episode_peak_top_tl_phase: 1 | episode_peak_top_tl_phase_duration: 13 | episode_peak_top_tl_action: 1 | episode_peak_top_lane: A1A2_1 | episode_peak_top_lane_queue: 81.0000 | episode_peak_top_lane_waiting: 2826.0000 | loss_total: 0.0136 | loss_rl: 0.0126 | loss_pred: 0.0202 | eval_reward: -58.8986 | eval_reward_std: 0.0000 | eval_avg_delay: 0.8623 | eval_avg_queue: 1.9762 | eval_throughput: 5063.0000 | eval_emergency_stops: 0.0000 | eval_teleport_started: 1.0000 | eval_teleport_ended: 1.0000 | eval_episode_mean_delay: 2.9063 | eval_episode_max_delay: 27.1242 | eval_episode_mean_queue: 2.3240 | eval_episode_max_queue: 5.9762

Training complete! Best train reward: -38.01 | Best eval reward: -58.90
Logs saved to: D:\ITB\TA\gnn-marl-traffic\logs\gat_dqn_arterial_stable_20260526_093625_arterial_yg_y2g8_gat_dqn_5ep_s42
