============================================================
Training independent_dqn on arterial_stable
Net: D:\ITB\TA\gnn-marl-traffic\data/networks/arterial_3x3/arterial_fixed.net.xml
Route: D:\ITB\TA\gnn-marl-traffic\data/networks/arterial_3x3/arterial_stable.rou.xml
Episodes: 5
Seed: 42 | Deterministic: True
============================================================
Number of agents (traffic lights): 9
Traffic light IDs: ['A2', 'B1', 'C1', 'A1', 'A3', 'B2', 'C2', 'B3', 'C3']
Observation dim: 33
Number of actions: 2
Number of lanes per intersection (max): 6
Adjacency matrix:
[[1. 0. 0. 1. 1. 1. 1. 0. 0.]
 [0. 1. 0. 1. 0. 1. 0. 0. 0.]
 [0. 0. 1. 1. 0. 0. 1. 0. 0.]
 [1. 1. 1. 1. 0. 0. 0. 0. 0.]
 [1. 0. 0. 0. 1. 0. 0. 1. 1.]
 [1. 1. 0. 0. 0. 1. 0. 1. 0.]
 [1. 0. 1. 0. 0. 0. 1. 0. 1.]
 [0. 0. 0. 0. 1. 1. 0. 1. 0.]
 [0. 0. 0. 0. 1. 0. 1. 0. 1.]]
Episode    1 | reward: -52.2379 | epsilon: 0.8100 | steps: 719 | avg_delay: 0.6600 | avg_queue: 1.9524 | throughput: 4447 | arrived_vehicles: 4447 | departed_vehicles: 5197 | num_vehicles: 750 | emergency_stops: 0 | teleport_started: 0 | teleport_ended: 0 | recovery_active: 0.0000 | local_safety_active_tls: 0 | local_safety_overrides: 0 | episode_mean_avg_delay: 2.6807 | episode_max_avg_delay: 15.3000 | episode_mean_avg_queue: 3.0088 | episode_max_avg_queue: 6.6905 | episode_mean_num_vehicles: 566.2726 | episode_max_num_vehicles: 789.0000 | episode_recovery_steps: 28 | episode_local_safety_steps: 0 | episode_local_safety_overrides: 0 | episode_peak_top_tl: A1 | episode_peak_top_tl_queue: 172.0000 | episode_peak_top_tl_waiting: 3964.0000 | episode_peak_top_tl_phase: 0 | episode_peak_top_tl_phase_duration: 8 | episode_peak_top_tl_action: 0 | episode_peak_top_lane: W_A0A1_1 | episode_peak_top_lane_queue: 114.0000 | episode_peak_top_lane_waiting: 3230.0000 | loss_rl: 0.0066
Episode    2 | reward: -53.0989 | epsilon: 0.7290 | steps: 719 | avg_delay: 1.0764 | avg_queue: 2.4524 | throughput: 4485 | arrived_vehicles: 4485 | departed_vehicles: 5166 | num_vehicles: 681 | emergency_stops: 0 | teleport_started: 0 | teleport_ended: 0 | recovery_active: 0.0000 | local_safety_active_tls: 0 | local_safety_overrides: 0 | episode_mean_avg_delay: 2.7807 | episode_max_avg_delay: 15.4900 | episode_mean_avg_queue: 3.0359 | episode_max_avg_queue: 6.1190 | episode_mean_num_vehicles: 555.2559 | episode_max_num_vehicles: 732.0000 | episode_recovery_steps: 35 | episode_local_safety_steps: 0 | episode_local_safety_overrides: 0 | episode_peak_top_tl: A2 | episode_peak_top_tl_queue: 154.0000 | episode_peak_top_tl_waiting: 8378.0000 | episode_peak_top_tl_phase: 1 | episode_peak_top_tl_phase_duration: 18 | episode_peak_top_tl_action: 1 | episode_peak_top_lane: A1A2_1 | episode_peak_top_lane_queue: 88.0000 | episode_peak_top_lane_waiting: 5589.0000 | loss_rl: 0.0043
Episode    3 | reward: -40.9546 | epsilon: 0.6561 | steps: 719 | avg_delay: 1.0549 | avg_queue: 2.4286 | throughput: 4639 | arrived_vehicles: 4639 | departed_vehicles: 5331 | num_vehicles: 692 | emergency_stops: 0 | teleport_started: 0 | teleport_ended: 0 | recovery_active: 0.0000 | local_safety_active_tls: 0 | local_safety_overrides: 0 | episode_mean_avg_delay: 2.0051 | episode_max_avg_delay: 16.8067 | episode_mean_avg_queue: 2.5517 | episode_max_avg_queue: 5.5238 | episode_mean_num_vehicles: 543.1432 | episode_max_num_vehicles: 741.0000 | episode_recovery_steps: 0 | episode_local_safety_steps: 0 | episode_local_safety_overrides: 0 | episode_peak_top_tl: A1 | episode_peak_top_tl_queue: 120.0000 | episode_peak_top_tl_waiting: 1483.0000 | episode_peak_top_tl_phase: 1 | episode_peak_top_tl_phase_duration: 13 | episode_peak_top_tl_action: 1 | episode_peak_top_lane: W_A0A1_1 | episode_peak_top_lane_queue: 80.0000 | episode_peak_top_lane_waiting: 1174.0000 | loss_rl: 0.0042
Episode    4 | reward: -46.0237 | epsilon: 0.5905 | steps: 719 | avg_delay: 1.5618 | avg_queue: 3.1429 | throughput: 4662 | arrived_vehicles: 4662 | departed_vehicles: 5390 | num_vehicles: 728 | emergency_stops: 0 | teleport_started: 0 | teleport_ended: 0 | recovery_active: 0.0000 | local_safety_active_tls: 0 | local_safety_overrides: 0 | episode_mean_avg_delay: 2.1895 | episode_max_avg_delay: 21.1174 | episode_mean_avg_queue: 2.7253 | episode_max_avg_queue: 5.5476 | episode_mean_num_vehicles: 609.6634 | episode_max_num_vehicles: 771.0000 | episode_recovery_steps: 14 | episode_local_safety_steps: 0 | episode_local_safety_overrides: 0 | episode_peak_top_tl: A2 | episode_peak_top_tl_queue: 147.0000 | episode_peak_top_tl_waiting: 5800.0000 | episode_peak_top_tl_phase: 0 | episode_peak_top_tl_phase_duration: 18 | episode_peak_top_tl_action: 0 | episode_peak_top_lane: A1A2_1 | episode_peak_top_lane_queue: 78.0000 | episode_peak_top_lane_waiting: 3190.0000 | loss_rl: 0.0049
Episode    5 | reward: -34.2536 | epsilon: 0.5314 | steps: 719 | avg_delay: 4.6278 | avg_queue: 3.9048 | throughput: 4781 | arrived_vehicles: 4781 | departed_vehicles: 5501 | num_vehicles: 720 | emergency_stops: 0 | teleport_started: 0 | teleport_ended: 0 | recovery_active: 0.0000 | local_safety_active_tls: 0 | local_safety_overrides: 0 | episode_mean_avg_delay: 1.7182 | episode_max_avg_delay: 8.2359 | episode_mean_avg_queue: 2.1456 | episode_max_avg_queue: 5.5238 | episode_mean_num_vehicles: 526.8776 | episode_max_num_vehicles: 720.0000 | episode_recovery_steps: 0 | episode_local_safety_steps: 0 | episode_local_safety_overrides: 0 | episode_peak_top_tl: A2 | episode_peak_top_tl_queue: 159.0000 | episode_peak_top_tl_waiting: 4254.0000 | episode_peak_top_tl_phase: 0 | episode_peak_top_tl_phase_duration: 33 | episode_peak_top_tl_action: 0 | episode_peak_top_lane: A1A2_1 | episode_peak_top_lane_queue: 98.0000 | episode_peak_top_lane_waiting: 2122.0000 | loss_rl: 0.0054 | eval_reward: -24.6525 | eval_reward_std: 0.0000 | eval_avg_delay: 1.3027 | eval_avg_queue: 2.2381 | eval_throughput: 5209.0000 | eval_emergency_stops: 0.0000 | eval_teleport_started: 0.0000 | eval_teleport_ended: 0.0000 | eval_episode_mean_delay: 1.1864 | eval_episode_max_delay: 5.7935 | eval_episode_mean_queue: 1.5429 | eval_episode_max_queue: 3.4048

Training complete! Best train reward: -34.25 | Best eval reward: -24.65
Logs saved to: D:\ITB\TA\gnn-marl-traffic\logs\independent_dqn_arterial_stable_20260526_091118_arterial_yg_y2g12_independent_dqn_5ep_s42
