============================================================
Training independent_dqn on arterial_stable
Net: D:\ITB\TA\gnn-marl-traffic\data/networks/arterial_3x3/arterial_fixed.net.xml
Route: D:\ITB\TA\gnn-marl-traffic\data/networks/arterial_3x3/arterial_stable.rou.xml
Episodes: 5
Seed: 42 | Deterministic: True
============================================================
Number of agents (traffic lights): 9
Traffic light IDs: ['A2', 'B1', 'C1', 'A1', 'A3', 'B2', 'C2', 'B3', 'C3']
Observation dim: 33
Number of actions: 2
Number of lanes per intersection (max): 6
Adjacency matrix:
[[1. 0. 0. 1. 1. 1. 1. 0. 0.]
 [0. 1. 0. 1. 0. 1. 0. 0. 0.]
 [0. 0. 1. 1. 0. 0. 1. 0. 0.]
 [1. 1. 1. 1. 0. 0. 0. 0. 0.]
 [1. 0. 0. 0. 1. 0. 0. 1. 1.]
 [1. 1. 0. 0. 0. 1. 0. 1. 0.]
 [1. 0. 1. 0. 0. 0. 1. 0. 1.]
 [0. 0. 0. 0. 1. 1. 0. 1. 0.]
 [0. 0. 0. 0. 1. 0. 1. 0. 1.]]
Episode    1 | reward: -59.1322 | epsilon: 0.8100 | steps: 719 | avg_delay: 1.1451 | avg_queue: 2.5476 | throughput: 4427 | arrived_vehicles: 4427 | departed_vehicles: 5116 | num_vehicles: 689 | emergency_stops: 0 | teleport_started: 0 | teleport_ended: 0 | recovery_active: 1.0000 | local_safety_active_tls: 0 | local_safety_overrides: 0 | episode_mean_avg_delay: 3.1538 | episode_max_avg_delay: 16.9296 | episode_mean_avg_queue: 3.1969 | episode_max_avg_queue: 6.7619 | episode_mean_num_vehicles: 543.9110 | episode_max_num_vehicles: 757.0000 | episode_recovery_steps: 71 | episode_local_safety_steps: 0 | episode_local_safety_overrides: 0 | episode_peak_top_tl: A1 | episode_peak_top_tl_queue: 149.0000 | episode_peak_top_tl_waiting: 1510.0000 | episode_peak_top_tl_phase: 1 | episode_peak_top_tl_phase_duration: 7 | episode_peak_top_tl_action: 1 | episode_peak_top_lane: W_A0A1_1 | episode_peak_top_lane_queue: 94.0000 | episode_peak_top_lane_waiting: 1062.0000 | loss_rl: 0.0048
Episode    2 | reward: -60.7964 | epsilon: 0.7290 | steps: 719 | avg_delay: 1.7205 | avg_queue: 3.5952 | throughput: 4336 | arrived_vehicles: 4336 | departed_vehicles: 5048 | num_vehicles: 712 | emergency_stops: 0 | teleport_started: 0 | teleport_ended: 0 | recovery_active: 0.0000 | local_safety_active_tls: 0 | local_safety_overrides: 0 | episode_mean_avg_delay: 3.4022 | episode_max_avg_delay: 19.0523 | episode_mean_avg_queue: 3.2364 | episode_max_avg_queue: 6.5000 | episode_mean_num_vehicles: 542.0848 | episode_max_num_vehicles: 716.0000 | episode_recovery_steps: 63 | episode_local_safety_steps: 0 | episode_local_safety_overrides: 0 | episode_peak_top_tl: A2 | episode_peak_top_tl_queue: 188.0000 | episode_peak_top_tl_waiting: 8937.0000 | episode_peak_top_tl_phase: 1 | episode_peak_top_tl_phase_duration: 27 | episode_peak_top_tl_action: 1 | episode_peak_top_lane: A1A2_1 | episode_peak_top_lane_queue: 78.0000 | episode_peak_top_lane_waiting: 5257.0000 | loss_rl: 0.0066
Episode    3 | reward: -50.8320 | epsilon: 0.6561 | steps: 719 | avg_delay: 1.1900 | avg_queue: 2.2143 | throughput: 4498 | arrived_vehicles: 4498 | departed_vehicles: 5161 | num_vehicles: 663 | emergency_stops: 0 | teleport_started: 0 | teleport_ended: 0 | recovery_active: 0.0000 | local_safety_active_tls: 0 | local_safety_overrides: 0 | episode_mean_avg_delay: 2.5046 | episode_max_avg_delay: 14.4156 | episode_mean_avg_queue: 3.0648 | episode_max_avg_queue: 6.2381 | episode_mean_num_vehicles: 559.2879 | episode_max_num_vehicles: 744.0000 | episode_recovery_steps: 32 | episode_local_safety_steps: 0 | episode_local_safety_overrides: 0 | episode_peak_top_tl: A2 | episode_peak_top_tl_queue: 142.0000 | episode_peak_top_tl_waiting: 4050.0000 | episode_peak_top_tl_phase: 1 | episode_peak_top_tl_phase_duration: 12 | episode_peak_top_tl_action: 0 | episode_peak_top_lane: A1A2_1 | episode_peak_top_lane_queue: 88.0000 | episode_peak_top_lane_waiting: 3278.0000 | loss_rl: 0.0060
Episode    4 | reward: -47.7586 | epsilon: 0.5905 | steps: 719 | avg_delay: 1.2690 | avg_queue: 2.9524 | throughput: 4540 | arrived_vehicles: 4540 | departed_vehicles: 5380 | num_vehicles: 840 | emergency_stops: 0 | teleport_started: 0 | teleport_ended: 0 | recovery_active: 0.0000 | local_safety_active_tls: 0 | local_safety_overrides: 0 | episode_mean_avg_delay: 2.1680 | episode_max_avg_delay: 12.8810 | episode_mean_avg_queue: 2.9920 | episode_max_avg_queue: 5.9286 | episode_mean_num_vehicles: 634.9527 | episode_max_num_vehicles: 843.0000 | episode_recovery_steps: 10 | episode_local_safety_steps: 0 | episode_local_safety_overrides: 0 | episode_peak_top_tl: A2 | episode_peak_top_tl_queue: 157.0000 | episode_peak_top_tl_waiting: 2992.0000 | episode_peak_top_tl_phase: 1 | episode_peak_top_tl_phase_duration: 12 | episode_peak_top_tl_action: 0 | episode_peak_top_lane: A1A2_1 | episode_peak_top_lane_queue: 94.0000 | episode_peak_top_lane_waiting: 2329.0000 | loss_rl: 0.0064
Episode    5 | reward: -47.3545 | epsilon: 0.5314 | steps: 719 | avg_delay: 0.9509 | avg_queue: 2.4524 | throughput: 4610 | arrived_vehicles: 4610 | departed_vehicles: 5323 | num_vehicles: 713 | emergency_stops: 0 | teleport_started: 0 | teleport_ended: 0 | recovery_active: 0.0000 | local_safety_active_tls: 0 | local_safety_overrides: 0 | episode_mean_avg_delay: 2.3285 | episode_max_avg_delay: 12.7589 | episode_mean_avg_queue: 2.8607 | episode_max_avg_queue: 5.7857 | episode_mean_num_vehicles: 575.0042 | episode_max_num_vehicles: 719.0000 | episode_recovery_steps: 11 | episode_local_safety_steps: 0 | episode_local_safety_overrides: 0 | episode_peak_top_tl: A2 | episode_peak_top_tl_queue: 138.0000 | episode_peak_top_tl_waiting: 1178.0000 | episode_peak_top_tl_phase: 1 | episode_peak_top_tl_phase_duration: 17 | episode_peak_top_tl_action: 1 | episode_peak_top_lane: A1A2_1 | episode_peak_top_lane_queue: 74.0000 | episode_peak_top_lane_waiting: 707.0000 | loss_rl: 0.0073 | eval_reward: -106.5173 | eval_reward_std: 0.0000 | eval_avg_delay: 3.9759 | eval_avg_queue: 2.7619 | eval_throughput: 4878.0000 | eval_emergency_stops: 0.0000 | eval_teleport_started: 3.0000 | eval_teleport_ended: 3.0000 | eval_episode_mean_delay: 5.3567 | eval_episode_max_delay: 49.9543 | eval_episode_mean_queue: 2.9769 | eval_episode_max_queue: 11.9286

Training complete! Best train reward: -47.35 | Best eval reward: -106.52
Logs saved to: D:\ITB\TA\gnn-marl-traffic\logs\independent_dqn_arterial_stable_20260526_092504_arterial_yg_y3g8_independent_dqn_5ep_s42
