============================================================
Training independent_dqn on arterial_stable
Net: D:\ITB\TA\gnn-marl-traffic\data/networks/arterial_3x3/arterial_fixed.net.xml
Route: D:\ITB\TA\gnn-marl-traffic\data/networks/arterial_3x3/arterial_stable.rou.xml
Episodes: 5
Seed: 42 | Deterministic: True
============================================================
Number of agents (traffic lights): 9
Traffic light IDs: ['A2', 'B1', 'C1', 'A1', 'A3', 'B2', 'C2', 'B3', 'C3']
Observation dim: 33
Number of actions: 2
Number of lanes per intersection (max): 6
Adjacency matrix:
[[1. 0. 0. 1. 1. 1. 1. 0. 0.]
 [0. 1. 0. 1. 0. 1. 0. 0. 0.]
 [0. 0. 1. 1. 0. 0. 1. 0. 0.]
 [1. 1. 1. 1. 0. 0. 0. 0. 0.]
 [1. 0. 0. 0. 1. 0. 0. 1. 1.]
 [1. 1. 0. 0. 0. 1. 0. 1. 0.]
 [1. 0. 1. 0. 0. 0. 1. 0. 1.]
 [0. 0. 0. 0. 1. 1. 0. 1. 0.]
 [0. 0. 0. 0. 1. 0. 1. 0. 1.]]
Episode    1 | reward: -54.1597 | epsilon: 0.8100 | steps: 719 | avg_delay: 1.4979 | avg_queue: 2.7381 | throughput: 4428 | arrived_vehicles: 4428 | departed_vehicles: 5139 | num_vehicles: 711 | emergency_stops: 0 | teleport_started: 0 | teleport_ended: 0 | recovery_active: 0.0000 | local_safety_active_tls: 0 | local_safety_overrides: 0 | episode_mean_avg_delay: 3.0290 | episode_max_avg_delay: 13.5342 | episode_mean_avg_queue: 2.9167 | episode_max_avg_queue: 6.2143 | episode_mean_num_vehicles: 513.3867 | episode_max_num_vehicles: 717.0000 | episode_recovery_steps: 41 | episode_local_safety_steps: 0 | episode_local_safety_overrides: 0 | episode_peak_top_tl: A3 | episode_peak_top_tl_queue: 164.0000 | episode_peak_top_tl_waiting: 5686.0000 | episode_peak_top_tl_phase: 1 | episode_peak_top_tl_phase_duration: 13 | episode_peak_top_tl_action: 0 | episode_peak_top_lane: A2A3_1 | episode_peak_top_lane_queue: 100.0000 | episode_peak_top_lane_waiting: 3645.0000 | loss_rl: 0.0037
Episode    2 | reward: -48.2268 | epsilon: 0.7290 | steps: 719 | avg_delay: 2.3667 | avg_queue: 2.5000 | throughput: 4513 | arrived_vehicles: 4513 | departed_vehicles: 5083 | num_vehicles: 570 | emergency_stops: 0 | teleport_started: 0 | teleport_ended: 0 | recovery_active: 0.0000 | local_safety_active_tls: 0 | local_safety_overrides: 0 | episode_mean_avg_delay: 2.5837 | episode_max_avg_delay: 8.2901 | episode_mean_avg_queue: 2.9340 | episode_max_avg_queue: 5.3571 | episode_mean_num_vehicles: 518.3894 | episode_max_num_vehicles: 631.0000 | episode_recovery_steps: 0 | episode_local_safety_steps: 0 | episode_local_safety_overrides: 0 | episode_peak_top_tl: A1 | episode_peak_top_tl_queue: 132.0000 | episode_peak_top_tl_waiting: 2382.0000 | episode_peak_top_tl_phase: 1 | episode_peak_top_tl_phase_duration: 43 | episode_peak_top_tl_action: 1 | episode_peak_top_lane: W_A0A1_1 | episode_peak_top_lane_queue: 73.0000 | episode_peak_top_lane_waiting: 1387.0000 | loss_rl: 0.0043
Episode    3 | reward: -54.1189 | epsilon: 0.6561 | steps: 719 | avg_delay: 0.3810 | avg_queue: 1.3333 | throughput: 4518 | arrived_vehicles: 4518 | departed_vehicles: 5245 | num_vehicles: 727 | emergency_stops: 0 | teleport_started: 0 | teleport_ended: 0 | recovery_active: 1.0000 | local_safety_active_tls: 0 | local_safety_overrides: 0 | episode_mean_avg_delay: 2.6516 | episode_max_avg_delay: 18.2805 | episode_mean_avg_queue: 3.0930 | episode_max_avg_queue: 6.1190 | episode_mean_num_vehicles: 596.5619 | episode_max_num_vehicles: 784.0000 | episode_recovery_steps: 52 | episode_local_safety_steps: 0 | episode_local_safety_overrides: 0 | episode_peak_top_tl: A2 | episode_peak_top_tl_queue: 138.0000 | episode_peak_top_tl_waiting: 3108.0000 | episode_peak_top_tl_phase: 1 | episode_peak_top_tl_phase_duration: 33 | episode_peak_top_tl_action: 1 | episode_peak_top_lane: A1A2_1 | episode_peak_top_lane_queue: 70.0000 | episode_peak_top_lane_waiting: 1708.0000 | loss_rl: 0.0037
Episode    4 | reward: -53.2177 | epsilon: 0.5905 | steps: 719 | avg_delay: 1.2627 | avg_queue: 2.8571 | throughput: 4636 | arrived_vehicles: 4636 | departed_vehicles: 5363 | num_vehicles: 727 | emergency_stops: 0 | teleport_started: 0 | teleport_ended: 0 | recovery_active: 0.0000 | local_safety_active_tls: 0 | local_safety_overrides: 0 | episode_mean_avg_delay: 2.7561 | episode_max_avg_delay: 24.4672 | episode_mean_avg_queue: 2.7893 | episode_max_avg_queue: 5.6190 | episode_mean_num_vehicles: 583.3950 | episode_max_num_vehicles: 749.0000 | episode_recovery_steps: 21 | episode_local_safety_steps: 0 | episode_local_safety_overrides: 0 | episode_peak_top_tl: A3 | episode_peak_top_tl_queue: 170.0000 | episode_peak_top_tl_waiting: 13482.0000 | episode_peak_top_tl_phase: 0 | episode_peak_top_tl_phase_duration: 3 | episode_peak_top_tl_action: 0 | episode_peak_top_lane: A2A3_1 | episode_peak_top_lane_queue: 105.0000 | episode_peak_top_lane_waiting: 5975.0000 | loss_rl: 0.0059
Episode    5 | reward: -40.4872 | epsilon: 0.5314 | steps: 719 | avg_delay: 2.8129 | avg_queue: 3.5238 | throughput: 4714 | arrived_vehicles: 4714 | departed_vehicles: 5414 | num_vehicles: 700 | emergency_stops: 0 | teleport_started: 0 | teleport_ended: 0 | recovery_active: 1.0000 | local_safety_active_tls: 0 | local_safety_overrides: 0 | episode_mean_avg_delay: 2.0632 | episode_max_avg_delay: 9.4620 | episode_mean_avg_queue: 2.4572 | episode_max_avg_queue: 6.5476 | episode_mean_num_vehicles: 533.7483 | episode_max_num_vehicles: 716.0000 | episode_recovery_steps: 21 | episode_local_safety_steps: 0 | episode_local_safety_overrides: 0 | episode_peak_top_tl: A2 | episode_peak_top_tl_queue: 170.0000 | episode_peak_top_tl_waiting: 3646.0000 | episode_peak_top_tl_phase: 0 | episode_peak_top_tl_phase_duration: 8 | episode_peak_top_tl_action: 0 | episode_peak_top_lane: A1A2_1 | episode_peak_top_lane_queue: 121.0000 | episode_peak_top_lane_waiting: 2352.0000 | loss_rl: 0.0070 | eval_reward: -37.4782 | eval_reward_std: 0.0000 | eval_avg_delay: 1.0365 | eval_avg_queue: 2.0000 | eval_throughput: 5187.0000 | eval_emergency_stops: 0.0000 | eval_teleport_started: 0.0000 | eval_teleport_ended: 0.0000 | eval_episode_mean_delay: 1.9777 | eval_episode_max_delay: 24.1294 | eval_episode_mean_queue: 1.8194 | eval_episode_max_queue: 6.7857

Training complete! Best train reward: -40.49 | Best eval reward: -37.48
Logs saved to: D:\ITB\TA\gnn-marl-traffic\logs\independent_dqn_arterial_stable_20260526_091118_arterial_yg_y2g10_independent_dqn_5ep_s42
