============================================================
Training independent_dqn on arterial_stable
Net: D:\ITB\TA\gnn-marl-traffic\data/networks/arterial_3x3/arterial_fixed.net.xml
Route: D:\ITB\TA\gnn-marl-traffic\data/networks/arterial_3x3/arterial_stable.rou.xml
Episodes: 5
Seed: 42 | Deterministic: True
============================================================
Number of agents (traffic lights): 9
Traffic light IDs: ['A2', 'B1', 'C1', 'A1', 'A3', 'B2', 'C2', 'B3', 'C3']
Observation dim: 33
Number of actions: 2
Number of lanes per intersection (max): 6
Adjacency matrix:
[[1. 0. 0. 1. 1. 1. 1. 0. 0.]
 [0. 1. 0. 1. 0. 1. 0. 0. 0.]
 [0. 0. 1. 1. 0. 0. 1. 0. 0.]
 [1. 1. 1. 1. 0. 0. 0. 0. 0.]
 [1. 0. 0. 0. 1. 0. 0. 1. 1.]
 [1. 1. 0. 0. 0. 1. 0. 1. 0.]
 [1. 0. 1. 0. 0. 0. 1. 0. 1.]
 [0. 0. 0. 0. 1. 1. 0. 1. 0.]
 [0. 0. 0. 0. 1. 0. 1. 0. 1.]]
Episode    1 | reward: -53.4545 | epsilon: 0.8100 | steps: 719 | avg_delay: 12.4647 | avg_queue: 7.5238 | throughput: 4347 | arrived_vehicles: 4347 | departed_vehicles: 4971 | num_vehicles: 624 | emergency_stops: 0 | teleport_started: 0 | teleport_ended: 0 | recovery_active: 1.0000 | local_safety_active_tls: 0 | local_safety_overrides: 0 | episode_mean_avg_delay: 2.9094 | episode_max_avg_delay: 12.4647 | episode_mean_avg_queue: 3.0786 | episode_max_avg_queue: 7.5238 | episode_mean_num_vehicles: 514.0695 | episode_max_num_vehicles: 629.0000 | episode_recovery_steps: 1 | episode_local_safety_steps: 0 | episode_local_safety_overrides: 0 | episode_peak_top_tl: A1 | episode_peak_top_tl_queue: 232.0000 | episode_peak_top_tl_waiting: 6809.0000 | episode_peak_top_tl_phase: 0 | episode_peak_top_tl_phase_duration: 2 | episode_peak_top_tl_action: 0 | episode_peak_top_lane: W_A0A1_1 | episode_peak_top_lane_queue: 140.0000 | episode_peak_top_lane_waiting: 4783.0000 | loss_rl: 0.0031
Episode    2 | reward: -60.7379 | epsilon: 0.7290 | steps: 719 | avg_delay: 1.7307 | avg_queue: 3.1667 | throughput: 4336 | arrived_vehicles: 4336 | departed_vehicles: 4893 | num_vehicles: 557 | emergency_stops: 0 | teleport_started: 0 | teleport_ended: 0 | recovery_active: 0.0000 | local_safety_active_tls: 0 | local_safety_overrides: 0 | episode_mean_avg_delay: 3.4049 | episode_max_avg_delay: 14.3243 | episode_mean_avg_queue: 3.3781 | episode_max_avg_queue: 6.0714 | episode_mean_num_vehicles: 526.7983 | episode_max_num_vehicles: 639.0000 | episode_recovery_steps: 11 | episode_local_safety_steps: 0 | episode_local_safety_overrides: 0 | episode_peak_top_tl: A2 | episode_peak_top_tl_queue: 153.0000 | episode_peak_top_tl_waiting: 5230.0000 | episode_peak_top_tl_phase: 1 | episode_peak_top_tl_phase_duration: 42 | episode_peak_top_tl_action: 1 | episode_peak_top_lane: A1A2_1 | episode_peak_top_lane_queue: 68.0000 | episode_peak_top_lane_waiting: 2978.0000 | loss_rl: 0.0033
Episode    3 | reward: -50.6474 | epsilon: 0.6561 | steps: 719 | avg_delay: 1.5417 | avg_queue: 2.9286 | throughput: 4542 | arrived_vehicles: 4542 | departed_vehicles: 5190 | num_vehicles: 648 | emergency_stops: 0 | teleport_started: 0 | teleport_ended: 0 | recovery_active: 0.0000 | local_safety_active_tls: 0 | local_safety_overrides: 0 | episode_mean_avg_delay: 2.4493 | episode_max_avg_delay: 11.9366 | episode_mean_avg_queue: 3.0559 | episode_max_avg_queue: 6.1667 | episode_mean_num_vehicles: 575.9305 | episode_max_num_vehicles: 750.0000 | episode_recovery_steps: 39 | episode_local_safety_steps: 0 | episode_local_safety_overrides: 0 | episode_peak_top_tl: A2 | episode_peak_top_tl_queue: 146.0000 | episode_peak_top_tl_waiting: 6392.0000 | episode_peak_top_tl_phase: 0 | episode_peak_top_tl_phase_duration: 22 | episode_peak_top_tl_action: 0 | episode_peak_top_lane: A1A2_1 | episode_peak_top_lane_queue: 74.0000 | episode_peak_top_lane_waiting: 3823.0000 | loss_rl: 0.0031
Episode    4 | reward: -46.6021 | epsilon: 0.5905 | steps: 719 | avg_delay: 0.9312 | avg_queue: 2.2857 | throughput: 4658 | arrived_vehicles: 4658 | departed_vehicles: 5399 | num_vehicles: 741 | emergency_stops: 0 | teleport_started: 0 | teleport_ended: 0 | recovery_active: 0.0000 | local_safety_active_tls: 0 | local_safety_overrides: 0 | episode_mean_avg_delay: 2.3154 | episode_max_avg_delay: 14.4181 | episode_mean_avg_queue: 2.5958 | episode_max_avg_queue: 5.7619 | episode_mean_num_vehicles: 551.2379 | episode_max_num_vehicles: 741.0000 | episode_recovery_steps: 18 | episode_local_safety_steps: 0 | episode_local_safety_overrides: 0 | episode_peak_top_tl: A3 | episode_peak_top_tl_queue: 160.0000 | episode_peak_top_tl_waiting: 9590.0000 | episode_peak_top_tl_phase: 0 | episode_peak_top_tl_phase_duration: 2 | episode_peak_top_tl_action: 0 | episode_peak_top_lane: A2A3_1 | episode_peak_top_lane_queue: 99.0000 | episode_peak_top_lane_waiting: 5956.0000 | loss_rl: 0.0036
Episode    5 | reward: -50.8398 | epsilon: 0.5314 | steps: 719 | avg_delay: 0.8727 | avg_queue: 2.7143 | throughput: 4703 | arrived_vehicles: 4703 | departed_vehicles: 5418 | num_vehicles: 715 | emergency_stops: 0 | teleport_started: 0 | teleport_ended: 0 | recovery_active: 0.0000 | local_safety_active_tls: 0 | local_safety_overrides: 0 | episode_mean_avg_delay: 2.3920 | episode_max_avg_delay: 16.6860 | episode_mean_avg_queue: 2.9159 | episode_max_avg_queue: 6.0476 | episode_mean_num_vehicles: 611.4242 | episode_max_num_vehicles: 796.0000 | episode_recovery_steps: 32 | episode_local_safety_steps: 0 | episode_local_safety_overrides: 0 | episode_peak_top_tl: A2 | episode_peak_top_tl_queue: 137.0000 | episode_peak_top_tl_waiting: 1823.0000 | episode_peak_top_tl_phase: 1 | episode_peak_top_tl_phase_duration: 12 | episode_peak_top_tl_action: 0 | episode_peak_top_lane: A1A2_1 | episode_peak_top_lane_queue: 95.0000 | episode_peak_top_lane_waiting: 1559.0000 | loss_rl: 0.0060 | eval_reward: -31.0740 | eval_reward_std: 0.0000 | eval_avg_delay: 1.7519 | eval_avg_queue: 3.5000 | eval_throughput: 5189.0000 | eval_emergency_stops: 0.0000 | eval_teleport_started: 0.0000 | eval_teleport_ended: 0.0000 | eval_episode_mean_delay: 1.4158 | eval_episode_max_delay: 6.1627 | eval_episode_mean_queue: 1.8291 | eval_episode_max_queue: 4.1667

Training complete! Best train reward: -46.60 | Best eval reward: -31.07
Logs saved to: D:\ITB\TA\gnn-marl-traffic\logs\independent_dqn_arterial_stable_20260526_092354_arterial_yg_y3g12_independent_dqn_5ep_s42
