============================================================
Training gat_dqn on arterial_stable
Net: D:\ITB\TA\gnn-marl-traffic\data/networks/arterial_3x3/arterial_fixed.net.xml
Route: D:\ITB\TA\gnn-marl-traffic\data/networks/arterial_3x3/arterial_stable.rou.xml
Episodes: 5
Seed: 42 | Deterministic: True
============================================================
Number of agents (traffic lights): 9
Traffic light IDs: ['A2', 'B1', 'C1', 'A1', 'A3', 'B2', 'C2', 'B3', 'C3']
Observation dim: 33
Number of actions: 2
Number of lanes per intersection (max): 6
Adjacency matrix:
[[1. 0. 0. 1. 1. 1. 1. 0. 0.]
 [0. 1. 0. 1. 0. 1. 0. 0. 0.]
 [0. 0. 1. 1. 0. 0. 1. 0. 0.]
 [1. 1. 1. 1. 0. 0. 0. 0. 0.]
 [1. 0. 0. 0. 1. 0. 0. 1. 1.]
 [1. 1. 0. 0. 0. 1. 0. 1. 0.]
 [1. 0. 1. 0. 0. 0. 1. 0. 1.]
 [0. 0. 0. 0. 1. 1. 0. 1. 0.]
 [0. 0. 0. 0. 1. 0. 1. 0. 1.]]
Episode    1 | reward: -52.9759 | epsilon: 0.8100 | steps: 719 | avg_delay: 1.9095 | avg_queue: 3.5238 | throughput: 4447 | arrived_vehicles: 4447 | departed_vehicles: 5077 | num_vehicles: 630 | emergency_stops: 0 | teleport_started: 0 | teleport_ended: 0 | recovery_active: 0.0000 | local_safety_active_tls: 0 | local_safety_overrides: 0 | episode_mean_avg_delay: 2.9519 | episode_max_avg_delay: 11.9982 | episode_mean_avg_queue: 3.0381 | episode_max_avg_queue: 5.9048 | episode_mean_num_vehicles: 511.1850 | episode_max_num_vehicles: 648.0000 | episode_recovery_steps: 19 | episode_local_safety_steps: 0 | episode_local_safety_overrides: 0 | episode_peak_top_tl: A1 | episode_peak_top_tl_queue: 159.0000 | episode_peak_top_tl_waiting: 2205.0000 | episode_peak_top_tl_phase: 0 | episode_peak_top_tl_phase_duration: 7 | episode_peak_top_tl_action: 0 | episode_peak_top_lane: W_A0A1_1 | episode_peak_top_lane_queue: 105.0000 | episode_peak_top_lane_waiting: 1779.0000 | loss_total: 0.0051 | loss_rl: 0.0035 | loss_pred: 0.0317
Episode    2 | reward: -59.2687 | epsilon: 0.7290 | steps: 719 | avg_delay: 1.6618 | avg_queue: 3.7381 | throughput: 4543 | arrived_vehicles: 4543 | departed_vehicles: 5223 | num_vehicles: 680 | emergency_stops: 0 | teleport_started: 0 | teleport_ended: 0 | recovery_active: 0.0000 | local_safety_active_tls: 0 | local_safety_overrides: 0 | episode_mean_avg_delay: 3.1908 | episode_max_avg_delay: 28.4357 | episode_mean_avg_queue: 3.0975 | episode_max_avg_queue: 6.4286 | episode_mean_num_vehicles: 575.3533 | episode_max_num_vehicles: 726.0000 | episode_recovery_steps: 82 | episode_local_safety_steps: 0 | episode_local_safety_overrides: 0 | episode_peak_top_tl: A1 | episode_peak_top_tl_queue: 158.0000 | episode_peak_top_tl_waiting: 3157.0000 | episode_peak_top_tl_phase: 0 | episode_peak_top_tl_phase_duration: 2 | episode_peak_top_tl_action: 0 | episode_peak_top_lane: W_A0A1_1 | episode_peak_top_lane_queue: 90.0000 | episode_peak_top_lane_waiting: 2170.0000 | loss_total: 0.0095 | loss_rl: 0.0083 | loss_pred: 0.0247
Episode    3 | reward: -48.2435 | epsilon: 0.6561 | steps: 719 | avg_delay: 1.0774 | avg_queue: 2.7619 | throughput: 4548 | arrived_vehicles: 4548 | departed_vehicles: 5284 | num_vehicles: 736 | emergency_stops: 0 | teleport_started: 0 | teleport_ended: 0 | recovery_active: 0.0000 | local_safety_active_tls: 0 | local_safety_overrides: 0 | episode_mean_avg_delay: 2.1222 | episode_max_avg_delay: 9.7748 | episode_mean_avg_queue: 3.0474 | episode_max_avg_queue: 6.0238 | episode_mean_num_vehicles: 634.3129 | episode_max_num_vehicles: 817.0000 | episode_recovery_steps: 55 | episode_local_safety_steps: 0 | episode_local_safety_overrides: 0 | episode_peak_top_tl: A2 | episode_peak_top_tl_queue: 149.0000 | episode_peak_top_tl_waiting: 4411.0000 | episode_peak_top_tl_phase: 1 | episode_peak_top_tl_phase_duration: 12 | episode_peak_top_tl_action: 1 | episode_peak_top_lane: A1A2_1 | episode_peak_top_lane_queue: 83.0000 | episode_peak_top_lane_waiting: 3323.0000 | loss_total: 0.0093 | loss_rl: 0.0081 | loss_pred: 0.0237
Episode    4 | reward: -37.8836 | epsilon: 0.5905 | steps: 719 | avg_delay: 1.2190 | avg_queue: 2.4286 | throughput: 4642 | arrived_vehicles: 4642 | departed_vehicles: 5327 | num_vehicles: 685 | emergency_stops: 0 | teleport_started: 0 | teleport_ended: 0 | recovery_active: 0.0000 | local_safety_active_tls: 0 | local_safety_overrides: 0 | episode_mean_avg_delay: 1.8587 | episode_max_avg_delay: 5.0734 | episode_mean_avg_queue: 2.4733 | episode_max_avg_queue: 4.9286 | episode_mean_num_vehicles: 526.8373 | episode_max_num_vehicles: 685.0000 | episode_recovery_steps: 0 | episode_local_safety_steps: 0 | episode_local_safety_overrides: 0 | episode_peak_top_tl: A1 | episode_peak_top_tl_queue: 101.0000 | episode_peak_top_tl_waiting: 983.0000 | episode_peak_top_tl_phase: 0 | episode_peak_top_tl_phase_duration: 27 | episode_peak_top_tl_action: 0 | episode_peak_top_lane: W_A0A1_1 | episode_peak_top_lane_queue: 71.0000 | episode_peak_top_lane_waiting: 733.0000 | loss_total: 0.0107 | loss_rl: 0.0096 | loss_pred: 0.0234
Episode    5 | reward: -42.5210 | epsilon: 0.5314 | steps: 719 | avg_delay: 1.2135 | avg_queue: 2.7143 | throughput: 4651 | arrived_vehicles: 4651 | departed_vehicles: 5330 | num_vehicles: 679 | emergency_stops: 0 | teleport_started: 0 | teleport_ended: 0 | recovery_active: 0.0000 | local_safety_active_tls: 0 | local_safety_overrides: 0 | episode_mean_avg_delay: 2.0441 | episode_max_avg_delay: 10.4468 | episode_mean_avg_queue: 2.6365 | episode_max_avg_queue: 5.3571 | episode_mean_num_vehicles: 551.9625 | episode_max_num_vehicles: 719.0000 | episode_recovery_steps: 0 | episode_local_safety_steps: 0 | episode_local_safety_overrides: 0 | episode_peak_top_tl: A3 | episode_peak_top_tl_queue: 142.0000 | episode_peak_top_tl_waiting: 5472.0000 | episode_peak_top_tl_phase: 1 | episode_peak_top_tl_phase_duration: 12 | episode_peak_top_tl_action: 1 | episode_peak_top_lane: A2A3_1 | episode_peak_top_lane_queue: 74.0000 | episode_peak_top_lane_waiting: 3117.0000 | loss_total: 0.0109 | loss_rl: 0.0098 | loss_pred: 0.0225 | eval_reward: -36.7578 | eval_reward_std: 0.0000 | eval_avg_delay: 0.9126 | eval_avg_queue: 2.0714 | eval_throughput: 5143.0000 | eval_emergency_stops: 0.0000 | eval_teleport_started: 0.0000 | eval_teleport_ended: 0.0000 | eval_episode_mean_delay: 1.7103 | eval_episode_max_delay: 5.4655 | eval_episode_mean_queue: 1.9390 | eval_episode_max_queue: 4.2381

Training complete! Best train reward: -37.88 | Best eval reward: -36.76
Logs saved to: D:\ITB\TA\gnn-marl-traffic\logs\gat_dqn_arterial_stable_20260526_092454_arterial_yg_y3g8_gat_dqn_5ep_s42
