============================================================
Training gat_dqn on arterial_stable
Net: D:\ITB\TA\gnn-marl-traffic\data/networks/arterial_3x3/arterial_fixed.net.xml
Route: D:\ITB\TA\gnn-marl-traffic\data/networks/arterial_3x3/arterial_stable.rou.xml
Episodes: 5
Seed: 42 | Deterministic: True
============================================================
Number of agents (traffic lights): 9
Traffic light IDs: ['A2', 'B1', 'C1', 'A1', 'A3', 'B2', 'C2', 'B3', 'C3']
Observation dim: 33
Number of actions: 2
Number of lanes per intersection (max): 6
Adjacency matrix:
[[1. 0. 0. 1. 1. 1. 1. 0. 0.]
 [0. 1. 0. 1. 0. 1. 0. 0. 0.]
 [0. 0. 1. 1. 0. 0. 1. 0. 0.]
 [1. 1. 1. 1. 0. 0. 0. 0. 0.]
 [1. 0. 0. 0. 1. 0. 0. 1. 1.]
 [1. 1. 0. 0. 0. 1. 0. 1. 0.]
 [1. 0. 1. 0. 0. 0. 1. 0. 1.]
 [0. 0. 0. 0. 1. 1. 0. 1. 0.]
 [0. 0. 0. 0. 1. 0. 1. 0. 1.]]
Episode    1 | reward: -44.9405 | epsilon: 0.8100 | steps: 719 | avg_delay: 2.1207 | avg_queue: 2.5476 | throughput: 4516 | arrived_vehicles: 4516 | departed_vehicles: 5129 | num_vehicles: 613 | emergency_stops: 0 | teleport_started: 0 | teleport_ended: 0 | recovery_active: 0.0000 | local_safety_active_tls: 0 | local_safety_overrides: 0 | episode_mean_avg_delay: 2.5302 | episode_max_avg_delay: 17.2388 | episode_mean_avg_queue: 2.6344 | episode_max_avg_queue: 6.0952 | episode_mean_num_vehicles: 498.5841 | episode_max_num_vehicles: 613.0000 | episode_recovery_steps: 17 | episode_local_safety_steps: 0 | episode_local_safety_overrides: 0 | episode_peak_top_tl: A2 | episode_peak_top_tl_queue: 139.0000 | episode_peak_top_tl_waiting: 7647.0000 | episode_peak_top_tl_phase: 1 | episode_peak_top_tl_phase_duration: 13 | episode_peak_top_tl_action: 0 | episode_peak_top_lane: A1A2_1 | episode_peak_top_lane_queue: 68.0000 | episode_peak_top_lane_waiting: 3914.0000 | loss_total: 0.0037 | loss_rl: 0.0021 | loss_pred: 0.0308
Episode    2 | reward: -47.6504 | epsilon: 0.7290 | steps: 719 | avg_delay: 2.7816 | avg_queue: 4.7857 | throughput: 4597 | arrived_vehicles: 4597 | departed_vehicles: 5229 | num_vehicles: 632 | emergency_stops: 0 | teleport_started: 0 | teleport_ended: 0 | recovery_active: 0.0000 | local_safety_active_tls: 0 | local_safety_overrides: 0 | episode_mean_avg_delay: 2.2738 | episode_max_avg_delay: 11.0413 | episode_mean_avg_queue: 2.9412 | episode_max_avg_queue: 5.8571 | episode_mean_num_vehicles: 579.0000 | episode_max_num_vehicles: 735.0000 | episode_recovery_steps: 13 | episode_local_safety_steps: 0 | episode_local_safety_overrides: 0 | episode_peak_top_tl: A2 | episode_peak_top_tl_queue: 142.0000 | episode_peak_top_tl_waiting: 5125.0000 | episode_peak_top_tl_phase: 1 | episode_peak_top_tl_phase_duration: 13 | episode_peak_top_tl_action: 1 | episode_peak_top_lane: A1A2_1 | episode_peak_top_lane_queue: 71.0000 | episode_peak_top_lane_waiting: 2822.0000 | loss_total: 0.0037 | loss_rl: 0.0026 | loss_pred: 0.0218
Episode    3 | reward: -42.8133 | epsilon: 0.6561 | steps: 719 | avg_delay: 1.1517 | avg_queue: 2.6190 | throughput: 4698 | arrived_vehicles: 4698 | departed_vehicles: 5410 | num_vehicles: 712 | emergency_stops: 0 | teleport_started: 0 | teleport_ended: 0 | recovery_active: 1.0000 | local_safety_active_tls: 0 | local_safety_overrides: 0 | episode_mean_avg_delay: 1.8938 | episode_max_avg_delay: 5.5730 | episode_mean_avg_queue: 2.8010 | episode_max_avg_queue: 5.9762 | episode_mean_num_vehicles: 603.1432 | episode_max_num_vehicles: 810.0000 | episode_recovery_steps: 34 | episode_local_safety_steps: 0 | episode_local_safety_overrides: 0 | episode_peak_top_tl: A2 | episode_peak_top_tl_queue: 143.0000 | episode_peak_top_tl_waiting: 1153.0000 | episode_peak_top_tl_phase: 1 | episode_peak_top_tl_phase_duration: 33 | episode_peak_top_tl_action: 1 | episode_peak_top_lane: A1A2_1 | episode_peak_top_lane_queue: 84.0000 | episode_peak_top_lane_waiting: 665.0000 | loss_total: 0.0033 | loss_rl: 0.0024 | loss_pred: 0.0192
Episode    4 | reward: -41.6063 | epsilon: 0.5905 | steps: 719 | avg_delay: 1.9987 | avg_queue: 3.0476 | throughput: 4709 | arrived_vehicles: 4709 | departed_vehicles: 5463 | num_vehicles: 754 | emergency_stops: 0 | teleport_started: 0 | teleport_ended: 0 | recovery_active: 0.0000 | local_safety_active_tls: 0 | local_safety_overrides: 0 | episode_mean_avg_delay: 1.9785 | episode_max_avg_delay: 13.5356 | episode_mean_avg_queue: 2.6225 | episode_max_avg_queue: 5.1429 | episode_mean_num_vehicles: 613.6982 | episode_max_num_vehicles: 813.0000 | episode_recovery_steps: 0 | episode_local_safety_steps: 0 | episode_local_safety_overrides: 0 | episode_peak_top_tl: A2 | episode_peak_top_tl_queue: 111.0000 | episode_peak_top_tl_waiting: 4916.0000 | episode_peak_top_tl_phase: 1 | episode_peak_top_tl_phase_duration: 13 | episode_peak_top_tl_action: 0 | episode_peak_top_lane: A1A2_1 | episode_peak_top_lane_queue: 57.0000 | episode_peak_top_lane_waiting: 3015.0000 | loss_total: 0.0041 | loss_rl: 0.0032 | loss_pred: 0.0184
Episode    5 | reward: -39.3602 | epsilon: 0.5314 | steps: 719 | avg_delay: 1.8134 | avg_queue: 3.1905 | throughput: 4728 | arrived_vehicles: 4728 | departed_vehicles: 5398 | num_vehicles: 670 | emergency_stops: 0 | teleport_started: 0 | teleport_ended: 0 | recovery_active: 0.0000 | local_safety_active_tls: 0 | local_safety_overrides: 0 | episode_mean_avg_delay: 2.0828 | episode_max_avg_delay: 12.6414 | episode_mean_avg_queue: 2.3009 | episode_max_avg_queue: 4.5952 | episode_mean_num_vehicles: 522.9193 | episode_max_num_vehicles: 670.0000 | episode_recovery_steps: 0 | episode_local_safety_steps: 0 | episode_local_safety_overrides: 0 | episode_peak_top_tl: A3 | episode_peak_top_tl_queue: 129.0000 | episode_peak_top_tl_waiting: 4117.0000 | episode_peak_top_tl_phase: 0 | episode_peak_top_tl_phase_duration: 3 | episode_peak_top_tl_action: 0 | episode_peak_top_lane: A2A3_1 | episode_peak_top_lane_queue: 81.0000 | episode_peak_top_lane_waiting: 3025.0000 | loss_total: 0.0050 | loss_rl: 0.0041 | loss_pred: 0.0178 | eval_reward: -36.8107 | eval_reward_std: 0.0000 | eval_avg_delay: 2.2595 | eval_avg_queue: 2.5000 | eval_throughput: 5132.0000 | eval_emergency_stops: 0.0000 | eval_teleport_started: 0.0000 | eval_teleport_ended: 0.0000 | eval_episode_mean_delay: 1.7645 | eval_episode_max_delay: 10.4866 | eval_episode_mean_queue: 1.9450 | eval_episode_max_queue: 4.9286

Training complete! Best train reward: -39.36 | Best eval reward: -36.81
Logs saved to: D:\ITB\TA\gnn-marl-traffic\logs\gat_dqn_arterial_stable_20260526_091118_arterial_yg_y2g12_gat_dqn_5ep_s42
