============================================================
Training gat_dqn on arterial_stable
Net: D:\ITB\TA\gnn-marl-traffic\data/networks/arterial_3x3/arterial_fixed.net.xml
Route: D:\ITB\TA\gnn-marl-traffic\data/networks/arterial_3x3/arterial_stable.rou.xml
Episodes: 5
Seed: 42 | Deterministic: True
============================================================
Number of agents (traffic lights): 9
Traffic light IDs: ['A2', 'B1', 'C1', 'A1', 'A3', 'B2', 'C2', 'B3', 'C3']
Observation dim: 33
Number of actions: 2
Number of lanes per intersection (max): 6
Adjacency matrix:
[[1. 0. 0. 1. 1. 1. 1. 0. 0.]
 [0. 1. 0. 1. 0. 1. 0. 0. 0.]
 [0. 0. 1. 1. 0. 0. 1. 0. 0.]
 [1. 1. 1. 1. 0. 0. 0. 0. 0.]
 [1. 0. 0. 0. 1. 0. 0. 1. 1.]
 [1. 1. 0. 0. 0. 1. 0. 1. 0.]
 [1. 0. 1. 0. 0. 0. 1. 0. 1.]
 [0. 0. 0. 0. 1. 1. 0. 1. 0.]
 [0. 0. 0. 0. 1. 0. 1. 0. 1.]]
Episode    1 | reward: -45.6533 | epsilon: 0.8100 | steps: 719 | avg_delay: 1.1392 | avg_queue: 2.1667 | throughput: 4513 | arrived_vehicles: 4513 | departed_vehicles: 5131 | num_vehicles: 618 | emergency_stops: 0 | teleport_started: 0 | teleport_ended: 0 | recovery_active: 0.0000 | local_safety_active_tls: 0 | local_safety_overrides: 0 | episode_mean_avg_delay: 2.3818 | episode_max_avg_delay: 9.0805 | episode_mean_avg_queue: 2.7882 | episode_max_avg_queue: 5.5000 | episode_mean_num_vehicles: 529.2504 | episode_max_num_vehicles: 656.0000 | episode_recovery_steps: 0 | episode_local_safety_steps: 0 | episode_local_safety_overrides: 0 | episode_peak_top_tl: A1 | episode_peak_top_tl_queue: 134.0000 | episode_peak_top_tl_waiting: 2863.0000 | episode_peak_top_tl_phase: 1 | episode_peak_top_tl_phase_duration: 18 | episode_peak_top_tl_action: 1 | episode_peak_top_lane: W_A0A1_1 | episode_peak_top_lane_queue: 89.0000 | episode_peak_top_lane_waiting: 2320.0000 | loss_total: 0.0042 | loss_rl: 0.0026 | loss_pred: 0.0319
Episode    2 | reward: -50.2384 | epsilon: 0.7290 | steps: 719 | avg_delay: 1.1384 | avg_queue: 3.0000 | throughput: 4543 | arrived_vehicles: 4543 | departed_vehicles: 5186 | num_vehicles: 643 | emergency_stops: 0 | teleport_started: 0 | teleport_ended: 0 | recovery_active: 0.0000 | local_safety_active_tls: 0 | local_safety_overrides: 0 | episode_mean_avg_delay: 2.6336 | episode_max_avg_delay: 10.2270 | episode_mean_avg_queue: 2.9417 | episode_max_avg_queue: 6.0476 | episode_mean_num_vehicles: 534.7608 | episode_max_num_vehicles: 652.0000 | episode_recovery_steps: 19 | episode_local_safety_steps: 0 | episode_local_safety_overrides: 0 | episode_peak_top_tl: A2 | episode_peak_top_tl_queue: 162.0000 | episode_peak_top_tl_waiting: 4496.0000 | episode_peak_top_tl_phase: 1 | episode_peak_top_tl_phase_duration: 23 | episode_peak_top_tl_action: 1 | episode_peak_top_lane: A1A2_1 | episode_peak_top_lane_queue: 84.0000 | episode_peak_top_lane_waiting: 2393.0000 | loss_total: 0.0029 | loss_rl: 0.0018 | loss_pred: 0.0230
Episode    3 | reward: -49.9253 | epsilon: 0.6561 | steps: 719 | avg_delay: 1.1459 | avg_queue: 2.5952 | throughput: 4686 | arrived_vehicles: 4686 | departed_vehicles: 5447 | num_vehicles: 761 | emergency_stops: 0 | teleport_started: 0 | teleport_ended: 0 | recovery_active: 0.0000 | local_safety_active_tls: 0 | local_safety_overrides: 0 | episode_mean_avg_delay: 2.3582 | episode_max_avg_delay: 18.3879 | episode_mean_avg_queue: 2.7668 | episode_max_avg_queue: 6.6190 | episode_mean_num_vehicles: 585.2490 | episode_max_num_vehicles: 818.0000 | episode_recovery_steps: 65 | episode_local_safety_steps: 0 | episode_local_safety_overrides: 0 | episode_peak_top_tl: A2 | episode_peak_top_tl_queue: 179.0000 | episode_peak_top_tl_waiting: 4235.0000 | episode_peak_top_tl_phase: 0 | episode_peak_top_tl_phase_duration: 18 | episode_peak_top_tl_action: 0 | episode_peak_top_lane: A1A2_1 | episode_peak_top_lane_queue: 118.0000 | episode_peak_top_lane_waiting: 2983.0000 | loss_total: 0.0038 | loss_rl: 0.0029 | loss_pred: 0.0196
Episode    4 | reward: -38.6336 | epsilon: 0.5905 | steps: 719 | avg_delay: 0.9698 | avg_queue: 2.6905 | throughput: 4649 | arrived_vehicles: 4649 | departed_vehicles: 5445 | num_vehicles: 796 | emergency_stops: 0 | teleport_started: 0 | teleport_ended: 0 | recovery_active: 0.0000 | local_safety_active_tls: 0 | local_safety_overrides: 0 | episode_mean_avg_delay: 1.7741 | episode_max_avg_delay: 8.3227 | episode_mean_avg_queue: 2.4893 | episode_max_avg_queue: 5.0000 | episode_mean_num_vehicles: 594.3435 | episode_max_num_vehicles: 798.0000 | episode_recovery_steps: 0 | episode_local_safety_steps: 0 | episode_local_safety_overrides: 0 | episode_peak_top_tl: A2 | episode_peak_top_tl_queue: 96.0000 | episode_peak_top_tl_waiting: 1390.0000 | episode_peak_top_tl_phase: 1 | episode_peak_top_tl_phase_duration: 23 | episode_peak_top_tl_action: 1 | episode_peak_top_lane: A1A2_1 | episode_peak_top_lane_queue: 44.0000 | episode_peak_top_lane_waiting: 763.0000 | loss_total: 0.0054 | loss_rl: 0.0045 | loss_pred: 0.0187
Episode    5 | reward: -39.2351 | epsilon: 0.5314 | steps: 719 | avg_delay: 1.6369 | avg_queue: 3.5000 | throughput: 4676 | arrived_vehicles: 4676 | departed_vehicles: 5414 | num_vehicles: 738 | emergency_stops: 0 | teleport_started: 0 | teleport_ended: 0 | recovery_active: 1.0000 | local_safety_active_tls: 0 | local_safety_overrides: 0 | episode_mean_avg_delay: 2.1008 | episode_max_avg_delay: 5.4105 | episode_mean_avg_queue: 2.3860 | episode_max_avg_queue: 5.7619 | episode_mean_num_vehicles: 497.1280 | episode_max_num_vehicles: 738.0000 | episode_recovery_steps: 13 | episode_local_safety_steps: 0 | episode_local_safety_overrides: 0 | episode_peak_top_tl: A2 | episode_peak_top_tl_queue: 184.0000 | episode_peak_top_tl_waiting: 2084.0000 | episode_peak_top_tl_phase: 1 | episode_peak_top_tl_phase_duration: 13 | episode_peak_top_tl_action: 0 | episode_peak_top_lane: A1A2_1 | episode_peak_top_lane_queue: 111.0000 | episode_peak_top_lane_waiting: 1482.0000 | loss_total: 0.0057 | loss_rl: 0.0048 | loss_pred: 0.0179 | eval_reward: -34.3077 | eval_reward_std: 0.0000 | eval_avg_delay: 0.5418 | eval_avg_queue: 1.2857 | eval_throughput: 5112.0000 | eval_emergency_stops: 0.0000 | eval_teleport_started: 0.0000 | eval_teleport_ended: 0.0000 | eval_episode_mean_delay: 1.5308 | eval_episode_max_delay: 11.4885 | eval_episode_mean_queue: 1.9599 | eval_episode_max_queue: 6.7857

Training complete! Best train reward: -38.63 | Best eval reward: -34.31
Logs saved to: D:\ITB\TA\gnn-marl-traffic\logs\gat_dqn_arterial_stable_20260526_091118_arterial_yg_y2g10_gat_dqn_5ep_s42
