============================================================
Training independent_dqn on arterial_stable
Net: D:\ITB\TA\gnn-marl-traffic\data/networks/arterial_3x3/arterial_fixed.net.xml
Route: D:\ITB\TA\gnn-marl-traffic\data/networks/arterial_3x3/arterial_stable.rou.xml
Episodes: 5
Seed: 42 | Deterministic: True
============================================================
Number of agents (traffic lights): 9
Traffic light IDs: ['A2', 'B1', 'C1', 'A1', 'A3', 'B2', 'C2', 'B3', 'C3']
Observation dim: 33
Number of actions: 2
Number of lanes per intersection (max): 6
Adjacency matrix:
[[1. 0. 0. 1. 1. 1. 1. 0. 0.]
 [0. 1. 0. 1. 0. 1. 0. 0. 0.]
 [0. 0. 1. 1. 0. 0. 1. 0. 0.]
 [1. 1. 1. 1. 0. 0. 0. 0. 0.]
 [1. 0. 0. 0. 1. 0. 0. 1. 1.]
 [1. 1. 0. 0. 0. 1. 0. 1. 0.]
 [1. 0. 1. 0. 0. 0. 1. 0. 1.]
 [0. 0. 0. 0. 1. 1. 0. 1. 0.]
 [0. 0. 0. 0. 1. 0. 1. 0. 1.]]
Episode    1 | reward: -45.7361 | epsilon: 0.8100 | steps: 719 | avg_delay: 1.8905 | avg_queue: 2.8810 | throughput: 4472 | arrived_vehicles: 4472 | departed_vehicles: 5038 | num_vehicles: 566 | emergency_stops: 0 | teleport_started: 1 | teleport_ended: 1 | recovery_active: 0.0000 | local_safety_active_tls: 0 | local_safety_overrides: 0 | episode_mean_avg_delay: 2.4659 | episode_max_avg_delay: 8.5059 | episode_mean_avg_queue: 2.7666 | episode_max_avg_queue: 6.3810 | episode_mean_num_vehicles: 512.3533 | episode_max_num_vehicles: 651.0000 | episode_recovery_steps: 26 | episode_local_safety_steps: 0 | episode_local_safety_overrides: 0 | episode_peak_top_tl: A1 | episode_peak_top_tl_queue: 154.0000 | episode_peak_top_tl_waiting: 1707.0000 | episode_peak_top_tl_phase: 1 | episode_peak_top_tl_phase_duration: 8 | episode_peak_top_tl_action: 0 | episode_peak_top_lane: W_A0A1_1 | episode_peak_top_lane_queue: 99.0000 | episode_peak_top_lane_waiting: 1144.0000 | loss_rl: 0.0022
Episode    2 | reward: -53.6558 | epsilon: 0.7290 | steps: 719 | avg_delay: 1.1847 | avg_queue: 2.1429 | throughput: 4428 | arrived_vehicles: 4428 | departed_vehicles: 5148 | num_vehicles: 720 | emergency_stops: 0 | teleport_started: 0 | teleport_ended: 0 | recovery_active: 0.0000 | local_safety_active_tls: 0 | local_safety_overrides: 0 | episode_mean_avg_delay: 2.7202 | episode_max_avg_delay: 11.2192 | episode_mean_avg_queue: 3.1383 | episode_max_avg_queue: 6.6905 | episode_mean_num_vehicles: 583.8887 | episode_max_num_vehicles: 743.0000 | episode_recovery_steps: 51 | episode_local_safety_steps: 0 | episode_local_safety_overrides: 0 | episode_peak_top_tl: A2 | episode_peak_top_tl_queue: 163.0000 | episode_peak_top_tl_waiting: 3797.0000 | episode_peak_top_tl_phase: 1 | episode_peak_top_tl_phase_duration: 18 | episode_peak_top_tl_action: 1 | episode_peak_top_lane: A1A2_1 | episode_peak_top_lane_queue: 80.0000 | episode_peak_top_lane_waiting: 2198.0000 | loss_rl: 0.0025
Episode    3 | reward: -44.6980 | epsilon: 0.6561 | steps: 719 | avg_delay: 1.6168 | avg_queue: 3.2381 | throughput: 4571 | arrived_vehicles: 4571 | departed_vehicles: 5239 | num_vehicles: 668 | emergency_stops: 0 | teleport_started: 0 | teleport_ended: 0 | recovery_active: 0.0000 | local_safety_active_tls: 0 | local_safety_overrides: 0 | episode_mean_avg_delay: 2.2706 | episode_max_avg_delay: 17.8046 | episode_mean_avg_queue: 2.6198 | episode_max_avg_queue: 6.5476 | episode_mean_num_vehicles: 569.1279 | episode_max_num_vehicles: 729.0000 | episode_recovery_steps: 11 | episode_local_safety_steps: 0 | episode_local_safety_overrides: 0 | episode_peak_top_tl: A1 | episode_peak_top_tl_queue: 175.0000 | episode_peak_top_tl_waiting: 3194.0000 | episode_peak_top_tl_phase: 1 | episode_peak_top_tl_phase_duration: 18 | episode_peak_top_tl_action: 1 | episode_peak_top_lane: W_A0A1_1 | episode_peak_top_lane_queue: 106.0000 | episode_peak_top_lane_waiting: 2498.0000 | loss_rl: 0.0031
Episode    4 | reward: -32.9919 | epsilon: 0.5905 | steps: 719 | avg_delay: 1.0908 | avg_queue: 2.5714 | throughput: 4763 | arrived_vehicles: 4763 | departed_vehicles: 5424 | num_vehicles: 661 | emergency_stops: 0 | teleport_started: 0 | teleport_ended: 0 | recovery_active: 0.0000 | local_safety_active_tls: 0 | local_safety_overrides: 0 | episode_mean_avg_delay: 1.7139 | episode_max_avg_delay: 5.5338 | episode_mean_avg_queue: 2.0747 | episode_max_avg_queue: 3.9524 | episode_mean_num_vehicles: 525.5828 | episode_max_num_vehicles: 667.0000 | episode_recovery_steps: 0 | episode_local_safety_steps: 0 | episode_local_safety_overrides: 0 | episode_peak_top_tl: A2 | episode_peak_top_tl_queue: 103.0000 | episode_peak_top_tl_waiting: 1143.0000 | episode_peak_top_tl_phase: 1 | episode_peak_top_tl_phase_duration: 13 | episode_peak_top_tl_action: 1 | episode_peak_top_lane: A1A2_1 | episode_peak_top_lane_queue: 59.0000 | episode_peak_top_lane_waiting: 716.0000 | loss_rl: 0.0035
Episode    5 | reward: -42.2074 | epsilon: 0.5314 | steps: 719 | avg_delay: 1.5567 | avg_queue: 2.5238 | throughput: 4867 | arrived_vehicles: 4867 | departed_vehicles: 5537 | num_vehicles: 670 | emergency_stops: 0 | teleport_started: 5 | teleport_ended: 5 | recovery_active: 0.0000 | local_safety_active_tls: 0 | local_safety_overrides: 0 | episode_mean_avg_delay: 2.0845 | episode_max_avg_delay: 16.0314 | episode_mean_avg_queue: 2.2590 | episode_max_avg_queue: 6.2857 | episode_mean_num_vehicles: 575.1822 | episode_max_num_vehicles: 762.0000 | episode_recovery_steps: 54 | episode_local_safety_steps: 0 | episode_local_safety_overrides: 0 | episode_peak_top_tl: A1 | episode_peak_top_tl_queue: 173.0000 | episode_peak_top_tl_waiting: 2919.0000 | episode_peak_top_tl_phase: 0 | episode_peak_top_tl_phase_duration: 23 | episode_peak_top_tl_action: 0 | episode_peak_top_lane: W_A0A1_1 | episode_peak_top_lane_queue: 113.0000 | episode_peak_top_lane_waiting: 1846.0000 | loss_rl: 0.0044 | eval_reward: -36.6106 | eval_reward_std: 0.0000 | eval_avg_delay: 2.6133 | eval_avg_queue: 1.7857 | eval_throughput: 5147.0000 | eval_emergency_stops: 0.0000 | eval_teleport_started: 0.0000 | eval_teleport_ended: 0.0000 | eval_episode_mean_delay: 1.9406 | eval_episode_max_delay: 13.8058 | eval_episode_mean_queue: 1.7825 | eval_episode_max_queue: 6.6905

Training complete! Best train reward: -32.99 | Best eval reward: -36.61
Logs saved to: D:\ITB\TA\gnn-marl-traffic\logs\independent_dqn_arterial_stable_20260526_093805_arterial_yg_y2g8_independent_dqn_5ep_s42
