============================================================
Training gat_dqn on arterial_stable
Net: D:\ITB\TA\gnn-marl-traffic\data/networks/arterial_3x3/arterial_fixed.net.xml
Route: D:\ITB\TA\gnn-marl-traffic\data/networks/arterial_3x3/arterial_stable.rou.xml
Episodes: 5
Seed: 42 | Deterministic: True
============================================================
Number of agents (traffic lights): 9
Traffic light IDs: ['A2', 'B1', 'C1', 'A1', 'A3', 'B2', 'C2', 'B3', 'C3']
Observation dim: 33
Number of actions: 2
Number of lanes per intersection (max): 6
Adjacency matrix:
[[1. 0. 0. 1. 1. 1. 1. 0. 0.]
 [0. 1. 0. 1. 0. 1. 0. 0. 0.]
 [0. 0. 1. 1. 0. 0. 1. 0. 0.]
 [1. 1. 1. 1. 0. 0. 0. 0. 0.]
 [1. 0. 0. 0. 1. 0. 0. 1. 1.]
 [1. 1. 0. 0. 0. 1. 0. 1. 0.]
 [1. 0. 1. 0. 0. 0. 1. 0. 1.]
 [0. 0. 0. 0. 1. 1. 0. 1. 0.]
 [0. 0. 0. 0. 1. 0. 1. 0. 1.]]
Episode    1 | reward: -60.7262 | epsilon: 0.8100 | steps: 719 | avg_delay: 1.7614 | avg_queue: 4.5714 | throughput: 4409 | arrived_vehicles: 4409 | departed_vehicles: 5113 | num_vehicles: 704 | emergency_stops: 0 | teleport_started: 0 | teleport_ended: 0 | recovery_active: 0.0000 | local_safety_active_tls: 0 | local_safety_overrides: 0 | episode_mean_avg_delay: 3.1056 | episode_max_avg_delay: 15.3754 | episode_mean_avg_queue: 3.3426 | episode_max_avg_queue: 6.5476 | episode_mean_num_vehicles: 572.7997 | episode_max_num_vehicles: 734.0000 | episode_recovery_steps: 61 | episode_local_safety_steps: 0 | episode_local_safety_overrides: 0 | episode_peak_top_tl: A2 | episode_peak_top_tl_queue: 157.0000 | episode_peak_top_tl_waiting: 4542.0000 | episode_peak_top_tl_phase: 1 | episode_peak_top_tl_phase_duration: 27 | episode_peak_top_tl_action: 1 | episode_peak_top_lane: A1A2_1 | episode_peak_top_lane_queue: 87.0000 | episode_peak_top_lane_waiting: 2664.0000 | loss_total: 0.0085 | loss_rl: 0.0067 | loss_pred: 0.0357
Episode    2 | reward: -62.1162 | epsilon: 0.7290 | steps: 719 | avg_delay: 2.7431 | avg_queue: 3.8095 | throughput: 4556 | arrived_vehicles: 4556 | departed_vehicles: 5245 | num_vehicles: 689 | emergency_stops: 0 | teleport_started: 0 | teleport_ended: 0 | recovery_active: 1.0000 | local_safety_active_tls: 0 | local_safety_overrides: 0 | episode_mean_avg_delay: 3.0516 | episode_max_avg_delay: 17.1082 | episode_mean_avg_queue: 3.3571 | episode_max_avg_queue: 6.8810 | episode_mean_num_vehicles: 606.4659 | episode_max_num_vehicles: 768.0000 | episode_recovery_steps: 105 | episode_local_safety_steps: 0 | episode_local_safety_overrides: 0 | episode_peak_top_tl: A3 | episode_peak_top_tl_queue: 161.0000 | episode_peak_top_tl_waiting: 9708.0000 | episode_peak_top_tl_phase: 0 | episode_peak_top_tl_phase_duration: 2 | episode_peak_top_tl_action: 0 | episode_peak_top_lane: A2A3_1 | episode_peak_top_lane_queue: 77.0000 | episode_peak_top_lane_waiting: 5305.0000 | loss_total: 0.0067 | loss_rl: 0.0054 | loss_pred: 0.0260
Episode    3 | reward: -51.8840 | epsilon: 0.6561 | steps: 719 | avg_delay: 1.8398 | avg_queue: 2.6905 | throughput: 4614 | arrived_vehicles: 4614 | departed_vehicles: 5282 | num_vehicles: 668 | emergency_stops: 0 | teleport_started: 0 | teleport_ended: 0 | recovery_active: 0.0000 | local_safety_active_tls: 0 | local_safety_overrides: 0 | episode_mean_avg_delay: 2.6089 | episode_max_avg_delay: 14.9702 | episode_mean_avg_queue: 3.0239 | episode_max_avg_queue: 6.3571 | episode_mean_num_vehicles: 568.8123 | episode_max_num_vehicles: 747.0000 | episode_recovery_steps: 28 | episode_local_safety_steps: 0 | episode_local_safety_overrides: 0 | episode_peak_top_tl: A1 | episode_peak_top_tl_queue: 183.0000 | episode_peak_top_tl_waiting: 5795.0000 | episode_peak_top_tl_phase: 0 | episode_peak_top_tl_phase_duration: 7 | episode_peak_top_tl_action: 0 | episode_peak_top_lane: W_A0A1_1 | episode_peak_top_lane_queue: 125.0000 | episode_peak_top_lane_waiting: 5180.0000 | loss_total: 0.0064 | loss_rl: 0.0053 | loss_pred: 0.0223
Episode    4 | reward: -45.9930 | epsilon: 0.5905 | steps: 719 | avg_delay: 1.6556 | avg_queue: 3.0952 | throughput: 4641 | arrived_vehicles: 4641 | departed_vehicles: 5335 | num_vehicles: 694 | emergency_stops: 0 | teleport_started: 0 | teleport_ended: 0 | recovery_active: 0.0000 | local_safety_active_tls: 0 | local_safety_overrides: 0 | episode_mean_avg_delay: 2.3397 | episode_max_avg_delay: 21.8636 | episode_mean_avg_queue: 2.6053 | episode_max_avg_queue: 6.1429 | episode_mean_num_vehicles: 545.8623 | episode_max_num_vehicles: 718.0000 | episode_recovery_steps: 20 | episode_local_safety_steps: 0 | episode_local_safety_overrides: 0 | episode_peak_top_tl: A3 | episode_peak_top_tl_queue: 161.0000 | episode_peak_top_tl_waiting: 12461.0000 | episode_peak_top_tl_phase: 1 | episode_peak_top_tl_phase_duration: 17 | episode_peak_top_tl_action: 1 | episode_peak_top_lane: A2A3_1 | episode_peak_top_lane_queue: 85.0000 | episode_peak_top_lane_waiting: 6751.0000 | loss_total: 0.0079 | loss_rl: 0.0068 | loss_pred: 0.0206
Episode    5 | reward: -58.6003 | epsilon: 0.5314 | steps: 719 | avg_delay: 1.4832 | avg_queue: 3.2143 | throughput: 4622 | arrived_vehicles: 4622 | departed_vehicles: 5396 | num_vehicles: 774 | emergency_stops: 0 | teleport_started: 0 | teleport_ended: 0 | recovery_active: 0.0000 | local_safety_active_tls: 0 | local_safety_overrides: 0 | episode_mean_avg_delay: 2.7813 | episode_max_avg_delay: 26.7951 | episode_mean_avg_queue: 3.1667 | episode_max_avg_queue: 6.2381 | episode_mean_num_vehicles: 643.3088 | episode_max_num_vehicles: 825.0000 | episode_recovery_steps: 72 | episode_local_safety_steps: 0 | episode_local_safety_overrides: 0 | episode_peak_top_tl: A3 | episode_peak_top_tl_queue: 146.0000 | episode_peak_top_tl_waiting: 6983.0000 | episode_peak_top_tl_phase: 0 | episode_peak_top_tl_phase_duration: 2 | episode_peak_top_tl_action: 0 | episode_peak_top_lane: A2A3_1 | episode_peak_top_lane_queue: 76.0000 | episode_peak_top_lane_waiting: 2350.0000 | loss_total: 0.0105 | loss_rl: 0.0095 | loss_pred: 0.0199 | eval_reward: -41.6942 | eval_reward_std: 0.0000 | eval_avg_delay: 0.4890 | eval_avg_queue: 1.7857 | eval_throughput: 5068.0000 | eval_emergency_stops: 0.0000 | eval_teleport_started: 0.0000 | eval_teleport_ended: 0.0000 | eval_episode_mean_delay: 2.1321 | eval_episode_max_delay: 18.9792 | eval_episode_mean_queue: 2.0842 | eval_episode_max_queue: 5.2857

Training complete! Best train reward: -45.99 | Best eval reward: -41.69
Logs saved to: D:\ITB\TA\gnn-marl-traffic\logs\gat_dqn_arterial_stable_20260526_092354_arterial_yg_y3g12_gat_dqn_5ep_s42
