============================================================
Training gat_dqn on grid_3x3_pkji_m1
Net: D:\ITB\TA\gnn-marl-traffic\data/networks/grid_3x3/grid_3x3_pkji_m1.net.xml
Route: D:\ITB\TA\gnn-marl-traffic\data/networks/grid_3x3/grid_3x3_pkji_m1.rou.xml
Episodes: 5
Seed: 43 | Deterministic: True
============================================================
Number of agents (traffic lights): 9
Traffic light IDs: ['A1', 'B0', 'A0', 'A2', 'B1', 'B2', 'C0', 'C1', 'C2']
Observation dim: 43
Number of actions: 2
Number of lanes per intersection: 8
Adjacency matrix:
[[1. 0. 1. 1. 1. 0. 0. 0. 0.]
 [0. 1. 1. 0. 1. 0. 1. 0. 0.]
 [1. 1. 1. 0. 0. 0. 0. 0. 0.]
 [1. 0. 0. 1. 0. 1. 0. 0. 0.]
 [1. 1. 0. 0. 1. 1. 0. 1. 0.]
 [0. 0. 0. 1. 1. 1. 0. 0. 1.]
 [0. 1. 0. 0. 0. 0. 1. 1. 0.]
 [0. 0. 0. 0. 1. 0. 1. 1. 1.]
 [0. 0. 0. 0. 0. 1. 0. 1. 1.]]
Episode    1 | reward: -7056.7778 | epsilon: 0.9900 | steps: 719 | avg_delay: 1.2188 | avg_queue: 0.2222 | throughput: 3504 | emergency_stops: 0 | loss_total: 189.1092 | loss_rl: 189.1059 | loss_pred: 0.0109
Episode    2 | reward: -6783.1667 | epsilon: 0.9801 | steps: 719 | avg_delay: 0.5306 | avg_queue: 0.1389 | throughput: 3502 | emergency_stops: 0 | loss_total: 77.2628 | loss_rl: 77.2601 | loss_pred: 0.0090
Episode    3 | reward: -6346.6667 | epsilon: 0.9703 | steps: 719 | avg_delay: 5.0200 | avg_queue: 0.4167 | throughput: 3500 | emergency_stops: 0 | loss_total: 73.3876 | loss_rl: 73.3849 | loss_pred: 0.0089
Episode    4 | reward: -6818.1667 | epsilon: 0.9606 | steps: 719 | avg_delay: 2.5816 | avg_queue: 0.2778 | throughput: 3502 | emergency_stops: 0 | loss_total: 73.0491 | loss_rl: 73.0465 | loss_pred: 0.0086
Episode    5 | reward: -6135.0556 | epsilon: 0.9510 | steps: 719 | avg_delay: 0.7021 | avg_queue: 0.1389 | throughput: 3506 | emergency_stops: 0 | loss_total: 71.9520 | loss_rl: 71.9494 | loss_pred: 0.0084

Training complete! Best train reward: -6135.06 | Best eval reward: -inf
Logs saved to: D:\ITB\TA\gnn-marl-traffic\logs\gat_dqn_grid_3x3_pkji_m1_20260516_022534_pkji_gat_dqn_eps099_grid_3x3_pkji_m1_s43
