============================================================
Training independent_dqn on grid_3x3_pkji_m1
Net: D:\ITB\TA\gnn-marl-traffic\data/networks/grid_3x3/grid_3x3_pkji_m1.net.xml
Route: D:\ITB\TA\gnn-marl-traffic\data/networks/grid_3x3/grid_3x3_pkji_m1.rou.xml
Episodes: 10
Seed: 43 | Deterministic: True
============================================================
Number of agents (traffic lights): 9
Traffic light IDs: ['A1', 'B0', 'A0', 'A2', 'B1', 'B2', 'C0', 'C1', 'C2']
Observation dim: 43
Number of actions: 2
Number of lanes per intersection: 8
Adjacency matrix:
[[1. 0. 1. 1. 1. 0. 0. 0. 0.]
 [0. 1. 1. 0. 1. 0. 1. 0. 0.]
 [1. 1. 1. 0. 0. 0. 0. 0. 0.]
 [1. 0. 0. 1. 0. 1. 0. 0. 0.]
 [1. 1. 0. 0. 1. 1. 0. 1. 0.]
 [0. 0. 0. 1. 1. 1. 0. 0. 1.]
 [0. 1. 0. 0. 0. 0. 1. 1. 0.]
 [0. 0. 0. 0. 1. 0. 1. 1. 1.]
 [0. 0. 0. 0. 0. 1. 0. 1. 1.]]
Episode    1 | reward: -23008546.2222 | epsilon: 0.9900 | steps: 719 | avg_delay: 1308.3346 | avg_queue: 24.4722 | throughput: 1381 | emergency_stops: 0 | loss_rl: 1201729588.9903
Episode    2 | reward: -6475.8333 | epsilon: 0.9801 | steps: 719 | avg_delay: 0.6667 | avg_queue: 0.1806 | throughput: 3501 | emergency_stops: 0 | loss_rl: 3941564698.6147
Episode    3 | reward: -6105.4444 | epsilon: 0.9703 | steps: 719 | avg_delay: 4.0729 | avg_queue: 0.3611 | throughput: 3504 | emergency_stops: 0 | loss_rl: 2107580040.9013
Episode    4 | reward: -7001.7222 | epsilon: 0.9606 | steps: 719 | avg_delay: 2.5000 | avg_queue: 0.2500 | throughput: 3501 | emergency_stops: 0 | loss_rl: 1351399041.1349
Episode    5 | reward: -6458.0556 | epsilon: 0.9510 | steps: 719 | avg_delay: 0.2887 | avg_queue: 0.0972 | throughput: 3501 | emergency_stops: 0 | loss_rl: 923313584.0362
Episode    6 | reward: -6871.8333 | epsilon: 0.9415 | steps: 719 | avg_delay: 0.9778 | avg_queue: 0.1389 | throughput: 3509 | emergency_stops: 0 | loss_rl: 626548529.5897
Episode    7 | reward: -6412.4444 | epsilon: 0.9321 | steps: 719 | avg_delay: 2.4944 | avg_queue: 0.2500 | throughput: 3511 | emergency_stops: 0 | loss_rl: 412787627.4520
Episode    8 | reward: -7142.5556 | epsilon: 0.9227 | steps: 719 | avg_delay: 2.1368 | avg_queue: 0.2639 | throughput: 3504 | emergency_stops: 0 | loss_rl: 405475288.6690
Episode    9 | reward: -6826.3889 | epsilon: 0.9135 | steps: 719 | avg_delay: 1.5500 | avg_queue: 0.2500 | throughput: 3500 | emergency_stops: 0 | loss_rl: 327234348.9680
Episode   10 | reward: -6575.5556 | epsilon: 0.9044 | steps: 719 | avg_delay: 0.5500 | avg_queue: 0.1944 | throughput: 3499 | emergency_stops: 0 | loss_rl: 268175546.3630 | eval_reward: -42262.5556 | eval_reward_std: 0.0000 | eval_avg_delay: 18.2829 | eval_avg_queue: 1.5417 | eval_throughput: 3448.0000 | eval_emergency_stops: 0.0000

Training complete! Best train reward: -6105.44 | Best eval reward: -42262.56
Logs saved to: D:\ITB\TA\gnn-marl-traffic\logs\independent_dqn_grid_3x3_pkji_m1_20260518_051903_pkji_independent_dqn_eps099_grid_3x3_pkji_m1_s43
