============================================================
Training gat_dqn on grid_3x3
Net: D:\ITB\TA\gnn-marl-traffic\data/networks/grid_3x3/grid_3x3.net.xml
Route: D:\ITB\TA\gnn-marl-traffic\data/networks/grid_3x3/grid_3x3.rou.xml
Episodes: 200
Seed: 45 | Deterministic: True
============================================================
Number of agents (traffic lights): 9
Traffic light IDs: ['A1', 'B0', 'A0', 'A2', 'B1', 'B2', 'C0', 'C1', 'C2']
Observation dim: 43
Number of actions: 2
Number of lanes per intersection: 8
Adjacency matrix:
[[1. 0. 1. 1. 1. 0. 0. 0. 0.]
 [0. 1. 1. 0. 1. 0. 1. 0. 0.]
 [1. 1. 1. 0. 0. 0. 0. 0. 0.]
 [1. 0. 0. 1. 0. 1. 0. 0. 0.]
 [1. 1. 0. 0. 1. 1. 0. 1. 0.]
 [0. 0. 0. 1. 1. 1. 0. 0. 1.]
 [0. 1. 0. 0. 0. 0. 1. 1. 0.]
 [0. 0. 0. 0. 1. 0. 1. 1. 1.]
 [0. 0. 0. 0. 0. 1. 0. 1. 1.]]
Episode    1 | reward: -5818.1667 | epsilon: 0.9970 | steps: 719 | avg_delay: 0.7500 | avg_queue: 0.1528 | throughput: 3506 | emergency_stops: 0 | loss_total: 135.6384 | loss_rl: 135.6357 | loss_pred: 0.0092
Episode    2 | reward: -6051.5556 | epsilon: 0.9940 | steps: 719 | avg_delay: 2.1183 | avg_queue: 0.2778 | throughput: 3507 | emergency_stops: 0 | loss_total: 61.6944 | loss_rl: 61.6921 | loss_pred: 0.0075
Episode    3 | reward: -5489.5556 | epsilon: 0.9910 | steps: 719 | avg_delay: 1.9885 | avg_queue: 0.2639 | throughput: 3513 | emergency_stops: 0 | loss_total: 60.8669 | loss_rl: 60.8647 | loss_pred: 0.0073
Episode    4 | reward: -5658.3333 | epsilon: 0.9881 | steps: 719 | avg_delay: 0.7079 | avg_queue: 0.1389 | throughput: 3510 | emergency_stops: 0 | loss_total: 57.3216 | loss_rl: 57.3195 | loss_pred: 0.0072
Episode    5 | reward: -5810.9444 | epsilon: 0.9851 | steps: 719 | avg_delay: 0.3608 | avg_queue: 0.1250 | throughput: 3502 | emergency_stops: 0 | loss_total: 55.4821 | loss_rl: 55.4800 | loss_pred: 0.0071
Episode    6 | reward: -5909.1111 | epsilon: 0.9821 | steps: 719 | avg_delay: 1.4043 | avg_queue: 0.2361 | throughput: 3505 | emergency_stops: 0 | loss_total: 57.0380 | loss_rl: 57.0359 | loss_pred: 0.0070
Episode    7 | reward: -5895.6667 | epsilon: 0.9792 | steps: 719 | avg_delay: 0.5152 | avg_queue: 0.2083 | throughput: 3500 | emergency_stops: 0 | loss_total: 57.6925 | loss_rl: 57.6904 | loss_pred: 0.0070
Episode    8 | reward: -5829.1111 | epsilon: 0.9763 | steps: 719 | avg_delay: 1.0842 | avg_queue: 0.3194 | throughput: 3505 | emergency_stops: 0 | loss_total: 58.1301 | loss_rl: 58.1280 | loss_pred: 0.0069
Episode    9 | reward: -5822.0556 | epsilon: 0.9733 | steps: 719 | avg_delay: 1.3297 | avg_queue: 0.2222 | throughput: 3509 | emergency_stops: 0 | loss_total: 58.2035 | loss_rl: 58.2014 | loss_pred: 0.0069
Episode   10 | reward: -5191.3333 | epsilon: 0.9704 | steps: 719 | avg_delay: 1.0449 | avg_queue: 0.2500 | throughput: 3511 | emergency_stops: 0 | loss_total: 58.7590 | loss_rl: 58.7570 | loss_pred: 0.0069
Episode   11 | reward: -6016.4444 | epsilon: 0.9675 | steps: 719 | avg_delay: 3.0000 | avg_queue: 0.3333 | throughput: 3508 | emergency_stops: 1 | loss_total: 56.7805 | loss_rl: 56.7785 | loss_pred: 0.0068
Episode   12 | reward: -6298.3889 | epsilon: 0.9646 | steps: 719 | avg_delay: 0.8152 | avg_queue: 0.1667 | throughput: 3507 | emergency_stops: 0 | loss_total: 56.8140 | loss_rl: 56.8120 | loss_pred: 0.0068
Episode   13 | reward: -6141.1111 | epsilon: 0.9617 | steps: 719 | avg_delay: 1.9158 | avg_queue: 0.2500 | throughput: 3504 | emergency_stops: 0 | loss_total: 58.5873 | loss_rl: 58.5853 | loss_pred: 0.0068
Episode   14 | reward: -5157.6111 | epsilon: 0.9588 | steps: 719 | avg_delay: 1.1146 | avg_queue: 0.2222 | throughput: 3504 | emergency_stops: 0 | loss_total: 56.9247 | loss_rl: 56.9227 | loss_pred: 0.0067
Episode   15 | reward: -5420.0000 | epsilon: 0.9559 | steps: 719 | avg_delay: 0.8222 | avg_queue: 0.1944 | throughput: 3509 | emergency_stops: 0 | loss_total: 55.2863 | loss_rl: 55.2843 | loss_pred: 0.0067
Episode   16 | reward: -5624.6111 | epsilon: 0.9531 | steps: 719 | avg_delay: 1.3068 | avg_queue: 0.2222 | throughput: 3512 | emergency_stops: 0 | loss_total: 55.1901 | loss_rl: 55.1881 | loss_pred: 0.0067
Episode   17 | reward: -5605.7222 | epsilon: 0.9502 | steps: 719 | avg_delay: 0.9518 | avg_queue: 0.1667 | throughput: 3515 | emergency_stops: 0 | loss_total: 56.5031 | loss_rl: 56.5011 | loss_pred: 0.0067
Episode   18 | reward: -6185.6667 | epsilon: 0.9474 | steps: 719 | avg_delay: 1.3700 | avg_queue: 0.3472 | throughput: 3499 | emergency_stops: 0 | loss_total: 55.1020 | loss_rl: 55.1000 | loss_pred: 0.0067
Episode   19 | reward: -5666.8889 | epsilon: 0.9445 | steps: 719 | avg_delay: 0.5000 | avg_queue: 0.1389 | throughput: 3512 | emergency_stops: 0 | loss_total: 56.3381 | loss_rl: 56.3361 | loss_pred: 0.0066
Episode   20 | reward: -5982.3889 | epsilon: 0.9417 | steps: 719 | avg_delay: 1.2842 | avg_queue: 0.2361 | throughput: 3505 | emergency_stops: 0 | loss_total: 57.4714 | loss_rl: 57.4694 | loss_pred: 0.0066
Episode   21 | reward: -5085.4444 | epsilon: 0.9389 | steps: 719 | avg_delay: 0.4362 | avg_queue: 0.1528 | throughput: 3506 | emergency_stops: 0 | loss_total: 55.7764 | loss_rl: 55.7744 | loss_pred: 0.0066
Episode   22 | reward: -5375.3889 | epsilon: 0.9360 | steps: 719 | avg_delay: 0.2222 | avg_queue: 0.0972 | throughput: 3510 | emergency_stops: 0 | loss_total: 57.1925 | loss_rl: 57.1905 | loss_pred: 0.0066
Episode   23 | reward: -5290.2222 | epsilon: 0.9332 | steps: 719 | avg_delay: 0.6739 | avg_queue: 0.1806 | throughput: 3508 | emergency_stops: 0 | loss_total: 57.3725 | loss_rl: 57.3705 | loss_pred: 0.0065
Episode   24 | reward: -5138.4444 | epsilon: 0.9304 | steps: 719 | avg_delay: 3.8866 | avg_queue: 0.3889 | throughput: 3503 | emergency_stops: 0 | loss_total: 58.3000 | loss_rl: 58.2980 | loss_pred: 0.0065
Episode   25 | reward: -5549.2778 | epsilon: 0.9276 | steps: 719 | avg_delay: 0.4096 | avg_queue: 0.1389 | throughput: 3516 | emergency_stops: 0 | loss_total: 57.1923 | loss_rl: 57.1904 | loss_pred: 0.0065
Episode   26 | reward: -4943.7778 | epsilon: 0.9249 | steps: 719 | avg_delay: 0.5111 | avg_queue: 0.1528 | throughput: 3509 | emergency_stops: 0 | loss_total: 56.8254 | loss_rl: 56.8235 | loss_pred: 0.0065
Episode   27 | reward: -6186.1667 | epsilon: 0.9221 | steps: 719 | avg_delay: 1.8621 | avg_queue: 0.3056 | throughput: 3513 | emergency_stops: 0 | loss_total: 55.3934 | loss_rl: 55.3914 | loss_pred: 0.0065
Episode   28 | reward: -4921.9444 | epsilon: 0.9193 | steps: 719 | avg_delay: 1.0000 | avg_queue: 0.2222 | throughput: 3511 | emergency_stops: 0 | loss_total: 55.6810 | loss_rl: 55.6790 | loss_pred: 0.0065
Episode   29 | reward: -5192.9444 | epsilon: 0.9166 | steps: 719 | avg_delay: 0.6067 | avg_queue: 0.1806 | throughput: 3511 | emergency_stops: 0 | loss_total: 55.9770 | loss_rl: 55.9750 | loss_pred: 0.0065
Episode   30 | reward: -4805.7778 | epsilon: 0.9138 | steps: 719 | avg_delay: 0.6404 | avg_queue: 0.1250 | throughput: 3511 | emergency_stops: 0 | loss_total: 56.2134 | loss_rl: 56.2114 | loss_pred: 0.0065
Episode   31 | reward: -4913.5556 | epsilon: 0.9111 | steps: 719 | avg_delay: 1.5977 | avg_queue: 0.2639 | throughput: 3513 | emergency_stops: 0 | loss_total: 55.1310 | loss_rl: 55.1291 | loss_pred: 0.0065
Episode   32 | reward: -5336.1667 | epsilon: 0.9083 | steps: 719 | avg_delay: 0.2386 | avg_queue: 0.0833 | throughput: 3512 | emergency_stops: 0 | loss_total: 55.6027 | loss_rl: 55.6007 | loss_pred: 0.0065
Episode   33 | reward: -5478.2222 | epsilon: 0.9056 | steps: 719 | avg_delay: 2.2247 | avg_queue: 0.3333 | throughput: 3511 | emergency_stops: 0 | loss_total: 55.6866 | loss_rl: 55.6846 | loss_pred: 0.0065
Episode   34 | reward: -5334.5556 | epsilon: 0.9029 | steps: 719 | avg_delay: 1.7097 | avg_queue: 0.3472 | throughput: 3507 | emergency_stops: 0 | loss_total: 55.4062 | loss_rl: 55.4043 | loss_pred: 0.0064
Episode   35 | reward: -5284.8333 | epsilon: 0.9002 | steps: 719 | avg_delay: 0.4505 | avg_queue: 0.1528 | throughput: 3509 | emergency_stops: 0 | loss_total: 55.5637 | loss_rl: 55.5617 | loss_pred: 0.0065
Episode   36 | reward: -4755.3889 | epsilon: 0.8975 | steps: 719 | avg_delay: 0.6222 | avg_queue: 0.2083 | throughput: 3510 | emergency_stops: 0 | loss_total: 54.0115 | loss_rl: 54.0096 | loss_pred: 0.0064
Episode   37 | reward: -4920.7778 | epsilon: 0.8948 | steps: 719 | avg_delay: 1.7222 | avg_queue: 0.2361 | throughput: 3510 | emergency_stops: 0 | loss_total: 54.7053 | loss_rl: 54.7033 | loss_pred: 0.0064
Episode   38 | reward: -4964.0000 | epsilon: 0.8921 | steps: 719 | avg_delay: 1.0465 | avg_queue: 0.1944 | throughput: 3514 | emergency_stops: 0 | loss_total: 53.0590 | loss_rl: 53.0571 | loss_pred: 0.0065
Episode   39 | reward: -4611.3889 | epsilon: 0.8894 | steps: 719 | avg_delay: 1.0833 | avg_queue: 0.3056 | throughput: 3504 | emergency_stops: 0 | loss_total: 52.6141 | loss_rl: 52.6122 | loss_pred: 0.0064
Episode   40 | reward: -5009.1667 | epsilon: 0.8868 | steps: 719 | avg_delay: 0.9570 | avg_queue: 0.1944 | throughput: 3507 | emergency_stops: 0 | loss_total: 55.3229 | loss_rl: 55.3210 | loss_pred: 0.0064
Episode   41 | reward: -4852.1111 | epsilon: 0.8841 | steps: 719 | avg_delay: 1.5056 | avg_queue: 0.2778 | throughput: 3511 | emergency_stops: 0 | loss_total: 54.4476 | loss_rl: 54.4457 | loss_pred: 0.0064
Episode   42 | reward: -4722.7778 | epsilon: 0.8814 | steps: 719 | avg_delay: 1.0505 | avg_queue: 0.2500 | throughput: 3501 | emergency_stops: 0 | loss_total: 53.7212 | loss_rl: 53.7193 | loss_pred: 0.0064
Episode   43 | reward: -4780.0000 | epsilon: 0.8788 | steps: 719 | avg_delay: 1.6842 | avg_queue: 0.2639 | throughput: 3505 | emergency_stops: 0 | loss_total: 52.9017 | loss_rl: 52.8998 | loss_pred: 0.0064
Episode   44 | reward: -4934.7222 | epsilon: 0.8762 | steps: 719 | avg_delay: 2.1789 | avg_queue: 0.3472 | throughput: 3504 | emergency_stops: 0 | loss_total: 53.0264 | loss_rl: 53.0245 | loss_pred: 0.0064
Episode   45 | reward: -4586.7222 | epsilon: 0.8735 | steps: 719 | avg_delay: 0.6889 | avg_queue: 0.1806 | throughput: 3510 | emergency_stops: 0 | loss_total: 53.0315 | loss_rl: 53.0296 | loss_pred: 0.0064
Episode   46 | reward: -4713.8889 | epsilon: 0.8709 | steps: 719 | avg_delay: 0.7312 | avg_queue: 0.2222 | throughput: 3507 | emergency_stops: 0 | loss_total: 52.5884 | loss_rl: 52.5865 | loss_pred: 0.0064
Episode   47 | reward: -4839.8333 | epsilon: 0.8683 | steps: 719 | avg_delay: 1.6739 | avg_queue: 0.2361 | throughput: 3508 | emergency_stops: 0 | loss_total: 52.2644 | loss_rl: 52.2625 | loss_pred: 0.0064
Episode   48 | reward: -4562.0556 | epsilon: 0.8657 | steps: 719 | avg_delay: 1.5222 | avg_queue: 0.2500 | throughput: 3510 | emergency_stops: 0 | loss_total: 51.3220 | loss_rl: 51.3201 | loss_pred: 0.0064
Episode   49 | reward: -4729.3889 | epsilon: 0.8631 | steps: 719 | avg_delay: 1.0989 | avg_queue: 0.2222 | throughput: 3508 | emergency_stops: 0 | loss_total: 50.4255 | loss_rl: 50.4236 | loss_pred: 0.0063
Episode   50 | reward: -4852.1667 | epsilon: 0.8605 | steps: 719 | avg_delay: 2.6111 | avg_queue: 0.2917 | throughput: 3509 | emergency_stops: 0 | loss_total: 51.8751 | loss_rl: 51.8732 | loss_pred: 0.0063
Episode   51 | reward: -4514.0556 | epsilon: 0.8579 | steps: 719 | avg_delay: 0.7955 | avg_queue: 0.1806 | throughput: 3510 | emergency_stops: 0 | loss_total: 51.1017 | loss_rl: 51.0998 | loss_pred: 0.0063
Episode   52 | reward: -4677.1111 | epsilon: 0.8554 | steps: 719 | avg_delay: 0.6222 | avg_queue: 0.1250 | throughput: 3509 | emergency_stops: 0 | loss_total: 52.0278 | loss_rl: 52.0259 | loss_pred: 0.0063
Episode   53 | reward: -4827.5000 | epsilon: 0.8528 | steps: 719 | avg_delay: 0.6170 | avg_queue: 0.1667 | throughput: 3505 | emergency_stops: 0 | loss_total: 51.5506 | loss_rl: 51.5487 | loss_pred: 0.0063
Episode   54 | reward: -4915.1667 | epsilon: 0.8502 | steps: 719 | avg_delay: 1.0667 | avg_queue: 0.2083 | throughput: 3510 | emergency_stops: 0 | loss_total: 50.5361 | loss_rl: 50.5342 | loss_pred: 0.0063
Episode   55 | reward: -4468.0556 | epsilon: 0.8477 | steps: 719 | avg_delay: 0.2418 | avg_queue: 0.1111 | throughput: 3509 | emergency_stops: 0 | loss_total: 52.8413 | loss_rl: 52.8394 | loss_pred: 0.0063
Episode   56 | reward: -4117.4444 | epsilon: 0.8451 | steps: 719 | avg_delay: 0.5506 | avg_queue: 0.1389 | throughput: 3510 | emergency_stops: 0 | loss_total: 50.4608 | loss_rl: 50.4589 | loss_pred: 0.0063
Episode   57 | reward: -4511.7222 | epsilon: 0.8426 | steps: 719 | avg_delay: 0.6364 | avg_queue: 0.2083 | throughput: 3511 | emergency_stops: 0 | loss_total: 51.6891 | loss_rl: 51.6872 | loss_pred: 0.0063
Episode   58 | reward: -4334.1667 | epsilon: 0.8401 | steps: 719 | avg_delay: 0.4713 | avg_queue: 0.1667 | throughput: 3513 | emergency_stops: 0 | loss_total: 50.1932 | loss_rl: 50.1914 | loss_pred: 0.0063
Episode   59 | reward: -4606.8333 | epsilon: 0.8376 | steps: 719 | avg_delay: 0.7778 | avg_queue: 0.1667 | throughput: 3510 | emergency_stops: 0 | loss_total: 51.0386 | loss_rl: 51.0367 | loss_pred: 0.0063
Episode   60 | reward: -4321.2778 | epsilon: 0.8350 | steps: 719 | avg_delay: 1.2065 | avg_queue: 0.2361 | throughput: 3507 | emergency_stops: 0 | loss_total: 51.4661 | loss_rl: 51.4642 | loss_pred: 0.0063
Episode   61 | reward: -4829.7222 | epsilon: 0.8325 | steps: 719 | avg_delay: 1.6897 | avg_queue: 0.2639 | throughput: 3513 | emergency_stops: 0 | loss_total: 51.0118 | loss_rl: 51.0099 | loss_pred: 0.0063
Episode   62 | reward: -4638.3889 | epsilon: 0.8300 | steps: 719 | avg_delay: 0.7303 | avg_queue: 0.1528 | throughput: 3510 | emergency_stops: 0 | loss_total: 50.5208 | loss_rl: 50.5190 | loss_pred: 0.0062
Episode   63 | reward: -4789.8889 | epsilon: 0.8276 | steps: 719 | avg_delay: 1.1379 | avg_queue: 0.2083 | throughput: 3512 | emergency_stops: 0 | loss_total: 51.5659 | loss_rl: 51.5640 | loss_pred: 0.0062
Episode   64 | reward: -4534.1111 | epsilon: 0.8251 | steps: 719 | avg_delay: 1.6593 | avg_queue: 0.2361 | throughput: 3508 | emergency_stops: 0 | loss_total: 52.9529 | loss_rl: 52.9510 | loss_pred: 0.0062
Episode   65 | reward: -4438.7778 | epsilon: 0.8226 | steps: 719 | avg_delay: 1.9780 | avg_queue: 0.2778 | throughput: 3509 | emergency_stops: 0 | loss_total: 48.5881 | loss_rl: 48.5863 | loss_pred: 0.0062
Episode   66 | reward: -4338.7778 | epsilon: 0.8201 | steps: 719 | avg_delay: 0.2614 | avg_queue: 0.0694 | throughput: 3510 | emergency_stops: 0 | loss_total: 50.4528 | loss_rl: 50.4509 | loss_pred: 0.0062
Episode   67 | reward: -3958.0000 | epsilon: 0.8177 | steps: 719 | avg_delay: 1.4396 | avg_queue: 0.2222 | throughput: 3508 | emergency_stops: 0 | loss_total: 49.6373 | loss_rl: 49.6354 | loss_pred: 0.0062
Episode   68 | reward: -4951.0556 | epsilon: 0.8152 | steps: 719 | avg_delay: 1.2316 | avg_queue: 0.2500 | throughput: 3505 | emergency_stops: 0 | loss_total: 51.3927 | loss_rl: 51.3909 | loss_pred: 0.0062
Episode   69 | reward: -3992.3333 | epsilon: 0.8128 | steps: 719 | avg_delay: 0.5412 | avg_queue: 0.1250 | throughput: 3515 | emergency_stops: 0 | loss_total: 49.8498 | loss_rl: 49.8480 | loss_pred: 0.0062
Episode   70 | reward: -4285.0000 | epsilon: 0.8103 | steps: 719 | avg_delay: 2.5484 | avg_queue: 0.2500 | throughput: 3507 | emergency_stops: 0 | loss_total: 48.4790 | loss_rl: 48.4771 | loss_pred: 0.0062
Episode   71 | reward: -4204.1111 | epsilon: 0.8079 | steps: 719 | avg_delay: 0.5814 | avg_queue: 0.1944 | throughput: 3514 | emergency_stops: 0 | loss_total: 50.0934 | loss_rl: 50.0916 | loss_pred: 0.0061
Episode   72 | reward: -4359.3333 | epsilon: 0.8055 | steps: 719 | avg_delay: 2.0109 | avg_queue: 0.3194 | throughput: 3507 | emergency_stops: 0 | loss_total: 47.8424 | loss_rl: 47.8405 | loss_pred: 0.0061
Episode   73 | reward: -4112.5000 | epsilon: 0.8031 | steps: 719 | avg_delay: 1.0213 | avg_queue: 0.2222 | throughput: 3506 | emergency_stops: 0 | loss_total: 48.8471 | loss_rl: 48.8453 | loss_pred: 0.0061
Episode   74 | reward: -4441.0000 | epsilon: 0.8006 | steps: 719 | avg_delay: 0.7841 | avg_queue: 0.1389 | throughput: 3512 | emergency_stops: 1 | loss_total: 48.9611 | loss_rl: 48.9592 | loss_pred: 0.0062
Episode   75 | reward: -4285.2222 | epsilon: 0.7982 | steps: 719 | avg_delay: 0.6667 | avg_queue: 0.1806 | throughput: 3512 | emergency_stops: 0 | loss_total: 47.7349 | loss_rl: 47.7331 | loss_pred: 0.0061
Episode   76 | reward: -3919.5556 | epsilon: 0.7959 | steps: 719 | avg_delay: 1.0505 | avg_queue: 0.1806 | throughput: 3501 | emergency_stops: 0 | loss_total: 46.5744 | loss_rl: 46.5725 | loss_pred: 0.0061
Episode   77 | reward: -4474.6667 | epsilon: 0.7935 | steps: 719 | avg_delay: 0.7473 | avg_queue: 0.2222 | throughput: 3509 | emergency_stops: 0 | loss_total: 46.5325 | loss_rl: 46.5306 | loss_pred: 0.0061
Episode   78 | reward: -4138.3333 | epsilon: 0.7911 | steps: 719 | avg_delay: 0.9540 | avg_queue: 0.2083 | throughput: 3512 | emergency_stops: 0 | loss_total: 45.3977 | loss_rl: 45.3959 | loss_pred: 0.0061
Episode   79 | reward: -4050.1111 | epsilon: 0.7887 | steps: 719 | avg_delay: 1.8462 | avg_queue: 0.3472 | throughput: 3509 | emergency_stops: 0 | loss_total: 46.7149 | loss_rl: 46.7130 | loss_pred: 0.0061
Episode   80 | reward: -4247.5000 | epsilon: 0.7863 | steps: 719 | avg_delay: 1.3563 | avg_queue: 0.2361 | throughput: 3513 | emergency_stops: 0 | loss_total: 45.9395 | loss_rl: 45.9377 | loss_pred: 0.0061
Episode   81 | reward: -4228.3889 | epsilon: 0.7840 | steps: 719 | avg_delay: 1.1099 | avg_queue: 0.2361 | throughput: 3508 | emergency_stops: 0 | loss_total: 46.1671 | loss_rl: 46.1653 | loss_pred: 0.0061
Episode   82 | reward: -3783.7222 | epsilon: 0.7816 | steps: 719 | avg_delay: 0.6786 | avg_queue: 0.1944 | throughput: 3514 | emergency_stops: 0 | loss_total: 45.2721 | loss_rl: 45.2703 | loss_pred: 0.0061
Episode   83 | reward: -4150.2778 | epsilon: 0.7793 | steps: 719 | avg_delay: 0.6190 | avg_queue: 0.1250 | throughput: 3515 | emergency_stops: 0 | loss_total: 45.2591 | loss_rl: 45.2573 | loss_pred: 0.0061
Episode   84 | reward: -4049.8889 | epsilon: 0.7770 | steps: 719 | avg_delay: 0.3444 | avg_queue: 0.1111 | throughput: 3510 | emergency_stops: 0 | loss_total: 44.1155 | loss_rl: 44.1137 | loss_pred: 0.0061
Episode   85 | reward: -3977.5556 | epsilon: 0.7746 | steps: 719 | avg_delay: 0.6559 | avg_queue: 0.1806 | throughput: 3507 | emergency_stops: 0 | loss_total: 45.3141 | loss_rl: 45.3123 | loss_pred: 0.0060
Episode   86 | reward: -4419.2778 | epsilon: 0.7723 | steps: 719 | avg_delay: 0.6882 | avg_queue: 0.1389 | throughput: 3507 | emergency_stops: 0 | loss_total: 44.7025 | loss_rl: 44.7007 | loss_pred: 0.0060
Episode   87 | reward: -4259.3889 | epsilon: 0.7700 | steps: 719 | avg_delay: 0.9111 | avg_queue: 0.2361 | throughput: 3510 | emergency_stops: 0 | loss_total: 45.9842 | loss_rl: 45.9824 | loss_pred: 0.0060
Episode   88 | reward: -4136.5556 | epsilon: 0.7677 | steps: 719 | avg_delay: 2.4598 | avg_queue: 0.3472 | throughput: 3513 | emergency_stops: 1 | loss_total: 45.0117 | loss_rl: 45.0099 | loss_pred: 0.0060
Episode   89 | reward: -3953.2222 | epsilon: 0.7654 | steps: 719 | avg_delay: 0.4124 | avg_queue: 0.1806 | throughput: 3503 | emergency_stops: 0 | loss_total: 44.6881 | loss_rl: 44.6862 | loss_pred: 0.0060
Episode   90 | reward: -3788.2778 | epsilon: 0.7631 | steps: 719 | avg_delay: 0.8427 | avg_queue: 0.2083 | throughput: 3511 | emergency_stops: 0 | loss_total: 45.0742 | loss_rl: 45.0724 | loss_pred: 0.0060
Episode   91 | reward: -4188.8889 | epsilon: 0.7608 | steps: 719 | avg_delay: 1.0222 | avg_queue: 0.2500 | throughput: 3508 | emergency_stops: 0 | loss_total: 43.6168 | loss_rl: 43.6150 | loss_pred: 0.0060
Episode   92 | reward: -4217.2778 | epsilon: 0.7585 | steps: 719 | avg_delay: 0.9565 | avg_queue: 0.2778 | throughput: 3507 | emergency_stops: 1 | loss_total: 42.4861 | loss_rl: 42.4843 | loss_pred: 0.0060
Episode   93 | reward: -4050.1111 | epsilon: 0.7562 | steps: 719 | avg_delay: 1.0000 | avg_queue: 0.1806 | throughput: 3512 | emergency_stops: 0 | loss_total: 43.1661 | loss_rl: 43.1643 | loss_pred: 0.0060
Episode   94 | reward: -4672.8889 | epsilon: 0.7540 | steps: 719 | avg_delay: 1.5000 | avg_queue: 0.3333 | throughput: 3506 | emergency_stops: 0 | loss_total: 42.4671 | loss_rl: 42.4653 | loss_pred: 0.0060
Episode   95 | reward: -4034.9444 | epsilon: 0.7517 | steps: 719 | avg_delay: 0.5778 | avg_queue: 0.1667 | throughput: 3510 | emergency_stops: 0 | loss_total: 43.6706 | loss_rl: 43.6688 | loss_pred: 0.0060
Episode   96 | reward: -4233.0000 | epsilon: 0.7494 | steps: 719 | avg_delay: 1.5217 | avg_queue: 0.3194 | throughput: 3508 | emergency_stops: 0 | loss_total: 42.3115 | loss_rl: 42.3097 | loss_pred: 0.0060
Episode   97 | reward: -3941.7222 | epsilon: 0.7472 | steps: 719 | avg_delay: 0.3478 | avg_queue: 0.1250 | throughput: 3508 | emergency_stops: 0 | loss_total: 41.8830 | loss_rl: 41.8812 | loss_pred: 0.0060
Episode   98 | reward: -3793.1111 | epsilon: 0.7449 | steps: 719 | avg_delay: 1.2697 | avg_queue: 0.2083 | throughput: 3511 | emergency_stops: 0 | loss_total: 42.1548 | loss_rl: 42.1530 | loss_pred: 0.0059
Episode   99 | reward: -3987.0000 | epsilon: 0.7427 | steps: 719 | avg_delay: 3.8876 | avg_queue: 0.3333 | throughput: 3511 | emergency_stops: 0 | loss_total: 43.8044 | loss_rl: 43.8027 | loss_pred: 0.0059
Episode  100 | reward: -3733.5556 | epsilon: 0.7405 | steps: 719 | avg_delay: 1.0111 | avg_queue: 0.2500 | throughput: 3510 | emergency_stops: 0 | loss_total: 40.2976 | loss_rl: 40.2959 | loss_pred: 0.0059
Episode  101 | reward: -3932.1667 | epsilon: 0.7383 | steps: 719 | avg_delay: 0.3846 | avg_queue: 0.1528 | throughput: 3508 | emergency_stops: 0 | loss_total: 39.5807 | loss_rl: 39.5789 | loss_pred: 0.0059
Episode  102 | reward: -3660.8333 | epsilon: 0.7360 | steps: 719 | avg_delay: 0.3563 | avg_queue: 0.1250 | throughput: 3512 | emergency_stops: 0 | loss_total: 40.5872 | loss_rl: 40.5855 | loss_pred: 0.0059
Episode  103 | reward: -3475.2778 | epsilon: 0.7338 | steps: 719 | avg_delay: 0.8068 | avg_queue: 0.2500 | throughput: 3512 | emergency_stops: 0 | loss_total: 41.5462 | loss_rl: 41.5444 | loss_pred: 0.0059
Episode  104 | reward: -3632.5556 | epsilon: 0.7316 | steps: 719 | avg_delay: 1.5795 | avg_queue: 0.2917 | throughput: 3512 | emergency_stops: 0 | loss_total: 43.7263 | loss_rl: 43.7245 | loss_pred: 0.0059
Episode  105 | reward: -3705.6111 | epsilon: 0.7294 | steps: 719 | avg_delay: 0.9425 | avg_queue: 0.2222 | throughput: 3512 | emergency_stops: 0 | loss_total: 40.6738 | loss_rl: 40.6721 | loss_pred: 0.0059
Episode  106 | reward: -3611.2778 | epsilon: 0.7273 | steps: 719 | avg_delay: 0.7647 | avg_queue: 0.1944 | throughput: 3515 | emergency_stops: 0 | loss_total: 39.9633 | loss_rl: 39.9616 | loss_pred: 0.0058
Episode  107 | reward: -3756.6667 | epsilon: 0.7251 | steps: 719 | avg_delay: 0.4157 | avg_queue: 0.1389 | throughput: 3511 | emergency_stops: 0 | loss_total: 40.5801 | loss_rl: 40.5784 | loss_pred: 0.0058
Episode  108 | reward: -3751.2778 | epsilon: 0.7229 | steps: 719 | avg_delay: 2.0465 | avg_queue: 0.3056 | throughput: 3514 | emergency_stops: 0 | loss_total: 39.8679 | loss_rl: 39.8662 | loss_pred: 0.0058
Episode  109 | reward: -3636.1111 | epsilon: 0.7207 | steps: 719 | avg_delay: 1.8152 | avg_queue: 0.2917 | throughput: 3508 | emergency_stops: 0 | loss_total: 39.4135 | loss_rl: 39.4117 | loss_pred: 0.0058
Episode  110 | reward: -3752.1667 | epsilon: 0.7186 | steps: 719 | avg_delay: 0.9655 | avg_queue: 0.2639 | throughput: 3513 | emergency_stops: 0 | loss_total: 40.3069 | loss_rl: 40.3052 | loss_pred: 0.0058
Episode  111 | reward: -3320.3333 | epsilon: 0.7164 | steps: 719 | avg_delay: 1.4831 | avg_queue: 0.2222 | throughput: 3511 | emergency_stops: 0 | loss_total: 38.1509 | loss_rl: 38.1492 | loss_pred: 0.0058
Episode  112 | reward: -3567.6667 | epsilon: 0.7143 | steps: 719 | avg_delay: 0.4659 | avg_queue: 0.2222 | throughput: 3512 | emergency_stops: 0 | loss_total: 38.5457 | loss_rl: 38.5440 | loss_pred: 0.0058
Episode  113 | reward: -3912.2778 | epsilon: 0.7121 | steps: 719 | avg_delay: 0.6437 | avg_queue: 0.1944 | throughput: 3513 | emergency_stops: 0 | loss_total: 38.0614 | loss_rl: 38.0597 | loss_pred: 0.0058
Episode  114 | reward: -3760.9444 | epsilon: 0.7100 | steps: 719 | avg_delay: 0.3258 | avg_queue: 0.0833 | throughput: 3510 | emergency_stops: 0 | loss_total: 37.5196 | loss_rl: 37.5178 | loss_pred: 0.0058
Episode  115 | reward: -3833.6111 | epsilon: 0.7079 | steps: 719 | avg_delay: 1.3261 | avg_queue: 0.3056 | throughput: 3507 | emergency_stops: 0 | loss_total: 37.8644 | loss_rl: 37.8627 | loss_pred: 0.0057
Episode  116 | reward: -3508.6111 | epsilon: 0.7057 | steps: 719 | avg_delay: 0.6344 | avg_queue: 0.2222 | throughput: 3507 | emergency_stops: 0 | loss_total: 39.0285 | loss_rl: 39.0268 | loss_pred: 0.0058
Episode  117 | reward: -3860.1111 | epsilon: 0.7036 | steps: 719 | avg_delay: 1.7816 | avg_queue: 0.2917 | throughput: 3513 | emergency_stops: 0 | loss_total: 37.8045 | loss_rl: 37.8027 | loss_pred: 0.0057
Episode  118 | reward: -3868.1667 | epsilon: 0.7015 | steps: 719 | avg_delay: 0.0920 | avg_queue: 0.0694 | throughput: 3513 | emergency_stops: 0 | loss_total: 39.5533 | loss_rl: 39.5516 | loss_pred: 0.0057
Episode  119 | reward: -3934.0000 | epsilon: 0.6994 | steps: 719 | avg_delay: 0.7312 | avg_queue: 0.1667 | throughput: 3506 | emergency_stops: 0 | loss_total: 37.0175 | loss_rl: 37.0158 | loss_pred: 0.0056
Episode  120 | reward: -3779.2222 | epsilon: 0.6973 | steps: 719 | avg_delay: 2.8182 | avg_queue: 0.3750 | throughput: 3512 | emergency_stops: 0 | loss_total: 37.3816 | loss_rl: 37.3799 | loss_pred: 0.0057
Episode  121 | reward: -3543.7778 | epsilon: 0.6952 | steps: 719 | avg_delay: 0.5714 | avg_queue: 0.1806 | throughput: 3509 | emergency_stops: 0 | loss_total: 38.5236 | loss_rl: 38.5219 | loss_pred: 0.0057
Episode  122 | reward: -4038.3333 | epsilon: 0.6931 | steps: 719 | avg_delay: 0.3659 | avg_queue: 0.0972 | throughput: 3518 | emergency_stops: 0 | loss_total: 37.6877 | loss_rl: 37.6860 | loss_pred: 0.0056
Episode  123 | reward: -3753.0556 | epsilon: 0.6910 | steps: 719 | avg_delay: 1.6180 | avg_queue: 0.3333 | throughput: 3510 | emergency_stops: 0 | loss_total: 37.8419 | loss_rl: 37.8402 | loss_pred: 0.0056
Episode  124 | reward: -3627.2778 | epsilon: 0.6890 | steps: 719 | avg_delay: 0.2759 | avg_queue: 0.0833 | throughput: 3511 | emergency_stops: 0 | loss_total: 37.4100 | loss_rl: 37.4083 | loss_pred: 0.0056
Episode  125 | reward: -3682.3889 | epsilon: 0.6869 | steps: 719 | avg_delay: 0.4719 | avg_queue: 0.1389 | throughput: 3510 | emergency_stops: 0 | loss_total: 36.0862 | loss_rl: 36.0845 | loss_pred: 0.0056
Episode  126 | reward: -3583.6111 | epsilon: 0.6848 | steps: 719 | avg_delay: 0.5532 | avg_queue: 0.1944 | throughput: 3505 | emergency_stops: 0 | loss_total: 37.4024 | loss_rl: 37.4007 | loss_pred: 0.0056
Episode  127 | reward: -3543.9444 | epsilon: 0.6828 | steps: 719 | avg_delay: 0.8391 | avg_queue: 0.1944 | throughput: 3512 | emergency_stops: 0 | loss_total: 37.5723 | loss_rl: 37.5707 | loss_pred: 0.0056
Episode  128 | reward: -3899.6111 | epsilon: 0.6807 | steps: 719 | avg_delay: 1.0220 | avg_queue: 0.2083 | throughput: 3507 | emergency_stops: 1 | loss_total: 37.5367 | loss_rl: 37.5350 | loss_pred: 0.0056
Episode  129 | reward: -3407.5000 | epsilon: 0.6787 | steps: 719 | avg_delay: 0.4302 | avg_queue: 0.1389 | throughput: 3514 | emergency_stops: 0 | loss_total: 36.6625 | loss_rl: 36.6609 | loss_pred: 0.0056
Episode  130 | reward: -3293.3889 | epsilon: 0.6767 | steps: 719 | avg_delay: 0.4111 | avg_queue: 0.1667 | throughput: 3510 | emergency_stops: 0 | loss_total: 37.0717 | loss_rl: 37.0700 | loss_pred: 0.0056
Episode  131 | reward: -3422.5000 | epsilon: 0.6746 | steps: 719 | avg_delay: 0.2169 | avg_queue: 0.0972 | throughput: 3516 | emergency_stops: 0 | loss_total: 36.5431 | loss_rl: 36.5415 | loss_pred: 0.0056
Episode  132 | reward: -3495.6111 | epsilon: 0.6726 | steps: 719 | avg_delay: 0.5730 | avg_queue: 0.1389 | throughput: 3511 | emergency_stops: 0 | loss_total: 36.2463 | loss_rl: 36.2446 | loss_pred: 0.0056
Episode  133 | reward: -3418.5000 | epsilon: 0.6706 | steps: 719 | avg_delay: 0.9892 | avg_queue: 0.1944 | throughput: 3507 | emergency_stops: 0 | loss_total: 35.6295 | loss_rl: 35.6278 | loss_pred: 0.0055
Episode  134 | reward: -3230.4444 | epsilon: 0.6686 | steps: 719 | avg_delay: 0.4889 | avg_queue: 0.1528 | throughput: 3510 | emergency_stops: 0 | loss_total: 35.2792 | loss_rl: 35.2775 | loss_pred: 0.0055
Episode  135 | reward: -3351.1111 | epsilon: 0.6666 | steps: 719 | avg_delay: 0.6047 | avg_queue: 0.1528 | throughput: 3514 | emergency_stops: 0 | loss_total: 35.7569 | loss_rl: 35.7553 | loss_pred: 0.0055
Episode  136 | reward: -3477.7778 | epsilon: 0.6646 | steps: 719 | avg_delay: 0.3295 | avg_queue: 0.1111 | throughput: 3511 | emergency_stops: 0 | loss_total: 36.2413 | loss_rl: 36.2397 | loss_pred: 0.0055
Episode  137 | reward: -3611.0000 | epsilon: 0.6626 | steps: 719 | avg_delay: 0.3261 | avg_queue: 0.1250 | throughput: 3507 | emergency_stops: 0 | loss_total: 36.3102 | loss_rl: 36.3085 | loss_pred: 0.0055
Episode  138 | reward: -3432.9444 | epsilon: 0.6606 | steps: 719 | avg_delay: 0.5934 | avg_queue: 0.1944 | throughput: 3509 | emergency_stops: 0 | loss_total: 35.9284 | loss_rl: 35.9268 | loss_pred: 0.0055
Episode  139 | reward: -3341.2778 | epsilon: 0.6586 | steps: 719 | avg_delay: 1.7976 | avg_queue: 0.2778 | throughput: 3516 | emergency_stops: 0 | loss_total: 35.6488 | loss_rl: 35.6472 | loss_pred: 0.0055
Episode  140 | reward: -3368.3889 | epsilon: 0.6566 | steps: 719 | avg_delay: 0.5000 | avg_queue: 0.1250 | throughput: 3512 | emergency_stops: 0 | loss_total: 34.9270 | loss_rl: 34.9254 | loss_pred: 0.0055
Episode  141 | reward: -3405.0556 | epsilon: 0.6547 | steps: 719 | avg_delay: 0.9000 | avg_queue: 0.1667 | throughput: 3510 | emergency_stops: 0 | loss_total: 34.2770 | loss_rl: 34.2753 | loss_pred: 0.0055
Episode  142 | reward: -3464.5000 | epsilon: 0.6527 | steps: 719 | avg_delay: 0.5714 | avg_queue: 0.1667 | throughput: 3508 | emergency_stops: 0 | loss_total: 34.5111 | loss_rl: 34.5095 | loss_pred: 0.0055
Episode  143 | reward: -3755.0000 | epsilon: 0.6507 | steps: 719 | avg_delay: 0.3793 | avg_queue: 0.1389 | throughput: 3511 | emergency_stops: 0 | loss_total: 35.3293 | loss_rl: 35.3277 | loss_pred: 0.0054
Episode  144 | reward: -3424.0000 | epsilon: 0.6488 | steps: 719 | avg_delay: 0.4000 | avg_queue: 0.1389 | throughput: 3514 | emergency_stops: 0 | loss_total: 34.2093 | loss_rl: 34.2077 | loss_pred: 0.0055
Episode  145 | reward: -3385.8889 | epsilon: 0.6468 | steps: 719 | avg_delay: 0.9195 | avg_queue: 0.1944 | throughput: 3513 | emergency_stops: 0 | loss_total: 34.1741 | loss_rl: 34.1724 | loss_pred: 0.0054
Episode  146 | reward: -3140.3889 | epsilon: 0.6449 | steps: 719 | avg_delay: 1.7667 | avg_queue: 0.2500 | throughput: 3508 | emergency_stops: 0 | loss_total: 34.6653 | loss_rl: 34.6636 | loss_pred: 0.0054
Episode  147 | reward: -3226.7222 | epsilon: 0.6430 | steps: 719 | avg_delay: 0.7473 | avg_queue: 0.1944 | throughput: 3508 | emergency_stops: 0 | loss_total: 34.2456 | loss_rl: 34.2440 | loss_pred: 0.0054
Episode  148 | reward: -3346.1111 | epsilon: 0.6410 | steps: 719 | avg_delay: 0.5155 | avg_queue: 0.1806 | throughput: 3503 | emergency_stops: 0 | loss_total: 33.7201 | loss_rl: 33.7185 | loss_pred: 0.0054
Episode  149 | reward: -3717.6111 | epsilon: 0.6391 | steps: 719 | avg_delay: 0.5333 | avg_queue: 0.1111 | throughput: 3510 | emergency_stops: 0 | loss_total: 33.3943 | loss_rl: 33.3926 | loss_pred: 0.0054
Episode  150 | reward: -3490.9444 | epsilon: 0.6372 | steps: 719 | avg_delay: 1.3409 | avg_queue: 0.2500 | throughput: 3511 | emergency_stops: 0 | loss_total: 32.8205 | loss_rl: 32.8189 | loss_pred: 0.0054
Episode  151 | reward: -3222.3333 | epsilon: 0.6353 | steps: 719 | avg_delay: 0.2235 | avg_queue: 0.1111 | throughput: 3515 | emergency_stops: 0 | loss_total: 32.9901 | loss_rl: 32.9885 | loss_pred: 0.0054
Episode  152 | reward: -3267.8889 | epsilon: 0.6334 | steps: 719 | avg_delay: 0.4222 | avg_queue: 0.1528 | throughput: 3510 | emergency_stops: 0 | loss_total: 32.8934 | loss_rl: 32.8918 | loss_pred: 0.0054
Episode  153 | reward: -3425.0000 | epsilon: 0.6315 | steps: 719 | avg_delay: 1.4494 | avg_queue: 0.1944 | throughput: 3510 | emergency_stops: 0 | loss_total: 33.4466 | loss_rl: 33.4450 | loss_pred: 0.0053
Episode  154 | reward: -3403.0556 | epsilon: 0.6296 | steps: 719 | avg_delay: 0.0833 | avg_queue: 0.0694 | throughput: 3516 | emergency_stops: 0 | loss_total: 33.1202 | loss_rl: 33.1186 | loss_pred: 0.0053
Episode  155 | reward: -3207.3333 | epsilon: 0.6277 | steps: 719 | avg_delay: 0.6522 | avg_queue: 0.1667 | throughput: 3508 | emergency_stops: 0 | loss_total: 33.3057 | loss_rl: 33.3041 | loss_pred: 0.0053
Episode  156 | reward: -3431.3889 | epsilon: 0.6258 | steps: 719 | avg_delay: 0.1279 | avg_queue: 0.0694 | throughput: 3513 | emergency_stops: 1 | loss_total: 33.5815 | loss_rl: 33.5799 | loss_pred: 0.0053
Episode  157 | reward: -3283.4444 | epsilon: 0.6239 | steps: 719 | avg_delay: 0.4831 | avg_queue: 0.1389 | throughput: 3510 | emergency_stops: 1 | loss_total: 33.0621 | loss_rl: 33.0605 | loss_pred: 0.0053
Episode  158 | reward: -3288.6111 | epsilon: 0.6221 | steps: 719 | avg_delay: 1.1163 | avg_queue: 0.1806 | throughput: 3513 | emergency_stops: 0 | loss_total: 32.9474 | loss_rl: 32.9459 | loss_pred: 0.0052
Episode  159 | reward: -3267.6111 | epsilon: 0.6202 | steps: 719 | avg_delay: 0.1935 | avg_queue: 0.0972 | throughput: 3506 | emergency_stops: 0 | loss_total: 33.1252 | loss_rl: 33.1236 | loss_pred: 0.0053
Episode  160 | reward: -3218.5000 | epsilon: 0.6183 | steps: 719 | avg_delay: 0.1585 | avg_queue: 0.0833 | throughput: 3517 | emergency_stops: 0 | loss_total: 32.2428 | loss_rl: 32.2412 | loss_pred: 0.0053
Episode  161 | reward: -3122.5556 | epsilon: 0.6165 | steps: 719 | avg_delay: 1.0889 | avg_queue: 0.2500 | throughput: 3510 | emergency_stops: 0 | loss_total: 31.6910 | loss_rl: 31.6895 | loss_pred: 0.0053
Episode  162 | reward: -3166.1111 | epsilon: 0.6146 | steps: 719 | avg_delay: 1.3571 | avg_queue: 0.2361 | throughput: 3515 | emergency_stops: 0 | loss_total: 32.6888 | loss_rl: 32.6873 | loss_pred: 0.0052
Episode  163 | reward: -3015.8333 | epsilon: 0.6128 | steps: 719 | avg_delay: 0.5465 | avg_queue: 0.1111 | throughput: 3513 | emergency_stops: 0 | loss_total: 33.1689 | loss_rl: 33.1673 | loss_pred: 0.0052
Episode  164 | reward: -3037.5556 | epsilon: 0.6110 | steps: 719 | avg_delay: 1.0465 | avg_queue: 0.2222 | throughput: 3514 | emergency_stops: 0 | loss_total: 32.4342 | loss_rl: 32.4326 | loss_pred: 0.0052
Episode  165 | reward: -3183.5556 | epsilon: 0.6091 | steps: 719 | avg_delay: 1.1667 | avg_queue: 0.2500 | throughput: 3515 | emergency_stops: 0 | loss_total: 32.1626 | loss_rl: 32.1610 | loss_pred: 0.0052
Episode  166 | reward: -3257.3889 | epsilon: 0.6073 | steps: 719 | avg_delay: 0.6897 | avg_queue: 0.1389 | throughput: 3512 | emergency_stops: 0 | loss_total: 32.4994 | loss_rl: 32.4978 | loss_pred: 0.0051
Episode  167 | reward: -3281.5556 | epsilon: 0.6055 | steps: 719 | avg_delay: 0.2222 | avg_queue: 0.0833 | throughput: 3510 | emergency_stops: 0 | loss_total: 31.7015 | loss_rl: 31.6999 | loss_pred: 0.0052
Episode  168 | reward: -3327.6667 | epsilon: 0.6037 | steps: 719 | avg_delay: 0.4767 | avg_queue: 0.1944 | throughput: 3514 | emergency_stops: 0 | loss_total: 32.2685 | loss_rl: 32.2670 | loss_pred: 0.0051
Episode  169 | reward: -3212.6667 | epsilon: 0.6018 | steps: 719 | avg_delay: 0.1205 | avg_queue: 0.0694 | throughput: 3517 | emergency_stops: 0 | loss_total: 33.0819 | loss_rl: 33.0804 | loss_pred: 0.0051
Episode  170 | reward: -3028.1111 | epsilon: 0.6000 | steps: 719 | avg_delay: 2.0588 | avg_queue: 0.2500 | throughput: 3515 | emergency_stops: 1 | loss_total: 33.5335 | loss_rl: 33.5320 | loss_pred: 0.0051
Episode  171 | reward: -3124.6111 | epsilon: 0.5982 | steps: 719 | avg_delay: 0.1839 | avg_queue: 0.0972 | throughput: 3512 | emergency_stops: 0 | loss_total: 30.9403 | loss_rl: 30.9387 | loss_pred: 0.0051
Episode  172 | reward: -2954.5000 | epsilon: 0.5964 | steps: 719 | avg_delay: 0.2000 | avg_queue: 0.0694 | throughput: 3514 | emergency_stops: 0 | loss_total: 30.6979 | loss_rl: 30.6963 | loss_pred: 0.0051
Episode  173 | reward: -3287.5556 | epsilon: 0.5947 | steps: 719 | avg_delay: 2.2530 | avg_queue: 0.3194 | throughput: 3516 | emergency_stops: 0 | loss_total: 31.0942 | loss_rl: 31.0926 | loss_pred: 0.0051
Episode  174 | reward: -3101.0000 | epsilon: 0.5929 | steps: 719 | avg_delay: 0.5233 | avg_queue: 0.1250 | throughput: 3514 | emergency_stops: 0 | loss_total: 31.1136 | loss_rl: 31.1121 | loss_pred: 0.0051
Episode  175 | reward: -3216.0556 | epsilon: 0.5911 | steps: 719 | avg_delay: 0.4719 | avg_queue: 0.1250 | throughput: 3511 | emergency_stops: 0 | loss_total: 29.7626 | loss_rl: 29.7611 | loss_pred: 0.0050
Episode  176 | reward: -3229.0556 | epsilon: 0.5893 | steps: 719 | avg_delay: 0.7160 | avg_queue: 0.1111 | throughput: 3518 | emergency_stops: 0 | loss_total: 31.7461 | loss_rl: 31.7446 | loss_pred: 0.0050
Episode  177 | reward: -3100.7778 | epsilon: 0.5875 | steps: 719 | avg_delay: 0.0455 | avg_queue: 0.0139 | throughput: 3510 | emergency_stops: 0 | loss_total: 31.2968 | loss_rl: 31.2953 | loss_pred: 0.0050
Episode  178 | reward: -3387.0000 | epsilon: 0.5858 | steps: 719 | avg_delay: 0.4096 | avg_queue: 0.0972 | throughput: 3516 | emergency_stops: 0 | loss_total: 31.3772 | loss_rl: 31.3757 | loss_pred: 0.0050
Episode  179 | reward: -3090.5000 | epsilon: 0.5840 | steps: 719 | avg_delay: 1.4588 | avg_queue: 0.2778 | throughput: 3515 | emergency_stops: 0 | loss_total: 31.7959 | loss_rl: 31.7944 | loss_pred: 0.0050
Episode  180 | reward: -3060.5000 | epsilon: 0.5823 | steps: 719 | avg_delay: 0.6279 | avg_queue: 0.1806 | throughput: 3514 | emergency_stops: 0 | loss_total: 30.9079 | loss_rl: 30.9064 | loss_pred: 0.0050
Episode  181 | reward: -2928.1667 | epsilon: 0.5805 | steps: 719 | avg_delay: 0.7882 | avg_queue: 0.2083 | throughput: 3514 | emergency_stops: 0 | loss_total: 31.2410 | loss_rl: 31.2395 | loss_pred: 0.0050
Episode  182 | reward: -3178.3889 | epsilon: 0.5788 | steps: 719 | avg_delay: 0.7614 | avg_queue: 0.1806 | throughput: 3512 | emergency_stops: 1 | loss_total: 31.0598 | loss_rl: 31.0583 | loss_pred: 0.0050
Episode  183 | reward: -3061.8333 | epsilon: 0.5771 | steps: 719 | avg_delay: 0.8452 | avg_queue: 0.1528 | throughput: 3515 | emergency_stops: 0 | loss_total: 30.6008 | loss_rl: 30.5993 | loss_pred: 0.0050
Episode  184 | reward: -2963.1111 | epsilon: 0.5753 | steps: 719 | avg_delay: 0.7667 | avg_queue: 0.1944 | throughput: 3510 | emergency_stops: 0 | loss_total: 30.2704 | loss_rl: 30.2689 | loss_pred: 0.0050
Episode  185 | reward: -3186.2778 | epsilon: 0.5736 | steps: 719 | avg_delay: 0.7816 | avg_queue: 0.1806 | throughput: 3513 | emergency_stops: 0 | loss_total: 30.3704 | loss_rl: 30.3689 | loss_pred: 0.0049
Episode  186 | reward: -3099.3333 | epsilon: 0.5719 | steps: 719 | avg_delay: 0.5581 | avg_queue: 0.1528 | throughput: 3512 | emergency_stops: 0 | loss_total: 31.0601 | loss_rl: 31.0586 | loss_pred: 0.0049
Episode  187 | reward: -2881.7222 | epsilon: 0.5702 | steps: 719 | avg_delay: 0.2584 | avg_queue: 0.1111 | throughput: 3509 | emergency_stops: 0 | loss_total: 29.9669 | loss_rl: 29.9654 | loss_pred: 0.0049
Episode  188 | reward: -3083.1667 | epsilon: 0.5684 | steps: 719 | avg_delay: 0.8571 | avg_queue: 0.1806 | throughput: 3515 | emergency_stops: 0 | loss_total: 30.3284 | loss_rl: 30.3269 | loss_pred: 0.0049
Episode  189 | reward: -3247.3333 | epsilon: 0.5667 | steps: 719 | avg_delay: 1.2759 | avg_queue: 0.3056 | throughput: 3513 | emergency_stops: 0 | loss_total: 30.6613 | loss_rl: 30.6598 | loss_pred: 0.0049
Episode  190 | reward: -3015.8889 | epsilon: 0.5650 | steps: 719 | avg_delay: 0.7209 | avg_queue: 0.1528 | throughput: 3514 | emergency_stops: 0 | loss_total: 31.3539 | loss_rl: 31.3524 | loss_pred: 0.0049
Episode  191 | reward: -2945.2778 | epsilon: 0.5633 | steps: 719 | avg_delay: 1.1758 | avg_queue: 0.2917 | throughput: 3509 | emergency_stops: 0 | loss_total: 30.4373 | loss_rl: 30.4359 | loss_pred: 0.0049
Episode  192 | reward: -2985.0556 | epsilon: 0.5617 | steps: 719 | avg_delay: 1.9882 | avg_queue: 0.2361 | throughput: 3513 | emergency_stops: 0 | loss_total: 30.7412 | loss_rl: 30.7397 | loss_pred: 0.0049
Episode  193 | reward: -3048.5556 | epsilon: 0.5600 | steps: 719 | avg_delay: 0.0225 | avg_queue: 0.0417 | throughput: 3511 | emergency_stops: 0 | loss_total: 30.4564 | loss_rl: 30.4549 | loss_pred: 0.0049
Episode  194 | reward: -2897.3889 | epsilon: 0.5583 | steps: 719 | avg_delay: 0.3176 | avg_queue: 0.0833 | throughput: 3515 | emergency_stops: 0 | loss_total: 31.1295 | loss_rl: 31.1281 | loss_pred: 0.0048
Episode  195 | reward: -3028.2778 | epsilon: 0.5566 | steps: 719 | avg_delay: 1.9048 | avg_queue: 0.2917 | throughput: 3514 | emergency_stops: 0 | loss_total: 31.2419 | loss_rl: 31.2405 | loss_pred: 0.0048
Episode  196 | reward: -2948.1111 | epsilon: 0.5549 | steps: 719 | avg_delay: 0.9070 | avg_queue: 0.2222 | throughput: 3514 | emergency_stops: 0 | loss_total: 29.9169 | loss_rl: 29.9155 | loss_pred: 0.0048
Episode  197 | reward: -2953.4444 | epsilon: 0.5533 | steps: 719 | avg_delay: 0.2778 | avg_queue: 0.1389 | throughput: 3510 | emergency_stops: 0 | loss_total: 31.0522 | loss_rl: 31.0508 | loss_pred: 0.0048
Episode  198 | reward: -30971074.9444 | epsilon: 0.5516 | steps: 719 | avg_delay: 1777.3148 | avg_queue: 20.8333 | throughput: 884 | emergency_stops: 0 | loss_total: 6177222.4437 | loss_rl: 6177222.4426 | loss_pred: 0.0294
Episode  199 | reward: -3138.7222 | epsilon: 0.5500 | steps: 719 | avg_delay: 0.5568 | avg_queue: 0.1111 | throughput: 3512 | emergency_stops: 0 | loss_total: 18474087.0359 | loss_rl: 18474087.0351 | loss_pred: 0.0507
Episode  200 | reward: -2865.2778 | epsilon: 0.5483 | steps: 719 | avg_delay: 0.2299 | avg_queue: 0.0833 | throughput: 3512 | emergency_stops: 0 | loss_total: 17485072.2655 | loss_rl: 17485072.2647 | loss_pred: 0.0437

Training complete! Best reward: -2865.28
Logs saved to: D:\ITB\TA\gnn-marl-traffic\logs\gat_dqn_grid_3x3_20260510_092221_main_gat_dqn_cuda_y2_g10_s45
