============================================================
Training gat_dqn on grid_3x3_dynamic
Net: D:\ITB\TA\gnn-marl-traffic\data/networks/grid_3x3/grid_3x3_pkji_m1.net.xml
Route: D:\ITB\TA\gnn-marl-traffic\data/networks/grid_3x3/grid_3x3_dynamic.rou.xml
Episodes: 5
Seed: 42 | Deterministic: True
============================================================
Number of agents (traffic lights): 9
Traffic light IDs: ['A1', 'B0', 'A0', 'A2', 'B1', 'B2', 'C0', 'C1', 'C2']
Observation dim: 43
Number of actions: 2
Number of lanes per intersection (max): 8
Adjacency matrix:
[[1. 0. 1. 1. 1. 0. 0. 0. 0.]
 [0. 1. 1. 0. 1. 0. 1. 0. 0.]
 [1. 1. 1. 0. 0. 0. 0. 0. 0.]
 [1. 0. 0. 1. 0. 1. 0. 0. 0.]
 [1. 1. 0. 0. 1. 1. 0. 1. 0.]
 [0. 0. 0. 1. 1. 1. 0. 0. 1.]
 [0. 1. 0. 0. 0. 0. 1. 1. 0.]
 [0. 0. 0. 0. 1. 0. 1. 1. 1.]
 [0. 0. 0. 0. 0. 1. 0. 1. 1.]]
Episode    1 | reward: -48.7243 | epsilon: 0.7680 | steps: 719 | avg_delay: 13.1912 | avg_queue: 3.8333 | throughput: 4397 | arrived_vehicles: 4397 | departed_vehicles: 5009 | num_vehicles: 612 | emergency_stops: 0 | teleport_started: 0 | teleport_ended: 0 | recovery_active: 1.0000 | local_safety_active_tls: 0 | local_safety_overrides: 0 | episode_mean_avg_delay: 3.1255 | episode_max_avg_delay: 17.2028 | episode_mean_avg_queue: 1.7110 | episode_max_avg_queue: 4.6389 | episode_mean_num_vehicles: 403.2949 | episode_max_num_vehicles: 645.0000 | episode_recovery_steps: 109 | episode_local_safety_steps: 0 | episode_local_safety_overrides: 0 | episode_peak_top_tl: B1 | episode_peak_top_tl_queue: 167.0000 | episode_peak_top_tl_waiting: 6490.0000 | episode_peak_top_tl_phase: 1 | episode_peak_top_tl_phase_duration: 2 | episode_peak_top_tl_action: 0 | episode_peak_top_lane: B2B1_1 | episode_peak_top_lane_queue: 73.0000 | episode_peak_top_lane_waiting: 2581.0000 | loss_total: 0.0027 | loss_rl: 0.0014 | loss_pred: 0.0266
Episode    2 | reward: -45.4881 | epsilon: 0.7373 | steps: 719 | avg_delay: 11.9752 | avg_queue: 4.9444 | throughput: 4344 | arrived_vehicles: 4344 | departed_vehicles: 5030 | num_vehicles: 686 | emergency_stops: 0 | teleport_started: 1 | teleport_ended: 1 | recovery_active: 1.0000 | local_safety_active_tls: 0 | local_safety_overrides: 0 | episode_mean_avg_delay: 2.6498 | episode_max_avg_delay: 15.1448 | episode_mean_avg_queue: 1.6789 | episode_max_avg_queue: 4.9583 | episode_mean_num_vehicles: 418.2726 | episode_max_num_vehicles: 691.0000 | episode_recovery_steps: 162 | episode_local_safety_steps: 0 | episode_local_safety_overrides: 0 | episode_peak_top_tl: B1 | episode_peak_top_tl_queue: 171.0000 | episode_peak_top_tl_waiting: 3057.0000 | episode_peak_top_tl_phase: 0 | episode_peak_top_tl_phase_duration: 42 | episode_peak_top_tl_action: 0 | episode_peak_top_lane: B2B1_1 | episode_peak_top_lane_queue: 54.0000 | episode_peak_top_lane_waiting: 782.0000 | loss_total: 0.0029 | loss_rl: 0.0018 | loss_pred: 0.0207
Episode    3 | reward: -46.4088 | epsilon: 0.7078 | steps: 719 | avg_delay: 19.6655 | avg_queue: 4.4167 | throughput: 4361 | arrived_vehicles: 4361 | departed_vehicles: 4944 | num_vehicles: 583 | emergency_stops: 0 | teleport_started: 0 | teleport_ended: 0 | recovery_active: 1.0000 | local_safety_active_tls: 0 | local_safety_overrides: 0 | episode_mean_avg_delay: 2.8692 | episode_max_avg_delay: 19.6655 | episode_mean_avg_queue: 1.6830 | episode_max_avg_queue: 4.5833 | episode_mean_num_vehicles: 410.0028 | episode_max_num_vehicles: 606.0000 | episode_recovery_steps: 122 | episode_local_safety_steps: 0 | episode_local_safety_overrides: 0 | episode_peak_top_tl: B1 | episode_peak_top_tl_queue: 167.0000 | episode_peak_top_tl_waiting: 4265.0000 | episode_peak_top_tl_phase: 1 | episode_peak_top_tl_phase_duration: 22 | episode_peak_top_tl_action: 1 | episode_peak_top_lane: B2B1_1 | episode_peak_top_lane_queue: 56.0000 | episode_peak_top_lane_waiting: 1956.0000 | loss_total: 0.0025 | loss_rl: 0.0016 | loss_pred: 0.0177
Episode    4 | reward: -47.4784 | epsilon: 0.6795 | steps: 719 | avg_delay: 25.4187 | avg_queue: 4.7500 | throughput: 4356 | arrived_vehicles: 4356 | departed_vehicles: 4996 | num_vehicles: 640 | emergency_stops: 0 | teleport_started: 0 | teleport_ended: 0 | recovery_active: 1.0000 | local_safety_active_tls: 0 | local_safety_overrides: 0 | episode_mean_avg_delay: 2.7676 | episode_max_avg_delay: 25.4187 | episode_mean_avg_queue: 1.7022 | episode_max_avg_queue: 5.6111 | episode_mean_num_vehicles: 421.2559 | episode_max_num_vehicles: 677.0000 | episode_recovery_steps: 129 | episode_local_safety_steps: 0 | episode_local_safety_overrides: 0 | episode_peak_top_tl: B1 | episode_peak_top_tl_queue: 193.0000 | episode_peak_top_tl_waiting: 7374.0000 | episode_peak_top_tl_phase: 1 | episode_peak_top_tl_phase_duration: 12 | episode_peak_top_tl_action: 0 | episode_peak_top_lane: B2B1_1 | episode_peak_top_lane_queue: 65.0000 | episode_peak_top_lane_waiting: 3142.0000 | loss_total: 0.0030 | loss_rl: 0.0022 | loss_pred: 0.0163
Episode    5 | reward: -229.5648 | epsilon: 0.6523 | steps: 719 | avg_delay: 7.1502 | avg_queue: 3.6528 | throughput: 3801 | arrived_vehicles: 3801 | departed_vehicles: 4427 | num_vehicles: 626 | emergency_stops: 0 | teleport_started: 15 | teleport_ended: 15 | recovery_active: 1.0000 | local_safety_active_tls: 0 | local_safety_overrides: 0 | episode_mean_avg_delay: 18.1387 | episode_max_avg_delay: 169.4948 | episode_mean_avg_queue: 2.6961 | episode_max_avg_queue: 8.6528 | episode_mean_num_vehicles: 454.4117 | episode_max_num_vehicles: 711.0000 | episode_recovery_steps: 274 | episode_local_safety_steps: 0 | episode_local_safety_overrides: 0 | episode_peak_top_tl: B1 | episode_peak_top_tl_queue: 425.0000 | episode_peak_top_tl_waiting: 84326.0000 | episode_peak_top_tl_phase: 0 | episode_peak_top_tl_phase_duration: 67 | episode_peak_top_tl_action: 0 | episode_peak_top_lane: B2B1_0 | episode_peak_top_lane_queue: 60.0000 | episode_peak_top_lane_waiting: 13560.0000 | loss_total: 0.0161 | loss_rl: 0.0153 | loss_pred: 0.0161 | eval_reward: -152.4382 | eval_reward_std: 0.0000 | eval_avg_delay: 16.2725 | eval_avg_queue: 4.6111 | eval_throughput: 4087.0000 | eval_emergency_stops: 0.0000 | eval_teleport_started: 4.0000 | eval_teleport_ended: 4.0000 | eval_episode_mean_delay: 9.9658 | eval_episode_max_delay: 154.6597 | eval_episode_mean_queue: 2.1759 | eval_episode_max_queue: 10.1806

Training complete! Best train reward: -45.49 | Best eval reward: -152.44
Logs saved to: D:\ITB\TA\gnn-marl-traffic\logs\gat_dqn_grid_3x3_dynamic_20260707_000752_grid_dynamic_gat_s42_max80
