============================================================
Training gat_dqn on grid_3x3_pkji_m1
Net: D:\ITB\TA\gnn-marl-traffic\data/networks/grid_3x3/grid_3x3_pkji_m1.net.xml
Route: D:\ITB\TA\gnn-marl-traffic\data/networks/grid_3x3/grid_3x3_pkji_m1.rou.xml
Episodes: 200
Seed: 1111 | Deterministic: True
Resume checkpoint: D:\ITB\TA\gnn-marl-traffic\logs\gat_dqn_grid_3x3_pkji_m1_20260519_044453_pkji_level1_gat_dqn_eps095_tt300_100ep_grid_3x3_pkji_m1_s1111\checkpoint_ep100.pt
============================================================
Number of agents (traffic lights): 9
Traffic light IDs: ['A1', 'B0', 'A0', 'A2', 'B1', 'B2', 'C0', 'C1', 'C2']
Observation dim: 43
Number of actions: 2
Number of lanes per intersection: 8
Adjacency matrix:
[[1. 0. 1. 1. 1. 0. 0. 0. 0.]
 [0. 1. 1. 0. 1. 0. 1. 0. 0.]
 [1. 1. 1. 0. 0. 0. 0. 0. 0.]
 [1. 0. 0. 1. 0. 1. 0. 0. 0.]
 [1. 1. 0. 0. 1. 1. 0. 1. 0.]
 [0. 0. 0. 1. 1. 1. 0. 0. 1.]
 [0. 1. 0. 0. 0. 0. 1. 1. 0.]
 [0. 0. 0. 0. 1. 0. 1. 1. 1.]
 [0. 0. 0. 0. 0. 1. 0. 1. 1.]]
Overriding epsilon from checkpoint to 0.4000
Resuming from episode 101 (best_train_reward=-2910.50, best_eval_reward=-2890.39, replay_size=50000, epsilon=0.4000)
Episode  101 | reward: -3784.2778 | epsilon: 0.3920 | steps: 719 | avg_delay: 0.8966 | avg_queue: 0.2222 | throughput: 3512 | emergency_stops: 0 | loss_total: 167970.4319 | loss_rl: 167970.4318 | loss_pred: 0.0043
Episode  102 | reward: -3705.9444 | epsilon: 0.3842 | steps: 719 | avg_delay: 0.5882 | avg_queue: 0.1389 | throughput: 3515 | emergency_stops: 0 | loss_total: 173043.4215 | loss_rl: 173043.4214 | loss_pred: 0.0043
Episode  103 | reward: -3584.4444 | epsilon: 0.3765 | steps: 719 | avg_delay: 1.3222 | avg_queue: 0.2083 | throughput: 3509 | emergency_stops: 0 | loss_total: 183041.1942 | loss_rl: 183041.1941 | loss_pred: 0.0042
Episode  104 | reward: -3517.3889 | epsilon: 0.3689 | steps: 719 | avg_delay: 0.6818 | avg_queue: 0.1528 | throughput: 3512 | emergency_stops: 0 | loss_total: 194885.4423 | loss_rl: 194885.4422 | loss_pred: 0.0042
Episode  105 | reward: -3666.5556 | epsilon: 0.3616 | steps: 719 | avg_delay: 0.9667 | avg_queue: 0.2361 | throughput: 3509 | emergency_stops: 0 | loss_total: 192278.6853 | loss_rl: 192278.6852 | loss_pred: 0.0044
Episode  106 | reward: -3717.1667 | epsilon: 0.3543 | steps: 719 | avg_delay: 0.1011 | avg_queue: 0.0417 | throughput: 3511 | emergency_stops: 0 | loss_total: 170450.5076 | loss_rl: 170450.5075 | loss_pred: 0.0043
Episode  107 | reward: -3731.9444 | epsilon: 0.3473 | steps: 719 | avg_delay: 0.5000 | avg_queue: 0.1528 | throughput: 3513 | emergency_stops: 0 | loss_total: 181282.0526 | loss_rl: 181282.0525 | loss_pred: 0.0043
Episode  108 | reward: -3576.7778 | epsilon: 0.3403 | steps: 719 | avg_delay: 0.4574 | avg_queue: 0.1389 | throughput: 3506 | emergency_stops: 0 | loss_total: 176258.9109 | loss_rl: 176258.9108 | loss_pred: 0.0044
Episode  109 | reward: -3571.2222 | epsilon: 0.3335 | steps: 719 | avg_delay: 0.7614 | avg_queue: 0.1944 | throughput: 3511 | emergency_stops: 0 | loss_total: 158770.5773 | loss_rl: 158770.5771 | loss_pred: 0.0044
Episode  110 | reward: -3597.1667 | epsilon: 0.3268 | steps: 719 | avg_delay: 0.4516 | avg_queue: 0.1806 | throughput: 3507 | emergency_stops: 0 | loss_total: 265373.7348 | loss_rl: 265373.7347 | loss_pred: 0.0044 | eval_reward: -2939.0556 | eval_reward_std: 0.0000 | eval_avg_delay: 0.4333 | eval_avg_queue: 0.1389 | eval_throughput: 3509.0000 | eval_emergency_stops: 0.0000
Episode  111 | reward: -3643.3889 | epsilon: 0.3203 | steps: 719 | avg_delay: 0.6957 | avg_queue: 0.2222 | throughput: 3508 | emergency_stops: 0 | loss_total: 278457.7276 | loss_rl: 278457.7275 | loss_pred: 0.0043
Episode  112 | reward: -151126.1667 | epsilon: 0.3139 | steps: 719 | avg_delay: 0.4706 | avg_queue: 0.0972 | throughput: 3515 | emergency_stops: 0 | loss_total: 321582.4606 | loss_rl: 321582.4605 | loss_pred: 0.0044
Episode  113 | reward: -3612.5556 | epsilon: 0.3076 | steps: 719 | avg_delay: 0.8989 | avg_queue: 0.2083 | throughput: 3511 | emergency_stops: 0 | loss_total: 365727.5220 | loss_rl: 365727.5219 | loss_pred: 0.0044
Episode  114 | reward: -3458.0000 | epsilon: 0.3015 | steps: 719 | avg_delay: 0.4725 | avg_queue: 0.1806 | throughput: 3509 | emergency_stops: 0 | loss_total: 339582.5852 | loss_rl: 339582.5851 | loss_pred: 0.0044
Episode  115 | reward: -3446.0000 | epsilon: 0.2954 | steps: 719 | avg_delay: 1.0116 | avg_queue: 0.0972 | throughput: 3513 | emergency_stops: 0 | loss_total: 312810.3875 | loss_rl: 312810.3874 | loss_pred: 0.0044
Episode  116 | reward: -3432.1111 | epsilon: 0.2895 | steps: 719 | avg_delay: 0.2209 | avg_queue: 0.0694 | throughput: 3513 | emergency_stops: 0 | loss_total: 572978.4155 | loss_rl: 572978.4154 | loss_pred: 0.0045
Episode  117 | reward: -505307.3333 | epsilon: 0.2837 | steps: 719 | avg_delay: 1.3708 | avg_queue: 0.2500 | throughput: 3510 | emergency_stops: 0 | loss_total: 594839.6026 | loss_rl: 594839.6025 | loss_pred: 0.0047
Episode  118 | reward: -3381.8333 | epsilon: 0.2781 | steps: 719 | avg_delay: 1.4186 | avg_queue: 0.2500 | throughput: 3514 | emergency_stops: 0 | loss_total: 873890.5631 | loss_rl: 873890.5630 | loss_pred: 0.0049
Episode  119 | reward: -3403.8889 | epsilon: 0.2725 | steps: 719 | avg_delay: 1.3218 | avg_queue: 0.2639 | throughput: 3513 | emergency_stops: 0 | loss_total: 777602.8051 | loss_rl: 777602.8051 | loss_pred: 0.0049
Episode  120 | reward: -3429.9444 | epsilon: 0.2670 | steps: 719 | avg_delay: 1.7753 | avg_queue: 0.2500 | throughput: 3510 | emergency_stops: 0 | loss_total: 810587.6419 | loss_rl: 810587.6418 | loss_pred: 0.0052 | eval_reward: -2987.6667 | eval_reward_std: 0.0000 | eval_avg_delay: 0.8140 | eval_avg_queue: 0.2083 | eval_throughput: 3514.0000 | eval_emergency_stops: 0.0000
Episode  121 | reward: -3455.5000 | epsilon: 0.2617 | steps: 719 | avg_delay: 0.6222 | avg_queue: 0.1667 | throughput: 3510 | emergency_stops: 0 | loss_total: 637812.6255 | loss_rl: 637812.6255 | loss_pred: 0.0049
Episode  122 | reward: -3267.6667 | epsilon: 0.2565 | steps: 719 | avg_delay: 0.4382 | avg_queue: 0.1250 | throughput: 3511 | emergency_stops: 0 | loss_total: 609059.5942 | loss_rl: 609059.5942 | loss_pred: 0.0050
Episode  123 | reward: -3283.6667 | epsilon: 0.2513 | steps: 719 | avg_delay: 0.0909 | avg_queue: 0.0556 | throughput: 3510 | emergency_stops: 0 | loss_total: 684017.2856 | loss_rl: 684017.2856 | loss_pred: 0.0051
Episode  124 | reward: -3372.2222 | epsilon: 0.2463 | steps: 719 | avg_delay: 0.5341 | avg_queue: 0.0972 | throughput: 3510 | emergency_stops: 0 | loss_total: 629775.7760 | loss_rl: 629775.7759 | loss_pred: 0.0052
Episode  125 | reward: -4495483.9444 | epsilon: 0.2414 | steps: 719 | avg_delay: 131.0308 | avg_queue: 17.9722 | throughput: 1995 | emergency_stops: 0 | loss_total: 1252440.1646 | loss_rl: 1252440.1646 | loss_pred: 0.0056
Episode  126 | reward: -3422.3889 | epsilon: 0.2366 | steps: 719 | avg_delay: 0.5057 | avg_queue: 0.1111 | throughput: 3513 | emergency_stops: 0 | loss_total: 4207646.0399 | loss_rl: 4207646.0399 | loss_pred: 0.0066
Episode  127 | reward: -3372.2778 | epsilon: 0.2318 | steps: 719 | avg_delay: 0.7955 | avg_queue: 0.2500 | throughput: 3512 | emergency_stops: 0 | loss_total: 5697775.3888 | loss_rl: 5697775.3887 | loss_pred: 0.0067
Episode  128 | reward: -3381.3889 | epsilon: 0.2272 | steps: 719 | avg_delay: 1.0787 | avg_queue: 0.1806 | throughput: 3510 | emergency_stops: 0 | loss_total: 4452086.4514 | loss_rl: 4452086.4514 | loss_pred: 0.0071
Episode  129 | reward: -3462.6111 | epsilon: 0.2226 | steps: 719 | avg_delay: 0.2273 | avg_queue: 0.0972 | throughput: 3512 | emergency_stops: 0 | loss_total: 5878355.0634 | loss_rl: 5878355.0634 | loss_pred: 0.0068
Episode  130 | reward: -3355.1667 | epsilon: 0.2182 | steps: 719 | avg_delay: 0.8022 | avg_queue: 0.2222 | throughput: 3509 | emergency_stops: 0 | loss_total: 4598071.5677 | loss_rl: 4598071.5677 | loss_pred: 0.0068 | eval_reward: -3028.6111 | eval_reward_std: 0.0000 | eval_avg_delay: 1.1685 | eval_avg_queue: 0.2500 | eval_throughput: 3511.0000 | eval_emergency_stops: 0.0000
Episode  131 | reward: -3406.0000 | epsilon: 0.2138 | steps: 719 | avg_delay: 0.8478 | avg_queue: 0.2361 | throughput: 3508 | emergency_stops: 0 | loss_total: 6101867.4087 | loss_rl: 6101867.4087 | loss_pred: 0.0068
Episode  132 | reward: -3277.9444 | epsilon: 0.2096 | steps: 719 | avg_delay: 0.9551 | avg_queue: 0.2083 | throughput: 3511 | emergency_stops: 0 | loss_total: 4397112.8816 | loss_rl: 4397112.8816 | loss_pred: 0.0071
Episode  133 | reward: -3202.2222 | epsilon: 0.2054 | steps: 719 | avg_delay: 0.2921 | avg_queue: 0.0833 | throughput: 3511 | emergency_stops: 0 | loss_total: 4699033.0491 | loss_rl: 4699033.0491 | loss_pred: 0.0072
Episode  134 | reward: -3362.7778 | epsilon: 0.2013 | steps: 719 | avg_delay: 0.8854 | avg_queue: 0.1806 | throughput: 3504 | emergency_stops: 0 | loss_total: 6288573.2980 | loss_rl: 6288573.2980 | loss_pred: 0.0068
Episode  135 | reward: -3247.0000 | epsilon: 0.1972 | steps: 719 | avg_delay: 1.6977 | avg_queue: 0.2917 | throughput: 3514 | emergency_stops: 0 | loss_total: 4659679.0294 | loss_rl: 4659679.0294 | loss_pred: 0.0071
Episode  136 | reward: -3266.6111 | epsilon: 0.1933 | steps: 719 | avg_delay: 1.1798 | avg_queue: 0.2222 | throughput: 3510 | emergency_stops: 0 | loss_total: 6368121.4334 | loss_rl: 6368121.4334 | loss_pred: 0.0068
Episode  137 | reward: -3184.7778 | epsilon: 0.1894 | steps: 719 | avg_delay: 1.6404 | avg_queue: 0.3056 | throughput: 3511 | emergency_stops: 0 | loss_total: 4774301.8407 | loss_rl: 4774301.8406 | loss_pred: 0.0067
Episode  138 | reward: -3237.6111 | epsilon: 0.1856 | steps: 719 | avg_delay: 0.7667 | avg_queue: 0.1528 | throughput: 3509 | emergency_stops: 0 | loss_total: 6596691.9157 | loss_rl: 6596691.9157 | loss_pred: 0.0067
Episode  139 | reward: -3210.5556 | epsilon: 0.1819 | steps: 719 | avg_delay: 1.0667 | avg_queue: 0.2500 | throughput: 3510 | emergency_stops: 0 | loss_total: 3108506.0860 | loss_rl: 3108506.0860 | loss_pred: 0.0070
Episode  140 | reward: -3261.6667 | epsilon: 0.1783 | steps: 719 | avg_delay: 0.2989 | avg_queue: 0.0833 | throughput: 3513 | emergency_stops: 0 | loss_total: 2957301.7973 | loss_rl: 2957301.7972 | loss_pred: 0.0069 | eval_reward: -3018.5556 | eval_reward_std: 0.0000 | eval_avg_delay: 0.4778 | eval_avg_queue: 0.1389 | eval_throughput: 3510.0000 | eval_emergency_stops: 0.0000
Episode  141 | reward: -3275.4444 | epsilon: 0.1747 | steps: 719 | avg_delay: 0.3750 | avg_queue: 0.1667 | throughput: 3511 | emergency_stops: 0 | loss_total: 3188547.5994 | loss_rl: 3188547.5993 | loss_pred: 0.0068
Episode  142 | reward: -3271.3333 | epsilon: 0.1712 | steps: 719 | avg_delay: 0.6630 | avg_queue: 0.1528 | throughput: 3507 | emergency_stops: 0 | loss_total: 2945280.0435 | loss_rl: 2945280.0434 | loss_pred: 0.0068
Episode  143 | reward: -3277.7222 | epsilon: 0.1678 | steps: 719 | avg_delay: 1.5870 | avg_queue: 0.2361 | throughput: 3507 | emergency_stops: 0 | loss_total: 5563818.6584 | loss_rl: 5563818.6583 | loss_pred: 0.0076
Episode  144 | reward: -3327.8333 | epsilon: 0.1644 | steps: 719 | avg_delay: 0.1758 | avg_queue: 0.0972 | throughput: 3508 | emergency_stops: 0 | loss_total: 7757016.5262 | loss_rl: 7757016.5261 | loss_pred: 0.0070
Episode  145 | reward: -3205.8889 | epsilon: 0.1612 | steps: 719 | avg_delay: 0.5632 | avg_queue: 0.1806 | throughput: 3513 | emergency_stops: 0 | loss_total: 3907786.3367 | loss_rl: 3907786.3367 | loss_pred: 0.0078
Episode  146 | reward: -3245.5556 | epsilon: 0.1579 | steps: 719 | avg_delay: 0.1556 | avg_queue: 0.1111 | throughput: 3510 | emergency_stops: 0 | loss_total: 6310823.8780 | loss_rl: 6310823.8779 | loss_pred: 0.0071
Episode  147 | reward: -3361.7778 | epsilon: 0.1548 | steps: 719 | avg_delay: 0.4778 | avg_queue: 0.1944 | throughput: 3510 | emergency_stops: 0 | loss_total: 3935542.4862 | loss_rl: 3935542.4861 | loss_pred: 0.0072
Episode  148 | reward: -3087.8333 | epsilon: 0.1517 | steps: 719 | avg_delay: 0.8953 | avg_queue: 0.1389 | throughput: 3513 | emergency_stops: 0 | loss_total: 4059354.3257 | loss_rl: 4059354.3257 | loss_pred: 0.0074
Episode  149 | reward: -3269.3333 | epsilon: 0.1486 | steps: 719 | avg_delay: 0.9000 | avg_queue: 0.2083 | throughput: 3510 | emergency_stops: 0 | loss_total: 4044414.9415 | loss_rl: 4044414.9415 | loss_pred: 0.0071
Episode  150 | reward: -3118.5000 | epsilon: 0.1457 | steps: 719 | avg_delay: 0.8427 | avg_queue: 0.2222 | throughput: 3511 | emergency_stops: 0 | loss_total: 10065902.6189 | loss_rl: 10065902.6189 | loss_pred: 0.0069 | eval_reward: -3025.0000 | eval_reward_std: 0.0000 | eval_avg_delay: 0.5882 | eval_avg_queue: 0.1944 | eval_throughput: 3515.0000 | eval_emergency_stops: 0.0000
Episode  151 | reward: -3241.2222 | epsilon: 0.1428 | steps: 719 | avg_delay: 0.5455 | avg_queue: 0.1250 | throughput: 3512 | emergency_stops: 0 | loss_total: 10713175.8947 | loss_rl: 10713175.8946 | loss_pred: 0.0071
Episode  152 | reward: -3204.8889 | epsilon: 0.1399 | steps: 719 | avg_delay: 0.2024 | avg_queue: 0.0694 | throughput: 3514 | emergency_stops: 0 | loss_total: 9855566.5265 | loss_rl: 9855566.5265 | loss_pred: 0.0073
Episode  153 | reward: -3176.1667 | epsilon: 0.1371 | steps: 719 | avg_delay: 0.1609 | avg_queue: 0.0556 | throughput: 3511 | emergency_stops: 0 | loss_total: 7302077.2065 | loss_rl: 7302077.2064 | loss_pred: 0.0071
Episode  154 | reward: -3223.0556 | epsilon: 0.1344 | steps: 719 | avg_delay: 0.8333 | avg_queue: 0.2361 | throughput: 3510 | emergency_stops: 0 | loss_total: 4510826.7502 | loss_rl: 4510826.7501 | loss_pred: 0.0070
Episode  155 | reward: -3105.6111 | epsilon: 0.1317 | steps: 719 | avg_delay: 0.5682 | avg_queue: 0.1528 | throughput: 3511 | emergency_stops: 0 | loss_total: 6889083.2235 | loss_rl: 6889083.2235 | loss_pred: 0.0070
Episode  156 | reward: -3184.3333 | epsilon: 0.1290 | steps: 719 | avg_delay: 0.2247 | avg_queue: 0.0972 | throughput: 3510 | emergency_stops: 0 | loss_total: 4372220.6196 | loss_rl: 4372220.6195 | loss_pred: 0.0071
Episode  157 | reward: -3119.7778 | epsilon: 0.1265 | steps: 719 | avg_delay: 1.8764 | avg_queue: 0.3333 | throughput: 3511 | emergency_stops: 0 | loss_total: 4671975.6980 | loss_rl: 4671975.6979 | loss_pred: 0.0072
Episode  158 | reward: -3139.7222 | epsilon: 0.1239 | steps: 719 | avg_delay: 0.6705 | avg_queue: 0.1528 | throughput: 3512 | emergency_stops: 0 | loss_total: 7641397.0703 | loss_rl: 7641397.0702 | loss_pred: 0.0071
Episode  159 | reward: -3049.1667 | epsilon: 0.1215 | steps: 719 | avg_delay: 0.2706 | avg_queue: 0.0972 | throughput: 3514 | emergency_stops: 0 | loss_total: 5025578.5740 | loss_rl: 5025578.5739 | loss_pred: 0.0072
Episode  160 | reward: -3209.1111 | epsilon: 0.1190 | steps: 719 | avg_delay: 0.3864 | avg_queue: 0.1111 | throughput: 3512 | emergency_stops: 0 | loss_total: 8714622.5851 | loss_rl: 8714622.5850 | loss_pred: 0.0071 | eval_reward: -2923.7778 | eval_reward_std: 0.0000 | eval_avg_delay: 0.7059 | eval_avg_queue: 0.1528 | eval_throughput: 3514.0000 | eval_emergency_stops: 0.0000
Episode  161 | reward: -3142.7778 | epsilon: 0.1166 | steps: 719 | avg_delay: 0.3864 | avg_queue: 0.1111 | throughput: 3512 | emergency_stops: 0 | loss_total: 4420116.4823 | loss_rl: 4420116.4822 | loss_pred: 0.0070
Episode  162 | reward: -3087.3889 | epsilon: 0.1143 | steps: 719 | avg_delay: 1.1294 | avg_queue: 0.1944 | throughput: 3513 | emergency_stops: 0 | loss_total: 5649585.5658 | loss_rl: 5649585.5657 | loss_pred: 0.0074
Episode  163 | reward: -3103.0000 | epsilon: 0.1120 | steps: 719 | avg_delay: 0.6512 | avg_queue: 0.1667 | throughput: 3512 | emergency_stops: 0 | loss_total: 5312780.6157 | loss_rl: 5312780.6157 | loss_pred: 0.0070
Episode  164 | reward: -229716.6667 | epsilon: 0.1098 | steps: 719 | avg_delay: 0.6222 | avg_queue: 0.1667 | throughput: 3508 | emergency_stops: 0 | loss_total: 9963657.6793 | loss_rl: 9963657.6792 | loss_pred: 0.0070
Episode  165 | reward: -3097.2778 | epsilon: 0.1076 | steps: 719 | avg_delay: 1.1099 | avg_queue: 0.2500 | throughput: 3509 | emergency_stops: 0 | loss_total: 5932265.3915 | loss_rl: 5932265.3915 | loss_pred: 0.0070
Episode  166 | reward: -3156.8333 | epsilon: 0.1054 | steps: 719 | avg_delay: 0.5227 | avg_queue: 0.1250 | throughput: 3512 | emergency_stops: 0 | loss_total: 10342390.1159 | loss_rl: 10342390.1159 | loss_pred: 0.0071
Episode  167 | reward: -3198.7778 | epsilon: 0.1033 | steps: 719 | avg_delay: 0.3448 | avg_queue: 0.0972 | throughput: 3511 | emergency_stops: 0 | loss_total: 9305143.0741 | loss_rl: 9305143.0741 | loss_pred: 0.0072
Episode  168 | reward: -3130.1667 | epsilon: 0.1013 | steps: 719 | avg_delay: 0.5176 | avg_queue: 0.1389 | throughput: 3514 | emergency_stops: 0 | loss_total: 15728009.3221 | loss_rl: 15728009.3220 | loss_pred: 0.0070
Episode  169 | reward: -3054.2222 | epsilon: 0.0992 | steps: 719 | avg_delay: 0.4773 | avg_queue: 0.1250 | throughput: 3512 | emergency_stops: 0 | loss_total: 12805817.7189 | loss_rl: 12805817.7189 | loss_pred: 0.0072
Episode  170 | reward: -3032.7222 | epsilon: 0.0972 | steps: 719 | avg_delay: 1.6629 | avg_queue: 0.3194 | throughput: 3511 | emergency_stops: 0 | loss_total: 11089293.4094 | loss_rl: 11089293.4093 | loss_pred: 0.0073 | eval_reward: -3023.8333 | eval_reward_std: 0.0000 | eval_avg_delay: 0.8851 | eval_avg_queue: 0.2222 | eval_throughput: 3513.0000 | eval_emergency_stops: 0.0000
Episode  171 | reward: -3135.7778 | epsilon: 0.0953 | steps: 719 | avg_delay: 1.6067 | avg_queue: 0.2083 | throughput: 3511 | emergency_stops: 0 | loss_total: 10163830.3558 | loss_rl: 10163830.3558 | loss_pred: 0.0073
Episode  172 | reward: -3087.0000 | epsilon: 0.0934 | steps: 719 | avg_delay: 1.5281 | avg_queue: 0.2778 | throughput: 3511 | emergency_stops: 0 | loss_total: 15212946.8578 | loss_rl: 15212946.8577 | loss_pred: 0.0076
Episode  173 | reward: -3102.9444 | epsilon: 0.0915 | steps: 719 | avg_delay: 0.0345 | avg_queue: 0.0278 | throughput: 3511 | emergency_stops: 0 | loss_total: 11385551.1022 | loss_rl: 11385551.1021 | loss_pred: 0.0082
Episode  174 | reward: -3196.5556 | epsilon: 0.0897 | steps: 719 | avg_delay: 0.4894 | avg_queue: 0.1250 | throughput: 3506 | emergency_stops: 0 | loss_total: 11675436.4002 | loss_rl: 11675436.4002 | loss_pred: 0.0072
Episode  175 | reward: -2953.6667 | epsilon: 0.0879 | steps: 719 | avg_delay: 0.6429 | avg_queue: 0.1528 | throughput: 3514 | emergency_stops: 0 | loss_total: 8672761.7846 | loss_rl: 8672761.7845 | loss_pred: 0.0072
Episode  176 | reward: -3230.5000 | epsilon: 0.0861 | steps: 719 | avg_delay: 0.8068 | avg_queue: 0.1944 | throughput: 3512 | emergency_stops: 0 | loss_total: 8748100.5722 | loss_rl: 8748100.5721 | loss_pred: 0.0072
Episode  177 | reward: -3118.5000 | epsilon: 0.0844 | steps: 719 | avg_delay: 0.4286 | avg_queue: 0.1250 | throughput: 3509 | emergency_stops: 0 | loss_total: 11658957.5216 | loss_rl: 11658957.5215 | loss_pred: 0.0069
Episode  178 | reward: -3058.1667 | epsilon: 0.0827 | steps: 719 | avg_delay: 0.2609 | avg_queue: 0.0556 | throughput: 3506 | emergency_stops: 0 | loss_total: 11277581.7450 | loss_rl: 11277581.7449 | loss_pred: 0.0070
Episode  179 | reward: -3167.2222 | epsilon: 0.0811 | steps: 719 | avg_delay: 0.2697 | avg_queue: 0.0972 | throughput: 3511 | emergency_stops: 0 | loss_total: 8537169.1179 | loss_rl: 8537169.1178 | loss_pred: 0.0072
Episode  180 | reward: -3118.8333 | epsilon: 0.0795 | steps: 719 | avg_delay: 1.1163 | avg_queue: 0.1667 | throughput: 3513 | emergency_stops: 0 | loss_total: 12078316.3680 | loss_rl: 12078316.3680 | loss_pred: 0.0069 | eval_reward: -2764.0000 | eval_reward_std: 0.0000 | eval_avg_delay: 1.0120 | eval_avg_queue: 0.1944 | eval_throughput: 3517.0000 | eval_emergency_stops: 0.0000
Episode  181 | reward: -3064.0556 | epsilon: 0.0779 | steps: 719 | avg_delay: 0.2889 | avg_queue: 0.1250 | throughput: 3510 | emergency_stops: 0 | loss_total: 8730171.4263 | loss_rl: 8730171.4263 | loss_pred: 0.0075
Episode  182 | reward: -3098.3889 | epsilon: 0.0763 | steps: 719 | avg_delay: 1.5843 | avg_queue: 0.3056 | throughput: 3511 | emergency_stops: 0 | loss_total: 10662714.8273 | loss_rl: 10662714.8272 | loss_pred: 0.0071
Episode  183 | reward: -3096.6667 | epsilon: 0.0748 | steps: 719 | avg_delay: 0.7978 | avg_queue: 0.1528 | throughput: 3510 | emergency_stops: 0 | loss_total: 13478680.9665 | loss_rl: 13478680.9664 | loss_pred: 0.0067
Episode  184 | reward: -3097.7222 | epsilon: 0.0733 | steps: 719 | avg_delay: 0.5765 | avg_queue: 0.1389 | throughput: 3514 | emergency_stops: 0 | loss_total: 13761216.0459 | loss_rl: 13761216.0459 | loss_pred: 0.0068
Episode  185 | reward: -3047.5556 | epsilon: 0.0718 | steps: 719 | avg_delay: 0.7500 | avg_queue: 0.2500 | throughput: 3508 | emergency_stops: 0 | loss_total: 12509766.3433 | loss_rl: 12509766.3432 | loss_pred: 0.0069
Episode  186 | reward: -3052.6667 | epsilon: 0.0704 | steps: 719 | avg_delay: 0.1348 | avg_queue: 0.0694 | throughput: 3509 | emergency_stops: 0 | loss_total: 17879051.7011 | loss_rl: 17879051.7010 | loss_pred: 0.0071
Episode  187 | reward: -3045.3889 | epsilon: 0.0690 | steps: 719 | avg_delay: 0.8409 | avg_queue: 0.2500 | throughput: 3512 | emergency_stops: 0 | loss_total: 6548527.0838 | loss_rl: 6548527.0837 | loss_pred: 0.0064
Episode  188 | reward: -3035.0000 | epsilon: 0.0676 | steps: 719 | avg_delay: 0.6629 | avg_queue: 0.1944 | throughput: 3511 | emergency_stops: 0 | loss_total: 8836053.3174 | loss_rl: 8836053.3173 | loss_pred: 0.0064
Episode  189 | reward: -3102.8889 | epsilon: 0.0662 | steps: 719 | avg_delay: 1.9890 | avg_queue: 0.3472 | throughput: 3509 | emergency_stops: 0 | loss_total: 12519030.5334 | loss_rl: 12519030.5333 | loss_pred: 0.0063
Episode  190 | reward: -3050.2778 | epsilon: 0.0649 | steps: 719 | avg_delay: 0.7590 | avg_queue: 0.1528 | throughput: 3516 | emergency_stops: 0 | loss_total: 15386195.0029 | loss_rl: 15386195.0028 | loss_pred: 0.0064 | eval_reward: -2961.7778 | eval_reward_std: 0.0000 | eval_avg_delay: 0.3882 | eval_avg_queue: 0.1528 | eval_throughput: 3515.0000 | eval_emergency_stops: 0.0000
Episode  191 | reward: -3105.3333 | epsilon: 0.0636 | steps: 719 | avg_delay: 1.0549 | avg_queue: 0.2222 | throughput: 3508 | emergency_stops: 0 | loss_total: 12676087.6179 | loss_rl: 12676087.6178 | loss_pred: 0.0064
Episode  192 | reward: -2973.6111 | epsilon: 0.0624 | steps: 719 | avg_delay: 0.5233 | avg_queue: 0.1250 | throughput: 3514 | emergency_stops: 0 | loss_total: 9967472.4607 | loss_rl: 9967472.4607 | loss_pred: 0.0064
Episode  193 | reward: -3077.7222 | epsilon: 0.0611 | steps: 719 | avg_delay: 1.0115 | avg_queue: 0.1944 | throughput: 3513 | emergency_stops: 0 | loss_total: 9863933.0136 | loss_rl: 9863933.0135 | loss_pred: 0.0065
Episode  194 | reward: -3020.1111 | epsilon: 0.0599 | steps: 719 | avg_delay: 0.4505 | avg_queue: 0.1389 | throughput: 3507 | emergency_stops: 0 | loss_total: 7812666.4986 | loss_rl: 7812666.4985 | loss_pred: 0.0064
Episode  195 | reward: -3048.5556 | epsilon: 0.0587 | steps: 719 | avg_delay: 1.1494 | avg_queue: 0.2778 | throughput: 3513 | emergency_stops: 0 | loss_total: 6005335.5316 | loss_rl: 6005335.5315 | loss_pred: 0.0050
Episode  196 | reward: -3052.4444 | epsilon: 0.0575 | steps: 719 | avg_delay: 1.0115 | avg_queue: 0.1806 | throughput: 3513 | emergency_stops: 0 | loss_total: 250131.4916 | loss_rl: 250131.4914 | loss_pred: 0.0043
Episode  197 | reward: -3044.3889 | epsilon: 0.0564 | steps: 719 | avg_delay: 0.6111 | avg_queue: 0.1250 | throughput: 3510 | emergency_stops: 0 | loss_total: 306018.7625 | loss_rl: 306018.7623 | loss_pred: 0.0043
Episode  198 | reward: -2960.3889 | epsilon: 0.0552 | steps: 719 | avg_delay: 0.5176 | avg_queue: 0.1389 | throughput: 3515 | emergency_stops: 0 | loss_total: 319827.1125 | loss_rl: 319827.1123 | loss_pred: 0.0042
Episode  199 | reward: -59344.3889 | epsilon: 0.0541 | steps: 719 | avg_delay: 156.0526 | avg_queue: 2.8889 | throughput: 3334 | emergency_stops: 0 | loss_total: 234265.9928 | loss_rl: 234265.9926 | loss_pred: 0.0042
Episode  200 | reward: -2926.5000 | epsilon: 0.0530 | steps: 719 | avg_delay: 1.1023 | avg_queue: 0.1806 | throughput: 3512 | emergency_stops: 0 | loss_total: 1004042.4010 | loss_rl: 1004042.4008 | loss_pred: 0.0042 | eval_reward: -3004.0556 | eval_reward_std: 0.0000 | eval_avg_delay: 0.8023 | eval_avg_queue: 0.2500 | eval_throughput: 3514.0000 | eval_emergency_stops: 0.0000

Training complete! Best train reward: -2910.50 | Best eval reward: -2764.00
Logs saved to: D:\ITB\TA\gnn-marl-traffic\logs\gat_dqn_grid_3x3_pkji_m1_20260519_044453_pkji_level1_gat_dqn_eps095_tt300_100ep_grid_3x3_pkji_m1_s1111
