Warning: Teleporting vehicle '705'; waited too long (yield), lane=':B1_13_0', time=1340.00.
Warning: Vehicle '705' ends teleporting on edge 'B1A1', time=1340.00.
Warning: Teleporting vehicle '659'; waited too long (jam), lane=':B1_1_1', time=1348.00.
Warning: Vehicle '659' ends teleporting on edge 'B1B0', time=1348.00.
Warning: Teleporting vehicle '664'; waited too long (jam), lane=':B1_1_1', time=1350.00.
Warning: Vehicle '664' ends teleporting on edge 'B1B0', time=1350.00.
Warning: Teleporting vehicle '725'; waited too long (yield), lane='B0B1_1', time=1360.00.
Warning: Vehicle '725' ends teleporting on edge 'B1A1', time=1360.00.
Warning: Teleporting vehicle '978'; waited too long (yield), lane=':B1_3_0', time=2095.00.
Warning: Vehicle '978' ends teleporting on edge 'B1C1', time=2095.00.
Warning: Teleporting vehicle '1028'; waited too long (jam), lane=':B1_11_1', time=2101.00.
Warning: Teleporting vehicle '1078'; waited too long (yield), lane='B2B1_1', time=2101.00.
Warning: Vehicle '1028' ends teleporting on edge 'B1B2', time=2101.00.
Warning: Vehicle '1078' ends teleporting on edge 'B1C1', time=2101.00.
Warning: Teleporting vehicle '839'; waited too long (yield), lane='C1B1_0', time=2106.00.
Warning: Vehicle '839' ends teleporting on edge 'B1A1', time=2106.00.
Warning: Teleporting vehicle '1014'; waited too long (yield), lane=':B1_13_0', time=2150.00.
Warning: Vehicle '1014' ends teleporting on edge 'B1A1', time=2150.00.
Warning: Teleporting vehicle '1542'; waited too long (yield), lane='left1A1_0', time=2168.00.
Warning: Teleporting vehicle '1574'; waited too long (yield), lane='right1C1_0', time=2196.00.
Warning: Vehicle '1574' ends teleporting on edge 'C1B1', time=2196.00.
Warning: Teleporting vehicle '1598'; waited too long (yield), lane='A2A1_1', time=2230.00.
Warning: Teleporting vehicle '1643'; waited too long (yield), lane='B1A1_1', time=2263.00.
Warning: Teleporting vehicle '1683'; waited too long (yield), lane='right1C1_0', time=2320.00.
Warning: Teleporting vehicle '1723'; waited too long (yield), lane='left1A1_1', time=2342.00.
Warning: Vehicle '1542' ends teleporting on edge 'B1C1', time=2349.00.
Warning: Vehicle '1598' ends teleporting on edge 'B1B2', time=2411.00.
Warning: Vehicle '1643' ends teleporting on edge 'B1C1', time=2444.00.
Warning: Vehicle '1683' ends teleporting on edge 'B1A1', time=2501.00.
Warning: Teleporting vehicle '1864'; waited too long (yield), lane='B1C1_1', time=2508.00.
Warning: Vehicle '1723' ends teleporting on edge 'B1B2', time=2523.00.
Warning: Vehicle '1864' teleports beyond arrival edge 'C1B1', time=2688.00.
Warning: Teleporting vehicle '927'; waited too long (yield), lane=':B1_18_0', time=2705.00.
Warning: Vehicle '927' ends teleporting on edge 'B1B2', time=2705.00.
Warning: Teleporting vehicle '1048'; waited too long (jam), lane=':B1_1_1', time=2709.00.
Warning: Vehicle '1048' ends teleporting on edge 'B1B0', time=2709.00.
Warning: Teleporting vehicle '986'; waited too long (yield), lane='C1B1_0', time=2724.00.
Warning: Vehicle '986' ends teleporting on edge 'B1A1', time=2724.00.
Warning: Teleporting vehicle '1081'; waited too long (yield), lane=':B1_13_0', time=2761.00.
Warning: Vehicle '1081' ends teleporting on edge 'B1A1', time=2761.00.
Warning: Teleporting vehicle '1185'; waited too long (jam), lane=':B1_25_0', time=2762.00.
Warning: Vehicle '1185' ends teleporting on edge 'B1B0', time=2762.00.
Warning: Teleporting vehicle '2014'; waited too long (yield), lane='A2B2_0', time=2773.00.
Warning: Teleporting vehicle '1144'; waited too long (yield), lane='A1B1_0', time=2773.00.
Warning: Vehicle '1144' ends teleporting on edge 'B1C1', time=2773.00.
Warning: Vehicle '2014' ends teleporting on edge 'B2B1', time=2773.00.
Warning: Teleporting vehicle '2075'; waited too long (jam), lane='top1B2_1', time=2777.00.
Warning: Vehicle '2075' ends teleporting on edge 'B2B1', time=2777.00.
Warning: Teleporting vehicle '1613'; waited too long (yield), lane='C0C1_1', time=2781.00.
Warning: Teleporting vehicle '1622'; waited too long (jam), lane='C2C1_0', time=2781.00.
Warning: Vehicle '1622' ends teleporting on edge 'C1B1', time=2782.00.
Warning: Teleporting vehicle '1611'; waited too long (jam), lane='A0A1_0', time=2797.00.
Warning: Vehicle '1613' ends teleporting on edge 'C1B1', time=2824.00.
Warning: Vehicle '1611' ends teleporting on edge 'A1B1', time=2833.00.
Warning: Teleporting vehicle '1028'; waited too long (yield), lane='B1B2_1', time=2839.00.
Warning: Vehicle '1028' ends teleporting on edge 'B2B1', time=2839.00.
Warning: Teleporting vehicle '2041'; waited too long (yield), lane='C2B2_1', time=2873.00.
Warning: Vehicle '2041' ends teleporting on edge 'B2B1', time=2875.00.
Warning: Teleporting vehicle '2366'; waited too long (yield), lane='B0C0_1', time=3003.00.
Warning: Vehicle '2366' ends teleporting on edge 'C0C1', time=3003.00.
Warning: Teleporting vehicle '2426'; waited too long (yield), lane='B2A2_1', time=3068.00.
Warning: Vehicle '2426' ends teleporting on edge 'A2A1', time=3068.00.
Warning: Teleporting vehicle '2445'; waited too long (yield), lane='top0A2_1', time=3070.00.
Warning: Vehicle '2445' ends teleporting on edge 'A2A1', time=3070.00.
Warning: Teleporting vehicle '1449'; waited too long (jam), lane='A1B1_1', time=3513.00.
Warning: Teleporting vehicle '2431'; waited too long (yield), lane='left1A1_1', time=3525.00.
Warning: Vehicle '2431' ends teleporting on edge 'A1B1', time=3548.00.
Warning: Teleporting vehicle '2771'; waited too long (jam), lane='A0B0_1', time=3562.00.
Warning: Teleporting vehicle '1547'; waited too long (yield), lane='B2B1_1', time=3585.00.
Warning: Teleporting vehicle '138'; waited too long (yield), lane=':B1_3_0', time=814.00.
Warning: Vehicle '138' ends teleporting on edge 'B1C1', time=814.00.
Warning: Teleporting vehicle '199'; waited too long (jam), lane=':B1_6_1', time=834.00.
Warning: Vehicle '199' ends teleporting on edge 'B1A1', time=834.00.
Warning: Teleporting vehicle '188'; waited too long (jam), lane=':B1_6_1', time=838.00.
Warning: Vehicle '188' ends teleporting on edge 'B1A1', time=838.00.
Warning: Teleporting vehicle '190'; waited too long (jam), lane=':B1_11_1', time=851.00.
Warning: Vehicle '190' ends teleporting on edge 'B1B2', time=851.00.
Warning: Teleporting vehicle '237'; waited too long (yield), lane='B2B1_1', time=856.00.
Warning: Vehicle '237' ends teleporting on edge 'B1C1', time=856.00.
Warning: Teleporting vehicle '232'; waited too long (jam), lane=':B1_6_1', time=859.00.
Warning: Vehicle '232' ends teleporting on edge 'B1A1', time=859.00.
Warning: Teleporting vehicle '220'; waited too long (jam), lane='A1B1_1', time=890.00.
Warning: Vehicle '220' ends teleporting on edge 'B1C1', time=890.00.
Warning: Teleporting vehicle '265'; waited too long (jam), lane=':B1_16_0', time=895.00.
Warning: Vehicle '265' ends teleporting on edge 'B1C1', time=895.00.
Warning: Teleporting vehicle '2186'; waited too long (yield), lane=':B0_8_0', time=2839.00.
Warning: Vehicle '2186' ends teleporting on edge 'B0bottom1', time=2839.00.
Warning: Teleporting vehicle '1780'; waited too long (yield), lane=':B2_8_0', time=2475.00.
Warning: Vehicle '1780' ends teleporting on edge 'B2B1', time=2475.00.
Warning: Teleporting vehicle '1830'; waited too long (jam), lane=':B2_16_1', time=2482.00.
Warning: Vehicle '1830' ends teleporting on edge 'B2C2', time=2482.00.
Warning: Teleporting vehicle '1831'; waited too long (yield), lane='B1B2_0', time=2497.00.
Warning: Vehicle '1831' ends teleporting on edge 'B2top1', time=2497.00.
Warning: Teleporting vehicle '1780'; waited too long (yield), lane=':B2_8_0', time=2469.00.
Warning: Vehicle '1780' ends teleporting on edge 'B2B1', time=2469.00.
Warning: Teleporting vehicle '1830'; waited too long (jam), lane=':B2_16_1', time=2484.00.
Warning: Vehicle '1830' ends teleporting on edge 'B2C2', time=2484.00.
Warning: Teleporting vehicle '1880'; waited too long (yield), lane=':B2_13_0', time=3162.00.
Warning: Vehicle '1880' ends teleporting on edge 'B2A2', time=3162.00.
Warning: Teleporting vehicle '1919'; waited too long (jam), lane=':B2_25_0', time=3163.00.
Warning: Vehicle '1919' ends teleporting on edge 'B2B1', time=3163.00.
Warning: Vehicle '1707' performs emergency braking on lane ':A0_6_1' with decel=10.00, wished=5.00, severity=1.00, time=1783.00.
Warning: Teleporting vehicle '150'; waited too long (yield), lane=':B1_3_0', time=819.00.
Warning: Vehicle '150' ends teleporting on edge 'B1C1', time=819.00.
Warning: Teleporting vehicle '174'; waited too long (yield), lane=':B1_8_0', time=841.00.
Warning: Vehicle '174' ends teleporting on edge 'B1B0', time=841.00.
Warning: Vehicle '1357' performs emergency braking on lane ':C0_1_1' with decel=9.00, wished=4.50, severity=1.00, time=1408.00.
Warning: Vehicle '384' performs emergency braking on lane ':B1_16_1' with decel=9.00, wished=4.50, severity=1.00, time=403.00.
Warning: Vehicle '1159' performs emergency braking on lane ':B1_1_1' with decel=9.00, wished=4.50, severity=1.00, time=1228.00.
Warning: Teleporting vehicle '1567'; waited too long (jam), lane=':C1_11_1', time=2248.00.
Warning: Vehicle '1567' ends teleporting on edge 'C1C2', time=2248.00.
Warning: Teleporting vehicle '1586'; waited too long (yield), lane='B1C1_1', time=2258.00.
Warning: Vehicle '1586' ends teleporting on edge 'C1C2', time=2258.00.
Warning: Vehicle '1441' performs emergency braking on lane ':B1_16_1' with decel=9.00, wished=4.50, severity=1.00, time=1525.00.
Warning: Vehicle '917' performs emergency braking on lane ':C1_16_1' with decel=9.00, wished=4.50, severity=1.00, time=1003.00.
Warning: Teleporting vehicle '705'; waited too long (yield), lane=':B1_13_0', time=1334.00.
Warning: Vehicle '705' ends teleporting on edge 'B1A1', time=1334.00.
Warning: Teleporting vehicle '704'; waited too long (yield), lane=':B1_18_0', time=1350.00.
Warning: Vehicle '704' ends teleporting on edge 'B1B2', time=1350.00.
Warning: Teleporting vehicle '2521'; waited too long (yield), lane=':B1_3_0', time=3200.00.
Warning: Vehicle '2521' ends teleporting on edge 'B1C1', time=3200.00.
