============================================================
Training independent_dqn on grid_3x3_pkji_m1
Net: D:\ITB\TA\gnn-marl-traffic\data/networks/grid_3x3/grid_3x3_pkji_m1.net.xml
Route: D:\ITB\TA\gnn-marl-traffic\data/networks/grid_3x3/grid_3x3_pkji_m1.rou.xml
Episodes: 10
Seed: 1101 | Deterministic: True
============================================================
Number of agents (traffic lights): 9
Traffic light IDs: ['A1', 'B0', 'A0', 'A2', 'B1', 'B2', 'C0', 'C1', 'C2']
Observation dim: 43
Number of actions: 2
Number of lanes per intersection: 8
Adjacency matrix:
[[1. 0. 1. 1. 1. 0. 0. 0. 0.]
 [0. 1. 1. 0. 1. 0. 1. 0. 0.]
 [1. 1. 1. 0. 0. 0. 0. 0. 0.]
 [1. 0. 0. 1. 0. 1. 0. 0. 0.]
 [1. 1. 0. 0. 1. 1. 0. 1. 0.]
 [0. 0. 0. 1. 1. 1. 0. 0. 1.]
 [0. 1. 0. 0. 0. 0. 1. 1. 0.]
 [0. 0. 0. 0. 1. 0. 1. 1. 1.]
 [0. 0. 0. 0. 0. 1. 0. 1. 1.]]
Episode    1 | reward: -117.0955 | epsilon: 0.7840 | steps: 719 | avg_delay: 1.0745 | avg_queue: 0.2083 | throughput: 3506 | emergency_stops: 0 | loss_rl: 0.0941
Episode    2 | reward: -6.8165 | epsilon: 0.7683 | steps: 719 | avg_delay: 0.2584 | avg_queue: 0.0833 | throughput: 3510 | emergency_stops: 0 | loss_rl: 0.0340
Episode    3 | reward: -6.5264 | epsilon: 0.7530 | steps: 719 | avg_delay: 2.9574 | avg_queue: 0.2361 | throughput: 3506 | emergency_stops: 0 | loss_rl: 0.0149
Episode    4 | reward: -6.4459 | epsilon: 0.7379 | steps: 719 | avg_delay: 0.8750 | avg_queue: 0.2639 | throughput: 3503 | emergency_stops: 0 | loss_rl: 0.0124
Episode    5 | reward: -6.6469 | epsilon: 0.7231 | steps: 719 | avg_delay: 0.6737 | avg_queue: 0.1389 | throughput: 3504 | emergency_stops: 0 | loss_rl: 0.0118 | eval_reward: -4.7276 | eval_reward_std: 0.0000 | eval_avg_delay: 0.8132 | eval_avg_queue: 0.2083 | eval_throughput: 3509.0000 | eval_emergency_stops: 0.0000
Episode    6 | reward: -6.6446 | epsilon: 0.7087 | steps: 719 | avg_delay: 2.2247 | avg_queue: 0.2778 | throughput: 3511 | emergency_stops: 0 | loss_rl: 0.0096
Episode    7 | reward: -99.4298 | epsilon: 0.6945 | steps: 719 | avg_delay: 2.3528 | avg_queue: 1.4306 | throughput: 3249 | emergency_stops: 0 | loss_rl: 0.0086
Episode    8 | reward: -73.2997 | epsilon: 0.6806 | steps: 719 | avg_delay: 136.6241 | avg_queue: 2.8333 | throughput: 3305 | emergency_stops: 0 | loss_rl: 0.0142
Episode    9 | reward: -6.6825 | epsilon: 0.6670 | steps: 719 | avg_delay: 0.4536 | avg_queue: 0.1389 | throughput: 3502 | emergency_stops: 0 | loss_rl: 0.0154
Episode   10 | reward: -6.5598 | epsilon: 0.6537 | steps: 719 | avg_delay: 0.7253 | avg_queue: 0.2361 | throughput: 3509 | emergency_stops: 0 | loss_rl: 0.0148 | eval_reward: -4.5960 | eval_reward_std: 0.0000 | eval_avg_delay: 0.8452 | eval_avg_queue: 0.1806 | eval_throughput: 3515.0000 | eval_emergency_stops: 0.0000

Training complete! Best train reward: -6.45 | Best eval reward: -4.60
Logs saved to: D:\ITB\TA\gnn-marl-traffic\logs\independent_dqn_grid_3x3_pkji_m1_20260523_010522_pkji_stage1_fresh_smoke_independent_dqn_tt600_eps08_decay098_10ep_s1101
