============================================================
Training independent_dqn on grid_3x3_pkji_m1
Net: D:\ITB\TA\gnn-marl-traffic\data/networks/grid_3x3/grid_3x3_pkji_m1.net.xml
Route: D:\ITB\TA\gnn-marl-traffic\data/networks/grid_3x3/grid_3x3_pkji_m1.rou.xml
Episodes: 10
Seed: 45 | Deterministic: True
============================================================
Number of agents (traffic lights): 9
Traffic light IDs: ['A1', 'B0', 'A0', 'A2', 'B1', 'B2', 'C0', 'C1', 'C2']
Observation dim: 43
Number of actions: 2
Number of lanes per intersection: 8
Adjacency matrix:
[[1. 0. 1. 1. 1. 0. 0. 0. 0.]
 [0. 1. 1. 0. 1. 0. 1. 0. 0.]
 [1. 1. 1. 0. 0. 0. 0. 0. 0.]
 [1. 0. 0. 1. 0. 1. 0. 0. 0.]
 [1. 1. 0. 0. 1. 1. 0. 1. 0.]
 [0. 0. 0. 1. 1. 1. 0. 0. 1.]
 [0. 1. 0. 0. 0. 0. 1. 1. 0.]
 [0. 0. 0. 0. 1. 0. 1. 1. 1.]
 [0. 0. 0. 0. 0. 1. 0. 1. 1.]]
Episode    1 | reward: -6681.3889 | epsilon: 0.9500 | steps: 719 | avg_delay: 1.3933 | avg_queue: 0.2639 | throughput: 3510 | emergency_stops: 0 | loss_rl: 175.7179
Episode    2 | reward: -6094.0556 | epsilon: 0.9025 | steps: 719 | avg_delay: 1.9892 | avg_queue: 0.2917 | throughput: 3507 | emergency_stops: 0 | loss_rl: 75.2815
Episode    3 | reward: -5801.3333 | epsilon: 0.8574 | steps: 719 | avg_delay: 0.5275 | avg_queue: 0.1667 | throughput: 3508 | emergency_stops: 0 | loss_rl: 52.8497
Episode    4 | reward: -5456.5000 | epsilon: 0.8145 | steps: 719 | avg_delay: 0.8469 | avg_queue: 0.2083 | throughput: 3502 | emergency_stops: 0 | loss_rl: 39.8045
Episode    5 | reward: -5336.9444 | epsilon: 0.7738 | steps: 719 | avg_delay: 4.2188 | avg_queue: 0.5139 | throughput: 3504 | emergency_stops: 0 | loss_rl: 38.7893
Episode    6 | reward: -4726.5000 | epsilon: 0.7351 | steps: 719 | avg_delay: 2.2000 | avg_queue: 0.2917 | throughput: 3510 | emergency_stops: 0 | loss_rl: 38.5441
Episode    7 | reward: -4828.0000 | epsilon: 0.6983 | steps: 719 | avg_delay: 0.3913 | avg_queue: 0.1111 | throughput: 3508 | emergency_stops: 0 | loss_rl: 41.6357
Episode    8 | reward: -4560.1111 | epsilon: 0.6634 | steps: 719 | avg_delay: 0.2273 | avg_queue: 0.0833 | throughput: 3512 | emergency_stops: 0 | loss_rl: 42.7582
Episode    9 | reward: -4568.4444 | epsilon: 0.6302 | steps: 719 | avg_delay: 0.9278 | avg_queue: 0.2361 | throughput: 3503 | emergency_stops: 0 | loss_rl: 42.1208
Episode   10 | reward: -4356.1667 | epsilon: 0.5987 | steps: 719 | avg_delay: 0.6915 | avg_queue: 0.1250 | throughput: 3506 | emergency_stops: 0 | loss_rl: 40.3758 | eval_reward: -2750.6667 | eval_reward_std: 0.0000 | eval_avg_delay: 0.5402 | eval_avg_queue: 0.1944 | eval_throughput: 3513.0000 | eval_emergency_stops: 0.0000

Training complete! Best train reward: -4356.17 | Best eval reward: -2750.67
Logs saved to: D:\ITB\TA\gnn-marl-traffic\logs\independent_dqn_grid_3x3_pkji_m1_20260518_062521_pkji_independent_dqn_eps095_tt300_grid_3x3_pkji_m1_s45
