============================================================
Training gat_dqn on grid_3x3_pkji_m1
Net: D:\ITB\TA\gnn-marl-traffic\data/networks/grid_3x3/grid_3x3_pkji_m1.net.xml
Route: D:\ITB\TA\gnn-marl-traffic\data/networks/grid_3x3/grid_3x3_pkji_m1.rou.xml
Episodes: 10
Seed: 46 | Deterministic: True
============================================================
Number of agents (traffic lights): 9
Traffic light IDs: ['A1', 'B0', 'A0', 'A2', 'B1', 'B2', 'C0', 'C1', 'C2']
Observation dim: 43
Number of actions: 2
Number of lanes per intersection: 8
Adjacency matrix:
[[1. 0. 1. 1. 1. 0. 0. 0. 0.]
 [0. 1. 1. 0. 1. 0. 1. 0. 0.]
 [1. 1. 1. 0. 0. 0. 0. 0. 0.]
 [1. 0. 0. 1. 0. 1. 0. 0. 0.]
 [1. 1. 0. 0. 1. 1. 0. 1. 0.]
 [0. 0. 0. 1. 1. 1. 0. 0. 1.]
 [0. 1. 0. 0. 0. 0. 1. 1. 0.]
 [0. 0. 0. 0. 1. 0. 1. 1. 1.]
 [0. 0. 0. 0. 0. 1. 0. 1. 1.]]
Episode    1 | reward: -6583.6111 | epsilon: 0.9500 | steps: 719 | avg_delay: 1.7053 | avg_queue: 0.2500 | throughput: 3505 | emergency_stops: 0 | loss_total: 125.1205 | loss_rl: 125.1172 | loss_pred: 0.0111
Episode    2 | reward: -5845.5000 | epsilon: 0.9025 | steps: 719 | avg_delay: 3.3407 | avg_queue: 0.3333 | throughput: 3508 | emergency_stops: 0 | loss_total: 81.3985 | loss_rl: 81.3956 | loss_pred: 0.0096
Episode    3 | reward: -5893.7778 | epsilon: 0.8574 | steps: 719 | avg_delay: 0.3298 | avg_queue: 0.1111 | throughput: 3506 | emergency_stops: 0 | loss_total: 79.7623 | loss_rl: 79.7595 | loss_pred: 0.0092
Episode    4 | reward: -5353.1111 | epsilon: 0.8145 | steps: 719 | avg_delay: 0.1522 | avg_queue: 0.0972 | throughput: 3507 | emergency_stops: 0 | loss_total: 72.2182 | loss_rl: 72.2156 | loss_pred: 0.0088
Episode    5 | reward: -32488.2778 | epsilon: 0.7738 | steps: 719 | avg_delay: 1.7708 | avg_queue: 0.2778 | throughput: 3504 | emergency_stops: 0 | loss_total: 14680.0079 | loss_rl: 14680.0053 | loss_pred: 0.0092
Episode    6 | reward: -5017.1667 | epsilon: 0.7351 | steps: 719 | avg_delay: 0.7356 | avg_queue: 0.1944 | throughput: 3513 | emergency_stops: 0 | loss_total: 15804.4431 | loss_rl: 15804.4405 | loss_pred: 0.0094
Episode    7 | reward: -4927.0000 | epsilon: 0.6983 | steps: 719 | avg_delay: 2.6778 | avg_queue: 0.2639 | throughput: 3510 | emergency_stops: 0 | loss_total: 6910.5161 | loss_rl: 6910.5134 | loss_pred: 0.0091
Episode    8 | reward: -4625.0000 | epsilon: 0.6634 | steps: 719 | avg_delay: 1.0805 | avg_queue: 0.1389 | throughput: 3511 | emergency_stops: 0 | loss_total: 7540.5917 | loss_rl: 7540.5890 | loss_pred: 0.0092
Episode    9 | reward: -4803.1111 | epsilon: 0.6302 | steps: 719 | avg_delay: 0.8830 | avg_queue: 0.1944 | throughput: 3505 | emergency_stops: 0 | loss_total: 5354.2919 | loss_rl: 5354.2892 | loss_pred: 0.0092
Episode   10 | reward: -4794.4444 | epsilon: 0.5987 | steps: 719 | avg_delay: 0.8478 | avg_queue: 0.2083 | throughput: 3507 | emergency_stops: 0 | loss_total: 5300.3044 | loss_rl: 5300.3017 | loss_pred: 0.0091 | eval_reward: -2956.8333 | eval_reward_std: 0.0000 | eval_avg_delay: 0.7500 | eval_avg_queue: 0.1389 | eval_throughput: 3511.0000 | eval_emergency_stops: 0.0000

Training complete! Best train reward: -4625.00 | Best eval reward: -2956.83
Logs saved to: D:\ITB\TA\gnn-marl-traffic\logs\gat_dqn_grid_3x3_pkji_m1_20260518_060506_pkji_gat_dqn_eps095_tt300_grid_3x3_pkji_m1_s46
