============================================================
Training independent_dqn on grid_3x3_pkji_m1
Net: D:\ITB\TA\gnn-marl-traffic\data/networks/grid_3x3/grid_3x3_pkji_m1.net.xml
Route: D:\ITB\TA\gnn-marl-traffic\data/networks/grid_3x3/grid_3x3_pkji_m1.rou.xml
Episodes: 10
Seed: 42 | Deterministic: True
============================================================
Number of agents (traffic lights): 9
Traffic light IDs: ['A1', 'B0', 'A0', 'A2', 'B1', 'B2', 'C0', 'C1', 'C2']
Observation dim: 43
Number of actions: 2
Number of lanes per intersection: 8
Adjacency matrix:
[[1. 0. 1. 1. 1. 0. 0. 0. 0.]
 [0. 1. 1. 0. 1. 0. 1. 0. 0.]
 [1. 1. 1. 0. 0. 0. 0. 0. 0.]
 [1. 0. 0. 1. 0. 1. 0. 0. 0.]
 [1. 1. 0. 0. 1. 1. 0. 1. 0.]
 [0. 0. 0. 1. 1. 1. 0. 0. 1.]
 [0. 1. 0. 0. 0. 0. 1. 1. 0.]
 [0. 0. 0. 0. 1. 0. 1. 1. 1.]
 [0. 0. 0. 0. 0. 1. 0. 1. 1.]]
Episode    1 | reward: -6534.3889 | epsilon: 0.9500 | steps: 719 | avg_delay: 3.0947 | avg_queue: 0.3194 | throughput: 3505 | emergency_stops: 0 | loss_rl: 156.3235
Episode    2 | reward: -6009.1667 | epsilon: 0.9025 | steps: 719 | avg_delay: 0.9896 | avg_queue: 0.1667 | throughput: 3502 | emergency_stops: 0 | loss_rl: 82.1686
Episode    3 | reward: -6061.1111 | epsilon: 0.8574 | steps: 719 | avg_delay: 2.0208 | avg_queue: 0.3194 | throughput: 3504 | emergency_stops: 0 | loss_rl: 51.6211
Episode    4 | reward: -5738.1111 | epsilon: 0.8145 | steps: 719 | avg_delay: 1.2151 | avg_queue: 0.1806 | throughput: 3507 | emergency_stops: 0 | loss_rl: 37.0733
Episode    5 | reward: -5296.7778 | epsilon: 0.7738 | steps: 719 | avg_delay: 0.8506 | avg_queue: 0.1528 | throughput: 3511 | emergency_stops: 0 | loss_rl: 40.2827
Episode    6 | reward: -4984.0000 | epsilon: 0.7351 | steps: 719 | avg_delay: 0.4138 | avg_queue: 0.0833 | throughput: 3512 | emergency_stops: 0 | loss_rl: 41.2985
Episode    7 | reward: -4714.5556 | epsilon: 0.6983 | steps: 719 | avg_delay: 0.9560 | avg_queue: 0.1806 | throughput: 3509 | emergency_stops: 0 | loss_rl: 41.8786
Episode    8 | reward: -4524.7222 | epsilon: 0.6634 | steps: 719 | avg_delay: 1.3750 | avg_queue: 0.2083 | throughput: 3510 | emergency_stops: 0 | loss_rl: 41.7292
Episode    9 | reward: -4734.7778 | epsilon: 0.6302 | steps: 719 | avg_delay: 1.4222 | avg_queue: 0.2083 | throughput: 3509 | emergency_stops: 0 | loss_rl: 40.0836
Episode   10 | reward: -4502.3889 | epsilon: 0.5987 | steps: 719 | avg_delay: 0.5618 | avg_queue: 0.1806 | throughput: 3511 | emergency_stops: 0 | loss_rl: 40.7379 | eval_reward: -2719.3333 | eval_reward_std: 0.0000 | eval_avg_delay: 0.7558 | eval_avg_queue: 0.2500 | eval_throughput: 3514.0000 | eval_emergency_stops: 0.0000

Training complete! Best train reward: -4502.39 | Best eval reward: -2719.33
Logs saved to: D:\ITB\TA\gnn-marl-traffic\logs\independent_dqn_grid_3x3_pkji_m1_20260518_062521_pkji_independent_dqn_eps095_tt300_grid_3x3_pkji_m1_s42
