============================================================
Training gat_dqn on arterial_peak
Net: D:\ITB\TA\gnn-marl-traffic\data/networks/arterial_3x3/arterial_fixed.net.xml
Route: D:\ITB\TA\gnn-marl-traffic\data/networks/arterial_3x3/arterial_peak.rou.xml
Episodes: 5
Seed: 42 | Deterministic: True
============================================================
Number of agents (traffic lights): 9
Traffic light IDs: ['A2', 'B1', 'C1', 'A1', 'A3', 'B2', 'C2', 'B3', 'C3']
Observation dim: 33
Number of actions: 2
Number of lanes per intersection (max): 6
Adjacency matrix:
[[1. 0. 0. 1. 1. 1. 1. 0. 0.]
 [0. 1. 0. 1. 0. 1. 0. 0. 0.]
 [0. 0. 1. 1. 0. 0. 1. 0. 0.]
 [1. 1. 1. 1. 0. 0. 0. 0. 0.]
 [1. 0. 0. 0. 1. 0. 0. 1. 1.]
 [1. 1. 0. 0. 0. 1. 0. 1. 0.]
 [1. 0. 1. 0. 0. 0. 1. 0. 1.]
 [0. 0. 0. 0. 1. 1. 0. 1. 0.]
 [0. 0. 0. 0. 1. 0. 1. 0. 1.]]
Episode    1 | reward: -83.0568 | epsilon: 0.7680 | steps: 719 | avg_delay: 1.4536 | avg_queue: 2.4048 | throughput: 6143 | arrived_vehicles: 6143 | departed_vehicles: 6811 | num_vehicles: 668 | emergency_stops: 0 | teleport_started: 0 | teleport_ended: 0 | recovery_active: 0.0000 | local_safety_active_tls: 0 | local_safety_overrides: 0 | episode_mean_avg_delay: 2.9621 | episode_max_avg_delay: 10.0971 | episode_mean_avg_queue: 3.4191 | episode_max_avg_queue: 7.6190 | episode_mean_num_vehicles: 694.7232 | episode_max_num_vehicles: 1101.0000 | episode_recovery_steps: 383 | episode_local_safety_steps: 0 | episode_local_safety_overrides: 0 | episode_peak_top_tl: A1 | episode_peak_top_tl_queue: 177.0000 | episode_peak_top_tl_waiting: 8776.0000 | episode_peak_top_tl_phase: 0 | episode_peak_top_tl_phase_duration: 78 | episode_peak_top_tl_action: 0 | episode_peak_top_lane: W_A0A1_1 | episode_peak_top_lane_queue: 99.0000 | episode_peak_top_lane_waiting: 5042.0000 | loss_total: 0.0058 | loss_rl: 0.0043 | loss_pred: 0.0310
Episode    2 | reward: -101.9473 | epsilon: 0.7373 | steps: 719 | avg_delay: 4.7351 | avg_queue: 4.9048 | throughput: 6031 | arrived_vehicles: 6031 | departed_vehicles: 6801 | num_vehicles: 770 | emergency_stops: 0 | teleport_started: 0 | teleport_ended: 0 | recovery_active: 1.0000 | local_safety_active_tls: 0 | local_safety_overrides: 0 | episode_mean_avg_delay: 3.2668 | episode_max_avg_delay: 16.4849 | episode_mean_avg_queue: 3.9624 | episode_max_avg_queue: 12.2381 | episode_mean_num_vehicles: 752.6912 | episode_max_num_vehicles: 1235.0000 | episode_recovery_steps: 408 | episode_local_safety_steps: 0 | episode_local_safety_overrides: 0 | episode_peak_top_tl: A1 | episode_peak_top_tl_queue: 227.0000 | episode_peak_top_tl_waiting: 12128.0000 | episode_peak_top_tl_phase: 0 | episode_peak_top_tl_phase_duration: 68 | episode_peak_top_tl_action: 0 | episode_peak_top_lane: W_A0A1_1 | episode_peak_top_lane_queue: 111.0000 | episode_peak_top_lane_waiting: 8036.0000 | loss_total: 0.0108 | loss_rl: 0.0092 | loss_pred: 0.0325
Episode    3 | reward: -64.5559 | epsilon: 0.7078 | steps: 719 | avg_delay: 3.2582 | avg_queue: 3.6905 | throughput: 6057 | arrived_vehicles: 6057 | departed_vehicles: 6789 | num_vehicles: 732 | emergency_stops: 0 | teleport_started: 0 | teleport_ended: 0 | recovery_active: 0.0000 | local_safety_active_tls: 0 | local_safety_overrides: 0 | episode_mean_avg_delay: 2.3483 | episode_max_avg_delay: 10.0682 | episode_mean_avg_queue: 3.0490 | episode_max_avg_queue: 6.6905 | episode_mean_num_vehicles: 666.3741 | episode_max_num_vehicles: 1094.0000 | episode_recovery_steps: 356 | episode_local_safety_steps: 0 | episode_local_safety_overrides: 0 | episode_peak_top_tl: A3 | episode_peak_top_tl_queue: 153.0000 | episode_peak_top_tl_waiting: 5442.0000 | episode_peak_top_tl_phase: 1 | episode_peak_top_tl_phase_duration: 13 | episode_peak_top_tl_action: 0 | episode_peak_top_lane: A2A3_1 | episode_peak_top_lane_queue: 91.0000 | episode_peak_top_lane_waiting: 3290.0000 | loss_total: 0.0122 | loss_rl: 0.0107 | loss_pred: 0.0311
Episode    4 | reward: -131.2485 | epsilon: 0.6795 | steps: 719 | avg_delay: 3.5984 | avg_queue: 4.1667 | throughput: 6036 | arrived_vehicles: 6036 | departed_vehicles: 6783 | num_vehicles: 747 | emergency_stops: 0 | teleport_started: 1 | teleport_ended: 1 | recovery_active: 1.0000 | local_safety_active_tls: 0 | local_safety_overrides: 0 | episode_mean_avg_delay: 4.1323 | episode_max_avg_delay: 22.7934 | episode_mean_avg_queue: 4.4064 | episode_max_avg_queue: 14.1667 | episode_mean_num_vehicles: 754.0042 | episode_max_num_vehicles: 1311.0000 | episode_recovery_steps: 390 | episode_local_safety_steps: 0 | episode_local_safety_overrides: 0 | episode_peak_top_tl: A2 | episode_peak_top_tl_queue: 287.0000 | episode_peak_top_tl_waiting: 13675.0000 | episode_peak_top_tl_phase: 0 | episode_peak_top_tl_phase_duration: 53 | episode_peak_top_tl_action: 0 | episode_peak_top_lane: A1A2_1 | episode_peak_top_lane_queue: 154.0000 | episode_peak_top_lane_waiting: 7946.0000 | loss_total: 0.0166 | loss_rl: 0.0151 | loss_pred: 0.0301
Episode    5 | reward: -97.3364 | epsilon: 0.6523 | steps: 719 | avg_delay: 2.0371 | avg_queue: 2.4762 | throughput: 6055 | arrived_vehicles: 6055 | departed_vehicles: 6782 | num_vehicles: 727 | emergency_stops: 0 | teleport_started: 0 | teleport_ended: 0 | recovery_active: 1.0000 | local_safety_active_tls: 0 | local_safety_overrides: 0 | episode_mean_avg_delay: 3.3896 | episode_max_avg_delay: 12.4214 | episode_mean_avg_queue: 3.7650 | episode_max_avg_queue: 11.6190 | episode_mean_num_vehicles: 691.9152 | episode_max_num_vehicles: 1174.0000 | episode_recovery_steps: 415 | episode_local_safety_steps: 0 | episode_local_safety_overrides: 0 | episode_peak_top_tl: A1 | episode_peak_top_tl_queue: 253.0000 | episode_peak_top_tl_waiting: 8935.0000 | episode_peak_top_tl_phase: 0 | episode_peak_top_tl_phase_duration: 73 | episode_peak_top_tl_action: 0 | episode_peak_top_lane: W_A0A1_1 | episode_peak_top_lane_queue: 114.0000 | episode_peak_top_lane_waiting: 3975.0000 | loss_total: 0.0254 | loss_rl: 0.0239 | loss_pred: 0.0299 | eval_reward: -85.8920 | eval_reward_std: 0.0000 | eval_avg_delay: 2.5819 | eval_avg_queue: 3.2381 | eval_throughput: 6080.0000 | eval_emergency_stops: 0.0000 | eval_teleport_started: 0.0000 | eval_teleport_ended: 0.0000 | eval_episode_mean_delay: 2.9915 | eval_episode_max_delay: 13.7857 | eval_episode_mean_queue: 3.4301 | eval_episode_max_queue: 8.1429

Training complete! Best train reward: -64.56 | Best eval reward: -85.89
Logs saved to: D:\ITB\TA\gnn-marl-traffic\logs\gat_dqn_arterial_peak_20260706_232004_arterial_peak_gat_s42_max80
